Data set/Center wise/Center_52_Rank4.csv
id,week,center_id,meal_id,checkout_price,base_price,emailer_for_promotion,homepage_featured,num_orders,city_code,region_code,center_type,op_area,category,cuisine
1212128,1,52,1885,134.89,132.89,0,0,877,685,56,TYPE_B,5.6,Beverages,Thai
1274455,2,52,1885,134.86,135.86,0,0,878,685,56,TYPE_B,5.6,Beverages,Thai
1013947,3,52,1885,133.89,133.89,0,0,987,685,56,TYPE_B,5.6,Beverages,Thai
1226312,4,52,1885,132.89,133.89,0,0,931,685,56,TYPE_B,5.6,Beverages,Thai
1346927,5,52,1885,146.53,146.53,0,0,985,685,56,TYPE_B,5.6,Beverages,Thai
1364979,6,52,1885,145.53,145.53,0,0,1095,685,56,TYPE_B,5.6,Beverages,Thai
1213634,7,52,1885,144.56,143.56,0,0,998,685,56,TYPE_B,5.6,Beverages,Thai
1002747,8,52,1885,144.53,146.53,0,0,1161,685,56,TYPE_B,5.6,Beverages,Thai
1392694,9,52,1885,141.62,143.62,0,0,945,685,56,TYPE_B,5.6,Beverages,Thai
1258733,10,52,1885,142.62,143.62,0,0,1459,685,56,TYPE_B,5.6,Beverages,Thai
1153691,11,52,1885,145.53,145.53,0,0,1431,685,56,TYPE_B,5.6,Beverages,Thai
1317419,12,52,1885,142.59,142.59,0,0,1349,685,56,TYPE_B,5.6,Beverages,Thai
1482331,13,52,1885,146.53,146.53,0,0,1094,685,56,TYPE_B,5.6,Beverages,Thai
1395575,14,52,1885,146.53,146.53,0,0,850,685,56,TYPE_B,5.6,Beverages,Thai
1265138,15,52,1885,146.53,144.53,0,0,823,685,56,TYPE_B,5.6,Beverages,Thai
1118808,16,52,1885,144.59,144.59,0,0,878,685,56,TYPE_B,5.6,Beverages,Thai
1365015,17,52,1885,145.56,145.56,0,0,1014,685,56,TYPE_B,5.6,Beverages,Thai
1117755,18,52,1885,142.59,143.59,0,0,945,685,56,TYPE_B,5.6,Beverages,Thai
1395389,19,52,1885,144.56,144.56,0,0,1162,685,56,TYPE_B,5.6,Beverages,Thai
1388346,20,52,1885,144.56,145.56,0,0,1161,685,56,TYPE_B,5.6,Beverages,Thai
1320622,21,52,1885,143.56,143.56,0,0,1201,685,56,TYPE_B,5.6,Beverages,Thai
1346826,22,52,1885,145.53,146.53,0,0,1215,685,56,TYPE_B,5.6,Beverages,Thai
1391150,23,52,1885,163.02,161.02,0,0,662,685,56,TYPE_B,5.6,Beverages,Thai
1048900,24,52,1885,162.99,161.99,0,0,755,685,56,TYPE_B,5.6,Beverages,Thai
1033286,25,52,1885,160.11,158.11,0,0,555,685,56,TYPE_B,5.6,Beverages,Thai
1144064,26,52,1885,157.2,157.2,0,0,1039,685,56,TYPE_B,5.6,Beverages,Thai
1342447,27,52,1885,118.37,157.2,0,0,933,685,56,TYPE_B,5.6,Beverages,Thai
1350699,28,52,1885,119.31,157.2,0,0,837,685,56,TYPE_B,5.6,Beverages,Thai
1351343,29,52,1885,121.28,156.2,0,0,1068,685,56,TYPE_B,5.6,Beverages,Thai
1314010,30,52,1885,121.28,155.2,0,0,999,685,56,TYPE_B,5.6,Beverages,Thai
1340017,31,52,1885,145.56,144.56,0,0,933,685,56,TYPE_B,5.6,Beverages,Thai
1012798,32,52,1885,146.53,145.53,0,0,1039,685,56,TYPE_B,5.6,Beverages,Thai
1498655,33,52,1885,144.56,144.56,0,0,1215,685,56,TYPE_B,5.6,Beverages,Thai
1490762,34,52,1885,144.56,143.56,0,0,1054,685,56,TYPE_B,5.6,Beverages,Thai
1134756,35,52,1885,145.56,143.56,0,0,1174,685,56,TYPE_B,5.6,Beverages,Thai
1165571,36,52,1885,144.56,144.56,0,0,904,685,56,TYPE_B,5.6,Beverages,Thai
1430758,37,52,1885,144.56,145.56,0,0,1013,685,56,TYPE_B,5.6,Beverages,Thai
1074475,38,52,1885,142.62,141.62,0,0,1350,685,56,TYPE_B,5.6,Beverages,Thai
1458596,39,52,1885,142.65,141.65,0,0,1377,685,56,TYPE_B,5.6,Beverages,Thai
1335739,40,52,1885,142.62,142.62,0,0,1525,685,56,TYPE_B,5.6,Beverages,Thai
1478747,41,52,1885,141.62,142.62,0,0,1621,685,56,TYPE_B,5.6,Beverages,Thai
1459748,42,52,1885,145.56,144.56,0,0,1323,685,56,TYPE_B,5.6,Beverages,Thai
1208977,43,52,1885,140.68,141.68,0,0,1392,685,56,TYPE_B,5.6,Beverages,Thai
1147101,44,52,1885,144.59,144.59,0,0,1053,685,56,TYPE_B,5.6,Beverages,Thai
1329245,45,52,1885,143.56,145.56,0,0,1593,685,56,TYPE_B,5.6,Beverages,Thai
1095129,46,52,1885,142.62,141.62,0,0,1512,685,56,TYPE_B,5.6,Beverages,Thai
1131394,47,52,1885,144.59,143.59,0,0,1297,685,56,TYPE_B,5.6,Beverages,Thai
1249410,48,52,1885,120.28,142.59,0,0,1620,685,56,TYPE_B,5.6,Beverages,Thai
1489104,49,52,1885,121.28,142.59,0,0,2119,685,56,TYPE_B,5.6,Beverages,Thai
1327317,50,52,1885,122.28,144.59,0,0,2067,685,56,TYPE_B,5.6,Beverages,Thai
1357470,51,52,1885,120.28,144.59,0,0,1377,685,56,TYPE_B,5.6,Beverages,Thai
1224301,52,52,1885,121.28,143.59,1,0,1688,685,56,TYPE_B,5.6,Beverages,Thai
1081436,53,52,1885,120.28,144.59,1,1,4117,685,56,TYPE_B,5.6,Beverages,Thai
1285977,54,52,1885,120.28,142.59,0,1,2823,685,56,TYPE_B,5.6,Beverages,Thai
1035742,55,52,1885,120.31,144.59,0,1,2269,685,56,TYPE_B,5.6,Beverages,Thai
1083253,56,52,1885,119.31,144.59,0,1,1837,685,56,TYPE_B,5.6,Beverages,Thai
1034012,57,52,1885,146.53,142.59,0,1,1918,685,56,TYPE_B,5.6,Beverages,Thai
1281656,58,52,1885,144.53,145.53,0,0,1445,685,56,TYPE_B,5.6,Beverages,Thai
1358635,59,52,1885,144.53,145.53,0,0,1432,685,56,TYPE_B,5.6,Beverages,Thai
1040809,60,52,1885,143.56,144.56,0,0,1674,685,56,TYPE_B,5.6,Beverages,Thai
1243439,61,52,1885,142.65,140.65,0,0,1916,685,56,TYPE_B,5.6,Beverages,Thai
1173590,62,52,1885,141.62,142.62,0,0,527,685,56,TYPE_B,5.6,Beverages,Thai
1154839,63,52,1885,141.68,141.68,0,0,1579,685,56,TYPE_B,5.6,Beverages,Thai
1453221,64,52,1885,142.59,142.59,0,0,1608,685,56,TYPE_B,5.6,Beverages,Thai
1295668,65,52,1885,141.62,142.59,0,1,1540,685,56,TYPE_B,5.6,Beverages,Thai
1306263,66,52,1885,142.59,142.59,0,1,1446,685,56,TYPE_B,5.6,Beverages,Thai
1320974,67,52,1885,142.59,144.59,0,1,1593,685,56,TYPE_B,5.6,Beverages,Thai
1180778,68,52,1885,144.56,142.59,0,1,1351,685,56,TYPE_B,5.6,Beverages,Thai
1176853,69,52,1885,141.62,144.59,0,1,1716,685,56,TYPE_B,5.6,Beverages,Thai
1404667,70,52,1885,142.62,143.62,0,0,1688,685,56,TYPE_B,5.6,Beverages,Thai
1030793,71,52,1885,145.56,143.62,0,1,1824,685,56,TYPE_B,5.6,Beverages,Thai
1102354,72,52,1885,145.53,145.53,0,0,1337,685,56,TYPE_B,5.6,Beverages,Thai
1422422,73,52,1885,143.56,143.56,0,0,1486,685,56,TYPE_B,5.6,Beverages,Thai
1165318,74,52,1885,145.53,144.53,0,0,1945,685,56,TYPE_B,5.6,Beverages,Thai
1412901,75,52,1885,143.56,144.56,0,0,1593,685,56,TYPE_B,5.6,Beverages,Thai
1108805,76,52,1885,145.53,145.53,0,0,1567,685,56,TYPE_B,5.6,Beverages,Thai
1445598,77,52,1885,145.53,146.53,0,0,1565,685,56,TYPE_B,5.6,Beverages,Thai
1054771,78,52,1885,142.62,142.62,0,0,1715,685,56,TYPE_B,5.6,Beverages,Thai
1203133,79,52,1885,144.53,145.53,0,0,1662,685,56,TYPE_B,5.6,Beverages,Thai
1105802,80,52,1885,146.53,144.53,0,0,1593,685,56,TYPE_B,5.6,Beverages,Thai
1431789,81,52,1885,144.53,146.53,0,0,1729,685,56,TYPE_B,5.6,Beverages,Thai
1305559,82,52,1885,145.53,146.53,0,0,1997,685,56,TYPE_B,5.6,Beverages,Thai
1353234,83,52,1885,144.53,146.53,0,0,1648,685,56,TYPE_B,5.6,Beverages,Thai
1251450,84,52,1885,146.53,144.53,0,0,1769,685,56,TYPE_B,5.6,Beverages,Thai
1156813,85,52,1885,141.65,141.65,0,0,1700,685,56,TYPE_B,5.6,Beverages,Thai
1237528,86,52,1885,142.59,144.59,0,0,1878,685,56,TYPE_B,5.6,Beverages,Thai
1219550,87,52,1885,140.65,142.65,0,0,1702,685,56,TYPE_B,5.6,Beverages,Thai
1172795,88,52,1885,146.53,145.53,0,0,1877,685,56,TYPE_B,5.6,Beverages,Thai
1421703,89,52,1885,145.56,143.56,0,0,1864,685,56,TYPE_B,5.6,Beverages,Thai
1397216,90,52,1885,142.62,141.62,0,0,1608,685,56,TYPE_B,5.6,Beverages,Thai
1004092,91,52,1885,144.56,145.56,0,0,1917,685,56,TYPE_B,5.6,Beverages,Thai
1444301,92,52,1885,143.56,145.56,0,0,1673,685,56,TYPE_B,5.6,Beverages,Thai
1235443,93,52,1885,142.59,143.59,0,0,1688,685,56,TYPE_B,5.6,Beverages,Thai
1415090,94,52,1885,143.62,142.62,0,0,2040,685,56,TYPE_B,5.6,Beverages,Thai
1254010,95,52,1885,146.53,145.53,0,0,1673,685,56,TYPE_B,5.6,Beverages,Thai
1410140,96,52,1885,144.53,146.53,0,0,1849,685,56,TYPE_B,5.6,Beverages,Thai
1060359,97,52,1885,145.56,143.56,0,0,1592,685,56,TYPE_B,5.6,Beverages,Thai
1111388,98,52,1885,144.56,143.56,0,0,1851,685,56,TYPE_B,5.6,Beverages,Thai
1483885,99,52,1885,151.38,149.38,0,0,1620,685,56,TYPE_B,5.6,Beverages,Thai
1153479,100,52,1885,148.41,148.41,0,0,1783,685,56,TYPE_B,5.6,Beverages,Thai
1070003,101,52,1885,148.44,148.44,0,0,2593,685,56,TYPE_B,5.6,Beverages,Thai
1039395,102,52,1885,146.5,146.5,0,0,2457,685,56,TYPE_B,5.6,Beverages,Thai
1178035,103,52,1885,150.41,150.41,0,0,2078,685,56,TYPE_B,5.6,Beverages,Thai
1136804,104,52,1885,147.47,147.47,0,0,1729,685,56,TYPE_B,5.6,Beverages,Thai
1471204,105,52,1885,149.44,148.44,0,0,1675,685,56,TYPE_B,5.6,Beverages,Thai
1116133,106,52,1885,146.53,149.44,0,1,2012,685,56,TYPE_B,5.6,Beverages,Thai
1427057,107,52,1885,145.56,145.56,0,0,1864,685,56,TYPE_B,5.6,Beverages,Thai
1049073,108,52,1885,147.5,145.56,0,1,2268,685,56,TYPE_B,5.6,Beverages,Thai
1459731,109,52,1885,146.53,145.56,0,1,2294,685,56,TYPE_B,5.6,Beverages,Thai
1430818,110,52,1885,147.5,145.56,0,1,1851,685,56,TYPE_B,5.6,Beverages,Thai
1186834,111,52,1885,148.47,144.56,0,1,2134,685,56,TYPE_B,5.6,Beverages,Thai
1104157,112,52,1885,149.41,149.41,0,0,743,685,56,TYPE_B,5.6,Beverages,Thai
1218829,113,52,1885,148.44,147.44,0,0,2119,685,56,TYPE_B,5.6,Beverages,Thai
1025678,1,52,1993,132.89,134.89,0,0,690,685,56,TYPE_B,5.6,Beverages,Thai
1341843,2,52,1993,135.86,135.86,0,0,865,685,56,TYPE_B,5.6,Beverages,Thai
1004725,3,52,1993,133.86,133.86,0,0,783,685,56,TYPE_B,5.6,Beverages,Thai
1197000,4,52,1993,135.86,135.86,0,0,932,685,56,TYPE_B,5.6,Beverages,Thai
1075851,5,52,1993,144.56,144.56,0,0,784,685,56,TYPE_B,5.6,Beverages,Thai
1202548,6,52,1993,144.53,144.53,0,0,850,685,56,TYPE_B,5.6,Beverages,Thai
1128536,7,52,1993,143.56,144.56,0,0,931,685,56,TYPE_B,5.6,Beverages,Thai
1159202,8,52,1993,143.59,142.59,0,0,1014,685,56,TYPE_B,5.6,Beverages,Thai
1258286,9,52,1993,141.65,141.65,0,0,1121,685,56,TYPE_B,5.6,Beverages,Thai
1150668,10,52,1993,143.56,144.56,0,0,1337,685,56,TYPE_B,5.6,Beverages,Thai
1271264,11,52,1993,144.56,143.56,0,0,1364,685,56,TYPE_B,5.6,Beverages,Thai
1080939,12,52,1993,143.59,143.59,0,0,1499,685,56,TYPE_B,5.6,Beverages,Thai
1436042,13,52,1993,145.56,145.56,0,0,1458,685,56,TYPE_B,5.6,Beverages,Thai
1128763,14,52,1993,144.59,143.59,0,0,863,685,56,TYPE_B,5.6,Beverages,Thai
1121952,15,52,1993,144.53,145.53,0,0,960,685,56,TYPE_B,5.6,Beverages,Thai
1227685,16,52,1993,143.59,142.59,0,0,836,685,56,TYPE_B,5.6,Beverages,Thai
1341955,17,52,1993,145.53,145.53,0,0,904,685,56,TYPE_B,5.6,Beverages,Thai
1460493,18,52,1993,143.56,144.56,0,0,809,685,56,TYPE_B,5.6,Beverages,Thai
1057209,19,52,1993,144.53,144.53,0,0,1079,685,56,TYPE_B,5.6,Beverages,Thai
1221448,20,52,1993,143.56,145.56,0,0,877,685,56,TYPE_B,5.6,Beverages,Thai
1043652,21,52,1993,146.53,144.53,0,0,864,685,56,TYPE_B,5.6,Beverages,Thai
1416871,22,52,1993,143.56,145.56,0,0,755,685,56,TYPE_B,5.6,Beverages,Thai
1454057,23,52,1993,162.99,163.99,0,0,690,685,56,TYPE_B,5.6,Beverages,Thai
1149788,24,52,1993,164.96,164.96,0,0,810,685,56,TYPE_B,5.6,Beverages,Thai
1457930,25,52,1993,162.99,161.99,0,0,906,685,56,TYPE_B,5.6,Beverages,Thai
1177109,26,52,1993,161.99,161.99,0,0,675,685,56,TYPE_B,5.6,Beverages,Thai
1360096,27,52,1993,120.31,163.99,0,0,783,685,56,TYPE_B,5.6,Beverages,Thai
1010412,28,52,1993,120.31,161.99,0,0,825,685,56,TYPE_B,5.6,Beverages,Thai
1043249,29,52,1993,119.31,161.99,0,0,648,685,56,TYPE_B,5.6,Beverages,Thai
1333344,30,52,1993,123.25,163.99,0,0,809,685,56,TYPE_B,5.6,Beverages,Thai
1412038,31,52,1993,144.59,161.99,0,0,931,685,56,TYPE_B,5.6,Beverages,Thai
1378288,32,52,1993,145.53,163.99,0,0,797,685,56,TYPE_B,5.6,Beverages,Thai
1215411,33,52,1993,145.53,144.53,0,0,717,685,56,TYPE_B,5.6,Beverages,Thai
1316518,34,52,1993,145.53,146.53,0,0,892,685,56,TYPE_B,5.6,Beverages,Thai
1305520,35,52,1993,142.62,141.62,0,0,987,685,56,TYPE_B,5.6,Beverages,Thai
1488005,36,52,1993,145.53,144.53,0,0,838,685,56,TYPE_B,5.6,Beverages,Thai
1055279,37,52,1993,144.56,145.56,0,0,945,685,56,TYPE_B,5.6,Beverages,Thai
1369507,38,52,1993,139.71,140.71,0,0,850,685,56,TYPE_B,5.6,Beverages,Thai
1009921,39,52,1993,140.65,140.65,0,0,850,685,56,TYPE_B,5.6,Beverages,Thai
1158501,40,52,1993,138.71,139.71,0,0,1079,685,56,TYPE_B,5.6,Beverages,Thai
1013374,41,52,1993,145.53,144.53,0,0,877,685,56,TYPE_B,5.6,Beverages,Thai
1372796,42,52,1993,140.68,140.68,0,0,837,685,56,TYPE_B,5.6,Beverages,Thai
1442706,43,52,1993,142.59,142.59,0,0,960,685,56,TYPE_B,5.6,Beverages,Thai
1088931,44,52,1993,141.62,143.62,0,0,823,685,56,TYPE_B,5.6,Beverages,Thai
1201239,45,52,1993,143.59,144.59,0,0,933,685,56,TYPE_B,5.6,Beverages,Thai
1386068,46,52,1993,144.59,144.59,0,0,904,685,56,TYPE_B,5.6,Beverages,Thai
1425551,47,52,1993,142.62,143.62,0,0,1025,685,56,TYPE_B,5.6,Beverages,Thai
1181940,48,52,1993,122.28,141.62,0,0,1230,685,56,TYPE_B,5.6,Beverages,Thai
1124039,49,52,1993,122.28,142.62,0,0,1188,685,56,TYPE_B,5.6,Beverages,Thai
1445840,50,52,1993,121.28,141.62,0,0,1646,685,56,TYPE_B,5.6,Beverages,Thai
1253372,51,52,1993,120.28,141.62,0,0,1228,685,56,TYPE_B,5.6,Beverages,Thai
1279135,52,52,1993,121.25,143.62,1,0,838,685,56,TYPE_B,5.6,Beverages,Thai
1195484,53,52,1993,121.28,141.62,1,1,3051,685,56,TYPE_B,5.6,Beverages,Thai
1488609,54,52,1993,122.28,141.62,0,1,2364,685,56,TYPE_B,5.6,Beverages,Thai
1449005,55,52,1993,122.25,141.62,0,1,1484,685,56,TYPE_B,5.6,Beverages,Thai
1421538,56,52,1993,122.28,141.62,0,1,958,685,56,TYPE_B,5.6,Beverages,Thai
1126227,57,52,1993,144.56,142.62,0,1,852,685,56,TYPE_B,5.6,Beverages,Thai
1425136,58,52,1993,143.56,145.56,0,0,771,685,56,TYPE_B,5.6,Beverages,Thai
1236698,59,52,1993,146.53,145.53,0,0,863,685,56,TYPE_B,5.6,Beverages,Thai
1047489,60,52,1993,145.56,144.56,0,0,837,685,56,TYPE_B,5.6,Beverages,Thai
1071198,61,52,1993,142.59,142.59,0,0,689,685,56,TYPE_B,5.6,Beverages,Thai
1105875,62,52,1993,145.56,145.56,0,0,270,685,56,TYPE_B,5.6,Beverages,Thai
1192657,63,52,1993,140.65,141.65,0,0,661,685,56,TYPE_B,5.6,Beverages,Thai
1270656,64,52,1993,144.56,144.56,0,0,743,685,56,TYPE_B,5.6,Beverages,Thai
1380010,65,52,1993,142.59,143.56,0,1,702,685,56,TYPE_B,5.6,Beverages,Thai
1141307,66,52,1993,144.56,145.56,0,1,824,685,56,TYPE_B,5.6,Beverages,Thai
1157991,67,52,1993,145.53,145.56,0,1,742,685,56,TYPE_B,5.6,Beverages,Thai
1201412,68,52,1993,145.53,144.53,0,0,837,685,56,TYPE_B,5.6,Beverages,Thai
1197313,69,52,1993,146.53,146.53,0,1,1000,685,56,TYPE_B,5.6,Beverages,Thai
1086119,70,52,1993,146.53,144.53,0,1,945,685,56,TYPE_B,5.6,Beverages,Thai
1136724,71,52,1993,144.56,146.53,0,1,850,685,56,TYPE_B,5.6,Beverages,Thai
1415211,72,52,1993,145.53,145.53,0,0,931,685,56,TYPE_B,5.6,Beverages,Thai
1354322,73,52,1993,144.53,144.53,0,0,717,685,56,TYPE_B,5.6,Beverages,Thai
1233285,74,52,1993,146.53,144.53,0,0,809,685,56,TYPE_B,5.6,Beverages,Thai
1303011,75,52,1993,144.53,144.53,0,0,946,685,56,TYPE_B,5.6,Beverages,Thai
1367177,76,52,1993,146.53,144.53,0,0,715,685,56,TYPE_B,5.6,Beverages,Thai
1340715,77,52,1993,144.53,146.53,0,0,742,685,56,TYPE_B,5.6,Beverages,Thai
1032710,78,52,1993,144.56,144.56,0,0,647,685,56,TYPE_B,5.6,Beverages,Thai
1286626,79,52,1993,145.53,144.53,0,0,756,685,56,TYPE_B,5.6,Beverages,Thai
1481656,80,52,1993,144.53,146.53,0,0,620,685,56,TYPE_B,5.6,Beverages,Thai
1382426,81,52,1993,146.53,146.53,0,0,769,685,56,TYPE_B,5.6,Beverages,Thai
1020617,82,52,1993,144.53,144.53,0,0,648,685,56,TYPE_B,5.6,Beverages,Thai
1372503,83,52,1993,146.53,146.53,0,0,609,685,56,TYPE_B,5.6,Beverages,Thai
1364570,84,52,1993,147.5,146.5,0,0,837,685,56,TYPE_B,5.6,Beverages,Thai
1046124,85,52,1993,136.77,136.77,0,0,663,685,56,TYPE_B,5.6,Beverages,Thai
1306427,86,52,1993,146.53,144.53,0,0,649,685,56,TYPE_B,5.6,Beverages,Thai
1449291,87,52,1993,143.62,143.62,0,0,744,685,56,TYPE_B,5.6,Beverages,Thai
1102522,88,52,1993,144.59,143.59,0,0,797,685,56,TYPE_B,5.6,Beverages,Thai
1318507,89,52,1993,143.59,143.59,0,0,770,685,56,TYPE_B,5.6,Beverages,Thai
1075228,90,52,1993,144.56,145.56,0,0,782,685,56,TYPE_B,5.6,Beverages,Thai
1012156,91,52,1993,141.65,142.65,0,0,811,685,56,TYPE_B,5.6,Beverages,Thai
1163832,92,52,1993,143.56,144.56,0,0,715,685,56,TYPE_B,5.6,Beverages,Thai
1294334,93,52,1993,146.53,144.53,0,0,1014,685,56,TYPE_B,5.6,Beverages,Thai
1368800,94,52,1993,142.62,142.62,0,0,824,685,56,TYPE_B,5.6,Beverages,Thai
1090537,95,52,1993,143.59,142.59,0,0,906,685,56,TYPE_B,5.6,Beverages,Thai
1252281,96,52,1993,143.59,143.59,0,0,890,685,56,TYPE_B,5.6,Beverages,Thai
1348359,97,52,1993,146.5,147.5,0,0,620,685,56,TYPE_B,5.6,Beverages,Thai
1078013,98,52,1993,146.53,144.53,0,0,1014,685,56,TYPE_B,5.6,Beverages,Thai
1376753,99,52,1993,150.38,151.38,0,0,756,685,56,TYPE_B,5.6,Beverages,Thai
1118124,100,52,1993,151.38,151.38,0,1,906,685,56,TYPE_B,5.6,Beverages,Thai
1191382,101,52,1993,145.53,150.38,0,1,1135,685,56,TYPE_B,5.6,Beverages,Thai
1255949,102,52,1993,149.44,151.38,0,1,1526,685,56,TYPE_B,5.6,Beverages,Thai
1060966,103,52,1993,146.47,149.38,0,1,1027,685,56,TYPE_B,5.6,Beverages,Thai
1151716,104,52,1993,148.44,149.44,0,0,890,685,56,TYPE_B,5.6,Beverages,Thai
1339684,105,52,1993,150.38,149.44,0,1,892,685,56,TYPE_B,5.6,Beverages,Thai
1252054,106,52,1993,142.59,148.44,0,1,836,685,56,TYPE_B,5.6,Beverages,Thai
1094939,107,52,1993,141.62,143.62,0,0,717,685,56,TYPE_B,5.6,Beverages,Thai
1450692,108,52,1993,143.56,144.56,0,0,1027,685,56,TYPE_B,5.6,Beverages,Thai
1362629,109,52,1993,145.56,143.56,0,0,836,685,56,TYPE_B,5.6,Beverages,Thai
1478777,110,52,1993,150.41,145.56,0,1,933,685,56,TYPE_B,5.6,Beverages,Thai
1468495,111,52,1993,149.44,148.44,0,0,1188,685,56,TYPE_B,5.6,Beverages,Thai
1025361,112,52,1993,149.41,150.41,0,0,472,685,56,TYPE_B,5.6,Beverages,Thai
1460819,113,52,1993,146.5,147.5,0,0,1363,685,56,TYPE_B,5.6,Beverages,Thai
