Data set/Center wise/Center_52_Rank4.csv
id,week,center_id,meal_id,checkout_price,base_price,emailer_for_promotion,homepage_featured,num_orders,city_code,region_code,center_type,op_area,category,cuisine
1411268,1,52,2539,135.86,134.86,0,0,500,685,56,TYPE_B,5.6,Beverages,Thai
1108055,2,52,2539,133.92,133.92,0,0,405,685,56,TYPE_B,5.6,Beverages,Thai
1397697,3,52,2539,134.89,133.89,0,0,431,685,56,TYPE_B,5.6,Beverages,Thai
1124227,4,52,2539,134.86,134.86,0,0,447,685,56,TYPE_B,5.6,Beverages,Thai
1322931,5,52,2539,143.56,145.56,0,0,350,685,56,TYPE_B,5.6,Beverages,Thai
1146195,6,52,2539,144.56,143.56,0,0,324,685,56,TYPE_B,5.6,Beverages,Thai
1479925,7,52,2539,145.53,145.53,0,0,431,685,56,TYPE_B,5.6,Beverages,Thai
1150108,8,52,2539,145.56,143.56,0,0,392,685,56,TYPE_B,5.6,Beverages,Thai
1041310,9,52,2539,145.56,143.56,0,0,418,685,56,TYPE_B,5.6,Beverages,Thai
1048250,10,52,2539,146.53,145.53,0,0,864,685,56,TYPE_B,5.6,Beverages,Thai
1171251,11,52,2539,146.53,145.53,0,0,688,685,56,TYPE_B,5.6,Beverages,Thai
1193827,12,52,2539,144.53,144.53,0,0,701,685,56,TYPE_B,5.6,Beverages,Thai
1334679,13,52,2539,143.59,143.59,0,0,729,685,56,TYPE_B,5.6,Beverages,Thai
1198589,14,52,2539,144.53,146.53,0,0,404,685,56,TYPE_B,5.6,Beverages,Thai
1443185,15,52,2539,134.89,133.89,0,0,352,685,56,TYPE_B,5.6,Beverages,Thai
1024276,16,52,2539,143.62,143.62,0,0,364,685,56,TYPE_B,5.6,Beverages,Thai
1351361,17,52,2539,140.68,140.68,0,0,350,685,56,TYPE_B,5.6,Beverages,Thai
1468537,18,52,2539,144.53,145.53,0,0,472,685,56,TYPE_B,5.6,Beverages,Thai
1390740,19,52,2539,144.53,146.53,0,0,323,685,56,TYPE_B,5.6,Beverages,Thai
1201491,20,52,2539,144.56,144.56,0,0,528,685,56,TYPE_B,5.6,Beverages,Thai
1206148,21,52,2539,145.53,145.53,0,0,351,685,56,TYPE_B,5.6,Beverages,Thai
1404921,22,52,2539,146.53,145.53,0,0,325,685,56,TYPE_B,5.6,Beverages,Thai
1413145,23,52,2539,161.99,162.99,0,0,392,685,56,TYPE_B,5.6,Beverages,Thai
1286959,24,52,2539,164.96,162.96,0,0,162,685,56,TYPE_B,5.6,Beverages,Thai
1041361,25,52,2539,162.96,162.96,0,0,163,685,56,TYPE_B,5.6,Beverages,Thai
1133194,26,52,2539,163.96,162.96,0,0,244,685,56,TYPE_B,5.6,Beverages,Thai
1149444,27,52,2539,123.25,164.96,0,0,446,685,56,TYPE_B,5.6,Beverages,Thai
1077479,28,52,2539,121.25,164.96,0,0,392,685,56,TYPE_B,5.6,Beverages,Thai
1497777,29,52,2539,123.25,164.96,0,0,351,685,56,TYPE_B,5.6,Beverages,Thai
1205494,30,52,2539,123.25,164.96,0,0,378,685,56,TYPE_B,5.6,Beverages,Thai
1321102,31,52,2539,146.53,162.96,0,0,271,685,56,TYPE_B,5.6,Beverages,Thai
1487210,32,52,2539,146.53,164.96,0,0,378,685,56,TYPE_B,5.6,Beverages,Thai
1488813,33,52,2539,145.53,146.53,0,0,325,685,56,TYPE_B,5.6,Beverages,Thai
1003185,34,52,2539,146.53,145.53,0,0,297,685,56,TYPE_B,5.6,Beverages,Thai
1410708,35,52,2539,137.8,137.8,0,0,339,685,56,TYPE_B,5.6,Beverages,Thai
1271851,36,52,2539,145.5,146.5,0,0,296,685,56,TYPE_B,5.6,Beverages,Thai
1129040,37,52,2539,144.56,143.56,0,0,404,685,56,TYPE_B,5.6,Beverages,Thai
1218768,38,52,2539,142.59,144.59,0,0,244,685,56,TYPE_B,5.6,Beverages,Thai
1349399,39,52,2539,143.56,145.56,0,0,878,685,56,TYPE_B,5.6,Beverages,Thai
1245658,40,52,2539,143.56,145.56,0,0,703,685,56,TYPE_B,5.6,Beverages,Thai
1328599,41,52,2539,145.53,145.53,0,0,931,685,56,TYPE_B,5.6,Beverages,Thai
1291370,42,52,2539,144.56,145.56,0,0,877,685,56,TYPE_B,5.6,Beverages,Thai
1417955,43,52,2539,143.56,144.56,0,0,810,685,56,TYPE_B,5.6,Beverages,Thai
1329272,44,52,2539,141.62,143.62,0,0,730,685,56,TYPE_B,5.6,Beverages,Thai
1265069,45,52,2539,143.62,143.62,0,0,554,685,56,TYPE_B,5.6,Beverages,Thai
1008382,46,52,2539,141.62,143.62,0,0,797,685,56,TYPE_B,5.6,Beverages,Thai
1069269,47,52,2539,145.56,145.56,0,0,797,685,56,TYPE_B,5.6,Beverages,Thai
1210917,48,52,2539,122.28,143.56,0,0,702,685,56,TYPE_B,5.6,Beverages,Thai
1021528,49,52,2539,121.25,143.56,0,0,838,685,56,TYPE_B,5.6,Beverages,Thai
1372075,50,52,2539,122.25,144.56,0,0,838,685,56,TYPE_B,5.6,Beverages,Thai
1313350,51,52,2539,123.25,144.56,0,0,971,685,56,TYPE_B,5.6,Beverages,Thai
1455565,52,52,2539,120.28,144.56,1,0,987,685,56,TYPE_B,5.6,Beverages,Thai
1106744,53,52,2539,120.28,145.56,1,1,1998,685,56,TYPE_B,5.6,Beverages,Thai
1373746,54,52,2539,122.28,143.56,0,1,1660,685,56,TYPE_B,5.6,Beverages,Thai
1394416,55,52,2539,120.28,143.56,0,1,1282,685,56,TYPE_B,5.6,Beverages,Thai
1327910,56,52,2539,123.25,145.56,0,1,945,685,56,TYPE_B,5.6,Beverages,Thai
1485247,57,52,2539,143.56,144.56,0,1,863,685,56,TYPE_B,5.6,Beverages,Thai
1332741,58,52,2539,146.53,144.53,0,0,770,685,56,TYPE_B,5.6,Beverages,Thai
1235830,59,52,2539,144.53,145.53,0,0,688,685,56,TYPE_B,5.6,Beverages,Thai
1200682,60,52,2539,143.59,144.59,0,0,810,685,56,TYPE_B,5.6,Beverages,Thai
1342648,61,52,2539,141.62,143.62,0,0,1094,685,56,TYPE_B,5.6,Beverages,Thai
1318357,62,52,2539,142.59,143.59,0,0,459,685,56,TYPE_B,5.6,Beverages,Thai
1200569,63,52,2539,142.62,142.62,0,0,837,685,56,TYPE_B,5.6,Beverages,Thai
1403066,64,52,2539,143.62,143.62,0,0,1014,685,56,TYPE_B,5.6,Beverages,Thai
1409089,65,52,2539,142.59,142.62,0,1,852,685,56,TYPE_B,5.6,Beverages,Thai
1192965,66,52,2539,143.62,141.62,0,1,811,685,56,TYPE_B,5.6,Beverages,Thai
1489293,67,52,2539,142.59,141.62,0,1,879,685,56,TYPE_B,5.6,Beverages,Thai
1420154,68,52,2539,144.59,142.62,0,1,1080,685,56,TYPE_B,5.6,Beverages,Thai
1476403,69,52,2539,144.56,141.62,0,1,1162,685,56,TYPE_B,5.6,Beverages,Thai
1383697,70,52,2539,145.53,143.62,0,1,1349,685,56,TYPE_B,5.6,Beverages,Thai
1003845,71,52,2539,145.53,143.62,0,1,1107,685,56,TYPE_B,5.6,Beverages,Thai
1488214,72,52,2539,145.56,143.56,0,0,1027,685,56,TYPE_B,5.6,Beverages,Thai
1258015,73,52,2539,146.53,145.53,0,0,998,685,56,TYPE_B,5.6,Beverages,Thai
1052377,74,52,2539,145.53,145.53,0,0,1174,685,56,TYPE_B,5.6,Beverages,Thai
1185194,75,52,2539,145.53,146.53,0,0,1080,685,56,TYPE_B,5.6,Beverages,Thai
1159569,76,52,2539,146.53,146.53,0,0,946,685,56,TYPE_B,5.6,Beverages,Thai
1431877,77,52,2539,144.56,144.56,0,0,1000,685,56,TYPE_B,5.6,Beverages,Thai
1130182,78,52,2539,145.53,144.53,0,0,878,685,56,TYPE_B,5.6,Beverages,Thai
1446965,79,52,2539,145.56,145.56,0,0,1133,685,56,TYPE_B,5.6,Beverages,Thai
1465806,80,52,2539,145.56,144.56,0,0,1053,685,56,TYPE_B,5.6,Beverages,Thai
1163850,81,52,2539,144.56,144.56,0,0,933,685,56,TYPE_B,5.6,Beverages,Thai
1336704,82,52,2539,144.53,146.53,0,0,1066,685,56,TYPE_B,5.6,Beverages,Thai
1476398,83,52,2539,144.53,146.53,0,0,1149,685,56,TYPE_B,5.6,Beverages,Thai
1194007,84,52,2539,142.59,144.59,0,0,1025,685,56,TYPE_B,5.6,Beverages,Thai
1115809,85,52,2539,143.56,145.56,0,0,917,685,56,TYPE_B,5.6,Beverages,Thai
1237593,86,52,2539,141.65,141.65,0,0,811,685,56,TYPE_B,5.6,Beverages,Thai
1371519,87,52,2539,145.53,146.53,0,0,933,685,56,TYPE_B,5.6,Beverages,Thai
1355983,88,52,2539,143.59,144.59,0,0,987,685,56,TYPE_B,5.6,Beverages,Thai
1447371,89,52,2539,142.62,141.62,0,0,971,685,56,TYPE_B,5.6,Beverages,Thai
1385254,90,52,2539,144.56,145.56,0,0,1081,685,56,TYPE_B,5.6,Beverages,Thai
1017771,91,52,2539,145.53,144.53,0,0,944,685,56,TYPE_B,5.6,Beverages,Thai
1136384,92,52,2539,144.56,143.56,0,0,1066,685,56,TYPE_B,5.6,Beverages,Thai
1067922,93,52,2539,142.59,142.59,0,0,1095,685,56,TYPE_B,5.6,Beverages,Thai
1460160,94,52,2539,142.62,141.62,0,0,1133,685,56,TYPE_B,5.6,Beverages,Thai
1276351,95,52,2539,141.62,143.62,0,0,1201,685,56,TYPE_B,5.6,Beverages,Thai
1452229,96,52,2539,143.59,142.59,0,0,1176,685,56,TYPE_B,5.6,Beverages,Thai
1466010,97,52,2539,145.53,144.59,0,1,1310,685,56,TYPE_B,5.6,Beverages,Thai
1143340,98,52,2539,143.56,142.59,0,1,1552,685,56,TYPE_B,5.6,Beverages,Thai
1024429,99,52,2539,149.38,144.59,0,1,836,685,56,TYPE_B,5.6,Beverages,Thai
1005708,100,52,2539,150.38,144.59,0,1,1149,685,56,TYPE_B,5.6,Beverages,Thai
1080892,101,52,2539,148.44,142.59,0,1,1350,685,56,TYPE_B,5.6,Beverages,Thai
1481020,102,52,2539,149.44,142.59,0,1,1741,685,56,TYPE_B,5.6,Beverages,Thai
1458938,103,52,2539,149.38,143.59,0,1,1229,685,56,TYPE_B,5.6,Beverages,Thai
1132294,104,52,2539,147.47,144.59,0,1,1080,685,56,TYPE_B,5.6,Beverages,Thai
1123706,105,52,2539,148.47,144.59,0,1,1134,685,56,TYPE_B,5.6,Beverages,Thai
1299762,106,52,2539,149.44,143.59,0,1,1175,685,56,TYPE_B,5.6,Beverages,Thai
1447423,107,52,2539,147.47,143.59,0,1,1228,685,56,TYPE_B,5.6,Beverages,Thai
1257275,108,52,2539,146.5,142.59,0,1,973,685,56,TYPE_B,5.6,Beverages,Thai
1155385,109,52,2539,149.44,144.59,0,1,1431,685,56,TYPE_B,5.6,Beverages,Thai
1353155,110,52,2539,149.41,143.59,0,1,1525,685,56,TYPE_B,5.6,Beverages,Thai
1159620,111,52,2539,150.41,143.59,0,1,487,685,56,TYPE_B,5.6,Beverages,Thai
1470537,112,52,2539,149.41,144.59,0,1,513,685,56,TYPE_B,5.6,Beverages,Thai
1354417,113,52,2539,147.44,144.59,0,1,1511,685,56,TYPE_B,5.6,Beverages,Thai
1447861,1,52,2139,340.5,437.53,0,0,121,685,56,TYPE_B,5.6,Beverages,Indian
1193426,2,52,2139,334.71,435.53,0,0,67,685,56,TYPE_B,5.6,Beverages,Indian
1070533,3,52,2139,340.5,435.53,0,0,53,685,56,TYPE_B,5.6,Beverages,Indian
1312605,4,52,2139,341.5,435.53,0,0,68,685,56,TYPE_B,5.6,Beverages,Indian
1121113,5,52,2139,362.78,437.53,0,0,27,685,56,TYPE_B,5.6,Beverages,Indian
1001922,6,52,2139,436.53,437.53,0,0,41,685,56,TYPE_B,5.6,Beverages,Indian
1190056,7,52,2139,435.53,435.53,0,0,40,685,56,TYPE_B,5.6,Beverages,Indian
1018351,8,52,2139,435.53,435.53,0,0,14,685,56,TYPE_B,5.6,Beverages,Indian
1405561,9,52,2139,389.03,435.53,0,0,109,685,56,TYPE_B,5.6,Beverages,Indian
1326346,10,52,2139,389.03,435.53,0,0,26,685,56,TYPE_B,5.6,Beverages,Indian
1194726,11,52,2139,389.03,436.53,0,0,55,685,56,TYPE_B,5.6,Beverages,Indian
1329645,12,52,2139,387.03,436.53,0,0,68,685,56,TYPE_B,5.6,Beverages,Indian
1401793,13,52,2139,414.19,416.19,0,0,28,685,56,TYPE_B,5.6,Beverages,Indian
1363822,14,52,2139,436.53,436.53,0,0,55,685,56,TYPE_B,5.6,Beverages,Indian
1141242,18,52,2139,436.53,435.53,0,0,54,685,56,TYPE_B,5.6,Beverages,Indian
1241972,20,52,2139,437.53,437.53,0,0,41,685,56,TYPE_B,5.6,Beverages,Indian
1121358,21,52,2139,297.82,437.53,0,0,40,685,56,TYPE_B,5.6,Beverages,Indian
1386852,22,52,2139,297.82,435.53,0,0,42,685,56,TYPE_B,5.6,Beverages,Indian
1092021,23,52,2139,281.33,437.53,0,0,82,685,56,TYPE_B,5.6,Beverages,Indian
1281931,24,52,2139,298.82,437.53,0,0,26,685,56,TYPE_B,5.6,Beverages,Indian
1164709,25,52,2139,297.82,435.53,0,0,40,685,56,TYPE_B,5.6,Beverages,Indian
1259838,26,52,2139,292.94,435.53,0,0,82,685,56,TYPE_B,5.6,Beverages,Indian
1060414,27,52,2139,296.82,297.82,0,0,53,685,56,TYPE_B,5.6,Beverages,Indian
1250728,28,52,2139,289.09,289.09,0,0,123,685,56,TYPE_B,5.6,Beverages,Indian
1110036,29,52,2139,293.0,292.0,0,0,26,685,56,TYPE_B,5.6,Beverages,Indian
1001181,30,52,2139,289.09,290.09,0,0,121,685,56,TYPE_B,5.6,Beverages,Indian
1159666,31,52,2139,282.3,283.3,0,0,41,685,56,TYPE_B,5.6,Beverages,Indian
1108786,32,52,2139,292.0,291.0,0,0,69,685,56,TYPE_B,5.6,Beverages,Indian
1029783,33,52,2139,276.45,276.45,0,0,40,685,56,TYPE_B,5.6,Beverages,Indian
1131460,34,52,2139,296.82,296.82,0,0,69,685,56,TYPE_B,5.6,Beverages,Indian
1177183,35,52,2139,297.82,297.82,0,0,54,685,56,TYPE_B,5.6,Beverages,Indian
1410163,36,52,2139,293.94,292.94,0,0,95,685,56,TYPE_B,5.6,Beverages,Indian
1462735,37,52,2139,298.82,297.82,0,0,42,685,56,TYPE_B,5.6,Beverages,Indian
1366736,38,52,2139,298.82,296.82,0,0,54,685,56,TYPE_B,5.6,Beverages,Indian
1486883,39,52,2139,298.82,296.82,0,0,96,685,56,TYPE_B,5.6,Beverages,Indian
1195631,40,52,2139,296.82,297.82,0,0,68,685,56,TYPE_B,5.6,Beverages,Indian
1240108,41,52,2139,298.82,298.82,0,0,13,685,56,TYPE_B,5.6,Beverages,Indian
1218692,42,52,2139,286.18,287.18,0,0,68,685,56,TYPE_B,5.6,Beverages,Indian
1372984,43,52,2139,298.82,298.82,0,0,67,685,56,TYPE_B,5.6,Beverages,Indian
1157187,44,52,2139,297.82,298.82,0,0,27,685,56,TYPE_B,5.6,Beverages,Indian
1392706,45,52,2139,297.82,296.82,0,0,82,685,56,TYPE_B,5.6,Beverages,Indian
1070272,46,52,2139,296.82,296.82,0,0,28,685,56,TYPE_B,5.6,Beverages,Indian
1237258,47,52,2139,297.82,297.82,0,0,27,685,56,TYPE_B,5.6,Beverages,Indian
1227572,48,52,2139,289.12,287.12,0,0,82,685,56,TYPE_B,5.6,Beverages,Indian
1290264,49,52,2139,298.82,298.82,0,0,41,685,56,TYPE_B,5.6,Beverages,Indian
1459466,50,52,2139,297.82,297.82,0,0,27,685,56,TYPE_B,5.6,Beverages,Indian
1276958,51,52,2139,297.82,296.82,0,0,55,685,56,TYPE_B,5.6,Beverages,Indian
1308241,52,52,2139,298.82,297.82,0,0,28,685,56,TYPE_B,5.6,Beverages,Indian
1493615,53,52,2139,296.82,298.82,0,0,28,685,56,TYPE_B,5.6,Beverages,Indian
1120657,54,52,2139,291.0,291.0,0,0,28,685,56,TYPE_B,5.6,Beverages,Indian
1309267,55,52,2139,291.97,291.97,0,0,82,685,56,TYPE_B,5.6,Beverages,Indian
1414738,56,52,2139,298.82,296.82,0,0,53,685,56,TYPE_B,5.6,Beverages,Indian
1062031,57,52,2139,296.82,296.82,0,0,54,685,56,TYPE_B,5.6,Beverages,Indian
1393390,59,52,2139,292.94,292.94,0,0,94,685,56,TYPE_B,5.6,Beverages,Indian
1010464,60,52,2139,297.82,296.82,0,0,69,685,56,TYPE_B,5.6,Beverages,Indian
1007223,61,52,2139,296.82,298.82,0,0,41,685,56,TYPE_B,5.6,Beverages,Indian
1449004,62,52,2139,292.03,290.03,0,0,41,685,56,TYPE_B,5.6,Beverages,Indian
1492965,63,52,2139,285.21,286.21,0,0,68,685,56,TYPE_B,5.6,Beverages,Indian
1387861,64,52,2139,291.03,292.03,0,0,108,685,56,TYPE_B,5.6,Beverages,Indian
1390417,65,52,2139,290.03,291.03,0,0,81,685,56,TYPE_B,5.6,Beverages,Indian
1051652,66,52,2139,292.03,290.03,0,0,53,685,56,TYPE_B,5.6,Beverages,Indian
1456275,67,52,2139,290.03,292.03,0,0,122,685,56,TYPE_B,5.6,Beverages,Indian
1251412,68,52,2139,292.03,291.03,0,0,42,685,56,TYPE_B,5.6,Beverages,Indian
1488616,69,52,2139,292.03,292.03,0,0,27,685,56,TYPE_B,5.6,Beverages,Indian
1030406,70,52,2139,291.03,290.03,0,0,26,685,56,TYPE_B,5.6,Beverages,Indian
1376098,71,52,2139,292.03,291.03,0,0,54,685,56,TYPE_B,5.6,Beverages,Indian
1257339,72,52,2139,292.03,290.03,0,0,28,685,56,TYPE_B,5.6,Beverages,Indian
1459285,73,52,2139,292.03,291.03,0,0,54,685,56,TYPE_B,5.6,Beverages,Indian
1311147,74,52,2139,290.03,290.03,0,0,67,685,56,TYPE_B,5.6,Beverages,Indian
1343967,75,52,2139,288.15,288.15,0,0,108,685,56,TYPE_B,5.6,Beverages,Indian
1166016,76,52,2139,284.24,283.24,0,0,107,685,56,TYPE_B,5.6,Beverages,Indian
1158515,77,52,2139,308.49,309.49,0,0,26,685,56,TYPE_B,5.6,Beverages,Indian
1231835,78,52,2139,307.49,308.49,0,0,55,685,56,TYPE_B,5.6,Beverages,Indian
1369217,79,52,2139,304.61,305.61,0,0,123,685,56,TYPE_B,5.6,Beverages,Indian
1395807,80,52,2139,296.82,296.82,0,0,40,685,56,TYPE_B,5.6,Beverages,Indian
1099012,81,52,2139,302.67,302.67,0,0,67,685,56,TYPE_B,5.6,Beverages,Indian
1042356,82,52,2139,308.49,308.49,0,0,53,685,56,TYPE_B,5.6,Beverages,Indian
1149168,83,52,2139,309.49,307.49,0,0,40,685,56,TYPE_B,5.6,Beverages,Indian
1471349,84,52,2139,307.49,307.49,0,0,67,685,56,TYPE_B,5.6,Beverages,Indian
1028604,85,52,2139,307.49,307.49,0,0,26,685,56,TYPE_B,5.6,Beverages,Indian
1464903,86,52,2139,304.61,305.61,0,0,109,685,56,TYPE_B,5.6,Beverages,Indian
1351271,87,52,2139,308.49,308.49,0,0,68,685,56,TYPE_B,5.6,Beverages,Indian
1414196,88,52,2139,309.49,309.49,0,0,68,685,56,TYPE_B,5.6,Beverages,Indian
1424301,89,52,2139,307.49,307.49,0,0,108,685,56,TYPE_B,5.6,Beverages,Indian
1081675,90,52,2139,303.64,304.64,0,0,162,685,56,TYPE_B,5.6,Beverages,Indian
1459938,91,52,2139,309.49,309.49,0,0,163,685,56,TYPE_B,5.6,Beverages,Indian
1435193,92,52,2139,307.49,307.49,0,0,135,685,56,TYPE_B,5.6,Beverages,Indian
1387175,93,52,2139,309.49,309.49,0,0,95,685,56,TYPE_B,5.6,Beverages,Indian
1464933,94,52,2139,307.49,309.49,0,0,150,685,56,TYPE_B,5.6,Beverages,Indian
1439652,95,52,2139,309.49,309.49,0,0,108,685,56,TYPE_B,5.6,Beverages,Indian
1101968,96,52,2139,309.49,308.49,0,0,189,685,56,TYPE_B,5.6,Beverages,Indian
1268365,97,52,2139,305.61,303.61,0,0,203,685,56,TYPE_B,5.6,Beverages,Indian
1499813,98,52,2139,299.73,299.73,0,0,55,685,56,TYPE_B,5.6,Beverages,Indian
1223701,99,52,2139,303.64,302.64,0,0,94,685,56,TYPE_B,5.6,Beverages,Indian
1461129,100,52,2139,308.49,309.49,0,0,121,685,56,TYPE_B,5.6,Beverages,Indian
1099628,101,52,2139,309.49,307.49,0,0,123,685,56,TYPE_B,5.6,Beverages,Indian
1126434,103,52,2139,302.64,303.64,0,0,26,685,56,TYPE_B,5.6,Beverages,Indian
1259628,104,52,2139,286.15,286.15,0,0,42,685,56,TYPE_B,5.6,Beverages,Indian
1250081,105,52,2139,291.03,290.03,0,0,135,685,56,TYPE_B,5.6,Beverages,Indian
1236583,106,52,2139,291.03,292.03,0,0,67,685,56,TYPE_B,5.6,Beverages,Indian
1323203,107,52,2139,291.03,290.03,0,0,176,685,56,TYPE_B,5.6,Beverages,Indian
1131302,108,52,2139,297.85,296.85,0,0,41,685,56,TYPE_B,5.6,Beverages,Indian
1476066,109,52,2139,305.58,305.58,0,0,135,685,56,TYPE_B,5.6,Beverages,Indian
1045919,110,52,2139,308.49,309.49,0,0,121,685,56,TYPE_B,5.6,Beverages,Indian
1169650,111,52,2139,309.49,308.49,0,0,107,685,56,TYPE_B,5.6,Beverages,Indian
1238140,112,52,2139,303.64,302.64,0,0,94,685,56,TYPE_B,5.6,Beverages,Indian
1483963,113,52,2139,305.58,306.58,0,0,163,685,56,TYPE_B,5.6,Beverages,Indian
