Data set/Center wise/Center_52_Rank4.csv
id,week,center_id,meal_id,checkout_price,base_price,emailer_for_promotion,homepage_featured,num_orders,city_code,region_code,center_type,op_area,category,cuisine
1057386,1,52,2631,252.23,251.23,0,0,80,685,56,TYPE_B,5.6,Beverages,Indian
1390598,2,52,2631,102.85,252.23,1,1,1095,685,56,TYPE_B,5.6,Beverages,Indian
1355010,3,52,2631,99.0,252.23,0,1,715,685,56,TYPE_B,5.6,Beverages,Indian
1011915,4,52,2631,98.03,253.23,0,0,352,685,56,TYPE_B,5.6,Beverages,Indian
1255701,5,52,2631,98.03,251.23,0,0,405,685,56,TYPE_B,5.6,Beverages,Indian
1376434,6,52,2631,253.23,253.23,0,0,96,685,56,TYPE_B,5.6,Beverages,Indian
1023565,7,52,2631,251.23,253.23,0,0,15,685,56,TYPE_B,5.6,Beverages,Indian
1104871,8,52,2631,251.23,252.23,0,0,149,685,56,TYPE_B,5.6,Beverages,Indian
1004242,9,52,2631,252.23,252.23,0,0,69,685,56,TYPE_B,5.6,Beverages,Indian
1002164,10,52,2631,251.23,251.23,0,0,26,685,56,TYPE_B,5.6,Beverages,Indian
1264525,11,52,2631,253.23,251.23,0,0,26,685,56,TYPE_B,5.6,Beverages,Indian
1016306,12,52,2631,253.23,253.23,0,0,14,685,56,TYPE_B,5.6,Beverages,Indian
1175334,13,52,2631,252.23,253.23,0,0,40,685,56,TYPE_B,5.6,Beverages,Indian
1311545,14,52,2631,253.23,251.23,0,0,69,685,56,TYPE_B,5.6,Beverages,Indian
1070078,15,52,2631,98.0,252.23,1,0,351,685,56,TYPE_B,5.6,Beverages,Indian
1130520,16,52,2631,98.0,251.23,0,0,54,685,56,TYPE_B,5.6,Beverages,Indian
1131061,17,52,2631,97.0,252.23,0,0,352,685,56,TYPE_B,5.6,Beverages,Indian
1061296,18,52,2631,97.0,252.23,0,0,352,685,56,TYPE_B,5.6,Beverages,Indian
1251398,19,52,2631,250.29,251.29,0,0,148,685,56,TYPE_B,5.6,Beverages,Indian
1170463,20,52,2631,252.23,252.23,0,0,42,685,56,TYPE_B,5.6,Beverages,Indian
1226556,21,52,2631,169.78,251.23,0,0,177,685,56,TYPE_B,5.6,Beverages,Indian
1191993,22,52,2631,153.26,251.23,0,0,95,685,56,TYPE_B,5.6,Beverages,Indian
1337474,23,52,2631,153.32,251.23,1,0,231,685,56,TYPE_B,5.6,Beverages,Indian
1161704,24,52,2631,153.26,252.23,0,1,135,685,56,TYPE_B,5.6,Beverages,Indian
1140641,25,52,2631,154.26,252.23,0,1,94,685,56,TYPE_B,5.6,Beverages,Indian
1498642,26,52,2631,153.32,252.23,0,1,136,685,56,TYPE_B,5.6,Beverages,Indian
1211610,27,52,2631,149.38,253.23,0,0,108,685,56,TYPE_B,5.6,Beverages,Indian
1481086,28,52,2631,154.26,251.23,0,0,80,685,56,TYPE_B,5.6,Beverages,Indian
1318313,29,52,2631,151.35,253.23,0,0,162,685,56,TYPE_B,5.6,Beverages,Indian
1435008,30,52,2631,154.26,251.23,0,0,81,685,56,TYPE_B,5.6,Beverages,Indian
1232178,31,52,2631,153.26,154.26,0,0,175,685,56,TYPE_B,5.6,Beverages,Indian
1314815,32,52,2631,152.35,150.35,0,0,150,685,56,TYPE_B,5.6,Beverages,Indian
1400133,33,52,2631,154.26,155.26,0,0,135,685,56,TYPE_B,5.6,Beverages,Indian
1192539,34,52,2631,155.26,155.26,0,0,122,685,56,TYPE_B,5.6,Beverages,Indian
1062736,35,52,2631,152.35,151.35,0,0,69,685,56,TYPE_B,5.6,Beverages,Indian
1026038,36,52,2631,153.32,151.32,0,0,121,685,56,TYPE_B,5.6,Beverages,Indian
1204064,37,52,2631,153.32,151.32,0,0,108,685,56,TYPE_B,5.6,Beverages,Indian
1241714,38,52,2631,154.26,155.26,0,0,107,685,56,TYPE_B,5.6,Beverages,Indian
1395331,39,52,2631,152.35,151.35,0,0,135,685,56,TYPE_B,5.6,Beverages,Indian
1020746,40,52,2631,153.29,152.29,0,0,230,685,56,TYPE_B,5.6,Beverages,Indian
1415813,41,52,2631,153.26,155.26,0,0,150,685,56,TYPE_B,5.6,Beverages,Indian
1075183,42,52,2631,153.26,155.26,0,0,150,685,56,TYPE_B,5.6,Beverages,Indian
1396464,43,52,2631,151.32,153.32,0,0,122,685,56,TYPE_B,5.6,Beverages,Indian
1266418,44,52,2631,153.26,153.26,0,0,95,685,56,TYPE_B,5.6,Beverages,Indian
1424370,45,52,2631,154.26,155.26,0,0,67,685,56,TYPE_B,5.6,Beverages,Indian
1034080,46,52,2631,154.26,155.26,0,0,82,685,56,TYPE_B,5.6,Beverages,Indian
1057048,47,52,2631,152.29,152.29,0,0,150,685,56,TYPE_B,5.6,Beverages,Indian
1013408,48,52,2631,152.35,152.35,0,0,149,685,56,TYPE_B,5.6,Beverages,Indian
1002500,49,52,2631,153.29,152.29,0,0,176,685,56,TYPE_B,5.6,Beverages,Indian
1118836,50,52,2631,153.29,152.29,0,0,162,685,56,TYPE_B,5.6,Beverages,Indian
1355134,51,52,2631,154.26,154.26,0,0,67,685,56,TYPE_B,5.6,Beverages,Indian
1368569,52,52,2631,153.26,154.26,0,0,215,685,56,TYPE_B,5.6,Beverages,Indian
1457520,53,52,2631,155.26,155.26,0,0,108,685,56,TYPE_B,5.6,Beverages,Indian
1052706,54,52,2631,151.32,151.32,0,0,123,685,56,TYPE_B,5.6,Beverages,Indian
1359268,55,52,2631,153.26,154.26,0,0,149,685,56,TYPE_B,5.6,Beverages,Indian
1060410,56,52,2631,155.26,155.26,0,0,150,685,56,TYPE_B,5.6,Beverages,Indian
1168626,57,52,2631,153.29,153.29,0,0,190,685,56,TYPE_B,5.6,Beverages,Indian
1176162,58,52,2631,153.26,154.26,0,0,81,685,56,TYPE_B,5.6,Beverages,Indian
1218577,59,52,2631,153.26,154.26,0,0,94,685,56,TYPE_B,5.6,Beverages,Indian
1271106,60,52,2631,152.32,151.32,0,0,108,685,56,TYPE_B,5.6,Beverages,Indian
1280168,61,52,2631,155.26,153.26,0,0,96,685,56,TYPE_B,5.6,Beverages,Indian
1163247,62,52,2631,151.32,153.32,0,0,42,685,56,TYPE_B,5.6,Beverages,Indian
1042081,63,52,2631,154.26,154.26,0,0,123,685,56,TYPE_B,5.6,Beverages,Indian
1242054,64,52,2631,153.32,152.32,0,0,136,685,56,TYPE_B,5.6,Beverages,Indian
1376546,65,52,2631,152.32,152.32,0,0,108,685,56,TYPE_B,5.6,Beverages,Indian
1345215,66,52,2631,150.35,151.35,0,0,134,685,56,TYPE_B,5.6,Beverages,Indian
1143717,67,52,2631,153.26,154.26,0,0,257,685,56,TYPE_B,5.6,Beverages,Indian
1262893,68,52,2631,99.97,154.26,1,1,431,685,56,TYPE_B,5.6,Beverages,Indian
1160114,69,52,2631,98.0,154.26,0,1,216,685,56,TYPE_B,5.6,Beverages,Indian
1305664,70,52,2631,96.03,155.26,0,1,242,685,56,TYPE_B,5.6,Beverages,Indian
1467881,71,52,2631,99.0,155.26,0,1,188,685,56,TYPE_B,5.6,Beverages,Indian
1208038,72,52,2631,153.26,153.26,0,1,123,685,56,TYPE_B,5.6,Beverages,Indian
1366103,73,52,2631,154.26,154.26,0,0,28,685,56,TYPE_B,5.6,Beverages,Indian
1357841,74,52,2631,153.26,154.26,0,0,67,685,56,TYPE_B,5.6,Beverages,Indian
1167067,75,52,2631,153.26,155.26,0,0,67,685,56,TYPE_B,5.6,Beverages,Indian
1257650,76,52,2631,153.26,153.26,0,0,68,685,56,TYPE_B,5.6,Beverages,Indian
1042580,77,52,2631,97.06,153.26,0,0,242,685,56,TYPE_B,5.6,Beverages,Indian
1152477,78,52,2631,97.0,153.26,0,0,161,685,56,TYPE_B,5.6,Beverages,Indian
1242431,79,52,2631,95.06,155.26,0,0,215,685,56,TYPE_B,5.6,Beverages,Indian
1214469,80,52,2631,95.06,153.26,0,0,163,685,56,TYPE_B,5.6,Beverages,Indian
1384806,81,52,2631,151.32,151.32,0,0,122,685,56,TYPE_B,5.6,Beverages,Indian
1461173,82,52,2631,154.26,153.26,0,0,54,685,56,TYPE_B,5.6,Beverages,Indian
1349825,83,52,2631,154.26,155.26,0,0,96,685,56,TYPE_B,5.6,Beverages,Indian
1408165,84,52,2631,153.26,155.26,0,0,69,685,56,TYPE_B,5.6,Beverages,Indian
1182580,85,52,2631,97.97,155.26,1,1,350,685,56,TYPE_B,5.6,Beverages,Indian
1145308,86,52,2631,96.03,153.26,0,1,230,685,56,TYPE_B,5.6,Beverages,Indian
1004912,87,52,2631,97.06,155.26,0,0,230,685,56,TYPE_B,5.6,Beverages,Indian
1358754,88,52,2631,98.03,153.26,0,0,285,685,56,TYPE_B,5.6,Beverages,Indian
1340118,89,52,2631,99.97,153.26,0,0,283,685,56,TYPE_B,5.6,Beverages,Indian
1371390,90,52,2631,150.35,151.35,0,0,229,685,56,TYPE_B,5.6,Beverages,Indian
1140137,91,52,2631,154.29,154.29,0,0,229,685,56,TYPE_B,5.6,Beverages,Indian
1029082,92,52,2631,153.32,151.32,0,0,122,685,56,TYPE_B,5.6,Beverages,Indian
1456566,93,52,2631,150.38,151.38,0,0,217,685,56,TYPE_B,5.6,Beverages,Indian
1258145,94,52,2631,153.32,153.32,0,0,203,685,56,TYPE_B,5.6,Beverages,Indian
1384597,95,52,2631,153.26,154.26,0,0,202,685,56,TYPE_B,5.6,Beverages,Indian
1059148,96,52,2631,154.29,152.29,0,0,162,685,56,TYPE_B,5.6,Beverages,Indian
1221002,97,52,2631,154.26,155.26,0,0,81,685,56,TYPE_B,5.6,Beverages,Indian
1313160,98,52,2631,154.29,153.29,0,0,162,685,56,TYPE_B,5.6,Beverages,Indian
1479015,99,52,2631,153.32,152.32,0,0,271,685,56,TYPE_B,5.6,Beverages,Indian
1472963,100,52,2631,95.06,151.32,0,0,338,685,56,TYPE_B,5.6,Beverages,Indian
1290725,101,52,2631,98.0,152.32,0,0,284,685,56,TYPE_B,5.6,Beverages,Indian
1401672,102,52,2631,95.06,151.32,0,0,215,685,56,TYPE_B,5.6,Beverages,Indian
1331155,103,52,2631,98.0,151.32,0,0,14,685,56,TYPE_B,5.6,Beverages,Indian
1045309,104,52,2631,93.12,152.32,0,0,95,685,56,TYPE_B,5.6,Beverages,Indian
1209808,105,52,2631,101.88,151.32,0,0,202,685,56,TYPE_B,5.6,Beverages,Indian
1385929,106,52,2631,151.35,150.35,0,0,80,685,56,TYPE_B,5.6,Beverages,Indian
1186315,107,52,2631,152.29,154.29,0,0,216,685,56,TYPE_B,5.6,Beverages,Indian
1035273,108,52,2631,152.35,151.35,0,0,136,685,56,TYPE_B,5.6,Beverages,Indian
1288287,109,52,2631,153.29,154.29,0,0,244,685,56,TYPE_B,5.6,Beverages,Indian
1173616,110,52,2631,152.29,153.29,0,0,148,685,56,TYPE_B,5.6,Beverages,Indian
1209349,111,52,2631,153.32,152.32,0,0,202,685,56,TYPE_B,5.6,Beverages,Indian
1477936,112,52,2631,154.26,153.26,0,0,229,685,56,TYPE_B,5.6,Beverages,Indian
1146190,113,52,2631,153.29,153.29,0,0,215,685,56,TYPE_B,5.6,Beverages,Indian
1393327,1,52,1248,247.35,247.35,0,0,81,685,56,TYPE_B,5.6,Beverages,Indian
1268640,2,52,1248,98.03,249.35,1,1,1121,685,56,TYPE_B,5.6,Beverages,Indian
1454245,3,52,1248,97.03,248.35,0,0,526,685,56,TYPE_B,5.6,Beverages,Indian
1275132,4,52,1248,97.03,249.35,0,0,284,685,56,TYPE_B,5.6,Beverages,Indian
1419874,5,52,1248,96.03,249.35,0,0,338,685,56,TYPE_B,5.6,Beverages,Indian
1186847,6,52,1248,216.34,249.35,0,0,53,685,56,TYPE_B,5.6,Beverages,Indian
1056623,7,52,1248,253.23,252.23,0,0,13,685,56,TYPE_B,5.6,Beverages,Indian
1181646,9,52,1248,251.23,252.23,0,0,54,685,56,TYPE_B,5.6,Beverages,Indian
1333653,10,52,1248,251.23,251.23,0,0,26,685,56,TYPE_B,5.6,Beverages,Indian
1466147,11,52,1248,246.38,246.38,0,0,136,685,56,TYPE_B,5.6,Beverages,Indian
1431531,12,52,1248,251.23,253.23,0,0,54,685,56,TYPE_B,5.6,Beverages,Indian
1179487,13,52,1248,249.35,248.35,0,0,96,685,56,TYPE_B,5.6,Beverages,Indian
1478764,14,52,1248,241.53,241.53,0,0,68,685,56,TYPE_B,5.6,Beverages,Indian
1334467,15,52,1248,99.0,243.53,1,0,312,685,56,TYPE_B,5.6,Beverages,Indian
1117038,16,52,1248,96.03,242.53,0,0,188,685,56,TYPE_B,5.6,Beverages,Indian
1011015,17,52,1248,98.0,241.53,0,0,230,685,56,TYPE_B,5.6,Beverages,Indian
1180143,18,52,1248,98.0,242.53,0,0,230,685,56,TYPE_B,5.6,Beverages,Indian
1107602,19,52,1248,248.35,247.35,0,0,96,685,56,TYPE_B,5.6,Beverages,Indian
1276757,20,52,1248,252.23,252.23,0,0,69,685,56,TYPE_B,5.6,Beverages,Indian
1243842,21,52,1248,153.26,251.23,0,0,53,685,56,TYPE_B,5.6,Beverages,Indian
1087703,22,52,1248,151.32,252.23,0,0,121,685,56,TYPE_B,5.6,Beverages,Indian
1140820,23,52,1248,153.26,252.23,1,0,270,685,56,TYPE_B,5.6,Beverages,Indian
1478935,24,52,1248,152.29,252.23,0,1,149,685,56,TYPE_B,5.6,Beverages,Indian
1373241,25,52,1248,154.26,251.23,0,1,148,685,56,TYPE_B,5.6,Beverages,Indian
1075169,26,52,1248,152.32,252.23,0,1,95,685,56,TYPE_B,5.6,Beverages,Indian
1413833,27,52,1248,152.29,252.23,0,0,149,685,56,TYPE_B,5.6,Beverages,Indian
1362843,28,52,1248,154.26,252.23,0,0,108,685,56,TYPE_B,5.6,Beverages,Indian
1392712,29,52,1248,154.29,251.23,0,0,175,685,56,TYPE_B,5.6,Beverages,Indian
1421567,30,52,1248,154.29,252.23,0,0,148,685,56,TYPE_B,5.6,Beverages,Indian
1294360,31,52,1248,154.26,154.26,0,0,204,685,56,TYPE_B,5.6,Beverages,Indian
1066262,32,52,1248,155.26,155.26,0,0,41,685,56,TYPE_B,5.6,Beverages,Indian
1454529,33,52,1248,153.29,154.29,0,0,310,685,56,TYPE_B,5.6,Beverages,Indian
1403680,34,52,1248,152.29,153.29,0,0,230,685,56,TYPE_B,5.6,Beverages,Indian
1266585,35,52,1248,155.26,153.26,0,0,95,685,56,TYPE_B,5.6,Beverages,Indian
1283082,36,52,1248,152.29,152.29,0,0,176,685,56,TYPE_B,5.6,Beverages,Indian
1229436,37,52,1248,153.26,154.26,0,0,80,685,56,TYPE_B,5.6,Beverages,Indian
1373628,38,52,1248,154.26,154.26,0,0,149,685,56,TYPE_B,5.6,Beverages,Indian
1136043,39,52,1248,154.26,155.26,0,0,108,685,56,TYPE_B,5.6,Beverages,Indian
1051140,40,52,1248,154.26,153.26,0,0,163,685,56,TYPE_B,5.6,Beverages,Indian
1223349,41,52,1248,155.26,153.26,0,0,188,685,56,TYPE_B,5.6,Beverages,Indian
1045379,42,52,1248,154.29,152.29,0,0,257,685,56,TYPE_B,5.6,Beverages,Indian
1394057,43,52,1248,154.26,154.26,0,0,136,685,56,TYPE_B,5.6,Beverages,Indian
1168874,44,52,1248,155.26,155.26,0,0,135,685,56,TYPE_B,5.6,Beverages,Indian
1224965,45,52,1248,155.26,153.26,0,0,188,685,56,TYPE_B,5.6,Beverages,Indian
1275800,46,52,1248,155.26,154.26,0,0,190,685,56,TYPE_B,5.6,Beverages,Indian
1483625,47,52,1248,149.38,149.38,0,0,123,685,56,TYPE_B,5.6,Beverages,Indian
1301337,48,52,1248,155.26,155.26,0,0,202,685,56,TYPE_B,5.6,Beverages,Indian
1082595,49,52,1248,155.26,154.26,0,0,121,685,56,TYPE_B,5.6,Beverages,Indian
1359230,50,52,1248,152.29,153.29,0,0,271,685,56,TYPE_B,5.6,Beverages,Indian
1217858,51,52,1248,155.26,154.26,0,0,121,685,56,TYPE_B,5.6,Beverages,Indian
1257210,52,52,1248,150.35,150.35,0,0,258,685,56,TYPE_B,5.6,Beverages,Indian
1260200,53,52,1248,153.26,154.26,0,0,108,685,56,TYPE_B,5.6,Beverages,Indian
1163941,54,52,1248,154.29,154.29,0,0,188,685,56,TYPE_B,5.6,Beverages,Indian
1225309,55,52,1248,150.35,151.35,0,0,69,685,56,TYPE_B,5.6,Beverages,Indian
1083899,56,52,1248,152.29,153.29,0,0,189,685,56,TYPE_B,5.6,Beverages,Indian
1398665,57,52,1248,154.26,155.26,0,0,257,685,56,TYPE_B,5.6,Beverages,Indian
1131996,58,52,1248,153.32,151.32,0,0,270,685,56,TYPE_B,5.6,Beverages,Indian
1246241,59,52,1248,153.26,153.26,0,0,161,685,56,TYPE_B,5.6,Beverages,Indian
1430829,60,52,1248,153.26,154.26,0,0,177,685,56,TYPE_B,5.6,Beverages,Indian
1431017,61,52,1248,154.26,154.26,0,0,189,685,56,TYPE_B,5.6,Beverages,Indian
1089704,62,52,1248,152.32,152.32,0,0,189,685,56,TYPE_B,5.6,Beverages,Indian
1056807,63,52,1248,154.29,154.29,0,0,190,685,56,TYPE_B,5.6,Beverages,Indian
1365778,64,52,1248,152.35,151.35,0,0,203,685,56,TYPE_B,5.6,Beverages,Indian
1388299,65,52,1248,153.26,153.26,0,0,108,685,56,TYPE_B,5.6,Beverages,Indian
1161241,66,52,1248,153.26,153.26,0,0,215,685,56,TYPE_B,5.6,Beverages,Indian
1304740,67,52,1248,153.29,152.29,0,0,229,685,56,TYPE_B,5.6,Beverages,Indian
1003706,68,52,1248,96.03,152.29,1,1,526,685,56,TYPE_B,5.6,Beverages,Indian
1276047,69,52,1248,97.97,153.29,0,1,365,685,56,TYPE_B,5.6,Beverages,Indian
1226776,70,52,1248,98.03,154.29,0,1,432,685,56,TYPE_B,5.6,Beverages,Indian
1305293,71,52,1248,98.03,153.29,0,1,230,685,56,TYPE_B,5.6,Beverages,Indian
1058432,72,52,1248,153.32,154.29,0,1,80,685,56,TYPE_B,5.6,Beverages,Indian
1362784,73,52,1248,152.35,150.35,0,0,149,685,56,TYPE_B,5.6,Beverages,Indian
1056592,74,52,1248,155.26,154.26,0,0,107,685,56,TYPE_B,5.6,Beverages,Indian
1140957,75,52,1248,154.29,153.29,0,0,163,685,56,TYPE_B,5.6,Beverages,Indian
1251932,76,52,1248,154.26,153.26,0,0,107,685,56,TYPE_B,5.6,Beverages,Indian
1133515,77,52,1248,96.03,154.26,0,0,366,685,56,TYPE_B,5.6,Beverages,Indian
1480212,78,52,1248,102.85,154.26,0,0,339,685,56,TYPE_B,5.6,Beverages,Indian
1441311,79,52,1248,98.0,154.26,0,0,190,685,56,TYPE_B,5.6,Beverages,Indian
1008463,80,52,1248,98.0,153.26,0,0,269,685,56,TYPE_B,5.6,Beverages,Indian
1358322,81,52,1248,154.26,154.26,0,0,134,685,56,TYPE_B,5.6,Beverages,Indian
1216535,82,52,1248,150.41,149.41,0,0,136,685,56,TYPE_B,5.6,Beverages,Indian
1378134,83,52,1248,154.26,155.26,0,0,163,685,56,TYPE_B,5.6,Beverages,Indian
1443623,84,52,1248,153.32,152.32,0,0,122,685,56,TYPE_B,5.6,Beverages,Indian
1420199,85,52,1248,97.03,153.32,1,1,582,685,56,TYPE_B,5.6,Beverages,Indian
1324987,86,52,1248,96.03,152.32,0,1,512,685,56,TYPE_B,5.6,Beverages,Indian
1239628,87,52,1248,98.0,151.32,0,0,296,685,56,TYPE_B,5.6,Beverages,Indian
1406585,88,52,1248,97.03,152.32,0,0,377,685,56,TYPE_B,5.6,Beverages,Indian
1457809,89,52,1248,99.0,151.32,0,0,312,685,56,TYPE_B,5.6,Beverages,Indian
1358541,90,52,1248,153.26,155.26,0,0,55,685,56,TYPE_B,5.6,Beverages,Indian
1151182,91,52,1248,153.26,153.26,0,0,148,685,56,TYPE_B,5.6,Beverages,Indian
1335105,92,52,1248,154.26,154.26,0,0,80,685,56,TYPE_B,5.6,Beverages,Indian
1392674,93,52,1248,155.26,153.26,0,0,121,685,56,TYPE_B,5.6,Beverages,Indian
1385615,94,52,1248,152.35,150.35,0,0,149,685,56,TYPE_B,5.6,Beverages,Indian
1152514,95,52,1248,154.26,154.26,0,0,134,685,56,TYPE_B,5.6,Beverages,Indian
1017203,96,52,1248,153.26,154.26,0,0,109,685,56,TYPE_B,5.6,Beverages,Indian
1049185,97,52,1248,155.26,155.26,0,0,216,685,56,TYPE_B,5.6,Beverages,Indian
1327859,98,52,1248,155.26,154.26,0,0,136,685,56,TYPE_B,5.6,Beverages,Indian
1250959,99,52,1248,155.26,153.26,0,0,94,685,56,TYPE_B,5.6,Beverages,Indian
1095612,100,52,1248,97.0,153.26,0,0,325,685,56,TYPE_B,5.6,Beverages,Indian
1059624,101,52,1248,98.03,154.26,0,0,350,685,56,TYPE_B,5.6,Beverages,Indian
1335022,102,52,1248,99.0,154.26,0,0,337,685,56,TYPE_B,5.6,Beverages,Indian
1190798,104,52,1248,95.06,155.26,0,0,123,685,56,TYPE_B,5.6,Beverages,Indian
1085092,105,52,1248,96.06,153.26,0,0,339,685,56,TYPE_B,5.6,Beverages,Indian
1493888,106,52,1248,137.74,138.74,0,0,109,685,56,TYPE_B,5.6,Beverages,Indian
1053973,107,52,1248,155.26,155.26,0,0,189,685,56,TYPE_B,5.6,Beverages,Indian
1105169,108,52,1248,154.26,154.26,0,0,189,685,56,TYPE_B,5.6,Beverages,Indian
1454647,109,52,1248,152.32,152.32,0,0,202,685,56,TYPE_B,5.6,Beverages,Indian
1009463,110,52,1248,153.29,154.29,0,0,149,685,56,TYPE_B,5.6,Beverages,Indian
1123866,111,52,1248,150.41,150.41,0,0,94,685,56,TYPE_B,5.6,Beverages,Indian
1461050,112,52,1248,155.26,155.26,0,0,135,685,56,TYPE_B,5.6,Beverages,Indian
1327031,113,52,1248,153.29,154.29,0,0,176,685,56,TYPE_B,5.6,Beverages,Indian
