Data set/Center wise/Center_52_Rank4.csv
id,week,center_id,meal_id,checkout_price,base_price,emailer_for_promotion,homepage_featured,num_orders,city_code,region_code,center_type,op_area,category,cuisine
1257414,1,52,1778,180.45,180.45,0,0,634,685,56,TYPE_B,5.6,Beverages,Italian
1479089,2,52,1778,184.36,183.36,0,0,433,685,56,TYPE_B,5.6,Beverages,Italian
1450173,3,52,1778,184.33,185.33,0,0,514,685,56,TYPE_B,5.6,Beverages,Italian
1278148,4,52,1778,182.36,183.36,0,0,485,685,56,TYPE_B,5.6,Beverages,Italian
1066145,5,52,1778,183.39,183.39,0,0,364,685,56,TYPE_B,5.6,Beverages,Italian
1397730,6,52,1778,162.05,182.39,0,0,501,685,56,TYPE_B,5.6,Beverages,Italian
1398062,7,52,1778,159.14,181.39,0,0,647,685,56,TYPE_B,5.6,Beverages,Italian
1315494,8,52,1778,159.08,182.39,0,0,257,685,56,TYPE_B,5.6,Beverages,Italian
1361105,9,52,1778,161.08,183.39,0,0,755,685,56,TYPE_B,5.6,Beverages,Italian
1109961,10,52,1778,160.05,183.39,0,0,1014,685,56,TYPE_B,5.6,Beverages,Italian
1029620,11,52,1778,162.99,182.39,0,0,823,685,56,TYPE_B,5.6,Beverages,Italian
1312171,12,52,1778,180.42,181.42,0,0,621,685,56,TYPE_B,5.6,Beverages,Italian
1154432,13,52,1778,184.36,183.36,0,0,676,685,56,TYPE_B,5.6,Beverages,Italian
1204727,14,52,1778,183.33,185.33,0,0,528,685,56,TYPE_B,5.6,Beverages,Italian
1224776,15,52,1778,183.33,184.33,0,0,796,685,56,TYPE_B,5.6,Beverages,Italian
1219667,16,52,1778,182.36,184.36,0,0,568,685,56,TYPE_B,5.6,Beverages,Italian
1262430,17,52,1778,163.99,183.36,1,1,770,685,56,TYPE_B,5.6,Beverages,Italian
1236527,18,52,1778,163.02,184.36,0,0,932,685,56,TYPE_B,5.6,Beverages,Italian
1163350,19,52,1778,158.14,184.36,0,0,890,685,56,TYPE_B,5.6,Beverages,Italian
1148572,20,52,1778,162.02,184.36,0,0,675,685,56,TYPE_B,5.6,Beverages,Italian
1319638,21,52,1778,163.02,183.36,0,0,959,685,56,TYPE_B,5.6,Beverages,Italian
1186078,22,52,1778,160.11,182.36,0,0,1040,685,56,TYPE_B,5.6,Beverages,Italian
1110373,23,52,1778,160.05,184.36,0,0,1122,685,56,TYPE_B,5.6,Beverages,Italian
1471661,24,52,1778,180.42,182.42,0,0,662,685,56,TYPE_B,5.6,Beverages,Italian
1330068,25,52,1778,185.33,185.33,0,0,554,685,56,TYPE_B,5.6,Beverages,Italian
1046922,26,52,1778,181.39,181.39,0,0,539,685,56,TYPE_B,5.6,Beverages,Italian
1332255,27,52,1778,184.36,184.36,0,0,661,685,56,TYPE_B,5.6,Beverages,Italian
1291543,28,52,1778,184.36,184.36,0,0,621,685,56,TYPE_B,5.6,Beverages,Italian
1419065,29,52,1778,182.36,184.36,0,0,526,685,56,TYPE_B,5.6,Beverages,Italian
1315004,30,52,1778,161.02,182.36,0,0,1041,685,56,TYPE_B,5.6,Beverages,Italian
1015349,31,52,1778,160.05,183.36,0,0,798,685,56,TYPE_B,5.6,Beverages,Italian
1236818,32,52,1778,161.08,184.36,1,0,755,685,56,TYPE_B,5.6,Beverages,Italian
1015257,33,52,1778,161.02,184.36,0,0,797,685,56,TYPE_B,5.6,Beverages,Italian
1482792,34,52,1778,161.05,184.36,0,0,838,685,56,TYPE_B,5.6,Beverages,Italian
1435698,35,52,1778,162.05,184.36,0,0,917,685,56,TYPE_B,5.6,Beverages,Italian
1314840,36,52,1778,161.02,183.36,0,0,851,685,56,TYPE_B,5.6,Beverages,Italian
1427183,37,52,1778,181.39,181.39,0,0,701,685,56,TYPE_B,5.6,Beverages,Italian
1236550,38,52,1778,182.42,180.42,0,0,337,685,56,TYPE_B,5.6,Beverages,Italian
1181265,39,52,1778,180.42,180.42,0,0,528,685,56,TYPE_B,5.6,Beverages,Italian
1460564,40,52,1778,181.39,181.39,0,0,622,685,56,TYPE_B,5.6,Beverages,Italian
1496277,41,52,1778,180.45,180.45,0,0,433,685,56,TYPE_B,5.6,Beverages,Italian
1258628,42,52,1778,184.33,184.33,0,0,647,685,56,TYPE_B,5.6,Beverages,Italian
1495648,43,52,1778,183.33,183.33,0,0,568,685,56,TYPE_B,5.6,Beverages,Italian
1276752,44,52,1778,183.39,183.39,0,0,567,685,56,TYPE_B,5.6,Beverages,Italian
1024592,45,52,1778,161.08,183.39,0,0,782,685,56,TYPE_B,5.6,Beverages,Italian
1183903,46,52,1778,159.08,183.39,0,0,958,685,56,TYPE_B,5.6,Beverages,Italian
1316138,47,52,1778,163.02,182.39,0,0,635,685,56,TYPE_B,5.6,Beverages,Italian
1186839,48,52,1778,180.48,178.48,0,0,635,685,56,TYPE_B,5.6,Beverages,Italian
1070887,49,52,1778,177.54,178.54,0,0,580,685,56,TYPE_B,5.6,Beverages,Italian
1280978,50,52,1778,182.39,183.39,0,0,621,685,56,TYPE_B,5.6,Beverages,Italian
1198903,51,52,1778,181.39,181.39,0,0,364,685,56,TYPE_B,5.6,Beverages,Italian
1177635,52,52,1778,184.36,184.36,0,0,486,685,56,TYPE_B,5.6,Beverages,Italian
1415102,53,52,1778,183.36,183.36,0,0,568,685,56,TYPE_B,5.6,Beverages,Italian
1211426,54,52,1778,182.39,181.39,0,0,662,685,56,TYPE_B,5.6,Beverages,Italian
1252299,55,52,1778,183.36,183.36,0,0,647,685,56,TYPE_B,5.6,Beverages,Italian
1414124,56,52,1778,179.51,179.51,0,0,796,685,56,TYPE_B,5.6,Beverages,Italian
1307076,57,52,1778,156.17,178.51,0,0,946,685,56,TYPE_B,5.6,Beverages,Italian
1364658,58,52,1778,160.11,178.51,0,0,1054,685,56,TYPE_B,5.6,Beverages,Italian
1032186,59,52,1778,161.08,159.08,0,0,851,685,56,TYPE_B,5.6,Beverages,Italian
1001568,60,52,1778,158.17,158.17,0,0,836,685,56,TYPE_B,5.6,Beverages,Italian
1276741,61,52,1778,159.08,160.08,0,0,877,685,56,TYPE_B,5.6,Beverages,Italian
1173296,62,52,1778,177.57,177.57,0,0,150,685,56,TYPE_B,5.6,Beverages,Italian
1052923,63,52,1778,180.42,182.42,0,0,473,685,56,TYPE_B,5.6,Beverages,Italian
1165587,64,52,1778,181.39,183.39,0,0,445,685,56,TYPE_B,5.6,Beverages,Italian
1278574,65,52,1778,159.08,182.39,0,0,729,685,56,TYPE_B,5.6,Beverages,Italian
1206031,66,52,1778,163.02,181.39,0,0,701,685,56,TYPE_B,5.6,Beverages,Italian
1094471,67,52,1778,160.05,183.39,0,0,728,685,56,TYPE_B,5.6,Beverages,Italian
1020986,68,52,1778,162.02,183.39,0,0,837,685,56,TYPE_B,5.6,Beverages,Italian
1470594,69,52,1778,182.39,183.39,0,0,919,685,56,TYPE_B,5.6,Beverages,Italian
1098826,70,52,1778,181.42,180.42,0,0,161,685,56,TYPE_B,5.6,Beverages,Italian
1472960,71,52,1778,183.39,183.39,0,0,621,685,56,TYPE_B,5.6,Beverages,Italian
1405416,72,52,1778,180.42,182.42,0,0,541,685,56,TYPE_B,5.6,Beverages,Italian
1181189,73,52,1778,182.39,183.39,0,0,500,685,56,TYPE_B,5.6,Beverages,Italian
1043611,74,52,1778,174.66,172.66,0,0,689,685,56,TYPE_B,5.6,Beverages,Italian
1382839,75,52,1778,183.36,183.36,0,0,688,685,56,TYPE_B,5.6,Beverages,Italian
1257152,76,52,1778,184.36,184.36,0,0,541,685,56,TYPE_B,5.6,Beverages,Italian
1103772,77,52,1778,184.33,185.33,0,0,609,685,56,TYPE_B,5.6,Beverages,Italian
1099239,78,52,1778,183.36,183.36,0,0,593,685,56,TYPE_B,5.6,Beverages,Italian
1093435,79,52,1778,182.36,182.36,0,0,634,685,56,TYPE_B,5.6,Beverages,Italian
1362003,80,52,1778,184.36,184.36,0,0,811,685,56,TYPE_B,5.6,Beverages,Italian
1273611,81,52,1778,183.36,184.36,0,0,933,685,56,TYPE_B,5.6,Beverages,Italian
1094121,82,52,1778,182.36,183.36,0,0,825,685,56,TYPE_B,5.6,Beverages,Italian
1309422,83,52,1778,165.87,165.87,0,0,905,685,56,TYPE_B,5.6,Beverages,Italian
1135906,84,52,1778,181.42,182.42,0,0,688,685,56,TYPE_B,5.6,Beverages,Italian
1172034,85,52,1778,182.39,183.39,0,0,715,685,56,TYPE_B,5.6,Beverages,Italian
1403121,86,52,1778,179.45,179.45,0,0,661,685,56,TYPE_B,5.6,Beverages,Italian
1483852,87,52,1778,182.42,180.42,0,0,622,685,56,TYPE_B,5.6,Beverages,Italian
1186290,88,52,1778,161.02,182.42,0,0,945,685,56,TYPE_B,5.6,Beverages,Italian
1090973,89,52,1778,162.05,181.42,0,0,998,685,56,TYPE_B,5.6,Beverages,Italian
1238506,90,52,1778,161.02,182.42,0,0,377,685,56,TYPE_B,5.6,Beverages,Italian
1229543,91,52,1778,161.08,181.42,0,0,919,685,56,TYPE_B,5.6,Beverages,Italian
1219548,92,52,1778,160.08,180.42,0,0,852,685,56,TYPE_B,5.6,Beverages,Italian
1431231,93,52,1778,160.08,182.42,0,0,1000,685,56,TYPE_B,5.6,Beverages,Italian
1045403,94,52,1778,159.08,161.08,0,0,756,685,56,TYPE_B,5.6,Beverages,Italian
1097055,95,52,1778,163.02,161.02,0,0,554,685,56,TYPE_B,5.6,Beverages,Italian
1027991,96,52,1778,163.02,163.02,0,0,973,685,56,TYPE_B,5.6,Beverages,Italian
1343026,97,52,1778,161.02,162.02,0,0,258,685,56,TYPE_B,5.6,Beverages,Italian
1281195,98,52,1778,160.05,162.05,0,0,972,685,56,TYPE_B,5.6,Beverages,Italian
1357136,99,52,1778,161.08,161.08,0,0,501,685,56,TYPE_B,5.6,Beverages,Italian
1434214,100,52,1778,161.05,160.05,0,0,851,685,56,TYPE_B,5.6,Beverages,Italian
1179134,101,52,1778,158.11,159.11,0,0,904,685,56,TYPE_B,5.6,Beverages,Italian
1385172,102,52,1778,160.05,162.05,0,0,636,685,56,TYPE_B,5.6,Beverages,Italian
1433059,103,52,1778,162.99,163.99,0,0,324,685,56,TYPE_B,5.6,Beverages,Italian
1411873,104,52,1778,161.08,160.08,0,0,1066,685,56,TYPE_B,5.6,Beverages,Italian
1417318,105,52,1778,161.02,162.02,0,0,960,685,56,TYPE_B,5.6,Beverages,Italian
1314665,106,52,1778,162.02,163.02,0,0,553,685,56,TYPE_B,5.6,Beverages,Italian
1285287,107,52,1778,161.05,161.05,0,0,960,685,56,TYPE_B,5.6,Beverages,Italian
1292923,108,52,1778,160.08,160.08,0,0,1053,685,56,TYPE_B,5.6,Beverages,Italian
1067511,109,52,1778,182.42,181.42,0,0,1148,685,56,TYPE_B,5.6,Beverages,Italian
1479266,110,52,1778,180.48,180.48,0,0,986,685,56,TYPE_B,5.6,Beverages,Italian
1182285,111,52,1778,183.39,181.39,0,0,809,685,56,TYPE_B,5.6,Beverages,Italian
1192074,112,52,1778,182.39,182.39,0,0,1079,685,56,TYPE_B,5.6,Beverages,Italian
1433206,113,52,1778,162.05,182.39,0,0,1093,685,56,TYPE_B,5.6,Beverages,Italian
1483927,1,52,1062,184.33,184.33,0,0,485,685,56,TYPE_B,5.6,Beverages,Italian
1323322,2,52,1062,183.33,183.33,0,0,662,685,56,TYPE_B,5.6,Beverages,Italian
1437730,3,52,1062,184.36,184.36,0,0,797,685,56,TYPE_B,5.6,Beverages,Italian
1484267,4,52,1062,182.36,184.36,0,0,1012,685,56,TYPE_B,5.6,Beverages,Italian
1201590,5,52,1062,180.42,181.42,0,0,757,685,56,TYPE_B,5.6,Beverages,Italian
1238072,6,52,1062,157.14,181.42,0,0,971,685,56,TYPE_B,5.6,Beverages,Italian
1192985,7,52,1062,159.08,182.42,0,0,1147,685,56,TYPE_B,5.6,Beverages,Italian
1160635,8,52,1062,161.02,180.42,0,0,1039,685,56,TYPE_B,5.6,Beverages,Italian
1239333,9,52,1062,162.02,181.42,0,0,892,685,56,TYPE_B,5.6,Beverages,Italian
1477032,10,52,1062,161.02,181.42,0,0,879,685,56,TYPE_B,5.6,Beverages,Italian
1316720,11,52,1062,163.99,181.42,0,0,998,685,56,TYPE_B,5.6,Beverages,Italian
1498777,12,52,1062,182.36,182.36,0,0,1000,685,56,TYPE_B,5.6,Beverages,Italian
1014157,13,52,1062,183.36,182.36,0,0,647,685,56,TYPE_B,5.6,Beverages,Italian
1491192,14,52,1062,181.39,182.39,0,0,568,685,56,TYPE_B,5.6,Beverages,Italian
1178975,15,52,1062,183.36,182.36,0,0,459,685,56,TYPE_B,5.6,Beverages,Italian
1480707,16,52,1062,184.36,182.36,0,0,554,685,56,TYPE_B,5.6,Beverages,Italian
1197625,17,52,1062,162.05,184.36,1,0,1121,685,56,TYPE_B,5.6,Beverages,Italian
1387733,18,52,1062,160.05,184.36,0,0,811,685,56,TYPE_B,5.6,Beverages,Italian
1412192,19,52,1062,161.08,182.36,0,0,973,685,56,TYPE_B,5.6,Beverages,Italian
1227088,20,52,1062,163.02,184.36,0,0,905,685,56,TYPE_B,5.6,Beverages,Italian
1145925,21,52,1062,161.05,183.36,0,0,1161,685,56,TYPE_B,5.6,Beverages,Italian
1047884,22,52,1062,160.05,183.36,0,0,1297,685,56,TYPE_B,5.6,Beverages,Italian
1014107,23,52,1062,163.02,183.36,0,0,1241,685,56,TYPE_B,5.6,Beverages,Italian
1352491,24,52,1062,182.39,183.39,0,0,755,685,56,TYPE_B,5.6,Beverages,Italian
1194975,25,52,1062,184.36,184.36,0,0,742,685,56,TYPE_B,5.6,Beverages,Italian
1292067,26,52,1062,183.39,183.39,0,0,904,685,56,TYPE_B,5.6,Beverages,Italian
1040365,27,52,1062,184.36,184.36,0,0,690,685,56,TYPE_B,5.6,Beverages,Italian
1046796,28,52,1062,184.33,185.33,0,0,770,685,56,TYPE_B,5.6,Beverages,Italian
1015622,29,52,1062,182.36,183.36,0,0,838,685,56,TYPE_B,5.6,Beverages,Italian
1076481,30,52,1062,162.99,183.36,0,0,1444,685,56,TYPE_B,5.6,Beverages,Italian
1276383,31,52,1062,160.05,182.36,0,0,1040,685,56,TYPE_B,5.6,Beverages,Italian
1440107,32,52,1062,160.11,182.36,1,1,1511,685,56,TYPE_B,5.6,Beverages,Italian
1102576,33,52,1062,159.08,182.36,0,0,1107,685,56,TYPE_B,5.6,Beverages,Italian
1449040,34,52,1062,162.05,182.36,0,0,1134,685,56,TYPE_B,5.6,Beverages,Italian
1276387,35,52,1062,160.11,184.36,0,0,782,685,56,TYPE_B,5.6,Beverages,Italian
1367599,36,52,1062,161.05,183.36,0,0,1067,685,56,TYPE_B,5.6,Beverages,Italian
1201322,37,52,1062,182.36,183.36,0,0,661,685,56,TYPE_B,5.6,Beverages,Italian
1221742,38,52,1062,182.42,182.42,0,0,703,685,56,TYPE_B,5.6,Beverages,Italian
1181447,39,52,1062,181.39,182.39,0,0,689,685,56,TYPE_B,5.6,Beverages,Italian
1020180,40,52,1062,183.36,183.36,0,0,824,685,56,TYPE_B,5.6,Beverages,Italian
1218646,41,52,1062,183.36,182.36,0,0,946,685,56,TYPE_B,5.6,Beverages,Italian
1457492,42,52,1062,184.33,185.33,0,0,809,685,56,TYPE_B,5.6,Beverages,Italian
1278700,43,52,1062,182.36,183.36,0,0,1000,685,56,TYPE_B,5.6,Beverages,Italian
1295997,44,52,1062,184.33,184.33,0,0,1094,685,56,TYPE_B,5.6,Beverages,Italian
1310929,45,52,1062,160.05,185.33,0,0,1284,685,56,TYPE_B,5.6,Beverages,Italian
1206490,46,52,1062,157.14,184.33,0,0,1094,685,56,TYPE_B,5.6,Beverages,Italian
1182895,47,52,1062,161.02,185.33,0,0,798,685,56,TYPE_B,5.6,Beverages,Italian
1278653,48,52,1062,179.48,178.48,0,0,863,685,56,TYPE_B,5.6,Beverages,Italian
1100025,49,52,1062,180.42,180.42,0,0,717,685,56,TYPE_B,5.6,Beverages,Italian
1011937,50,52,1062,184.33,184.33,0,0,836,685,56,TYPE_B,5.6,Beverages,Italian
1253981,51,52,1062,181.42,180.42,0,0,203,685,56,TYPE_B,5.6,Beverages,Italian
1467311,52,52,1062,183.39,183.39,0,0,769,685,56,TYPE_B,5.6,Beverages,Italian
1010078,53,52,1062,183.36,184.36,0,0,486,685,56,TYPE_B,5.6,Beverages,Italian
1418464,54,52,1062,181.39,181.39,0,0,312,685,56,TYPE_B,5.6,Beverages,Italian
1216934,55,52,1062,182.39,181.39,0,0,770,685,56,TYPE_B,5.6,Beverages,Italian
1472923,56,52,1062,184.36,182.36,0,0,825,685,56,TYPE_B,5.6,Beverages,Italian
1176308,57,52,1062,161.02,183.36,0,0,1066,685,56,TYPE_B,5.6,Beverages,Italian
1116199,58,52,1062,161.02,183.36,0,0,1107,685,56,TYPE_B,5.6,Beverages,Italian
1334283,59,52,1062,160.11,183.36,0,0,1039,685,56,TYPE_B,5.6,Beverages,Italian
1301619,60,52,1062,160.11,182.36,0,0,906,685,56,TYPE_B,5.6,Beverages,Italian
1293580,61,52,1062,157.14,182.36,0,0,757,685,56,TYPE_B,5.6,Beverages,Italian
1365856,62,52,1062,183.36,184.36,0,0,204,685,56,TYPE_B,5.6,Beverages,Italian
1337216,63,52,1062,181.39,181.39,0,0,676,685,56,TYPE_B,5.6,Beverages,Italian
1005362,64,52,1062,184.36,182.36,0,0,662,685,56,TYPE_B,5.6,Beverages,Italian
1437099,65,52,1062,158.14,182.36,0,0,784,685,56,TYPE_B,5.6,Beverages,Italian
1163227,66,52,1062,161.02,182.36,0,0,825,685,56,TYPE_B,5.6,Beverages,Italian
1102164,67,52,1062,163.02,183.36,0,0,1147,685,56,TYPE_B,5.6,Beverages,Italian
1162759,68,52,1062,159.08,182.36,0,0,770,685,56,TYPE_B,5.6,Beverages,Italian
1176468,69,52,1062,181.42,181.42,0,0,568,685,56,TYPE_B,5.6,Beverages,Italian
1151524,70,52,1062,184.33,184.33,0,0,418,685,56,TYPE_B,5.6,Beverages,Italian
1035450,71,52,1062,178.48,178.48,0,0,487,685,56,TYPE_B,5.6,Beverages,Italian
1099740,72,52,1062,183.36,183.36,0,0,485,685,56,TYPE_B,5.6,Beverages,Italian
1284138,73,52,1062,184.36,182.36,0,0,703,685,56,TYPE_B,5.6,Beverages,Italian
1325519,74,52,1062,178.51,178.51,0,0,811,685,56,TYPE_B,5.6,Beverages,Italian
1207166,75,52,1062,180.42,181.42,0,0,729,685,56,TYPE_B,5.6,Beverages,Italian
1224620,76,52,1062,182.42,182.42,0,0,742,685,56,TYPE_B,5.6,Beverages,Italian
1036404,77,52,1062,183.36,184.36,0,0,566,685,56,TYPE_B,5.6,Beverages,Italian
1082208,78,52,1062,181.45,179.45,0,0,877,685,56,TYPE_B,5.6,Beverages,Italian
1220160,79,52,1062,185.33,185.33,0,0,715,685,56,TYPE_B,5.6,Beverages,Italian
1437034,80,52,1062,183.36,184.36,0,0,932,685,56,TYPE_B,5.6,Beverages,Italian
1305635,81,52,1062,182.36,182.36,0,0,757,685,56,TYPE_B,5.6,Beverages,Italian
1140741,82,52,1062,183.36,183.36,0,0,904,685,56,TYPE_B,5.6,Beverages,Italian
1201423,83,52,1062,163.93,163.93,0,0,905,685,56,TYPE_B,5.6,Beverages,Italian
1316026,84,52,1062,181.45,180.45,0,0,906,685,56,TYPE_B,5.6,Beverages,Italian
1495985,85,52,1062,183.36,183.36,0,0,717,685,56,TYPE_B,5.6,Beverages,Italian
1415589,86,52,1062,129.07,182.36,0,0,1135,685,56,TYPE_B,5.6,Beverages,Italian
1485020,87,52,1062,183.39,182.39,0,0,1039,685,56,TYPE_B,5.6,Beverages,Italian
1478311,88,52,1062,163.99,181.39,0,0,945,685,56,TYPE_B,5.6,Beverages,Italian
1172341,89,52,1062,159.08,182.39,0,0,1187,685,56,TYPE_B,5.6,Beverages,Italian
1148808,90,52,1062,161.05,183.39,0,0,904,685,56,TYPE_B,5.6,Beverages,Italian
1171317,91,52,1062,162.02,183.39,0,0,836,685,56,TYPE_B,5.6,Beverages,Italian
1252884,92,52,1062,160.08,182.39,0,0,985,685,56,TYPE_B,5.6,Beverages,Italian
1380574,93,52,1062,161.05,181.39,0,0,755,685,56,TYPE_B,5.6,Beverages,Italian
1031185,94,52,1062,161.05,161.05,0,0,986,685,56,TYPE_B,5.6,Beverages,Italian
1443117,95,52,1062,163.02,162.02,0,0,607,685,56,TYPE_B,5.6,Beverages,Italian
1047753,96,52,1062,162.02,162.02,0,0,689,685,56,TYPE_B,5.6,Beverages,Italian
1379651,97,52,1062,160.05,162.05,0,0,420,685,56,TYPE_B,5.6,Beverages,Italian
1155719,98,52,1062,163.99,161.99,0,0,905,685,56,TYPE_B,5.6,Beverages,Italian
1372041,99,52,1062,160.05,162.05,0,0,674,685,56,TYPE_B,5.6,Beverages,Italian
1084426,100,52,1062,162.02,162.02,0,0,1053,685,56,TYPE_B,5.6,Beverages,Italian
1096074,101,52,1062,162.02,162.02,0,0,783,685,56,TYPE_B,5.6,Beverages,Italian
1046372,102,52,1062,163.02,162.02,0,0,580,685,56,TYPE_B,5.6,Beverages,Italian
1124632,103,52,1062,159.11,160.11,0,0,608,685,56,TYPE_B,5.6,Beverages,Italian
1299119,104,52,1062,163.99,163.99,0,0,717,685,56,TYPE_B,5.6,Beverages,Italian
1396161,105,52,1062,161.02,161.02,0,0,782,685,56,TYPE_B,5.6,Beverages,Italian
1120735,106,52,1062,162.99,162.99,0,0,717,685,56,TYPE_B,5.6,Beverages,Italian
1291469,107,52,1062,161.05,161.05,0,0,771,685,56,TYPE_B,5.6,Beverages,Italian
1312186,108,52,1062,162.02,162.02,0,0,703,685,56,TYPE_B,5.6,Beverages,Italian
1309506,109,52,1062,180.42,181.42,0,0,1081,685,56,TYPE_B,5.6,Beverages,Italian
1279392,110,52,1062,181.45,180.45,0,0,1108,685,56,TYPE_B,5.6,Beverages,Italian
1275143,111,52,1062,181.45,181.45,0,0,919,685,56,TYPE_B,5.6,Beverages,Italian
1407881,112,52,1062,184.33,185.33,0,0,1080,685,56,TYPE_B,5.6,Beverages,Italian
1300413,113,52,1062,163.99,184.33,0,0,1538,685,56,TYPE_B,5.6,Beverages,Italian
