Data set/Center wise/Center_52_Rank4.csv
id,week,center_id,meal_id,checkout_price,base_price,emailer_for_promotion,homepage_featured,num_orders,city_code,region_code,center_type,op_area,category,cuisine
1283555,1,52,2707,191.15,190.15,0,0,1283,685,56,TYPE_B,5.6,Beverages,Italian
1049071,2,52,2707,193.06,192.06,0,0,1796,685,56,TYPE_B,5.6,Beverages,Italian
1060737,3,52,2707,193.09,193.09,0,0,1122,685,56,TYPE_B,5.6,Beverages,Italian
1215374,4,52,2707,193.03,193.03,0,0,1296,685,56,TYPE_B,5.6,Beverages,Italian
1392887,5,52,2707,189.15,189.15,0,0,1458,685,56,TYPE_B,5.6,Beverages,Italian
1017128,6,52,2707,224.1,224.1,0,0,824,685,56,TYPE_B,5.6,Beverages,Italian
1159567,7,52,2707,220.19,221.19,0,0,811,685,56,TYPE_B,5.6,Beverages,Italian
1262577,8,52,2707,224.07,226.07,0,0,824,685,56,TYPE_B,5.6,Beverages,Italian
1380304,9,52,2707,227.95,228.95,0,0,960,685,56,TYPE_B,5.6,Beverages,Italian
1121676,10,52,2707,230.92,230.92,0,0,595,685,56,TYPE_B,5.6,Beverages,Italian
1099742,11,52,2707,229.95,228.95,0,0,810,685,56,TYPE_B,5.6,Beverages,Italian
1073347,12,52,2707,190.12,229.95,0,0,1243,685,56,TYPE_B,5.6,Beverages,Italian
1317748,13,52,2707,194.06,229.95,0,0,1134,685,56,TYPE_B,5.6,Beverages,Italian
1345347,14,52,2707,191.12,227.95,0,0,1419,685,56,TYPE_B,5.6,Beverages,Italian
1253023,15,52,2707,191.12,228.95,0,0,1297,685,56,TYPE_B,5.6,Beverages,Italian
1139459,16,52,2707,192.06,228.95,0,0,1189,685,56,TYPE_B,5.6,Beverages,Italian
1442972,17,52,2707,193.03,228.95,1,0,1297,685,56,TYPE_B,5.6,Beverages,Italian
1427752,18,52,2707,193.09,227.95,0,0,1039,685,56,TYPE_B,5.6,Beverages,Italian
1487702,19,52,2707,225.04,225.04,0,0,809,685,56,TYPE_B,5.6,Beverages,Italian
1088905,20,52,2707,224.13,224.13,0,0,973,685,56,TYPE_B,5.6,Beverages,Italian
1312465,21,52,2707,228.01,227.01,0,0,1052,685,56,TYPE_B,5.6,Beverages,Italian
1497564,22,52,2707,227.98,228.98,0,0,1068,685,56,TYPE_B,5.6,Beverages,Italian
1019906,23,52,2707,228.95,227.95,0,0,1203,685,56,TYPE_B,5.6,Beverages,Italian
1132167,24,52,2707,193.06,228.95,0,0,1795,685,56,TYPE_B,5.6,Beverages,Italian
1487460,25,52,2707,189.15,229.95,0,0,1660,685,56,TYPE_B,5.6,Beverages,Italian
1414459,26,52,2707,193.06,229.95,0,0,1729,685,56,TYPE_B,5.6,Beverages,Italian
1372163,27,52,2707,190.15,229.95,0,0,1486,685,56,TYPE_B,5.6,Beverages,Italian
1090337,28,52,2707,191.12,229.95,0,0,1175,685,56,TYPE_B,5.6,Beverages,Italian
1450555,29,52,2707,193.06,228.95,0,0,1297,685,56,TYPE_B,5.6,Beverages,Italian
1415359,30,52,2707,227.95,227.95,0,0,810,685,56,TYPE_B,5.6,Beverages,Italian
1462891,31,52,2707,226.07,225.07,0,0,1026,685,56,TYPE_B,5.6,Beverages,Italian
1231760,32,52,2707,221.19,220.19,0,0,879,685,56,TYPE_B,5.6,Beverages,Italian
1402313,33,52,2707,227.01,227.01,0,0,823,685,56,TYPE_B,5.6,Beverages,Italian
1041083,34,52,2707,228.01,226.01,0,0,1108,685,56,TYPE_B,5.6,Beverages,Italian
1145558,35,52,2707,228.98,226.98,0,0,825,685,56,TYPE_B,5.6,Beverages,Italian
1376533,36,52,2707,228.95,227.95,0,0,946,685,56,TYPE_B,5.6,Beverages,Italian
1286215,37,52,2707,191.15,229.95,0,0,1498,685,56,TYPE_B,5.6,Beverages,Italian
1338295,38,52,2707,190.12,229.95,0,0,1621,685,56,TYPE_B,5.6,Beverages,Italian
1339811,39,52,2707,192.09,227.95,0,0,1930,685,56,TYPE_B,5.6,Beverages,Italian
1408939,40,52,2707,192.09,229.95,0,0,2187,685,56,TYPE_B,5.6,Beverages,Italian
1361384,41,52,2707,226.07,224.07,0,0,1243,685,56,TYPE_B,5.6,Beverages,Italian
1351872,42,52,2707,232.86,232.86,0,0,1041,685,56,TYPE_B,5.6,Beverages,Italian
1158442,43,52,2707,228.01,228.01,0,0,1025,685,56,TYPE_B,5.6,Beverages,Italian
1467231,44,52,2707,230.92,229.92,0,0,1242,685,56,TYPE_B,5.6,Beverages,Italian
1069641,45,52,2707,225.04,227.04,0,0,1148,685,56,TYPE_B,5.6,Beverages,Italian
1406644,46,52,2707,227.04,227.04,0,0,919,685,56,TYPE_B,5.6,Beverages,Italian
1348642,47,52,2707,223.16,223.16,0,0,919,685,56,TYPE_B,5.6,Beverages,Italian
1316627,48,52,2707,192.06,223.16,1,0,1662,685,56,TYPE_B,5.6,Beverages,Italian
1400212,49,52,2707,191.15,222.16,0,0,1336,685,56,TYPE_B,5.6,Beverages,Italian
1040465,50,52,2707,193.09,223.16,0,0,1255,685,56,TYPE_B,5.6,Beverages,Italian
1265477,51,52,2707,190.12,223.16,0,0,323,685,56,TYPE_B,5.6,Beverages,Italian
1460920,52,52,2707,192.12,222.16,0,0,1323,685,56,TYPE_B,5.6,Beverages,Italian
1148011,53,52,2707,192.06,222.16,0,0,1323,685,56,TYPE_B,5.6,Beverages,Italian
1235129,54,52,2707,188.18,221.16,0,0,567,685,56,TYPE_B,5.6,Beverages,Italian
1366773,55,52,2707,196.0,196.0,0,0,1715,685,56,TYPE_B,5.6,Beverages,Italian
1365336,56,52,2707,230.86,231.86,0,0,919,685,56,TYPE_B,5.6,Beverages,Italian
1306391,57,52,2707,226.98,228.98,0,0,1201,685,56,TYPE_B,5.6,Beverages,Italian
1133460,58,52,2707,221.16,222.16,0,0,1270,685,56,TYPE_B,5.6,Beverages,Italian
1064043,59,52,2707,223.1,223.1,0,0,836,685,56,TYPE_B,5.6,Beverages,Italian
1327979,60,52,2707,227.01,227.01,0,0,959,685,56,TYPE_B,5.6,Beverages,Italian
1200580,61,52,2707,227.95,228.95,0,0,1121,685,56,TYPE_B,5.6,Beverages,Italian
1014748,62,52,2707,189.21,227.95,0,0,528,685,56,TYPE_B,5.6,Beverages,Italian
1276533,63,52,2707,189.15,229.95,0,0,972,685,56,TYPE_B,5.6,Beverages,Italian
1472014,64,52,2707,193.06,229.95,0,0,1484,685,56,TYPE_B,5.6,Beverages,Italian
1148653,65,52,2707,191.15,229.95,0,0,1149,685,56,TYPE_B,5.6,Beverages,Italian
1043839,66,52,2707,188.18,229.95,0,0,1363,685,56,TYPE_B,5.6,Beverages,Italian
1079739,67,52,2707,187.21,229.95,0,0,1390,685,56,TYPE_B,5.6,Beverages,Italian
1248047,68,52,2707,194.03,195.03,0,0,1214,685,56,TYPE_B,5.6,Beverages,Italian
1304506,69,52,2707,191.15,189.15,0,0,1053,685,56,TYPE_B,5.6,Beverages,Italian
1228587,70,52,2707,188.18,191.15,0,1,527,685,56,TYPE_B,5.6,Beverages,Italian
1175608,71,52,2707,189.15,191.15,0,0,1634,685,56,TYPE_B,5.6,Beverages,Italian
1202689,72,52,2707,187.21,191.15,1,0,1552,685,56,TYPE_B,5.6,Beverages,Italian
1046480,73,52,2707,187.21,187.21,0,0,1242,685,56,TYPE_B,5.6,Beverages,Italian
1146342,74,52,2707,183.33,189.21,1,0,1674,685,56,TYPE_B,5.6,Beverages,Italian
1049282,75,52,2707,193.06,193.06,0,0,1419,685,56,TYPE_B,5.6,Beverages,Italian
1111607,76,52,2707,189.15,190.15,0,0,985,685,56,TYPE_B,5.6,Beverages,Italian
1366905,77,52,2707,224.1,224.1,0,0,1026,685,56,TYPE_B,5.6,Beverages,Italian
1448010,78,52,2707,228.98,226.98,0,0,1025,685,56,TYPE_B,5.6,Beverages,Italian
1321369,79,52,2707,225.07,224.07,0,0,824,685,56,TYPE_B,5.6,Beverages,Italian
1007942,80,52,2707,228.98,227.98,0,0,1228,685,56,TYPE_B,5.6,Beverages,Italian
1325381,81,52,2707,221.16,221.16,0,0,945,685,56,TYPE_B,5.6,Beverages,Italian
1264273,82,52,2707,227.95,227.95,0,0,1269,685,56,TYPE_B,5.6,Beverages,Italian
1447813,83,52,2707,189.18,229.95,1,0,1890,685,56,TYPE_B,5.6,Beverages,Italian
1465949,84,52,2707,227.01,228.01,0,0,1525,685,56,TYPE_B,5.6,Beverages,Italian
1316571,85,52,2707,226.01,227.01,0,0,972,685,56,TYPE_B,5.6,Beverages,Italian
1061461,86,52,2707,133.92,226.01,0,0,2213,685,56,TYPE_B,5.6,Beverages,Italian
1487555,87,52,2707,191.15,226.01,0,0,1500,685,56,TYPE_B,5.6,Beverages,Italian
1390512,88,52,2707,189.18,226.01,0,0,1417,685,56,TYPE_B,5.6,Beverages,Italian
1014082,89,52,2707,191.15,227.01,0,0,1457,685,56,TYPE_B,5.6,Beverages,Italian
1203320,90,52,2707,229.92,229.92,0,0,1014,685,56,TYPE_B,5.6,Beverages,Italian
1040036,91,52,2707,189.15,229.92,0,0,1742,685,56,TYPE_B,5.6,Beverages,Italian
1497704,92,52,2707,186.27,229.92,0,0,1716,685,56,TYPE_B,5.6,Beverages,Italian
1113071,93,52,2707,191.12,228.92,0,0,1810,685,56,TYPE_B,5.6,Beverages,Italian
1111450,94,52,2707,190.18,230.92,1,0,1512,685,56,TYPE_B,5.6,Beverages,Italian
1174181,95,52,2707,192.06,230.92,0,0,1376,685,56,TYPE_B,5.6,Beverages,Italian
1192996,96,52,2707,188.18,229.92,0,0,1336,685,56,TYPE_B,5.6,Beverages,Italian
1162435,97,52,2707,189.18,230.92,0,0,582,685,56,TYPE_B,5.6,Beverages,Italian
1348586,98,52,2707,190.12,192.12,0,0,1201,685,56,TYPE_B,5.6,Beverages,Italian
1159427,99,52,2707,193.06,192.06,0,0,1189,685,56,TYPE_B,5.6,Beverages,Italian
1357477,100,52,2707,188.18,190.18,0,0,1754,685,56,TYPE_B,5.6,Beverages,Italian
1388333,101,52,2707,190.15,191.15,0,0,1079,685,56,TYPE_B,5.6,Beverages,Italian
1052947,102,52,2707,191.15,190.15,0,0,1378,685,56,TYPE_B,5.6,Beverages,Italian
1385043,103,52,2707,193.06,193.06,0,0,715,685,56,TYPE_B,5.6,Beverages,Italian
1156183,104,52,2707,192.12,190.12,0,0,1648,685,56,TYPE_B,5.6,Beverages,Italian
1460933,105,52,2707,190.15,190.15,0,0,1336,685,56,TYPE_B,5.6,Beverages,Italian
1119870,106,52,2707,191.12,191.12,0,0,1540,685,56,TYPE_B,5.6,Beverages,Italian
1227599,107,52,2707,194.06,193.06,0,0,1255,685,56,TYPE_B,5.6,Beverages,Italian
1389732,108,52,2707,191.09,193.09,0,0,1444,685,56,TYPE_B,5.6,Beverages,Italian
1445493,109,52,2707,235.71,237.71,0,0,1526,685,56,TYPE_B,5.6,Beverages,Italian
1473615,110,52,2707,232.86,232.86,0,0,1243,685,56,TYPE_B,5.6,Beverages,Italian
1026265,111,52,2707,236.71,235.71,0,0,1052,685,56,TYPE_B,5.6,Beverages,Italian
1313504,112,52,2707,236.68,236.68,0,0,1160,685,56,TYPE_B,5.6,Beverages,Italian
1139773,113,52,2707,236.68,238.68,0,0,1405,685,56,TYPE_B,5.6,Beverages,Italian
1053097,1,52,1207,322.07,384.18,0,0,162,685,56,TYPE_B,5.6,Beverages,Continental
1394764,2,52,1207,322.1,382.18,0,0,285,685,56,TYPE_B,5.6,Beverages,Continental
1339015,3,52,1207,324.01,382.18,1,0,148,685,56,TYPE_B,5.6,Beverages,Continental
1327107,4,52,1207,316.22,384.18,0,0,189,685,56,TYPE_B,5.6,Beverages,Continental
1402693,5,52,1207,378.36,378.36,0,0,177,685,56,TYPE_B,5.6,Beverages,Continental
1189145,6,52,1207,347.32,345.32,0,0,136,685,56,TYPE_B,5.6,Beverages,Continental
1272956,7,52,1207,379.3,380.3,0,0,53,685,56,TYPE_B,5.6,Beverages,Continental
1265409,8,52,1207,317.22,380.3,0,0,96,685,56,TYPE_B,5.6,Beverages,Continental
1383347,9,52,1207,388.0,390.0,0,0,41,685,56,TYPE_B,5.6,Beverages,Continental
1084084,10,52,1207,389.0,390.0,0,0,67,685,56,TYPE_B,5.6,Beverages,Continental
1155381,11,52,1207,390.0,389.0,0,0,42,685,56,TYPE_B,5.6,Beverages,Continental
1240470,12,52,1207,388.0,388.0,0,0,68,685,56,TYPE_B,5.6,Beverages,Continental
1386648,13,52,1207,388.0,390.0,0,0,41,685,56,TYPE_B,5.6,Beverages,Continental
1233505,14,52,1207,339.5,389.0,1,1,149,685,56,TYPE_B,5.6,Beverages,Continental
1205837,15,52,1207,324.04,389.0,0,1,243,685,56,TYPE_B,5.6,Beverages,Continental
1018594,16,52,1207,317.22,388.0,0,0,175,685,56,TYPE_B,5.6,Beverages,Continental
1046235,17,52,1207,321.13,390.0,1,1,190,685,56,TYPE_B,5.6,Beverages,Continental
1209444,18,52,1207,324.01,388.0,1,0,230,685,56,TYPE_B,5.6,Beverages,Continental
1451056,19,52,1207,373.48,373.48,0,0,202,685,56,TYPE_B,5.6,Beverages,Continental
1197588,20,52,1207,369.6,369.6,0,0,95,685,56,TYPE_B,5.6,Beverages,Continental
1486149,21,52,1207,304.64,370.6,0,0,68,685,56,TYPE_B,5.6,Beverages,Continental
1387186,22,52,1207,379.33,379.33,0,0,150,685,56,TYPE_B,5.6,Beverages,Continental
1095758,23,52,1207,390.0,390.0,0,0,80,685,56,TYPE_B,5.6,Beverages,Continental
1368125,24,52,1207,390.0,389.0,0,0,26,685,56,TYPE_B,5.6,Beverages,Continental
1191161,25,52,1207,389.0,388.0,0,0,55,685,56,TYPE_B,5.6,Beverages,Continental
1264005,26,52,1207,388.0,390.0,0,0,55,685,56,TYPE_B,5.6,Beverages,Continental
1013160,27,52,1207,377.39,376.39,0,0,42,685,56,TYPE_B,5.6,Beverages,Continental
1218965,28,52,1207,390.0,390.0,0,0,54,685,56,TYPE_B,5.6,Beverages,Continental
1096582,29,52,1207,381.21,381.21,0,0,81,685,56,TYPE_B,5.6,Beverages,Continental
1094606,30,52,1207,382.24,380.24,0,0,136,685,56,TYPE_B,5.6,Beverages,Continental
1291043,31,52,1207,354.05,354.05,0,0,149,685,56,TYPE_B,5.6,Beverages,Continental
1048423,32,52,1207,386.09,387.09,0,0,190,685,56,TYPE_B,5.6,Beverages,Continental
1147777,33,52,1207,322.1,386.09,1,1,325,685,56,TYPE_B,5.6,Beverages,Continental
1242612,34,52,1207,338.53,385.09,0,0,163,685,56,TYPE_B,5.6,Beverages,Continental
1260637,35,52,1207,474.33,475.33,0,0,81,685,56,TYPE_B,5.6,Beverages,Continental
1259577,36,52,1207,451.05,451.05,0,0,82,685,56,TYPE_B,5.6,Beverages,Continental
1276965,38,52,1207,475.33,476.33,0,0,28,685,56,TYPE_B,5.6,Beverages,Continental
1293756,40,52,1207,476.33,475.33,0,0,14,685,56,TYPE_B,5.6,Beverages,Continental
1189905,41,52,1207,475.33,474.33,0,0,26,685,56,TYPE_B,5.6,Beverages,Continental
1479061,42,52,1207,460.81,460.81,0,0,53,685,56,TYPE_B,5.6,Beverages,Continental
1218399,43,52,1207,458.81,458.81,0,0,42,685,56,TYPE_B,5.6,Beverages,Continental
1201563,44,52,1207,469.48,469.48,0,0,121,685,56,TYPE_B,5.6,Beverages,Continental
1372823,45,52,1207,402.55,471.48,0,0,28,685,56,TYPE_B,5.6,Beverages,Continental
1210663,46,52,1207,426.83,426.83,0,0,82,685,56,TYPE_B,5.6,Beverages,Continental
1121738,48,52,1207,475.33,474.33,0,0,80,685,56,TYPE_B,5.6,Beverages,Continental
1317515,49,52,1207,287.12,475.33,1,0,809,685,56,TYPE_B,5.6,Beverages,Continental
1442713,50,52,1207,283.24,475.33,0,0,379,685,56,TYPE_B,5.6,Beverages,Continental
1053474,51,52,1207,281.36,474.33,1,0,460,685,56,TYPE_B,5.6,Beverages,Continental
1225974,52,52,1207,288.09,476.33,1,1,662,685,56,TYPE_B,5.6,Beverages,Continental
1173388,53,52,1207,285.18,474.33,0,1,418,685,56,TYPE_B,5.6,Beverages,Continental
1018443,54,52,1207,285.21,476.33,0,0,405,685,56,TYPE_B,5.6,Beverages,Continental
1452575,55,52,1207,459.81,459.81,0,0,41,685,56,TYPE_B,5.6,Beverages,Continental
1090738,56,52,1207,452.05,452.05,0,0,27,685,56,TYPE_B,5.6,Beverages,Continental
1326438,57,52,1207,460.78,460.78,0,0,121,685,56,TYPE_B,5.6,Beverages,Continental
1492516,58,52,1207,445.23,447.23,0,0,67,685,56,TYPE_B,5.6,Beverages,Continental
1388471,59,52,1207,450.14,449.14,0,0,108,685,56,TYPE_B,5.6,Beverages,Continental
1052740,60,52,1207,466.63,465.63,0,0,69,685,56,TYPE_B,5.6,Beverages,Continental
1237325,61,52,1207,452.05,452.05,0,0,96,685,56,TYPE_B,5.6,Beverages,Continental
1291022,62,52,1207,466.63,466.63,0,0,13,685,56,TYPE_B,5.6,Beverages,Continental
1209200,65,52,1207,354.11,482.12,0,1,283,685,56,TYPE_B,5.6,Beverages,Continental
1006519,66,52,1207,364.75,481.12,0,1,108,685,56,TYPE_B,5.6,Beverages,Continental
1099734,67,52,1207,367.66,483.12,0,1,365,685,56,TYPE_B,5.6,Beverages,Continental
1297486,68,52,1207,453.05,453.05,0,0,96,685,56,TYPE_B,5.6,Beverages,Continental
1388750,69,52,1207,461.78,459.78,0,0,135,685,56,TYPE_B,5.6,Beverages,Continental
1371245,70,52,1207,453.96,455.96,0,0,123,685,56,TYPE_B,5.6,Beverages,Continental
1228076,71,52,1207,439.47,439.47,0,0,122,685,56,TYPE_B,5.6,Beverages,Continental
1376976,72,52,1207,454.02,452.02,0,0,148,685,56,TYPE_B,5.6,Beverages,Continental
1291232,73,52,1207,428.74,428.74,0,0,53,685,56,TYPE_B,5.6,Beverages,Continental
1181145,74,52,1207,435.53,436.53,0,0,109,685,56,TYPE_B,5.6,Beverages,Continental
1373553,75,52,1207,465.63,466.63,0,0,82,685,56,TYPE_B,5.6,Beverages,Continental
1157553,76,52,1207,464.63,465.63,0,0,53,685,56,TYPE_B,5.6,Beverages,Continental
1176387,77,52,1207,457.87,458.87,0,0,81,685,56,TYPE_B,5.6,Beverages,Continental
1065163,78,52,1207,460.78,460.78,0,0,123,685,56,TYPE_B,5.6,Beverages,Continental
1036138,79,52,1207,458.87,457.87,0,0,80,685,56,TYPE_B,5.6,Beverages,Continental
1002508,80,52,1207,386.09,458.87,0,0,162,685,56,TYPE_B,5.6,Beverages,Continental
1433417,81,52,1207,384.12,458.87,0,0,149,685,56,TYPE_B,5.6,Beverages,Continental
1325891,82,52,1207,383.15,458.87,0,0,217,685,56,TYPE_B,5.6,Beverages,Continental
1497916,83,52,1207,384.18,457.87,0,0,216,685,56,TYPE_B,5.6,Beverages,Continental
1000388,84,52,1207,376.42,456.87,0,0,134,685,56,TYPE_B,5.6,Beverages,Continental
1026395,85,52,1207,378.36,457.87,0,0,67,685,56,TYPE_B,5.6,Beverages,Continental
1396183,86,52,1207,365.72,364.72,0,0,190,685,56,TYPE_B,5.6,Beverages,Continental
1206974,87,52,1207,367.69,366.69,0,0,256,685,56,TYPE_B,5.6,Beverages,Continental
1341090,88,52,1207,374.48,372.48,0,0,189,685,56,TYPE_B,5.6,Beverages,Continental
1144002,89,52,1207,376.42,376.42,0,0,134,685,56,TYPE_B,5.6,Beverages,Continental
1269060,90,52,1207,376.36,376.36,0,0,68,685,56,TYPE_B,5.6,Beverages,Continental
1261748,91,52,1207,305.58,376.36,0,0,149,685,56,TYPE_B,5.6,Beverages,Continental
1084501,92,52,1207,325.98,377.36,0,0,188,685,56,TYPE_B,5.6,Beverages,Continental
1014192,93,52,1207,309.46,377.36,0,0,217,685,56,TYPE_B,5.6,Beverages,Continental
1193918,94,52,1207,309.46,376.36,0,0,161,685,56,TYPE_B,5.6,Beverages,Continental
1397079,95,52,1207,321.13,376.36,0,0,283,685,56,TYPE_B,5.6,Beverages,Continental
1024852,96,52,1207,322.07,377.36,0,0,404,685,56,TYPE_B,5.6,Beverages,Continental
1253849,97,52,1207,316.28,316.28,0,0,162,685,56,TYPE_B,5.6,Beverages,Continental
1105021,98,52,1207,315.28,314.28,0,0,378,685,56,TYPE_B,5.6,Beverages,Continental
1385097,99,52,1207,320.16,319.16,0,0,323,685,56,TYPE_B,5.6,Beverages,Continental
1023996,100,52,1207,322.04,322.04,0,0,391,685,56,TYPE_B,5.6,Beverages,Continental
1148642,101,52,1207,317.19,322.04,1,0,285,685,56,TYPE_B,5.6,Beverages,Continental
1335025,102,52,1207,317.19,318.19,0,0,337,685,56,TYPE_B,5.6,Beverages,Continental
1495018,103,52,1207,319.16,319.16,0,0,242,685,56,TYPE_B,5.6,Beverages,Continental
1411234,104,52,1207,315.25,316.25,0,0,121,685,56,TYPE_B,5.6,Beverages,Continental
1417783,105,52,1207,317.19,317.25,0,1,703,685,56,TYPE_B,5.6,Beverages,Continental
1297380,106,52,1207,467.6,466.6,0,0,54,685,56,TYPE_B,5.6,Beverages,Continental
1132697,108,52,1207,489.88,489.88,0,0,55,685,56,TYPE_B,5.6,Beverages,Continental
1169957,109,52,1207,495.73,495.73,0,0,109,685,56,TYPE_B,5.6,Beverages,Continental
1218919,110,52,1207,307.52,494.73,0,0,458,685,56,TYPE_B,5.6,Beverages,Continental
1063136,111,52,1207,322.07,495.73,1,0,419,685,56,TYPE_B,5.6,Beverages,Continental
1484966,112,52,1207,319.13,493.73,0,0,512,685,56,TYPE_B,5.6,Beverages,Continental
1199290,113,52,1207,336.59,493.73,0,0,216,685,56,TYPE_B,5.6,Beverages,Continental
