Data set/Center wise/Center_52_Rank4.csv
id,week,center_id,meal_id,checkout_price,base_price,emailer_for_promotion,homepage_featured,num_orders,city_code,region_code,center_type,op_area,category,cuisine
1438933,1,52,1230,313.31,376.39,0,0,258,685,56,TYPE_B,5.6,Beverages,Continental
1461888,2,52,1230,322.07,375.39,0,0,162,685,56,TYPE_B,5.6,Beverages,Continental
1078732,3,52,1230,322.07,376.39,1,0,203,685,56,TYPE_B,5.6,Beverages,Continental
1275195,4,52,1230,325.98,377.39,0,0,163,685,56,TYPE_B,5.6,Beverages,Continental
1469655,6,52,1230,376.36,376.36,0,0,163,685,56,TYPE_B,5.6,Beverages,Continental
1335527,7,52,1230,368.66,367.66,0,0,122,685,56,TYPE_B,5.6,Beverages,Continental
1478861,8,52,1230,371.51,371.51,0,0,26,685,56,TYPE_B,5.6,Beverages,Continental
1455225,9,52,1230,390.0,390.0,0,0,82,685,56,TYPE_B,5.6,Beverages,Continental
1434691,10,52,1230,382.21,383.21,0,0,82,685,56,TYPE_B,5.6,Beverages,Continental
1029196,11,52,1230,388.0,389.0,0,0,40,685,56,TYPE_B,5.6,Beverages,Continental
1492453,12,52,1230,378.33,377.33,0,0,148,685,56,TYPE_B,5.6,Beverages,Continental
1497848,13,52,1230,378.33,377.33,0,0,150,685,56,TYPE_B,5.6,Beverages,Continental
1108459,14,52,1230,316.22,379.33,1,1,231,685,56,TYPE_B,5.6,Beverages,Continental
1255136,15,52,1230,318.19,378.33,0,0,215,685,56,TYPE_B,5.6,Beverages,Continental
1294388,16,52,1230,315.25,377.33,0,1,161,685,56,TYPE_B,5.6,Beverages,Continental
1236814,17,52,1230,322.1,379.33,1,0,135,685,56,TYPE_B,5.6,Beverages,Continental
1153641,18,52,1230,324.04,378.33,1,0,242,685,56,TYPE_B,5.6,Beverages,Continental
1435872,19,52,1230,307.55,379.33,0,0,54,685,56,TYPE_B,5.6,Beverages,Continental
1093620,20,52,1230,388.0,388.0,0,0,53,685,56,TYPE_B,5.6,Beverages,Continental
1138893,21,52,1230,376.39,375.39,0,0,80,685,56,TYPE_B,5.6,Beverages,Continental
1027691,22,52,1230,382.24,382.24,0,0,67,685,56,TYPE_B,5.6,Beverages,Continental
1483912,23,52,1230,388.0,390.0,0,0,68,685,56,TYPE_B,5.6,Beverages,Continental
1036780,24,52,1230,389.0,389.0,0,0,94,685,56,TYPE_B,5.6,Beverages,Continental
1058321,25,52,1230,386.12,386.12,0,0,121,685,56,TYPE_B,5.6,Beverages,Continental
1399702,26,52,1230,384.12,384.12,0,0,149,685,56,TYPE_B,5.6,Beverages,Continental
1220213,27,52,1230,377.36,378.36,0,0,135,685,56,TYPE_B,5.6,Beverages,Continental
1033195,28,52,1230,384.18,383.18,0,0,95,685,56,TYPE_B,5.6,Beverages,Continental
1068464,29,52,1230,381.24,380.24,0,0,69,685,56,TYPE_B,5.6,Beverages,Continental
1216913,30,52,1230,381.24,382.24,0,0,135,685,56,TYPE_B,5.6,Beverages,Continental
1477548,31,52,1230,390.0,388.0,0,0,94,685,56,TYPE_B,5.6,Beverages,Continental
1443188,32,52,1230,360.9,358.9,0,0,162,685,56,TYPE_B,5.6,Beverages,Continental
1361625,33,52,1230,327.92,360.9,1,1,337,685,56,TYPE_B,5.6,Beverages,Continental
1049972,34,52,1230,332.71,360.9,0,1,324,685,56,TYPE_B,5.6,Beverages,Continental
1283017,35,52,1230,474.33,474.33,0,0,82,685,56,TYPE_B,5.6,Beverages,Continental
1289980,36,52,1230,465.63,464.63,0,0,67,685,56,TYPE_B,5.6,Beverages,Continental
1045505,40,52,1230,456.93,454.93,0,0,69,685,56,TYPE_B,5.6,Beverages,Continental
1390957,41,52,1230,475.33,475.33,0,0,67,685,56,TYPE_B,5.6,Beverages,Continental
1298037,42,52,1230,417.13,475.33,0,0,69,685,56,TYPE_B,5.6,Beverages,Continental
1215745,43,52,1230,476.33,475.33,0,0,53,685,56,TYPE_B,5.6,Beverages,Continental
1044004,44,52,1230,479.24,479.24,0,0,54,685,56,TYPE_B,5.6,Beverages,Continental
1334197,46,52,1230,416.16,478.24,0,0,123,685,56,TYPE_B,5.6,Beverages,Continental
1358664,47,52,1230,476.33,476.33,0,0,13,685,56,TYPE_B,5.6,Beverages,Continental
1366610,48,52,1230,466.57,467.57,0,0,81,685,56,TYPE_B,5.6,Beverages,Continental
1134068,49,52,1230,283.24,467.57,1,1,675,685,56,TYPE_B,5.6,Beverages,Continental
1222907,50,52,1230,289.09,468.57,0,1,458,685,56,TYPE_B,5.6,Beverages,Continental
1267491,51,52,1230,286.18,468.57,1,1,351,685,56,TYPE_B,5.6,Beverages,Continental
1425352,52,52,1230,273.57,466.57,1,1,595,685,56,TYPE_B,5.6,Beverages,Continental
1405312,53,52,1230,285.24,468.57,0,1,663,685,56,TYPE_B,5.6,Beverages,Continental
1426229,54,52,1230,288.12,467.57,0,1,258,685,56,TYPE_B,5.6,Beverages,Continental
1087585,55,52,1230,460.81,460.81,0,0,26,685,56,TYPE_B,5.6,Beverages,Continental
1455474,56,52,1230,453.05,453.05,0,0,28,685,56,TYPE_B,5.6,Beverages,Continental
1361394,57,52,1230,424.86,425.86,0,0,82,685,56,TYPE_B,5.6,Beverages,Continental
1489211,58,52,1230,456.87,458.87,0,0,162,685,56,TYPE_B,5.6,Beverages,Continental
1412076,59,52,1230,418.07,420.07,0,0,69,685,56,TYPE_B,5.6,Beverages,Continental
1364550,60,52,1230,466.63,466.63,0,0,13,685,56,TYPE_B,5.6,Beverages,Continental
1345475,61,52,1230,449.11,450.11,0,0,27,685,56,TYPE_B,5.6,Beverages,Continental
1021913,62,52,1230,454.99,454.99,0,0,67,685,56,TYPE_B,5.6,Beverages,Continental
1061027,64,52,1230,446.2,446.2,0,0,67,685,56,TYPE_B,5.6,Beverages,Continental
1443491,65,52,1230,357.96,446.2,0,1,460,685,56,TYPE_B,5.6,Beverages,Continental
1044175,66,52,1230,341.47,448.2,0,1,68,685,56,TYPE_B,5.6,Beverages,Continental
1158278,67,52,1230,349.26,447.2,0,1,242,685,56,TYPE_B,5.6,Beverages,Continental
1357357,68,52,1230,455.96,453.96,0,0,123,685,56,TYPE_B,5.6,Beverages,Continental
1288181,69,52,1230,418.07,420.07,0,0,13,685,56,TYPE_B,5.6,Beverages,Continental
1053649,70,52,1230,464.63,465.63,0,0,68,685,56,TYPE_B,5.6,Beverages,Continental
1056032,71,52,1230,420.98,420.98,0,0,134,685,56,TYPE_B,5.6,Beverages,Continental
1399268,72,52,1230,450.11,451.11,0,0,121,685,56,TYPE_B,5.6,Beverages,Continental
1387779,73,52,1230,465.63,464.63,0,0,42,685,56,TYPE_B,5.6,Beverages,Continental
1287336,74,52,1230,457.87,458.87,0,0,163,685,56,TYPE_B,5.6,Beverages,Continental
1370463,75,52,1230,466.63,465.63,0,0,96,685,56,TYPE_B,5.6,Beverages,Continental
1109967,76,52,1230,466.63,465.63,0,0,41,685,56,TYPE_B,5.6,Beverages,Continental
1088977,77,52,1230,457.9,457.9,0,0,148,685,56,TYPE_B,5.6,Beverages,Continental
1168711,78,52,1230,440.44,440.44,0,0,150,685,56,TYPE_B,5.6,Beverages,Continental
1313564,79,52,1230,456.87,458.87,0,0,80,685,56,TYPE_B,5.6,Beverages,Continental
1276899,80,52,1230,392.85,456.87,0,0,107,685,56,TYPE_B,5.6,Beverages,Continental
1084972,81,52,1230,381.21,456.87,0,0,188,685,56,TYPE_B,5.6,Beverages,Continental
1069389,82,52,1230,379.27,456.87,0,0,176,685,56,TYPE_B,5.6,Beverages,Continental
1460137,83,52,1230,364.72,458.87,0,0,149,685,56,TYPE_B,5.6,Beverages,Continental
1365985,84,52,1230,390.0,457.87,0,0,68,685,56,TYPE_B,5.6,Beverages,Continental
1455367,85,52,1230,344.41,457.87,0,0,81,685,56,TYPE_B,5.6,Beverages,Continental
1054075,86,52,1230,372.51,372.51,0,0,217,685,56,TYPE_B,5.6,Beverages,Continental
1397210,87,52,1230,360.84,361.84,0,0,204,685,56,TYPE_B,5.6,Beverages,Continental
1261669,88,52,1230,375.45,375.45,0,0,162,685,56,TYPE_B,5.6,Beverages,Continental
1419776,89,52,1230,372.51,373.51,0,0,175,685,56,TYPE_B,5.6,Beverages,Continental
1436057,90,52,1230,386.09,385.09,0,0,190,685,56,TYPE_B,5.6,Beverages,Continental
1018692,91,52,1230,309.43,385.09,0,0,270,685,56,TYPE_B,5.6,Beverages,Continental
1498694,92,52,1230,315.25,385.09,0,0,150,685,56,TYPE_B,5.6,Beverages,Continental
1409888,93,52,1230,302.7,385.09,0,0,177,685,56,TYPE_B,5.6,Beverages,Continental
1077703,94,52,1230,306.55,387.09,0,0,175,685,56,TYPE_B,5.6,Beverages,Continental
1362059,95,52,1230,316.28,387.09,0,0,135,685,56,TYPE_B,5.6,Beverages,Continental
1291948,96,52,1230,319.19,387.09,0,0,216,685,56,TYPE_B,5.6,Beverages,Continental
1095192,97,52,1230,317.25,317.25,0,0,473,685,56,TYPE_B,5.6,Beverages,Continental
1105662,98,52,1230,317.22,316.22,0,0,230,685,56,TYPE_B,5.6,Beverages,Continental
1190463,99,52,1230,319.19,318.19,0,0,215,685,56,TYPE_B,5.6,Beverages,Continental
1052082,100,52,1230,319.19,317.19,0,0,418,685,56,TYPE_B,5.6,Beverages,Continental
1043250,101,52,1230,319.19,318.19,1,0,270,685,56,TYPE_B,5.6,Beverages,Continental
1292716,102,52,1230,316.28,314.28,0,0,364,685,56,TYPE_B,5.6,Beverages,Continental
1382748,103,52,1230,319.16,319.16,0,0,215,685,56,TYPE_B,5.6,Beverages,Continental
1445281,104,52,1230,318.19,320.16,0,1,68,685,56,TYPE_B,5.6,Beverages,Continental
1241738,105,52,1230,320.16,320.16,0,1,512,685,56,TYPE_B,5.6,Beverages,Continental
1184660,106,52,1230,484.03,485.03,0,0,67,685,56,TYPE_B,5.6,Beverages,Continental
1048114,107,52,1230,482.09,484.09,0,0,42,685,56,TYPE_B,5.6,Beverages,Continental
1188327,108,52,1230,494.73,495.73,0,0,40,685,56,TYPE_B,5.6,Beverages,Continental
1201977,109,52,1230,513.13,513.13,0,0,40,685,56,TYPE_B,5.6,Beverages,Continental
1196699,110,52,1230,310.46,515.13,0,0,310,685,56,TYPE_B,5.6,Beverages,Continental
1294359,111,52,1230,322.07,515.13,1,1,487,685,56,TYPE_B,5.6,Beverages,Continental
1088978,112,52,1230,311.4,514.13,0,1,404,685,56,TYPE_B,5.6,Beverages,Continental
1013909,113,52,1230,343.38,515.13,0,0,188,685,56,TYPE_B,5.6,Beverages,Continental
1062683,1,52,2322,323.04,374.45,0,0,256,685,56,TYPE_B,5.6,Beverages,Continental
1394825,2,52,2322,319.19,375.45,0,0,203,685,56,TYPE_B,5.6,Beverages,Continental
1009352,3,52,2322,320.13,373.45,1,0,202,685,56,TYPE_B,5.6,Beverages,Continental
1199440,4,52,2322,315.31,373.45,0,0,352,685,56,TYPE_B,5.6,Beverages,Continental
1219163,5,52,2322,388.06,386.06,0,0,285,685,56,TYPE_B,5.6,Beverages,Continental
1234212,6,52,2322,369.6,370.6,0,0,161,685,56,TYPE_B,5.6,Beverages,Continental
1061274,7,52,2322,384.15,383.15,0,0,107,685,56,TYPE_B,5.6,Beverages,Continental
1055805,9,52,2322,395.76,395.76,0,0,81,685,56,TYPE_B,5.6,Beverages,Continental
1015400,10,52,2322,351.14,396.76,0,0,121,685,56,TYPE_B,5.6,Beverages,Continental
1045711,11,52,2322,389.0,390.0,0,0,162,685,56,TYPE_B,5.6,Beverages,Continental
1116068,12,52,2322,357.02,357.02,0,0,176,685,56,TYPE_B,5.6,Beverages,Continental
1181295,13,52,2322,377.39,376.39,0,0,82,685,56,TYPE_B,5.6,Beverages,Continental
1290762,14,52,2322,324.04,376.39,1,1,350,685,56,TYPE_B,5.6,Beverages,Continental
1359724,15,52,2322,323.07,377.39,0,1,189,685,56,TYPE_B,5.6,Beverages,Continental
1458534,16,52,2322,321.13,377.39,0,1,189,685,56,TYPE_B,5.6,Beverages,Continental
1452649,17,52,2322,321.07,375.39,1,1,285,685,56,TYPE_B,5.6,Beverages,Continental
1428269,18,52,2322,315.25,375.39,1,1,310,685,56,TYPE_B,5.6,Beverages,Continental
1400432,19,52,2322,385.09,386.09,0,0,161,685,56,TYPE_B,5.6,Beverages,Continental
1181587,20,52,2322,389.0,389.0,0,0,109,685,56,TYPE_B,5.6,Beverages,Continental
1278155,21,52,2322,381.24,380.24,0,0,67,685,56,TYPE_B,5.6,Beverages,Continental
1066041,22,52,2322,390.0,388.0,0,0,81,685,56,TYPE_B,5.6,Beverages,Continental
1008395,23,52,2322,389.0,388.0,0,0,80,685,56,TYPE_B,5.6,Beverages,Continental
1077880,24,52,2322,388.0,390.0,0,0,95,685,56,TYPE_B,5.6,Beverages,Continental
1231929,25,52,2322,326.89,388.0,0,0,94,685,56,TYPE_B,5.6,Beverages,Continental
1039416,26,52,2322,388.0,390.0,0,0,55,685,56,TYPE_B,5.6,Beverages,Continental
1424028,27,52,2322,389.0,390.0,0,0,108,685,56,TYPE_B,5.6,Beverages,Continental
1495309,28,52,2322,379.3,378.3,0,0,54,685,56,TYPE_B,5.6,Beverages,Continental
1430397,29,52,2322,389.0,389.0,0,0,107,685,56,TYPE_B,5.6,Beverages,Continental
1241480,30,52,2322,386.09,387.09,0,0,175,685,56,TYPE_B,5.6,Beverages,Continental
1113770,31,52,2322,390.0,388.0,0,0,68,685,56,TYPE_B,5.6,Beverages,Continental
1144917,32,52,2322,373.51,373.51,0,0,217,685,56,TYPE_B,5.6,Beverages,Continental
1201443,33,52,2322,323.07,373.51,1,1,339,685,56,TYPE_B,5.6,Beverages,Continental
1406817,34,52,2322,335.65,371.51,0,1,379,685,56,TYPE_B,5.6,Beverages,Continental
1173129,35,52,2322,457.84,458.84,0,0,107,685,56,TYPE_B,5.6,Beverages,Continental
1022301,36,52,2322,467.6,466.6,0,0,150,685,56,TYPE_B,5.6,Beverages,Continental
1401784,37,52,2322,476.33,474.33,0,0,27,685,56,TYPE_B,5.6,Beverages,Continental
1005664,38,52,2322,476.33,475.33,0,0,13,685,56,TYPE_B,5.6,Beverages,Continental
1200414,41,52,2322,449.14,449.14,0,0,148,685,56,TYPE_B,5.6,Beverages,Continental
1142993,42,52,2322,475.33,475.33,0,0,82,685,56,TYPE_B,5.6,Beverages,Continental
1365833,43,52,2322,452.05,453.05,0,0,54,685,56,TYPE_B,5.6,Beverages,Continental
1283446,44,52,2322,428.8,426.8,0,0,55,685,56,TYPE_B,5.6,Beverages,Continental
1467831,45,52,2322,455.93,456.93,0,0,69,685,56,TYPE_B,5.6,Beverages,Continental
1321190,46,52,2322,474.33,475.33,0,0,28,685,56,TYPE_B,5.6,Beverages,Continental
1246712,47,52,2322,452.05,453.05,0,0,27,685,56,TYPE_B,5.6,Beverages,Continental
1099421,48,52,2322,470.51,469.51,0,0,107,685,56,TYPE_B,5.6,Beverages,Continental
1466954,49,52,2322,281.33,470.51,1,1,744,685,56,TYPE_B,5.6,Beverages,Continental
1331789,50,52,2322,284.27,469.51,0,1,674,685,56,TYPE_B,5.6,Beverages,Continental
1137416,51,52,2322,288.12,470.51,1,1,539,685,56,TYPE_B,5.6,Beverages,Continental
1021125,52,52,2322,287.12,468.51,1,0,1014,685,56,TYPE_B,5.6,Beverages,Continental
1055803,53,52,2322,286.15,469.51,0,1,1052,685,56,TYPE_B,5.6,Beverages,Continental
1097365,54,52,2322,291.06,468.51,0,1,838,685,56,TYPE_B,5.6,Beverages,Continental
1156114,55,52,2322,448.2,448.2,0,0,136,685,56,TYPE_B,5.6,Beverages,Continental
1130782,56,52,2322,451.05,451.05,0,0,55,685,56,TYPE_B,5.6,Beverages,Continental
1044669,57,52,2322,447.23,447.23,0,0,163,685,56,TYPE_B,5.6,Beverages,Continental
1421211,58,52,2322,450.14,450.14,0,0,202,685,56,TYPE_B,5.6,Beverages,Continental
1372170,59,52,2322,447.23,446.23,0,0,190,685,56,TYPE_B,5.6,Beverages,Continental
1201847,60,52,2322,445.29,443.29,0,0,122,685,56,TYPE_B,5.6,Beverages,Continental
1268710,61,52,2322,446.2,447.2,0,0,68,685,56,TYPE_B,5.6,Beverages,Continental
1388149,62,52,2322,346.29,448.2,0,0,55,685,56,TYPE_B,5.6,Beverages,Continental
1031122,63,52,2322,461.78,459.78,0,0,55,685,56,TYPE_B,5.6,Beverages,Continental
1237205,64,52,2322,432.62,433.62,0,0,42,685,56,TYPE_B,5.6,Beverages,Continental
1122700,65,52,2322,347.29,434.62,0,1,540,685,56,TYPE_B,5.6,Beverages,Continental
1176569,66,52,2322,357.93,432.62,0,1,229,685,56,TYPE_B,5.6,Beverages,Continental
1297592,67,52,2322,342.47,433.62,0,1,446,685,56,TYPE_B,5.6,Beverages,Continental
1254923,68,52,2322,453.05,452.05,0,0,189,685,56,TYPE_B,5.6,Beverages,Continental
1493056,69,52,2322,455.96,453.96,0,0,122,685,56,TYPE_B,5.6,Beverages,Continental
1356531,70,52,2322,455.93,456.93,0,0,190,685,56,TYPE_B,5.6,Beverages,Continental
1408901,71,52,2322,464.63,465.63,0,0,150,685,56,TYPE_B,5.6,Beverages,Continental
1331251,72,52,2322,465.63,466.63,0,0,230,685,56,TYPE_B,5.6,Beverages,Continental
1143631,73,52,2322,448.2,448.2,0,0,203,685,56,TYPE_B,5.6,Beverages,Continental
1436936,74,52,2322,453.99,453.99,0,0,229,685,56,TYPE_B,5.6,Beverages,Continental
1356639,75,52,2322,454.99,452.99,0,0,108,685,56,TYPE_B,5.6,Beverages,Continental
1074417,76,52,2322,450.11,450.11,0,0,161,685,56,TYPE_B,5.6,Beverages,Continental
1238766,77,52,2322,464.63,465.63,0,0,121,685,56,TYPE_B,5.6,Beverages,Continental
1115802,78,52,2322,448.17,449.17,0,0,109,685,56,TYPE_B,5.6,Beverages,Continental
1398991,79,52,2322,450.14,448.14,0,0,150,685,56,TYPE_B,5.6,Beverages,Continental
1119796,80,52,2322,385.15,449.14,0,0,215,685,56,TYPE_B,5.6,Beverages,Continental
1202277,81,52,2322,383.18,450.14,0,0,176,685,56,TYPE_B,5.6,Beverages,Continental
1044624,82,52,2322,389.94,449.14,0,0,323,685,56,TYPE_B,5.6,Beverages,Continental
1498340,83,52,2322,370.54,450.14,0,0,149,685,56,TYPE_B,5.6,Beverages,Continental
1175377,84,52,2322,383.21,449.14,0,0,161,685,56,TYPE_B,5.6,Beverages,Continental
1081711,85,52,2322,368.66,450.14,0,0,134,685,56,TYPE_B,5.6,Beverages,Continental
1138507,86,52,2322,365.75,365.75,0,0,204,685,56,TYPE_B,5.6,Beverages,Continental
1277322,87,52,2322,373.45,373.45,0,0,296,685,56,TYPE_B,5.6,Beverages,Continental
1231284,88,52,2322,376.39,377.39,0,0,163,685,56,TYPE_B,5.6,Beverages,Continental
1110227,89,52,2322,376.36,377.36,0,0,135,685,56,TYPE_B,5.6,Beverages,Continental
1283543,90,52,2322,376.39,377.39,0,0,217,685,56,TYPE_B,5.6,Beverages,Continental
1249250,91,52,2322,311.4,375.39,0,0,339,685,56,TYPE_B,5.6,Beverages,Continental
1240768,92,52,2322,314.28,377.39,0,0,311,685,56,TYPE_B,5.6,Beverages,Continental
1174311,93,52,2322,322.07,375.39,0,0,204,685,56,TYPE_B,5.6,Beverages,Continental
1097609,94,52,2322,314.31,375.39,0,0,393,685,56,TYPE_B,5.6,Beverages,Continental
1390841,95,52,2322,315.25,376.39,0,0,216,685,56,TYPE_B,5.6,Beverages,Continental
1090854,96,52,2322,321.13,375.39,0,0,323,685,56,TYPE_B,5.6,Beverages,Continental
1087652,97,52,2322,315.25,316.25,0,0,419,685,56,TYPE_B,5.6,Beverages,Continental
1266419,98,52,2322,314.34,314.34,0,0,459,685,56,TYPE_B,5.6,Beverages,Continental
1046633,99,52,2322,316.22,316.22,0,0,499,685,56,TYPE_B,5.6,Beverages,Continental
1306243,100,52,2322,321.07,323.07,0,0,554,685,56,TYPE_B,5.6,Beverages,Continental
1197382,101,52,2322,315.25,322.07,1,0,365,685,56,TYPE_B,5.6,Beverages,Continental
1140893,102,52,2322,312.37,311.37,0,0,514,685,56,TYPE_B,5.6,Beverages,Continental
1277976,103,52,2322,308.52,308.52,0,0,365,685,56,TYPE_B,5.6,Beverages,Continental
1380437,104,52,2322,319.16,308.52,0,1,188,685,56,TYPE_B,5.6,Beverages,Continental
1024297,105,52,2322,321.13,307.52,0,1,809,685,56,TYPE_B,5.6,Beverages,Continental
1414143,106,52,2322,431.68,431.68,0,0,95,685,56,TYPE_B,5.6,Beverages,Continental
1426171,107,52,2322,492.79,492.79,0,0,55,685,56,TYPE_B,5.6,Beverages,Continental
1256462,108,52,2322,513.13,513.13,0,0,27,685,56,TYPE_B,5.6,Beverages,Continental
1254133,109,52,2322,487.91,489.91,0,0,161,685,56,TYPE_B,5.6,Beverages,Continental
1198232,110,52,2322,319.19,489.91,0,1,580,685,56,TYPE_B,5.6,Beverages,Continental
1165980,111,52,2322,311.37,487.91,1,1,567,685,56,TYPE_B,5.6,Beverages,Continental
1337044,112,52,2322,313.37,487.91,0,0,512,685,56,TYPE_B,5.6,Beverages,Continental
1117454,113,52,2322,343.41,488.91,0,0,312,685,56,TYPE_B,5.6,Beverages,Continental
