Data set/Center wise/Center_52_Rank4.csv
id,week,center_id,meal_id,checkout_price,base_price,emailer_for_promotion,homepage_featured,num_orders,city_code,region_code,center_type,op_area,category,cuisine
1351805,1,52,2290,281.33,282.33,0,0,715,685,56,TYPE_B,5.6,Rice Bowl,Indian
1005495,2,52,2290,309.43,309.43,0,0,676,685,56,TYPE_B,5.6,Rice Bowl,Indian
1391573,3,52,2290,309.43,310.43,0,0,906,685,56,TYPE_B,5.6,Rice Bowl,Indian
1202158,4,52,2290,309.43,311.43,0,0,946,685,56,TYPE_B,5.6,Rice Bowl,Indian
1233579,5,52,2290,157.14,310.43,1,1,10435,685,56,TYPE_B,5.6,Rice Bowl,Indian
1134446,6,52,2290,156.17,309.43,0,1,5521,685,56,TYPE_B,5.6,Rice Bowl,Indian
1499673,7,52,2290,159.11,309.43,1,1,6927,685,56,TYPE_B,5.6,Rice Bowl,Indian
1387076,8,52,2290,161.05,310.43,0,1,1930,685,56,TYPE_B,5.6,Rice Bowl,Indian
1027415,9,52,2290,285.18,287.18,0,0,1228,685,56,TYPE_B,5.6,Rice Bowl,Indian
1356080,10,52,2290,300.76,298.76,0,0,1499,685,56,TYPE_B,5.6,Rice Bowl,Indian
1250933,11,52,2290,306.58,306.58,0,0,1094,685,56,TYPE_B,5.6,Rice Bowl,Indian
1177292,12,52,2290,306.58,304.58,0,0,904,685,56,TYPE_B,5.6,Rice Bowl,Indian
1347404,13,52,2290,291.06,290.06,0,0,1282,685,56,TYPE_B,5.6,Rice Bowl,Indian
1179901,14,52,2290,300.7,300.7,0,0,945,685,56,TYPE_B,5.6,Rice Bowl,Indian
1126910,15,52,2290,311.43,310.43,0,0,944,685,56,TYPE_B,5.6,Rice Bowl,Indian
1234636,16,52,2290,309.43,310.43,0,0,1014,685,56,TYPE_B,5.6,Rice Bowl,Indian
1265985,17,52,2290,195.94,311.43,1,0,4848,685,56,TYPE_B,5.6,Rice Bowl,Indian
1024247,18,52,2290,302.64,303.64,0,0,1309,685,56,TYPE_B,5.6,Rice Bowl,Indian
1126044,19,52,2290,260.02,304.64,0,0,1025,685,56,TYPE_B,5.6,Rice Bowl,Indian
1493655,20,52,2290,250.29,302.64,0,0,744,685,56,TYPE_B,5.6,Rice Bowl,Indian
1413785,21,52,2290,297.85,297.85,0,0,1203,685,56,TYPE_B,5.6,Rice Bowl,Indian
1201016,22,52,2290,298.82,296.82,0,0,1418,685,56,TYPE_B,5.6,Rice Bowl,Indian
1130646,23,52,2290,302.67,302.67,0,0,1080,685,56,TYPE_B,5.6,Rice Bowl,Indian
1161256,24,52,2290,294.94,293.94,0,0,1270,685,56,TYPE_B,5.6,Rice Bowl,Indian
1369564,25,52,2290,299.79,297.79,0,0,1107,685,56,TYPE_B,5.6,Rice Bowl,Indian
1229242,26,52,2290,297.79,299.79,0,0,1052,685,56,TYPE_B,5.6,Rice Bowl,Indian
1117443,27,52,2290,303.64,304.64,0,0,620,685,56,TYPE_B,5.6,Rice Bowl,Indian
1455811,28,52,2290,300.73,300.73,0,0,877,685,56,TYPE_B,5.6,Rice Bowl,Indian
1333627,29,52,2290,304.64,302.64,0,0,607,685,56,TYPE_B,5.6,Rice Bowl,Indian
1188944,30,52,2290,311.43,311.43,0,0,811,685,56,TYPE_B,5.6,Rice Bowl,Indian
1443018,31,52,2290,263.87,309.43,0,0,987,685,56,TYPE_B,5.6,Rice Bowl,Indian
1363872,32,52,2290,255.14,309.43,0,0,1108,685,56,TYPE_B,5.6,Rice Bowl,Indian
1496177,33,52,2290,291.97,292.97,0,0,1257,685,56,TYPE_B,5.6,Rice Bowl,Indian
1214607,34,52,2290,315.31,314.31,0,0,985,685,56,TYPE_B,5.6,Rice Bowl,Indian
1032021,35,52,2290,310.46,309.46,0,0,865,685,56,TYPE_B,5.6,Rice Bowl,Indian
1485696,36,52,2290,303.67,302.67,0,0,998,685,56,TYPE_B,5.6,Rice Bowl,Indian
1399605,37,52,2290,291.06,289.06,0,0,865,685,56,TYPE_B,5.6,Rice Bowl,Indian
1263992,38,52,2290,170.72,291.06,1,0,6441,685,56,TYPE_B,5.6,Rice Bowl,Indian
1033207,39,52,2290,269.72,269.72,0,0,1161,685,56,TYPE_B,5.6,Rice Bowl,Indian
1213476,40,52,2290,279.39,278.39,0,0,675,685,56,TYPE_B,5.6,Rice Bowl,Indian
1213451,41,52,2290,268.75,267.75,0,0,755,685,56,TYPE_B,5.6,Rice Bowl,Indian
1392783,42,52,2290,282.3,281.3,0,0,783,685,56,TYPE_B,5.6,Rice Bowl,Indian
1071177,43,52,2290,288.15,288.15,0,0,715,685,56,TYPE_B,5.6,Rice Bowl,Indian
1335401,44,52,2290,277.45,277.45,0,0,1430,685,56,TYPE_B,5.6,Rice Bowl,Indian
1258691,45,52,2290,236.71,276.45,1,1,5550,685,56,TYPE_B,5.6,Rice Bowl,Indian
1478168,46,52,2290,258.08,257.08,0,0,1202,685,56,TYPE_B,5.6,Rice Bowl,Indian
1037848,47,52,2290,272.6,271.6,0,0,809,685,56,TYPE_B,5.6,Rice Bowl,Indian
1343535,48,52,2290,275.51,276.51,0,0,973,685,56,TYPE_B,5.6,Rice Bowl,Indian
1105648,49,52,2290,286.15,286.15,0,0,850,685,56,TYPE_B,5.6,Rice Bowl,Indian
1222731,50,52,2290,284.27,283.27,0,0,998,685,56,TYPE_B,5.6,Rice Bowl,Indian
1313808,51,52,2290,276.51,275.51,0,0,689,685,56,TYPE_B,5.6,Rice Bowl,Indian
1140434,52,52,2290,277.42,278.42,0,0,917,685,56,TYPE_B,5.6,Rice Bowl,Indian
1126521,53,52,2290,280.36,280.36,0,0,1201,685,56,TYPE_B,5.6,Rice Bowl,Indian
1250552,54,52,2290,261.9,261.9,0,0,945,685,56,TYPE_B,5.6,Rice Bowl,Indian
1268408,55,52,2290,288.15,288.15,0,0,1108,685,56,TYPE_B,5.6,Rice Bowl,Indian
1317012,56,52,2290,287.18,287.18,0,0,986,685,56,TYPE_B,5.6,Rice Bowl,Indian
1281579,57,52,2290,297.85,296.85,0,0,1067,685,56,TYPE_B,5.6,Rice Bowl,Indian
1230542,58,52,2290,282.33,282.33,0,0,1094,685,56,TYPE_B,5.6,Rice Bowl,Indian
1103109,59,52,2290,306.58,305.58,0,0,946,685,56,TYPE_B,5.6,Rice Bowl,Indian
1225353,60,52,2290,289.06,290.06,0,0,999,685,56,TYPE_B,5.6,Rice Bowl,Indian
1201341,61,52,2290,319.16,320.16,0,0,825,685,56,TYPE_B,5.6,Rice Bowl,Indian
1331482,62,52,2290,322.1,320.1,0,0,135,685,56,TYPE_B,5.6,Rice Bowl,Indian
1311997,63,52,2290,321.1,322.1,0,0,527,685,56,TYPE_B,5.6,Rice Bowl,Indian
1181007,64,52,2290,322.04,324.04,0,0,661,685,56,TYPE_B,5.6,Rice Bowl,Indian
1099541,65,52,2290,308.49,309.49,0,0,635,685,56,TYPE_B,5.6,Rice Bowl,Indian
1234842,66,52,2290,319.13,320.13,0,0,945,685,56,TYPE_B,5.6,Rice Bowl,Indian
1325901,67,52,2290,323.98,324.98,0,0,1013,685,56,TYPE_B,5.6,Rice Bowl,Indian
1382924,68,52,2290,328.83,330.83,0,0,1270,685,56,TYPE_B,5.6,Rice Bowl,Indian
1273345,69,52,2290,314.28,316.28,0,0,1133,685,56,TYPE_B,5.6,Rice Bowl,Indian
1303740,70,52,2290,291.06,290.06,0,0,1095,685,56,TYPE_B,5.6,Rice Bowl,Indian
1426149,71,52,2290,274.57,272.57,0,0,1444,685,56,TYPE_B,5.6,Rice Bowl,Indian
1436508,72,52,2290,263.87,264.87,0,0,1094,685,56,TYPE_B,5.6,Rice Bowl,Indian
1139450,73,52,2290,291.97,293.97,0,0,513,685,56,TYPE_B,5.6,Rice Bowl,Indian
1209854,74,52,2290,307.49,307.49,0,0,918,685,56,TYPE_B,5.6,Rice Bowl,Indian
1229971,75,52,2290,300.76,300.76,0,0,1189,685,56,TYPE_B,5.6,Rice Bowl,Indian
1152867,76,52,2290,308.49,309.49,0,0,1068,685,56,TYPE_B,5.6,Rice Bowl,Indian
1427246,77,52,2290,295.91,293.91,0,0,946,685,56,TYPE_B,5.6,Rice Bowl,Indian
1329932,78,52,2290,307.49,309.49,0,0,1000,685,56,TYPE_B,5.6,Rice Bowl,Indian
1150981,79,52,2290,305.61,305.61,0,0,971,685,56,TYPE_B,5.6,Rice Bowl,Indian
1339422,80,52,2290,298.79,297.79,0,0,1255,685,56,TYPE_B,5.6,Rice Bowl,Indian
1430115,81,52,2290,309.49,309.49,0,0,1365,685,56,TYPE_B,5.6,Rice Bowl,Indian
1366783,82,52,2290,307.49,309.49,0,0,1160,685,56,TYPE_B,5.6,Rice Bowl,Indian
1193748,83,52,2290,277.45,309.49,0,0,1095,685,56,TYPE_B,5.6,Rice Bowl,Indian
1056213,84,52,2290,278.45,307.49,0,0,918,685,56,TYPE_B,5.6,Rice Bowl,Indian
1196707,85,52,2290,188.21,308.49,0,0,1430,685,56,TYPE_B,5.6,Rice Bowl,Indian
1189279,86,52,2290,190.15,307.49,0,0,1823,685,56,TYPE_B,5.6,Rice Bowl,Indian
1168911,87,52,2290,277.48,308.49,0,0,743,685,56,TYPE_B,5.6,Rice Bowl,Indian
1028468,88,52,2290,290.03,291.03,0,0,960,685,56,TYPE_B,5.6,Rice Bowl,Indian
1054748,89,52,2290,292.97,293.97,0,0,798,685,56,TYPE_B,5.6,Rice Bowl,Indian
1223207,90,52,2290,193.03,292.97,1,1,4604,685,56,TYPE_B,5.6,Rice Bowl,Indian
1051965,91,52,2290,299.79,298.79,0,0,1363,685,56,TYPE_B,5.6,Rice Bowl,Indian
1001224,92,52,2290,302.64,298.79,0,1,1527,685,56,TYPE_B,5.6,Rice Bowl,Indian
1039173,93,52,2290,300.73,299.73,0,0,1445,685,56,TYPE_B,5.6,Rice Bowl,Indian
1290635,94,52,2290,245.47,299.73,0,0,1052,685,56,TYPE_B,5.6,Rice Bowl,Indian
1271519,95,52,2290,243.47,300.73,0,0,919,685,56,TYPE_B,5.6,Rice Bowl,Indian
1163853,96,52,2290,302.64,303.64,0,0,1241,685,56,TYPE_B,5.6,Rice Bowl,Indian
1143971,97,52,2290,264.81,304.64,0,0,553,685,56,TYPE_B,5.6,Rice Bowl,Indian
1198069,98,52,2290,266.81,302.64,0,0,2040,685,56,TYPE_B,5.6,Rice Bowl,Indian
1460925,99,52,2290,301.67,303.67,0,0,1322,685,56,TYPE_B,5.6,Rice Bowl,Indian
1466295,100,52,2290,222.19,301.67,1,1,6884,685,56,TYPE_B,5.6,Rice Bowl,Indian
1252428,101,52,2290,222.19,303.67,1,1,6210,685,56,TYPE_B,5.6,Rice Bowl,Indian
1126357,102,52,2290,184.36,302.67,1,1,5860,685,56,TYPE_B,5.6,Rice Bowl,Indian
1259873,103,52,2290,184.36,302.67,1,1,4049,685,56,TYPE_B,5.6,Rice Bowl,Indian
1082084,104,52,2290,295.91,294.91,0,0,1485,685,56,TYPE_B,5.6,Rice Bowl,Indian
1081757,105,52,2290,298.79,297.79,0,0,1646,685,56,TYPE_B,5.6,Rice Bowl,Indian
1458863,106,52,2290,295.91,294.91,0,0,1715,685,56,TYPE_B,5.6,Rice Bowl,Indian
1208684,107,52,2290,304.64,302.64,0,0,1851,685,56,TYPE_B,5.6,Rice Bowl,Indian
1481600,108,52,2290,301.73,299.73,0,0,1472,685,56,TYPE_B,5.6,Rice Bowl,Indian
1348761,109,52,2290,288.09,288.09,0,0,1755,685,56,TYPE_B,5.6,Rice Bowl,Indian
1150425,110,52,2290,280.36,281.36,0,0,1905,685,56,TYPE_B,5.6,Rice Bowl,Indian
1231125,111,52,2290,293.97,291.97,0,0,1918,685,56,TYPE_B,5.6,Rice Bowl,Indian
1366944,112,52,2290,284.24,285.24,0,0,1700,685,56,TYPE_B,5.6,Rice Bowl,Indian
1380992,113,52,2290,233.8,285.24,0,0,2255,685,56,TYPE_B,5.6,Rice Bowl,Indian
1386206,1,52,1727,414.22,413.22,0,0,379,685,56,TYPE_B,5.6,Rice Bowl,Indian
1378623,2,52,1727,447.23,447.23,0,0,487,685,56,TYPE_B,5.6,Rice Bowl,Indian
1425426,3,52,1727,446.23,446.23,0,0,553,685,56,TYPE_B,5.6,Rice Bowl,Indian
1436075,4,52,1727,447.23,447.23,0,0,595,685,56,TYPE_B,5.6,Rice Bowl,Indian
1091971,5,52,1727,239.59,446.23,0,1,2552,685,56,TYPE_B,5.6,Rice Bowl,Indian
1156702,6,52,1727,241.56,447.23,0,1,1930,685,56,TYPE_B,5.6,Rice Bowl,Indian
1311320,7,52,1727,445.26,446.26,0,0,487,685,56,TYPE_B,5.6,Rice Bowl,Indian
1361122,8,52,1727,434.56,435.56,0,0,581,685,56,TYPE_B,5.6,Rice Bowl,Indian
1322319,9,52,1727,444.26,446.26,0,0,539,685,56,TYPE_B,5.6,Rice Bowl,Indian
1393615,10,52,1727,445.23,447.23,0,0,663,685,56,TYPE_B,5.6,Rice Bowl,Indian
1098624,11,52,1727,447.23,445.23,0,0,431,685,56,TYPE_B,5.6,Rice Bowl,Indian
1144616,12,52,1727,445.23,445.23,0,0,431,685,56,TYPE_B,5.6,Rice Bowl,Indian
1250816,13,52,1727,447.23,447.23,0,0,567,685,56,TYPE_B,5.6,Rice Bowl,Indian
1008358,14,52,1727,446.23,446.23,0,0,474,685,56,TYPE_B,5.6,Rice Bowl,Indian
1068787,15,52,1727,445.23,445.23,0,0,621,685,56,TYPE_B,5.6,Rice Bowl,Indian
1460757,16,52,1727,446.23,445.23,0,0,539,685,56,TYPE_B,5.6,Rice Bowl,Indian
1316064,17,52,1727,447.23,447.23,0,0,539,685,56,TYPE_B,5.6,Rice Bowl,Indian
1030745,18,52,1727,445.23,445.23,0,0,621,685,56,TYPE_B,5.6,Rice Bowl,Indian
1048218,19,52,1727,436.56,435.56,0,0,567,685,56,TYPE_B,5.6,Rice Bowl,Indian
1053788,20,52,1727,445.23,445.23,0,0,539,685,56,TYPE_B,5.6,Rice Bowl,Indian
1094454,21,52,1727,446.23,445.23,0,0,487,685,56,TYPE_B,5.6,Rice Bowl,Indian
1012981,22,52,1727,447.23,445.23,0,0,715,685,56,TYPE_B,5.6,Rice Bowl,Indian
1007902,23,52,1727,446.23,447.23,0,0,674,685,56,TYPE_B,5.6,Rice Bowl,Indian
1396609,24,52,1727,445.23,445.23,0,0,555,685,56,TYPE_B,5.6,Rice Bowl,Indian
1451588,25,52,1727,243.47,445.23,1,1,2971,685,56,TYPE_B,5.6,Rice Bowl,Indian
1087785,26,52,1727,252.23,445.23,1,0,1188,685,56,TYPE_B,5.6,Rice Bowl,Indian
1114409,27,52,1727,446.23,445.23,0,0,647,685,56,TYPE_B,5.6,Rice Bowl,Indian
1000770,28,52,1727,445.23,447.23,0,0,486,685,56,TYPE_B,5.6,Rice Bowl,Indian
1496466,29,52,1727,446.23,447.23,0,0,420,685,56,TYPE_B,5.6,Rice Bowl,Indian
1366091,30,52,1727,402.58,403.58,0,0,378,685,56,TYPE_B,5.6,Rice Bowl,Indian
1154502,31,52,1727,445.23,446.23,0,0,593,685,56,TYPE_B,5.6,Rice Bowl,Indian
1224206,32,52,1727,445.23,445.23,0,0,527,685,56,TYPE_B,5.6,Rice Bowl,Indian
1141437,33,52,1727,446.23,447.23,0,0,351,685,56,TYPE_B,5.6,Rice Bowl,Indian
1223496,34,52,1727,445.23,445.23,0,0,433,685,56,TYPE_B,5.6,Rice Bowl,Indian
1261430,35,52,1727,447.23,446.23,0,0,177,685,56,TYPE_B,5.6,Rice Bowl,Indian
1045417,36,52,1727,446.23,446.23,0,0,420,685,56,TYPE_B,5.6,Rice Bowl,Indian
1446261,37,52,1727,445.23,446.23,0,0,406,685,56,TYPE_B,5.6,Rice Bowl,Indian
1128558,38,52,1727,447.23,446.23,0,0,580,685,56,TYPE_B,5.6,Rice Bowl,Indian
1193997,39,52,1727,445.23,447.23,0,0,486,685,56,TYPE_B,5.6,Rice Bowl,Indian
1433988,40,52,1727,445.23,446.23,0,0,555,685,56,TYPE_B,5.6,Rice Bowl,Indian
1318341,41,52,1727,446.23,447.23,0,0,350,685,56,TYPE_B,5.6,Rice Bowl,Indian
1273158,42,52,1727,447.23,445.23,0,0,472,685,56,TYPE_B,5.6,Rice Bowl,Indian
1314237,43,52,1727,447.23,447.23,0,0,445,685,56,TYPE_B,5.6,Rice Bowl,Indian
1047598,44,52,1727,446.23,446.23,0,0,607,685,56,TYPE_B,5.6,Rice Bowl,Indian
1393306,45,52,1727,447.23,446.23,0,0,620,685,56,TYPE_B,5.6,Rice Bowl,Indian
1352084,46,52,1727,434.56,436.56,0,0,555,685,56,TYPE_B,5.6,Rice Bowl,Indian
1387892,47,52,1727,445.23,445.23,0,0,352,685,56,TYPE_B,5.6,Rice Bowl,Indian
1362974,48,52,1727,446.23,447.23,0,0,487,685,56,TYPE_B,5.6,Rice Bowl,Indian
1297479,49,52,1727,445.23,447.23,0,0,608,685,56,TYPE_B,5.6,Rice Bowl,Indian
1093024,50,52,1727,445.23,446.23,0,0,499,685,56,TYPE_B,5.6,Rice Bowl,Indian
1032911,51,52,1727,446.23,446.23,0,0,350,685,56,TYPE_B,5.6,Rice Bowl,Indian
1429512,52,52,1727,446.23,445.23,0,0,702,685,56,TYPE_B,5.6,Rice Bowl,Indian
1188101,53,52,1727,445.23,447.23,0,0,663,685,56,TYPE_B,5.6,Rice Bowl,Indian
1120423,54,52,1727,445.23,446.23,0,0,135,685,56,TYPE_B,5.6,Rice Bowl,Indian
1404740,55,52,1727,445.23,446.23,0,0,526,685,56,TYPE_B,5.6,Rice Bowl,Indian
1194894,56,52,1727,447.23,445.23,0,0,701,685,56,TYPE_B,5.6,Rice Bowl,Indian
1024339,57,52,1727,447.23,446.23,0,0,620,685,56,TYPE_B,5.6,Rice Bowl,Indian
1229444,58,52,1727,259.96,445.23,1,1,1459,685,56,TYPE_B,5.6,Rice Bowl,Indian
1499132,59,52,1727,262.87,445.23,1,1,1526,685,56,TYPE_B,5.6,Rice Bowl,Indian
1119659,60,52,1727,441.35,443.35,0,0,595,685,56,TYPE_B,5.6,Rice Bowl,Indian
1264698,61,52,1727,437.53,436.53,0,0,609,685,56,TYPE_B,5.6,Rice Bowl,Indian
1006948,62,52,1727,445.23,446.23,0,0,162,685,56,TYPE_B,5.6,Rice Bowl,Indian
1301573,63,52,1727,445.23,447.23,0,0,635,685,56,TYPE_B,5.6,Rice Bowl,Indian
1394590,64,52,1727,446.23,445.23,0,0,555,685,56,TYPE_B,5.6,Rice Bowl,Indian
1145472,65,52,1727,447.23,446.23,0,0,703,685,56,TYPE_B,5.6,Rice Bowl,Indian
1073484,66,52,1727,447.23,445.23,0,0,419,685,56,TYPE_B,5.6,Rice Bowl,Indian
1396414,67,52,1727,437.5,437.5,0,0,662,685,56,TYPE_B,5.6,Rice Bowl,Indian
1212765,68,52,1727,445.23,445.23,0,0,580,685,56,TYPE_B,5.6,Rice Bowl,Indian
1481791,69,52,1727,447.23,446.23,0,0,528,685,56,TYPE_B,5.6,Rice Bowl,Indian
1490666,70,52,1727,446.23,445.23,0,0,661,685,56,TYPE_B,5.6,Rice Bowl,Indian
1079641,71,52,1727,435.53,437.53,0,0,648,685,56,TYPE_B,5.6,Rice Bowl,Indian
1117975,72,52,1727,445.23,445.23,0,0,460,685,56,TYPE_B,5.6,Rice Bowl,Indian
1241051,73,52,1727,446.23,447.23,0,0,648,685,56,TYPE_B,5.6,Rice Bowl,Indian
1349225,74,52,1727,447.23,447.23,0,0,850,685,56,TYPE_B,5.6,Rice Bowl,Indian
1376422,75,52,1727,446.23,447.23,0,0,703,685,56,TYPE_B,5.6,Rice Bowl,Indian
1174575,76,52,1727,445.23,447.23,0,0,661,685,56,TYPE_B,5.6,Rice Bowl,Indian
1451365,77,52,1727,248.32,447.23,1,1,3118,685,56,TYPE_B,5.6,Rice Bowl,Indian
1062797,78,52,1727,248.35,447.23,1,1,2781,685,56,TYPE_B,5.6,Rice Bowl,Indian
1002751,79,52,1727,355.08,445.23,1,0,851,685,56,TYPE_B,5.6,Rice Bowl,Indian
1113462,80,52,1727,437.47,439.47,0,0,716,685,56,TYPE_B,5.6,Rice Bowl,Indian
1229179,81,52,1727,445.23,447.23,0,0,729,685,56,TYPE_B,5.6,Rice Bowl,Indian
1077704,82,52,1727,445.23,446.23,0,0,676,685,56,TYPE_B,5.6,Rice Bowl,Indian
1439196,83,52,1727,244.5,447.23,1,0,6655,685,56,TYPE_B,5.6,Rice Bowl,Indian
1302776,84,52,1727,446.23,447.23,0,0,701,685,56,TYPE_B,5.6,Rice Bowl,Indian
1342418,85,52,1727,436.53,437.53,0,0,636,685,56,TYPE_B,5.6,Rice Bowl,Indian
1445494,86,52,1727,439.41,439.41,0,0,553,685,56,TYPE_B,5.6,Rice Bowl,Indian
1027896,87,52,1727,445.23,445.23,0,0,593,685,56,TYPE_B,5.6,Rice Bowl,Indian
1256904,88,52,1727,446.23,447.23,0,0,769,685,56,TYPE_B,5.6,Rice Bowl,Indian
1456100,89,52,1727,446.23,445.23,0,0,730,685,56,TYPE_B,5.6,Rice Bowl,Indian
1464022,90,52,1727,445.23,446.23,0,0,473,685,56,TYPE_B,5.6,Rice Bowl,Indian
1244765,91,52,1727,447.23,447.23,0,0,823,685,56,TYPE_B,5.6,Rice Bowl,Indian
1086042,92,52,1727,446.23,446.23,0,0,756,685,56,TYPE_B,5.6,Rice Bowl,Indian
1390134,93,52,1727,446.23,447.23,0,0,473,685,56,TYPE_B,5.6,Rice Bowl,Indian
1470913,94,52,1727,445.23,445.23,0,0,757,685,56,TYPE_B,5.6,Rice Bowl,Indian
1366311,95,52,1727,445.23,446.23,0,0,892,685,56,TYPE_B,5.6,Rice Bowl,Indian
1103510,96,52,1727,445.23,447.23,0,0,852,685,56,TYPE_B,5.6,Rice Bowl,Indian
1042146,97,52,1727,447.23,445.23,0,0,271,685,56,TYPE_B,5.6,Rice Bowl,Indian
1261696,98,52,1727,446.23,446.23,0,0,647,685,56,TYPE_B,5.6,Rice Bowl,Indian
1354013,99,52,1727,445.23,447.23,0,0,445,685,56,TYPE_B,5.6,Rice Bowl,Indian
1145173,100,52,1727,447.23,445.23,0,0,742,685,56,TYPE_B,5.6,Rice Bowl,Indian
1434473,101,52,1727,447.23,445.23,0,0,595,685,56,TYPE_B,5.6,Rice Bowl,Indian
1234565,102,52,1727,424.89,424.89,0,0,717,685,56,TYPE_B,5.6,Rice Bowl,Indian
1066467,103,52,1727,446.23,447.23,0,0,485,685,56,TYPE_B,5.6,Rice Bowl,Indian
1466165,104,52,1727,445.23,446.23,0,0,809,685,56,TYPE_B,5.6,Rice Bowl,Indian
1238982,105,52,1727,445.23,445.23,0,0,879,685,56,TYPE_B,5.6,Rice Bowl,Indian
1284115,106,52,1727,445.23,445.23,0,0,798,685,56,TYPE_B,5.6,Rice Bowl,Indian
1394573,107,52,1727,445.23,447.23,0,0,715,685,56,TYPE_B,5.6,Rice Bowl,Indian
1356014,108,52,1727,447.23,446.23,0,0,783,685,56,TYPE_B,5.6,Rice Bowl,Indian
1016348,109,52,1727,445.23,445.23,0,0,958,685,56,TYPE_B,5.6,Rice Bowl,Indian
1261803,110,52,1727,445.23,446.23,0,0,566,685,56,TYPE_B,5.6,Rice Bowl,Indian
1270186,111,52,1727,245.47,445.23,1,1,3644,685,56,TYPE_B,5.6,Rice Bowl,Indian
1405049,112,52,1727,240.56,447.23,1,1,3969,685,56,TYPE_B,5.6,Rice Bowl,Indian
1414162,113,52,1727,454.96,454.96,0,0,850,685,56,TYPE_B,5.6,Rice Bowl,Indian
