Data set/Center wise/Center_52_Rank4.csv
id,week,center_id,meal_id,checkout_price,base_price,emailer_for_promotion,homepage_featured,num_orders,city_code,region_code,center_type,op_area,category,cuisine
1134661,1,52,1109,249.29,281.36,1,0,2902,685,56,TYPE_B,5.6,Rice Bowl,Indian
1431439,2,52,1109,253.2,254.2,0,0,944,685,56,TYPE_B,5.6,Rice Bowl,Indian
1132077,3,52,1109,310.43,310.43,0,0,1093,685,56,TYPE_B,5.6,Rice Bowl,Indian
1037804,4,52,1109,309.43,310.43,0,0,1256,685,56,TYPE_B,5.6,Rice Bowl,Indian
1132215,5,52,1109,148.47,310.43,0,0,1363,685,56,TYPE_B,5.6,Rice Bowl,Indian
1221758,6,52,1109,114.46,309.43,0,0,1349,685,56,TYPE_B,5.6,Rice Bowl,Indian
1457773,7,52,1109,191.15,311.43,0,0,1660,685,56,TYPE_B,5.6,Rice Bowl,Indian
1451343,8,52,1109,210.49,311.43,0,0,1392,685,56,TYPE_B,5.6,Rice Bowl,Indian
1448271,9,52,1109,235.71,311.43,0,0,1417,685,56,TYPE_B,5.6,Rice Bowl,Indian
1121502,10,52,1109,227.04,311.43,0,0,1188,685,56,TYPE_B,5.6,Rice Bowl,Indian
1126150,11,52,1109,256.11,257.11,0,0,1216,685,56,TYPE_B,5.6,Rice Bowl,Indian
1232127,12,52,1109,242.53,242.53,0,0,1052,685,56,TYPE_B,5.6,Rice Bowl,Indian
1468630,13,52,1109,260.99,258.99,0,0,1257,685,56,TYPE_B,5.6,Rice Bowl,Indian
1344955,14,52,1109,273.57,273.57,0,0,1107,685,56,TYPE_B,5.6,Rice Bowl,Indian
1188790,15,52,1109,252.26,250.26,0,0,1052,685,56,TYPE_B,5.6,Rice Bowl,Indian
1011400,16,52,1109,311.43,310.43,0,0,689,685,56,TYPE_B,5.6,Rice Bowl,Indian
1297271,17,52,1109,309.43,311.43,0,0,743,685,56,TYPE_B,5.6,Rice Bowl,Indian
1088541,18,52,1109,268.75,310.43,0,0,1175,685,56,TYPE_B,5.6,Rice Bowl,Indian
1084897,19,52,1109,211.49,311.43,1,1,2958,685,56,TYPE_B,5.6,Rice Bowl,Indian
1333149,20,52,1109,204.7,311.43,0,0,1350,685,56,TYPE_B,5.6,Rice Bowl,Indian
1283621,21,52,1109,230.89,311.43,0,0,1338,685,56,TYPE_B,5.6,Rice Bowl,Indian
1233209,22,52,1109,237.65,311.43,0,0,1403,685,56,TYPE_B,5.6,Rice Bowl,Indian
1215303,23,52,1109,258.02,309.43,0,0,1053,685,56,TYPE_B,5.6,Rice Bowl,Indian
1424169,24,52,1109,258.08,309.43,0,0,851,685,56,TYPE_B,5.6,Rice Bowl,Indian
1302485,25,52,1109,279.39,278.39,0,0,809,685,56,TYPE_B,5.6,Rice Bowl,Indian
1498005,26,52,1109,274.54,274.54,0,0,823,685,56,TYPE_B,5.6,Rice Bowl,Indian
1466472,27,52,1109,260.99,260.99,0,0,906,685,56,TYPE_B,5.6,Rice Bowl,Indian
1283394,28,52,1109,263.84,264.84,0,0,998,685,56,TYPE_B,5.6,Rice Bowl,Indian
1340969,29,52,1109,306.55,306.55,0,0,1013,685,56,TYPE_B,5.6,Rice Bowl,Indian
1438257,30,52,1109,244.5,305.55,0,1,2390,685,56,TYPE_B,5.6,Rice Bowl,Indian
1498663,31,52,1109,206.67,306.55,0,0,1323,685,56,TYPE_B,5.6,Rice Bowl,Indian
1475576,32,52,1109,222.16,305.55,0,0,1540,685,56,TYPE_B,5.6,Rice Bowl,Indian
1160712,33,52,1109,227.04,307.55,0,0,1041,685,56,TYPE_B,5.6,Rice Bowl,Indian
1026661,34,52,1109,246.38,306.55,0,0,890,685,56,TYPE_B,5.6,Rice Bowl,Indian
1097349,35,52,1109,262.9,305.55,0,0,296,685,56,TYPE_B,5.6,Rice Bowl,Indian
1064593,36,52,1109,291.97,291.97,0,0,1256,685,56,TYPE_B,5.6,Rice Bowl,Indian
1329155,37,52,1109,285.24,285.24,0,0,850,685,56,TYPE_B,5.6,Rice Bowl,Indian
1179276,38,52,1109,304.58,306.58,0,0,877,685,56,TYPE_B,5.6,Rice Bowl,Indian
1376265,39,52,1109,291.97,293.97,0,0,946,685,56,TYPE_B,5.6,Rice Bowl,Indian
1099090,40,52,1109,291.97,292.97,0,0,944,685,56,TYPE_B,5.6,Rice Bowl,Indian
1186112,41,52,1109,236.68,291.97,1,1,3038,685,56,TYPE_B,5.6,Rice Bowl,Indian
1477398,42,52,1109,303.67,301.67,0,0,838,685,56,TYPE_B,5.6,Rice Bowl,Indian
1375294,43,52,1109,310.4,310.4,0,0,904,685,56,TYPE_B,5.6,Rice Bowl,Indian
1450665,44,52,1109,296.88,295.88,0,0,1053,685,56,TYPE_B,5.6,Rice Bowl,Indian
1215765,45,52,1109,228.92,296.88,0,0,1486,685,56,TYPE_B,5.6,Rice Bowl,Indian
1368480,46,52,1109,213.4,296.88,1,1,3066,685,56,TYPE_B,5.6,Rice Bowl,Indian
1080670,47,52,1109,219.25,296.88,0,1,1890,685,56,TYPE_B,5.6,Rice Bowl,Indian
1482959,48,52,1109,263.84,296.88,0,0,1176,685,56,TYPE_B,5.6,Rice Bowl,Indian
1201866,49,52,1109,281.33,281.33,0,0,998,685,56,TYPE_B,5.6,Rice Bowl,Indian
1195261,50,52,1109,310.43,311.43,0,0,906,685,56,TYPE_B,5.6,Rice Bowl,Indian
1488022,51,52,1109,292.94,294.94,0,0,824,685,56,TYPE_B,5.6,Rice Bowl,Indian
1234768,52,52,1109,292.0,291.0,0,0,1067,685,56,TYPE_B,5.6,Rice Bowl,Indian
1480508,53,52,1109,288.09,290.09,0,0,1120,685,56,TYPE_B,5.6,Rice Bowl,Indian
1401394,54,52,1109,284.27,283.27,0,0,351,685,56,TYPE_B,5.6,Rice Bowl,Indian
1164857,55,52,1109,260.96,282.27,1,1,2094,685,56,TYPE_B,5.6,Rice Bowl,Indian
1001616,56,52,1109,321.13,321.13,0,0,716,685,56,TYPE_B,5.6,Rice Bowl,Indian
1162511,57,52,1109,238.62,321.13,0,0,1446,685,56,TYPE_B,5.6,Rice Bowl,Indian
1209804,58,52,1109,183.39,319.13,0,0,1808,685,56,TYPE_B,5.6,Rice Bowl,Indian
1192079,59,52,1109,227.04,321.13,0,0,1214,685,56,TYPE_B,5.6,Rice Bowl,Indian
1459976,60,52,1109,201.82,321.13,0,0,865,685,56,TYPE_B,5.6,Rice Bowl,Indian
1151601,61,52,1109,239.65,321.13,0,0,1106,685,56,TYPE_B,5.6,Rice Bowl,Indian
1027388,62,52,1109,266.81,321.13,0,0,459,685,56,TYPE_B,5.6,Rice Bowl,Indian
1490804,63,52,1109,263.84,263.84,0,0,931,685,56,TYPE_B,5.6,Rice Bowl,Indian
1132674,64,52,1109,257.08,258.08,0,0,690,685,56,TYPE_B,5.6,Rice Bowl,Indian
1353013,65,52,1109,261.9,262.9,0,0,825,685,56,TYPE_B,5.6,Rice Bowl,Indian
1429104,66,52,1109,240.62,240.62,0,0,917,685,56,TYPE_B,5.6,Rice Bowl,Indian
1347469,67,52,1109,268.75,266.75,0,0,931,685,56,TYPE_B,5.6,Rice Bowl,Indian
1146109,68,52,1109,293.91,295.91,0,0,850,685,56,TYPE_B,5.6,Rice Bowl,Indian
1040171,69,52,1109,304.61,303.61,0,0,1095,685,56,TYPE_B,5.6,Rice Bowl,Indian
1383108,70,52,1109,228.92,303.61,0,0,958,685,56,TYPE_B,5.6,Rice Bowl,Indian
1423248,71,52,1109,217.31,304.61,0,0,1255,685,56,TYPE_B,5.6,Rice Bowl,Indian
1398716,72,52,1109,228.92,303.61,0,0,945,685,56,TYPE_B,5.6,Rice Bowl,Indian
1096627,73,52,1109,262.9,303.61,0,0,960,685,56,TYPE_B,5.6,Rice Bowl,Indian
1435927,74,52,1109,261.93,304.61,0,0,1039,685,56,TYPE_B,5.6,Rice Bowl,Indian
1180096,75,52,1109,284.21,285.21,0,0,1162,685,56,TYPE_B,5.6,Rice Bowl,Indian
1466133,76,52,1109,294.94,293.94,0,0,1230,685,56,TYPE_B,5.6,Rice Bowl,Indian
1139981,77,52,1109,281.36,280.36,0,0,851,685,56,TYPE_B,5.6,Rice Bowl,Indian
1044124,78,52,1109,287.15,287.15,0,0,905,685,56,TYPE_B,5.6,Rice Bowl,Indian
1191815,79,52,1109,279.36,279.36,0,0,973,685,56,TYPE_B,5.6,Rice Bowl,Indian
1033733,80,52,1109,287.12,288.12,0,0,931,685,56,TYPE_B,5.6,Rice Bowl,Indian
1231410,81,52,1109,310.43,310.43,0,0,1000,685,56,TYPE_B,5.6,Rice Bowl,Indian
1239085,82,52,1109,309.43,311.43,0,0,1241,685,56,TYPE_B,5.6,Rice Bowl,Indian
1129457,83,52,1109,249.32,310.43,0,0,1363,685,56,TYPE_B,5.6,Rice Bowl,Indian
1270024,84,52,1109,198.85,309.43,0,0,971,685,56,TYPE_B,5.6,Rice Bowl,Indian
1396343,85,52,1109,249.32,311.43,0,0,877,685,56,TYPE_B,5.6,Rice Bowl,Indian
1286393,86,52,1109,276.48,311.43,0,0,621,685,56,TYPE_B,5.6,Rice Bowl,Indian
1224372,87,52,1109,273.6,309.43,0,0,877,685,56,TYPE_B,5.6,Rice Bowl,Indian
1061449,88,52,1109,262.87,310.43,0,0,1066,685,56,TYPE_B,5.6,Rice Bowl,Indian
1294753,89,52,1109,299.73,299.73,0,0,891,685,56,TYPE_B,5.6,Rice Bowl,Indian
1197294,90,52,1109,288.09,289.09,0,0,973,685,56,TYPE_B,5.6,Rice Bowl,Indian
1268000,91,52,1109,272.6,273.6,0,0,959,685,56,TYPE_B,5.6,Rice Bowl,Indian
1004378,92,52,1109,287.18,286.18,0,0,825,685,56,TYPE_B,5.6,Rice Bowl,Indian
1113244,93,52,1109,271.6,273.6,0,0,987,685,56,TYPE_B,5.6,Rice Bowl,Indian
1284359,94,52,1109,309.43,309.43,0,0,985,685,56,TYPE_B,5.6,Rice Bowl,Indian
1046911,95,52,1109,290.03,310.43,1,1,4564,685,56,TYPE_B,5.6,Rice Bowl,Indian
1253059,96,52,1109,310.43,310.43,0,0,1039,685,56,TYPE_B,5.6,Rice Bowl,Indian
1032300,97,52,1109,206.61,309.43,0,0,271,685,56,TYPE_B,5.6,Rice Bowl,Indian
1476155,98,52,1109,219.25,310.43,1,1,4321,685,56,TYPE_B,5.6,Rice Bowl,Indian
1340336,99,52,1109,231.89,310.43,1,1,3308,685,56,TYPE_B,5.6,Rice Bowl,Indian
1028428,100,52,1109,242.53,310.43,0,0,782,685,56,TYPE_B,5.6,Rice Bowl,Indian
1478535,101,52,1109,277.48,310.43,0,0,730,685,56,TYPE_B,5.6,Rice Bowl,Indian
1354068,102,52,1109,281.36,281.36,0,0,553,685,56,TYPE_B,5.6,Rice Bowl,Indian
1496445,103,52,1109,268.75,267.75,0,0,487,685,56,TYPE_B,5.6,Rice Bowl,Indian
1104422,104,52,1109,291.06,289.06,0,0,810,685,56,TYPE_B,5.6,Rice Bowl,Indian
1259970,105,52,1109,289.09,290.09,0,0,1147,685,56,TYPE_B,5.6,Rice Bowl,Indian
1260532,106,52,1109,241.53,290.09,1,1,1864,685,56,TYPE_B,5.6,Rice Bowl,Indian
1234913,107,52,1109,242.53,290.09,1,1,2754,685,56,TYPE_B,5.6,Rice Bowl,Indian
1051066,108,52,1109,310.43,311.43,0,0,959,685,56,TYPE_B,5.6,Rice Bowl,Indian
1300390,109,52,1109,232.83,311.43,0,0,1607,685,56,TYPE_B,5.6,Rice Bowl,Indian
1109297,110,52,1109,238.62,310.43,0,0,1471,685,56,TYPE_B,5.6,Rice Bowl,Indian
1321051,111,52,1109,242.53,310.43,0,0,1216,685,56,TYPE_B,5.6,Rice Bowl,Indian
1052739,112,52,1109,263.87,311.43,0,0,985,685,56,TYPE_B,5.6,Rice Bowl,Indian
1306502,113,52,1109,293.94,292.94,0,0,1161,685,56,TYPE_B,5.6,Rice Bowl,Indian
1492861,1,52,2577,282.33,281.33,0,0,392,685,56,TYPE_B,5.6,Starters,Thai
1154787,2,52,2577,282.33,280.33,0,0,285,685,56,TYPE_B,5.6,Starters,Thai
1293512,3,52,2577,243.5,282.33,0,0,378,685,56,TYPE_B,5.6,Starters,Thai
1388116,4,52,2577,242.5,280.33,0,0,337,685,56,TYPE_B,5.6,Starters,Thai
1156734,5,52,2577,242.53,280.33,0,0,351,685,56,TYPE_B,5.6,Starters,Thai
1498232,6,52,2577,243.53,281.33,0,0,339,685,56,TYPE_B,5.6,Starters,Thai
1402726,7,52,2577,245.47,280.33,0,0,285,685,56,TYPE_B,5.6,Starters,Thai
1205310,8,52,2577,244.5,282.33,0,0,406,685,56,TYPE_B,5.6,Starters,Thai
1465310,9,52,2577,242.53,241.53,0,0,378,685,56,TYPE_B,5.6,Starters,Thai
1161442,10,52,2577,280.36,280.36,0,0,366,685,56,TYPE_B,5.6,Starters,Thai
1075763,11,52,2577,281.33,281.33,0,0,230,685,56,TYPE_B,5.6,Starters,Thai
1490632,12,52,2577,281.33,281.33,0,0,256,685,56,TYPE_B,5.6,Starters,Thai
1348072,13,52,2577,281.33,280.33,0,0,310,685,56,TYPE_B,5.6,Starters,Thai
1088947,14,52,2577,281.33,282.33,0,0,351,685,56,TYPE_B,5.6,Starters,Thai
1403992,15,52,2577,280.33,280.33,0,0,446,685,56,TYPE_B,5.6,Starters,Thai
1087927,16,52,2577,280.33,282.33,0,0,364,685,56,TYPE_B,5.6,Starters,Thai
1032266,17,52,2577,280.33,281.33,0,0,418,685,56,TYPE_B,5.6,Starters,Thai
1103957,18,52,2577,280.33,280.33,0,0,270,685,56,TYPE_B,5.6,Starters,Thai
1125754,19,52,2577,281.33,281.33,0,0,324,685,56,TYPE_B,5.6,Starters,Thai
1444124,20,52,2577,280.33,282.33,0,0,175,685,56,TYPE_B,5.6,Starters,Thai
1297602,21,52,2577,280.33,280.33,0,0,323,685,56,TYPE_B,5.6,Starters,Thai
1302426,22,52,2577,280.33,282.33,0,0,269,685,56,TYPE_B,5.6,Starters,Thai
1013253,23,52,2577,281.33,280.33,0,0,190,685,56,TYPE_B,5.6,Starters,Thai
1038676,24,52,2577,282.33,280.33,0,0,256,685,56,TYPE_B,5.6,Starters,Thai
1056214,25,52,2577,281.33,282.33,0,0,177,685,56,TYPE_B,5.6,Starters,Thai
1243508,26,52,2577,282.33,282.33,0,0,297,685,56,TYPE_B,5.6,Starters,Thai
1137400,27,52,2577,282.33,282.33,0,0,256,685,56,TYPE_B,5.6,Starters,Thai
1380064,28,52,2577,280.33,280.33,0,0,324,685,56,TYPE_B,5.6,Starters,Thai
1027499,29,52,2577,282.33,281.33,0,0,298,685,56,TYPE_B,5.6,Starters,Thai
1110734,30,52,2577,281.33,281.33,0,0,312,685,56,TYPE_B,5.6,Starters,Thai
1382293,31,52,2577,281.33,282.33,0,0,231,685,56,TYPE_B,5.6,Starters,Thai
1174608,32,52,2577,282.33,282.33,0,0,366,685,56,TYPE_B,5.6,Starters,Thai
1017484,33,52,2577,282.33,282.33,0,0,323,685,56,TYPE_B,5.6,Starters,Thai
1498381,34,52,2577,281.33,281.33,0,0,202,685,56,TYPE_B,5.6,Starters,Thai
1247488,35,52,2577,280.33,280.33,0,0,176,685,56,TYPE_B,5.6,Starters,Thai
1120046,36,52,2577,281.33,280.33,0,0,285,685,56,TYPE_B,5.6,Starters,Thai
1164397,37,52,2577,282.33,281.33,0,0,325,685,56,TYPE_B,5.6,Starters,Thai
1037232,38,52,2577,282.33,282.33,0,0,230,685,56,TYPE_B,5.6,Starters,Thai
1367497,39,52,2577,280.33,281.33,0,0,123,685,56,TYPE_B,5.6,Starters,Thai
1105092,40,52,2577,281.33,281.33,0,0,204,685,56,TYPE_B,5.6,Starters,Thai
1280222,41,52,2577,280.33,281.33,0,0,190,685,56,TYPE_B,5.6,Starters,Thai
1322105,42,52,2577,282.33,280.33,0,0,134,685,56,TYPE_B,5.6,Starters,Thai
1253910,43,52,2577,277.42,279.42,0,0,136,685,56,TYPE_B,5.6,Starters,Thai
1425446,44,52,2577,282.33,281.33,0,0,150,685,56,TYPE_B,5.6,Starters,Thai
1132401,45,52,2577,282.33,280.33,0,0,175,685,56,TYPE_B,5.6,Starters,Thai
1311489,46,52,2577,280.33,280.33,0,0,27,685,56,TYPE_B,5.6,Starters,Thai
1079076,47,52,2577,281.33,281.33,0,0,121,685,56,TYPE_B,5.6,Starters,Thai
1321532,48,52,2577,282.33,282.33,0,0,176,685,56,TYPE_B,5.6,Starters,Thai
1292065,49,52,2577,280.33,280.33,0,0,149,685,56,TYPE_B,5.6,Starters,Thai
1354039,50,52,2577,281.33,281.33,0,0,163,685,56,TYPE_B,5.6,Starters,Thai
1244723,51,52,2577,281.33,282.33,0,0,107,685,56,TYPE_B,5.6,Starters,Thai
1163053,52,52,2577,280.33,281.33,0,0,283,685,56,TYPE_B,5.6,Starters,Thai
1338902,53,52,2577,280.33,282.33,0,0,149,685,56,TYPE_B,5.6,Starters,Thai
1045241,54,52,2577,281.33,282.33,0,0,134,685,56,TYPE_B,5.6,Starters,Thai
1145628,55,52,2577,281.33,281.33,0,0,189,685,56,TYPE_B,5.6,Starters,Thai
1246158,56,52,2577,282.33,281.33,0,0,217,685,56,TYPE_B,5.6,Starters,Thai
1318130,57,52,2577,289.06,290.06,0,0,231,685,56,TYPE_B,5.6,Starters,Thai
1176062,58,52,2577,292.03,291.03,0,0,121,685,56,TYPE_B,5.6,Starters,Thai
1102266,59,52,2577,291.03,292.03,0,0,242,685,56,TYPE_B,5.6,Starters,Thai
1257016,60,52,2577,292.03,291.03,0,0,244,685,56,TYPE_B,5.6,Starters,Thai
1145476,61,52,2577,292.03,292.03,0,0,215,685,56,TYPE_B,5.6,Starters,Thai
1253554,62,52,2577,290.03,290.03,0,0,176,685,56,TYPE_B,5.6,Starters,Thai
1078632,63,52,2577,291.03,290.03,0,0,189,685,56,TYPE_B,5.6,Starters,Thai
1348430,64,52,2577,284.21,285.21,0,0,216,685,56,TYPE_B,5.6,Starters,Thai
1121095,65,52,2577,290.03,292.03,0,0,202,685,56,TYPE_B,5.6,Starters,Thai
1141326,66,52,2577,291.03,290.03,0,0,231,685,56,TYPE_B,5.6,Starters,Thai
1466419,67,52,2577,290.03,290.03,0,0,297,685,56,TYPE_B,5.6,Starters,Thai
1352097,68,52,2577,292.03,292.03,0,0,229,685,56,TYPE_B,5.6,Starters,Thai
1116220,69,52,2577,290.03,290.03,0,0,190,685,56,TYPE_B,5.6,Starters,Thai
1150074,70,52,2577,291.03,291.03,0,0,203,685,56,TYPE_B,5.6,Starters,Thai
1213674,71,52,2577,292.03,291.03,0,0,148,685,56,TYPE_B,5.6,Starters,Thai
1465927,72,52,2577,291.03,290.03,0,0,175,685,56,TYPE_B,5.6,Starters,Thai
1285075,73,52,2577,291.03,291.03,0,0,217,685,56,TYPE_B,5.6,Starters,Thai
1290184,74,52,2577,291.03,290.03,0,0,202,685,56,TYPE_B,5.6,Starters,Thai
1344074,75,52,2577,290.03,290.03,0,0,230,685,56,TYPE_B,5.6,Starters,Thai
1009038,76,52,2577,292.03,291.03,0,0,135,685,56,TYPE_B,5.6,Starters,Thai
1346424,77,52,2577,290.03,292.03,0,0,189,685,56,TYPE_B,5.6,Starters,Thai
1374799,78,52,2577,290.03,291.03,0,0,391,685,56,TYPE_B,5.6,Starters,Thai
1111040,79,52,2577,291.03,290.03,0,0,285,685,56,TYPE_B,5.6,Starters,Thai
1403011,80,52,2577,291.03,290.03,0,0,283,685,56,TYPE_B,5.6,Starters,Thai
1273444,81,52,2577,291.03,292.03,0,0,230,685,56,TYPE_B,5.6,Starters,Thai
1232165,82,52,2577,292.03,292.03,0,0,176,685,56,TYPE_B,5.6,Starters,Thai
1124102,83,52,2577,290.03,292.03,0,0,258,685,56,TYPE_B,5.6,Starters,Thai
1092758,84,52,2577,290.03,290.03,0,0,203,685,56,TYPE_B,5.6,Starters,Thai
1326166,85,52,2577,204.73,290.03,1,0,283,685,56,TYPE_B,5.6,Starters,Thai
1473359,86,52,2577,195.03,291.03,1,0,364,685,56,TYPE_B,5.6,Starters,Thai
1205714,87,52,2577,194.03,290.03,1,0,296,685,56,TYPE_B,5.6,Starters,Thai
1276189,88,52,2577,272.6,291.03,1,0,216,685,56,TYPE_B,5.6,Starters,Thai
1270543,89,52,2577,291.03,290.03,0,0,148,685,56,TYPE_B,5.6,Starters,Thai
1396042,90,52,2577,290.03,290.03,0,0,229,685,56,TYPE_B,5.6,Starters,Thai
1139807,91,52,2577,292.03,290.03,0,0,231,685,56,TYPE_B,5.6,Starters,Thai
1041475,92,52,2577,291.03,291.03,0,0,202,685,56,TYPE_B,5.6,Starters,Thai
1200839,93,52,2577,290.03,291.03,0,0,283,685,56,TYPE_B,5.6,Starters,Thai
1406222,94,52,2577,292.03,292.03,0,0,135,685,56,TYPE_B,5.6,Starters,Thai
1276758,95,52,2577,292.03,292.03,0,0,243,685,56,TYPE_B,5.6,Starters,Thai
1493251,96,52,2577,292.03,292.03,0,0,189,685,56,TYPE_B,5.6,Starters,Thai
1404644,97,52,2577,292.03,292.03,0,0,80,685,56,TYPE_B,5.6,Starters,Thai
1129521,98,52,2577,290.03,292.03,0,0,108,685,56,TYPE_B,5.6,Starters,Thai
1186989,99,52,2577,291.03,290.03,0,0,215,685,56,TYPE_B,5.6,Starters,Thai
1031372,100,52,2577,291.03,291.03,0,0,257,685,56,TYPE_B,5.6,Starters,Thai
1174042,101,52,2577,291.03,292.03,0,0,95,685,56,TYPE_B,5.6,Starters,Thai
1438055,102,52,2577,291.03,290.03,0,0,109,685,56,TYPE_B,5.6,Starters,Thai
1339166,103,52,2577,292.03,292.03,0,0,109,685,56,TYPE_B,5.6,Starters,Thai
1158705,104,52,2577,292.03,291.03,0,0,122,685,56,TYPE_B,5.6,Starters,Thai
1328600,105,52,2577,291.03,290.03,0,0,94,685,56,TYPE_B,5.6,Starters,Thai
1406755,106,52,2577,291.03,292.03,0,0,175,685,56,TYPE_B,5.6,Starters,Thai
1038143,107,52,2577,212.46,290.03,1,0,310,685,56,TYPE_B,5.6,Starters,Thai
1418252,108,52,2577,212.46,292.03,1,0,242,685,56,TYPE_B,5.6,Starters,Thai
1022646,109,52,2577,212.46,292.03,1,0,161,685,56,TYPE_B,5.6,Starters,Thai
1372005,110,52,2577,213.46,290.03,0,0,297,685,56,TYPE_B,5.6,Starters,Thai
1193004,111,52,2577,290.03,290.03,0,0,53,685,56,TYPE_B,5.6,Starters,Thai
1209729,112,52,2577,292.03,290.03,0,0,109,685,56,TYPE_B,5.6,Starters,Thai
1451137,113,52,2577,292.03,291.03,0,0,188,685,56,TYPE_B,5.6,Starters,Thai
