Data set/Center wise/Center_52_Rank4.csv
id,week,center_id,meal_id,checkout_price,base_price,emailer_for_promotion,homepage_featured,num_orders,city_code,region_code,center_type,op_area,category,cuisine
1374217,1,52,2640,282.33,281.33,0,0,285,685,56,TYPE_B,5.6,Starters,Thai
1349941,2,52,2640,281.33,280.33,0,0,312,685,56,TYPE_B,5.6,Starters,Thai
1440174,3,52,2640,244.5,280.33,0,0,323,685,56,TYPE_B,5.6,Starters,Thai
1247050,4,52,2640,242.5,281.33,0,0,365,685,56,TYPE_B,5.6,Starters,Thai
1363161,5,52,2640,242.5,281.33,0,0,620,685,56,TYPE_B,5.6,Starters,Thai
1206380,6,52,2640,243.53,281.33,0,0,377,685,56,TYPE_B,5.6,Starters,Thai
1031591,7,52,2640,242.53,280.33,0,0,528,685,56,TYPE_B,5.6,Starters,Thai
1155185,8,52,2640,242.53,281.33,0,0,501,685,56,TYPE_B,5.6,Starters,Thai
1105055,9,52,2640,242.53,241.53,0,0,620,685,56,TYPE_B,5.6,Starters,Thai
1131069,10,52,2640,282.33,282.33,0,0,310,685,56,TYPE_B,5.6,Starters,Thai
1194400,11,52,2640,281.33,281.33,0,0,190,685,56,TYPE_B,5.6,Starters,Thai
1467945,12,52,2640,281.33,280.33,0,0,392,685,56,TYPE_B,5.6,Starters,Thai
1390119,13,52,2640,280.33,281.33,0,0,405,685,56,TYPE_B,5.6,Starters,Thai
1115831,14,52,2640,280.33,282.33,0,0,378,685,56,TYPE_B,5.6,Starters,Thai
1375351,15,52,2640,282.33,280.33,0,0,404,685,56,TYPE_B,5.6,Starters,Thai
1354844,16,52,2640,282.33,280.33,0,0,324,685,56,TYPE_B,5.6,Starters,Thai
1208455,17,52,2640,280.33,280.33,0,0,404,685,56,TYPE_B,5.6,Starters,Thai
1213785,18,52,2640,280.33,280.33,0,0,311,685,56,TYPE_B,5.6,Starters,Thai
1171204,19,52,2640,280.33,280.33,0,0,298,685,56,TYPE_B,5.6,Starters,Thai
1203838,20,52,2640,280.36,280.36,0,0,338,685,56,TYPE_B,5.6,Starters,Thai
1081260,21,52,2640,281.33,280.33,0,0,339,685,56,TYPE_B,5.6,Starters,Thai
1178703,22,52,2640,281.33,282.33,0,0,217,685,56,TYPE_B,5.6,Starters,Thai
1087461,23,52,2640,282.33,281.33,0,0,256,685,56,TYPE_B,5.6,Starters,Thai
1220304,24,52,2640,280.33,282.33,0,0,231,685,56,TYPE_B,5.6,Starters,Thai
1488718,25,52,2640,282.33,280.33,0,0,297,685,56,TYPE_B,5.6,Starters,Thai
1099857,26,52,2640,282.33,281.33,0,0,242,685,56,TYPE_B,5.6,Starters,Thai
1225395,27,52,2640,281.33,280.33,0,0,325,685,56,TYPE_B,5.6,Starters,Thai
1416484,28,52,2640,281.33,281.33,0,0,310,685,56,TYPE_B,5.6,Starters,Thai
1351046,29,52,2640,282.33,281.33,0,0,311,685,56,TYPE_B,5.6,Starters,Thai
1028117,30,52,2640,281.33,281.33,0,0,283,685,56,TYPE_B,5.6,Starters,Thai
1421838,31,52,2640,281.33,280.33,0,0,269,685,56,TYPE_B,5.6,Starters,Thai
1411434,32,52,2640,282.33,280.33,0,0,215,685,56,TYPE_B,5.6,Starters,Thai
1109599,33,52,2640,281.33,280.33,0,0,297,685,56,TYPE_B,5.6,Starters,Thai
1103195,34,52,2640,281.33,282.33,0,0,352,685,56,TYPE_B,5.6,Starters,Thai
1121868,35,52,2640,281.33,282.33,0,0,230,685,56,TYPE_B,5.6,Starters,Thai
1175127,36,52,2640,280.33,282.33,0,0,312,685,56,TYPE_B,5.6,Starters,Thai
1067772,37,52,2640,281.33,280.33,0,0,256,685,56,TYPE_B,5.6,Starters,Thai
1386038,38,52,2640,281.33,282.33,0,0,177,685,56,TYPE_B,5.6,Starters,Thai
1196627,39,52,2640,280.33,280.33,0,0,215,685,56,TYPE_B,5.6,Starters,Thai
1059291,40,52,2640,282.33,281.33,0,0,136,685,56,TYPE_B,5.6,Starters,Thai
1406395,41,52,2640,281.33,280.33,0,0,188,685,56,TYPE_B,5.6,Starters,Thai
1429691,42,52,2640,281.33,282.33,0,0,134,685,56,TYPE_B,5.6,Starters,Thai
1490745,43,52,2640,282.33,280.33,0,0,176,685,56,TYPE_B,5.6,Starters,Thai
1216506,44,52,2640,281.33,280.33,0,0,150,685,56,TYPE_B,5.6,Starters,Thai
1337267,45,52,2640,280.33,280.33,0,0,81,685,56,TYPE_B,5.6,Starters,Thai
1179800,46,52,2640,281.33,280.33,0,0,123,685,56,TYPE_B,5.6,Starters,Thai
1458866,47,52,2640,282.33,281.33,0,0,96,685,56,TYPE_B,5.6,Starters,Thai
1071959,48,52,2640,282.33,280.33,0,0,243,685,56,TYPE_B,5.6,Starters,Thai
1012420,49,52,2640,282.33,280.33,0,0,258,685,56,TYPE_B,5.6,Starters,Thai
1380234,50,52,2640,280.33,280.33,0,0,296,685,56,TYPE_B,5.6,Starters,Thai
1031594,51,52,2640,282.33,281.33,0,0,298,685,56,TYPE_B,5.6,Starters,Thai
1031156,52,52,2640,281.33,281.33,0,0,188,685,56,TYPE_B,5.6,Starters,Thai
1035241,53,52,2640,281.33,280.33,0,0,150,685,56,TYPE_B,5.6,Starters,Thai
1064461,54,52,2640,281.33,280.33,0,0,121,685,56,TYPE_B,5.6,Starters,Thai
1090597,55,52,2640,281.33,280.33,0,0,163,685,56,TYPE_B,5.6,Starters,Thai
1125696,56,52,2640,282.33,282.33,0,0,176,685,56,TYPE_B,5.6,Starters,Thai
1029019,57,52,2640,292.03,291.03,0,0,311,685,56,TYPE_B,5.6,Starters,Thai
1266423,58,52,2640,291.03,292.03,0,0,256,685,56,TYPE_B,5.6,Starters,Thai
1053475,59,52,2640,291.03,291.03,0,0,163,685,56,TYPE_B,5.6,Starters,Thai
1063066,60,52,2640,291.03,291.03,0,0,256,685,56,TYPE_B,5.6,Starters,Thai
1146984,61,52,2640,291.03,290.03,0,0,244,685,56,TYPE_B,5.6,Starters,Thai
1138415,62,52,2640,291.03,291.03,0,0,108,685,56,TYPE_B,5.6,Starters,Thai
1292863,63,52,2640,290.03,292.03,0,0,217,685,56,TYPE_B,5.6,Starters,Thai
1369164,64,52,2640,292.03,290.03,0,0,135,685,56,TYPE_B,5.6,Starters,Thai
1483352,65,52,2640,290.03,291.03,0,0,298,685,56,TYPE_B,5.6,Starters,Thai
1431651,66,52,2640,292.03,291.03,0,0,283,685,56,TYPE_B,5.6,Starters,Thai
1236104,67,52,2640,291.03,290.03,0,0,269,685,56,TYPE_B,5.6,Starters,Thai
1289855,68,52,2640,290.03,292.03,0,0,230,685,56,TYPE_B,5.6,Starters,Thai
1374896,69,52,2640,290.03,290.03,0,0,269,685,56,TYPE_B,5.6,Starters,Thai
1482231,70,52,2640,290.03,290.03,0,0,215,685,56,TYPE_B,5.6,Starters,Thai
1237576,71,52,2640,290.03,291.03,0,0,285,685,56,TYPE_B,5.6,Starters,Thai
1030871,72,52,2640,291.03,292.03,0,0,244,685,56,TYPE_B,5.6,Starters,Thai
1480968,73,52,2640,291.03,291.03,0,0,269,685,56,TYPE_B,5.6,Starters,Thai
1475105,74,52,2640,292.03,290.03,0,0,284,685,56,TYPE_B,5.6,Starters,Thai
1468448,75,52,2640,292.03,290.03,0,0,243,685,56,TYPE_B,5.6,Starters,Thai
1025667,76,52,2640,290.03,290.03,0,0,216,685,56,TYPE_B,5.6,Starters,Thai
1109976,77,52,2640,292.03,290.03,0,0,256,685,56,TYPE_B,5.6,Starters,Thai
1228714,78,52,2640,291.03,290.03,0,0,257,685,56,TYPE_B,5.6,Starters,Thai
1248710,79,52,2640,291.03,292.03,0,0,188,685,56,TYPE_B,5.6,Starters,Thai
1383659,80,52,2640,290.03,292.03,0,0,284,685,56,TYPE_B,5.6,Starters,Thai
1316322,81,52,2640,292.03,292.03,0,0,296,685,56,TYPE_B,5.6,Starters,Thai
1347016,82,52,2640,291.03,290.03,0,0,325,685,56,TYPE_B,5.6,Starters,Thai
1332309,83,52,2640,290.03,292.03,0,0,161,685,56,TYPE_B,5.6,Starters,Thai
1421355,84,52,2640,290.03,291.03,0,0,312,685,56,TYPE_B,5.6,Starters,Thai
1426130,85,52,2640,195.94,290.03,1,1,1282,685,56,TYPE_B,5.6,Starters,Thai
1268514,86,52,2640,195.97,292.03,1,1,1176,685,56,TYPE_B,5.6,Starters,Thai
1373706,87,52,2640,193.03,292.03,1,0,1175,685,56,TYPE_B,5.6,Starters,Thai
1491060,88,52,2640,263.87,292.03,1,0,392,685,56,TYPE_B,5.6,Starters,Thai
1168842,89,52,2640,291.03,292.03,0,0,364,685,56,TYPE_B,5.6,Starters,Thai
1343011,90,52,2640,290.03,292.03,0,0,393,685,56,TYPE_B,5.6,Starters,Thai
1261989,91,52,2640,291.03,290.03,0,0,175,685,56,TYPE_B,5.6,Starters,Thai
1454617,92,52,2640,290.03,292.03,0,0,323,685,56,TYPE_B,5.6,Starters,Thai
1247767,93,52,2640,292.03,292.03,0,0,296,685,56,TYPE_B,5.6,Starters,Thai
1416539,94,52,2640,291.03,292.03,0,0,163,685,56,TYPE_B,5.6,Starters,Thai
1337156,95,52,2640,291.03,290.03,0,0,350,685,56,TYPE_B,5.6,Starters,Thai
1270617,96,52,2640,290.03,292.03,0,0,242,685,56,TYPE_B,5.6,Starters,Thai
1306993,97,52,2640,292.03,292.03,0,0,311,685,56,TYPE_B,5.6,Starters,Thai
1472007,98,52,2640,292.03,290.03,0,0,204,685,56,TYPE_B,5.6,Starters,Thai
1257231,99,52,2640,290.03,290.03,0,0,203,685,56,TYPE_B,5.6,Starters,Thai
1077786,100,52,2640,292.03,291.03,0,0,285,685,56,TYPE_B,5.6,Starters,Thai
1213219,101,52,2640,292.03,291.03,0,0,378,685,56,TYPE_B,5.6,Starters,Thai
1394485,102,52,2640,291.03,291.03,0,0,485,685,56,TYPE_B,5.6,Starters,Thai
1430462,103,52,2640,290.03,290.03,0,0,257,685,56,TYPE_B,5.6,Starters,Thai
1217288,104,52,2640,291.03,290.03,0,0,271,685,56,TYPE_B,5.6,Starters,Thai
1301379,105,52,2640,290.03,291.03,0,0,420,685,56,TYPE_B,5.6,Starters,Thai
1016900,106,52,2640,292.03,291.03,0,0,256,685,56,TYPE_B,5.6,Starters,Thai
1371883,107,52,2640,213.46,291.03,1,0,622,685,56,TYPE_B,5.6,Starters,Thai
1001896,108,52,2640,212.46,292.03,1,1,743,685,56,TYPE_B,5.6,Starters,Thai
1357824,109,52,2640,213.46,292.03,1,1,865,685,56,TYPE_B,5.6,Starters,Thai
1277582,110,52,2640,211.46,291.03,0,1,690,685,56,TYPE_B,5.6,Starters,Thai
1278370,111,52,2640,292.03,290.03,0,0,135,685,56,TYPE_B,5.6,Starters,Thai
1182244,112,52,2640,292.03,292.03,0,0,123,685,56,TYPE_B,5.6,Starters,Thai
1289421,113,52,2640,292.03,292.03,0,0,418,685,56,TYPE_B,5.6,Starters,Thai
1000432,1,52,1878,280.33,282.33,0,0,121,685,56,TYPE_B,5.6,Starters,Thai
1291584,2,52,1878,282.33,281.33,0,0,82,685,56,TYPE_B,5.6,Starters,Thai
1122855,3,52,1878,244.5,280.33,0,0,230,685,56,TYPE_B,5.6,Starters,Thai
1029587,4,52,1878,246.44,281.33,0,0,243,685,56,TYPE_B,5.6,Starters,Thai
1202054,5,52,1878,241.59,282.33,0,0,216,685,56,TYPE_B,5.6,Starters,Thai
1481899,6,52,1878,242.53,280.33,0,0,298,685,56,TYPE_B,5.6,Starters,Thai
1134971,7,52,1878,243.53,282.33,0,0,391,685,56,TYPE_B,5.6,Starters,Thai
1025156,8,52,1878,241.53,280.33,0,0,365,685,56,TYPE_B,5.6,Starters,Thai
1222554,9,52,1878,244.5,244.5,0,0,377,685,56,TYPE_B,5.6,Starters,Thai
1216985,10,52,1878,281.33,280.33,0,0,136,685,56,TYPE_B,5.6,Starters,Thai
1320062,11,52,1878,280.33,282.33,0,0,54,685,56,TYPE_B,5.6,Starters,Thai
1192578,12,52,1878,281.33,281.33,0,0,162,685,56,TYPE_B,5.6,Starters,Thai
1176874,13,52,1878,281.33,282.33,0,0,136,685,56,TYPE_B,5.6,Starters,Thai
1459263,14,52,1878,280.33,280.33,0,0,175,685,56,TYPE_B,5.6,Starters,Thai
1301445,15,52,1878,282.33,282.33,0,0,215,685,56,TYPE_B,5.6,Starters,Thai
1334278,16,52,1878,281.33,280.33,0,0,121,685,56,TYPE_B,5.6,Starters,Thai
1289961,17,52,1878,282.33,280.33,0,0,107,685,56,TYPE_B,5.6,Starters,Thai
1096057,18,52,1878,281.33,280.33,0,0,81,685,56,TYPE_B,5.6,Starters,Thai
1111188,19,52,1878,280.33,280.33,0,0,122,685,56,TYPE_B,5.6,Starters,Thai
1145885,20,52,1878,281.33,280.33,0,0,53,685,56,TYPE_B,5.6,Starters,Thai
1443901,21,52,1878,282.33,282.33,0,0,96,685,56,TYPE_B,5.6,Starters,Thai
1330660,22,52,1878,282.33,282.33,0,0,69,685,56,TYPE_B,5.6,Starters,Thai
1416312,23,52,1878,280.33,282.33,0,0,107,685,56,TYPE_B,5.6,Starters,Thai
1308296,24,52,1878,280.33,282.33,0,0,244,685,56,TYPE_B,5.6,Starters,Thai
1241409,25,52,1878,281.33,282.33,0,0,69,685,56,TYPE_B,5.6,Starters,Thai
1383949,26,52,1878,281.33,281.33,0,0,121,685,56,TYPE_B,5.6,Starters,Thai
1175414,27,52,1878,281.33,282.33,0,0,161,685,56,TYPE_B,5.6,Starters,Thai
1493340,28,52,1878,280.33,280.33,0,0,148,685,56,TYPE_B,5.6,Starters,Thai
1162640,29,52,1878,281.33,281.33,0,0,42,685,56,TYPE_B,5.6,Starters,Thai
1394612,30,52,1878,281.33,280.33,0,0,95,685,56,TYPE_B,5.6,Starters,Thai
1078651,31,52,1878,280.33,280.33,0,0,96,685,56,TYPE_B,5.6,Starters,Thai
1487281,32,52,1878,282.33,280.33,0,0,80,685,56,TYPE_B,5.6,Starters,Thai
1078148,33,52,1878,281.33,282.33,0,0,80,685,56,TYPE_B,5.6,Starters,Thai
1444186,34,52,1878,281.33,282.33,0,0,134,685,56,TYPE_B,5.6,Starters,Thai
1335554,35,52,1878,281.33,282.33,0,0,26,685,56,TYPE_B,5.6,Starters,Thai
1180866,36,52,1878,282.33,282.33,0,0,95,685,56,TYPE_B,5.6,Starters,Thai
1188578,37,52,1878,281.33,280.33,0,0,96,685,56,TYPE_B,5.6,Starters,Thai
1234041,38,52,1878,281.33,280.33,0,0,109,685,56,TYPE_B,5.6,Starters,Thai
1418997,39,52,1878,280.33,281.33,0,0,80,685,56,TYPE_B,5.6,Starters,Thai
1090536,40,52,1878,282.33,280.33,0,0,109,685,56,TYPE_B,5.6,Starters,Thai
1244836,41,52,1878,281.33,280.33,0,0,109,685,56,TYPE_B,5.6,Starters,Thai
1356095,42,52,1878,280.33,282.33,0,0,53,685,56,TYPE_B,5.6,Starters,Thai
1161941,43,52,1878,280.33,282.33,0,0,69,685,56,TYPE_B,5.6,Starters,Thai
1020873,44,52,1878,280.33,282.33,0,0,26,685,56,TYPE_B,5.6,Starters,Thai
1277510,45,52,1878,281.33,280.33,0,0,67,685,56,TYPE_B,5.6,Starters,Thai
1321960,46,52,1878,282.33,281.33,0,0,27,685,56,TYPE_B,5.6,Starters,Thai
1442138,47,52,1878,280.33,280.33,0,0,122,685,56,TYPE_B,5.6,Starters,Thai
1495128,48,52,1878,282.33,281.33,0,0,95,685,56,TYPE_B,5.6,Starters,Thai
1117132,49,52,1878,280.33,280.33,0,0,107,685,56,TYPE_B,5.6,Starters,Thai
1122903,50,52,1878,282.33,281.33,0,0,108,685,56,TYPE_B,5.6,Starters,Thai
1322185,51,52,1878,281.33,280.33,0,0,134,685,56,TYPE_B,5.6,Starters,Thai
1190632,52,52,1878,281.33,280.33,0,0,28,685,56,TYPE_B,5.6,Starters,Thai
1350529,53,52,1878,280.33,280.33,0,0,80,685,56,TYPE_B,5.6,Starters,Thai
1152288,54,52,1878,281.33,280.33,0,0,121,685,56,TYPE_B,5.6,Starters,Thai
1034104,55,52,1878,280.33,281.33,0,0,13,685,56,TYPE_B,5.6,Starters,Thai
1043862,56,52,1878,282.33,280.33,0,0,67,685,56,TYPE_B,5.6,Starters,Thai
1167083,57,52,1878,290.03,291.03,0,0,122,685,56,TYPE_B,5.6,Starters,Thai
1149887,58,52,1878,290.03,292.03,0,0,136,685,56,TYPE_B,5.6,Starters,Thai
1032162,59,52,1878,291.03,291.03,0,0,69,685,56,TYPE_B,5.6,Starters,Thai
1125846,60,52,1878,290.03,292.03,0,0,176,685,56,TYPE_B,5.6,Starters,Thai
1204020,61,52,1878,291.03,291.03,0,0,312,685,56,TYPE_B,5.6,Starters,Thai
1213897,62,52,1878,291.03,292.03,0,0,134,685,56,TYPE_B,5.6,Starters,Thai
1246116,63,52,1878,291.03,292.03,0,0,123,685,56,TYPE_B,5.6,Starters,Thai
1245247,64,52,1878,290.03,291.03,0,0,107,685,56,TYPE_B,5.6,Starters,Thai
1327900,65,52,1878,290.03,291.03,0,0,150,685,56,TYPE_B,5.6,Starters,Thai
1433440,66,52,1878,290.03,292.03,0,0,163,685,56,TYPE_B,5.6,Starters,Thai
1459382,67,52,1878,291.03,292.03,0,0,121,685,56,TYPE_B,5.6,Starters,Thai
1280540,68,52,1878,292.03,292.03,0,0,96,685,56,TYPE_B,5.6,Starters,Thai
1312022,69,52,1878,291.03,290.03,0,0,149,685,56,TYPE_B,5.6,Starters,Thai
1447401,70,52,1878,290.09,288.09,0,0,190,685,56,TYPE_B,5.6,Starters,Thai
1384485,71,52,1878,292.03,291.03,0,0,256,685,56,TYPE_B,5.6,Starters,Thai
1059045,72,52,1878,291.03,290.03,0,0,162,685,56,TYPE_B,5.6,Starters,Thai
1468860,73,52,1878,291.03,291.03,0,0,150,685,56,TYPE_B,5.6,Starters,Thai
1395402,74,52,1878,292.03,292.03,0,0,109,685,56,TYPE_B,5.6,Starters,Thai
1111365,75,52,1878,292.03,292.03,0,0,136,685,56,TYPE_B,5.6,Starters,Thai
1282907,76,52,1878,290.03,290.03,0,0,82,685,56,TYPE_B,5.6,Starters,Thai
1311201,77,52,1878,292.03,291.03,0,0,107,685,56,TYPE_B,5.6,Starters,Thai
1446605,78,52,1878,290.03,292.03,0,0,96,685,56,TYPE_B,5.6,Starters,Thai
1361445,79,52,1878,292.03,292.03,0,0,123,685,56,TYPE_B,5.6,Starters,Thai
1114096,80,52,1878,290.03,292.03,0,0,121,685,56,TYPE_B,5.6,Starters,Thai
1186966,81,52,1878,291.03,290.03,0,0,108,685,56,TYPE_B,5.6,Starters,Thai
1304052,82,52,1878,292.03,292.03,0,0,149,685,56,TYPE_B,5.6,Starters,Thai
1016925,83,52,1878,290.03,290.03,0,0,135,685,56,TYPE_B,5.6,Starters,Thai
1004861,84,52,1878,290.03,292.03,0,0,149,685,56,TYPE_B,5.6,Starters,Thai
1059305,85,52,1878,195.94,291.03,1,1,878,685,56,TYPE_B,5.6,Starters,Thai
1301097,86,52,1878,196.97,290.03,1,1,825,685,56,TYPE_B,5.6,Starters,Thai
1028269,87,52,1878,195.03,291.03,1,1,1041,685,56,TYPE_B,5.6,Starters,Thai
1048972,88,52,1878,256.11,292.03,1,0,189,685,56,TYPE_B,5.6,Starters,Thai
1207094,89,52,1878,292.03,290.03,0,0,135,685,56,TYPE_B,5.6,Starters,Thai
1075425,90,52,1878,290.03,290.03,0,0,204,685,56,TYPE_B,5.6,Starters,Thai
1143954,91,52,1878,291.03,290.03,0,0,69,685,56,TYPE_B,5.6,Starters,Thai
1012096,92,52,1878,292.03,291.03,0,0,80,685,56,TYPE_B,5.6,Starters,Thai
1143074,93,52,1878,291.03,290.03,0,0,136,685,56,TYPE_B,5.6,Starters,Thai
1319474,94,52,1878,291.03,291.03,0,0,149,685,56,TYPE_B,5.6,Starters,Thai
1391148,95,52,1878,291.03,292.03,0,0,148,685,56,TYPE_B,5.6,Starters,Thai
1415570,96,52,1878,290.03,290.03,0,0,162,685,56,TYPE_B,5.6,Starters,Thai
1152259,97,52,1878,292.03,291.03,0,0,204,685,56,TYPE_B,5.6,Starters,Thai
1035182,98,52,1878,291.03,292.03,0,0,175,685,56,TYPE_B,5.6,Starters,Thai
1170724,99,52,1878,290.03,291.03,0,0,257,685,56,TYPE_B,5.6,Starters,Thai
1495347,100,52,1878,291.03,291.03,0,0,242,685,56,TYPE_B,5.6,Starters,Thai
1273264,101,52,1878,292.03,291.03,0,0,176,685,56,TYPE_B,5.6,Starters,Thai
1358223,102,52,1878,292.03,291.03,0,0,204,685,56,TYPE_B,5.6,Starters,Thai
1355440,103,52,1878,290.03,290.03,0,0,204,685,56,TYPE_B,5.6,Starters,Thai
1362046,104,52,1878,292.03,292.03,0,0,123,685,56,TYPE_B,5.6,Starters,Thai
1271142,105,52,1878,291.03,292.03,0,0,216,685,56,TYPE_B,5.6,Starters,Thai
1350263,106,52,1878,291.03,290.03,0,0,109,685,56,TYPE_B,5.6,Starters,Thai
1470644,107,52,1878,211.46,290.03,1,1,541,685,56,TYPE_B,5.6,Starters,Thai
1172736,108,52,1878,213.46,291.03,1,1,663,685,56,TYPE_B,5.6,Starters,Thai
1428084,109,52,1878,213.46,292.03,1,1,593,685,56,TYPE_B,5.6,Starters,Thai
1242114,110,52,1878,215.4,291.03,0,0,485,685,56,TYPE_B,5.6,Starters,Thai
1449471,111,52,1878,290.03,290.03,0,0,26,685,56,TYPE_B,5.6,Starters,Thai
1478324,112,52,1878,291.03,291.03,0,0,82,685,56,TYPE_B,5.6,Starters,Thai
1324841,113,52,1878,291.03,290.03,0,0,95,685,56,TYPE_B,5.6,Starters,Thai
