Data set/Center wise/Center_52_Rank4.csv
id,week,center_id,meal_id,checkout_price,base_price,emailer_for_promotion,homepage_featured,num_orders,city_code,region_code,center_type,op_area,category,cuisine
1027204,1,52,2306,242.5,339.53,0,1,553,685,56,TYPE_B,5.6,Pasta,Italian
1190234,2,52,2306,242.5,340.53,0,1,541,685,56,TYPE_B,5.6,Pasta,Italian
1253052,3,52,2306,242.5,338.53,0,1,500,685,56,TYPE_B,5.6,Pasta,Italian
1407736,5,52,2306,338.53,338.53,0,0,80,685,56,TYPE_B,5.6,Pasta,Italian
1162029,6,52,2306,340.53,339.53,0,0,14,685,56,TYPE_B,5.6,Pasta,Italian
1279920,7,52,2306,338.53,338.53,0,0,13,685,56,TYPE_B,5.6,Pasta,Italian
1277474,8,52,2306,243.5,338.53,1,1,203,685,56,TYPE_B,5.6,Pasta,Italian
1027354,10,52,2306,244.5,338.53,0,1,41,685,56,TYPE_B,5.6,Pasta,Italian
1474284,11,52,2306,247.35,340.53,0,0,296,685,56,TYPE_B,5.6,Pasta,Italian
1417994,12,52,2306,249.35,340.53,1,1,283,685,56,TYPE_B,5.6,Pasta,Italian
1344560,13,52,2306,249.35,339.53,0,1,270,685,56,TYPE_B,5.6,Pasta,Italian
1204631,14,52,2306,251.29,339.53,0,1,204,685,56,TYPE_B,5.6,Pasta,Italian
1039091,15,52,2306,243.5,338.53,0,0,149,685,56,TYPE_B,5.6,Pasta,Italian
1211428,16,52,2306,339.53,339.53,0,0,28,685,56,TYPE_B,5.6,Pasta,Italian
1398416,17,52,2306,339.53,339.53,0,0,108,685,56,TYPE_B,5.6,Pasta,Italian
1272187,18,52,2306,244.5,340.53,0,1,296,685,56,TYPE_B,5.6,Pasta,Italian
1116382,19,52,2306,244.5,338.53,0,1,271,685,56,TYPE_B,5.6,Pasta,Italian
1122961,20,52,2306,244.5,340.53,0,1,163,685,56,TYPE_B,5.6,Pasta,Italian
1181217,21,52,2306,242.5,338.53,0,0,134,685,56,TYPE_B,5.6,Pasta,Italian
1311181,22,52,2306,320.13,319.13,0,0,68,685,56,TYPE_B,5.6,Pasta,Italian
1230191,24,52,2306,339.53,338.53,0,0,81,685,56,TYPE_B,5.6,Pasta,Italian
1072291,25,52,2306,243.5,340.53,1,1,177,685,56,TYPE_B,5.6,Pasta,Italian
1259599,26,52,2306,251.23,340.53,0,1,312,685,56,TYPE_B,5.6,Pasta,Italian
1073342,27,52,2306,242.5,338.53,1,0,229,685,56,TYPE_B,5.6,Pasta,Italian
1019722,28,52,2306,338.53,339.53,0,0,55,685,56,TYPE_B,5.6,Pasta,Italian
1373659,29,52,2306,339.53,339.53,0,0,54,685,56,TYPE_B,5.6,Pasta,Italian
1279779,30,52,2306,339.53,338.53,0,0,107,685,56,TYPE_B,5.6,Pasta,Italian
1251623,31,52,2306,228.01,339.53,0,0,40,685,56,TYPE_B,5.6,Pasta,Italian
1011553,32,52,2306,291.03,338.53,0,0,96,685,56,TYPE_B,5.6,Pasta,Italian
1367680,33,52,2306,237.68,339.53,0,1,365,685,56,TYPE_B,5.6,Pasta,Italian
1375052,34,52,2306,175.63,338.53,0,1,190,685,56,TYPE_B,5.6,Pasta,Italian
1226004,35,52,2306,244.5,340.53,0,0,41,685,56,TYPE_B,5.6,Pasta,Italian
1387649,36,52,2306,244.5,338.53,0,0,95,685,56,TYPE_B,5.6,Pasta,Italian
1140359,37,52,2306,339.53,338.53,0,0,68,685,56,TYPE_B,5.6,Pasta,Italian
1317957,38,52,2306,338.53,340.53,0,0,81,685,56,TYPE_B,5.6,Pasta,Italian
1282077,39,52,2306,242.5,338.53,0,1,55,685,56,TYPE_B,5.6,Pasta,Italian
1040217,40,52,2306,244.5,340.53,0,1,54,685,56,TYPE_B,5.6,Pasta,Italian
1055506,41,52,2306,243.5,340.53,0,1,149,685,56,TYPE_B,5.6,Pasta,Italian
1497222,42,52,2306,244.5,338.53,0,1,136,685,56,TYPE_B,5.6,Pasta,Italian
1275929,43,52,2306,338.53,339.53,0,0,40,685,56,TYPE_B,5.6,Pasta,Italian
1095208,44,52,2306,339.53,340.53,0,0,28,685,56,TYPE_B,5.6,Pasta,Italian
1059742,45,52,2306,340.53,339.53,0,0,28,685,56,TYPE_B,5.6,Pasta,Italian
1353980,46,52,2306,338.53,338.53,0,0,14,685,56,TYPE_B,5.6,Pasta,Italian
1156796,47,52,2306,340.53,338.53,0,0,149,685,56,TYPE_B,5.6,Pasta,Italian
1421088,48,52,2306,339.53,340.53,0,0,109,685,56,TYPE_B,5.6,Pasta,Italian
1307949,49,52,2306,339.53,338.53,0,0,41,685,56,TYPE_B,5.6,Pasta,Italian
1252433,50,52,2306,339.53,340.53,0,0,69,685,56,TYPE_B,5.6,Pasta,Italian
1247299,51,52,2306,254.17,338.53,0,0,121,685,56,TYPE_B,5.6,Pasta,Italian
1218042,52,52,2306,243.5,340.53,0,1,351,685,56,TYPE_B,5.6,Pasta,Italian
1136430,53,52,2306,242.5,338.53,1,0,391,685,56,TYPE_B,5.6,Pasta,Italian
1345667,54,52,2306,244.5,340.53,0,0,161,685,56,TYPE_B,5.6,Pasta,Italian
1326983,55,52,2306,243.5,340.53,0,0,148,685,56,TYPE_B,5.6,Pasta,Italian
1486453,56,52,2306,340.53,338.53,0,0,95,685,56,TYPE_B,5.6,Pasta,Italian
1239969,57,52,2306,338.53,339.53,0,0,82,685,56,TYPE_B,5.6,Pasta,Italian
1309568,58,52,2306,339.53,339.53,0,0,67,685,56,TYPE_B,5.6,Pasta,Italian
1442494,59,52,2306,339.53,339.53,0,0,121,685,56,TYPE_B,5.6,Pasta,Italian
1145663,60,52,2306,338.53,339.53,0,0,14,685,56,TYPE_B,5.6,Pasta,Italian
1438362,61,52,2306,340.53,338.53,0,0,80,685,56,TYPE_B,5.6,Pasta,Italian
1180222,62,52,2306,339.53,340.53,0,0,14,685,56,TYPE_B,5.6,Pasta,Italian
1283445,63,52,2306,339.53,338.53,0,0,41,685,56,TYPE_B,5.6,Pasta,Italian
1407606,64,52,2306,338.53,340.53,0,0,81,685,56,TYPE_B,5.6,Pasta,Italian
1248477,65,52,2306,340.53,338.53,0,0,108,685,56,TYPE_B,5.6,Pasta,Italian
1095319,66,52,2306,227.98,340.53,0,0,217,685,56,TYPE_B,5.6,Pasta,Italian
1401121,67,52,2306,243.5,338.53,0,0,149,685,56,TYPE_B,5.6,Pasta,Italian
1311228,68,52,2306,242.5,340.53,0,0,231,685,56,TYPE_B,5.6,Pasta,Italian
1467098,69,52,2306,340.53,339.53,0,0,108,685,56,TYPE_B,5.6,Pasta,Italian
1240344,70,52,2306,243.5,339.53,1,1,419,685,56,TYPE_B,5.6,Pasta,Italian
1321961,71,52,2306,244.5,340.53,1,1,94,685,56,TYPE_B,5.6,Pasta,Italian
1077974,72,52,2306,255.17,338.53,0,0,123,685,56,TYPE_B,5.6,Pasta,Italian
1163043,73,52,2306,242.5,338.53,0,0,121,685,56,TYPE_B,5.6,Pasta,Italian
1344366,74,52,2306,340.53,339.53,0,0,67,685,56,TYPE_B,5.6,Pasta,Italian
1065087,75,52,2306,346.29,347.29,0,0,148,685,56,TYPE_B,5.6,Pasta,Italian
1316222,76,52,2306,348.26,348.26,0,0,69,685,56,TYPE_B,5.6,Pasta,Italian
1113882,77,52,2306,347.26,347.26,0,0,94,685,56,TYPE_B,5.6,Pasta,Italian
1194497,80,52,2306,348.26,348.26,0,0,27,685,56,TYPE_B,5.6,Pasta,Italian
1168880,81,52,2306,347.26,348.26,0,0,82,685,56,TYPE_B,5.6,Pasta,Italian
1043795,82,52,2306,349.26,349.26,0,0,67,685,56,TYPE_B,5.6,Pasta,Italian
1068486,83,52,2306,348.26,347.26,0,0,135,685,56,TYPE_B,5.6,Pasta,Italian
1095269,84,52,2306,348.26,347.26,0,0,94,685,56,TYPE_B,5.6,Pasta,Italian
1015280,85,52,2306,243.5,349.26,0,0,136,685,56,TYPE_B,5.6,Pasta,Italian
1257368,86,52,2306,244.5,348.26,0,0,150,685,56,TYPE_B,5.6,Pasta,Italian
1411477,87,52,2306,256.11,349.26,0,0,231,685,56,TYPE_B,5.6,Pasta,Italian
1051741,88,52,2306,244.5,349.26,0,0,229,685,56,TYPE_B,5.6,Pasta,Italian
1041773,89,52,2306,349.26,348.26,0,0,69,685,56,TYPE_B,5.6,Pasta,Italian
1108022,90,52,2306,348.26,347.26,0,0,80,685,56,TYPE_B,5.6,Pasta,Italian
1328017,91,52,2306,348.26,348.26,0,0,69,685,56,TYPE_B,5.6,Pasta,Italian
1232674,92,52,2306,349.26,349.26,0,0,41,685,56,TYPE_B,5.6,Pasta,Italian
1408544,93,52,2306,347.26,347.26,0,0,28,685,56,TYPE_B,5.6,Pasta,Italian
1210884,94,52,2306,347.26,347.26,0,0,55,685,56,TYPE_B,5.6,Pasta,Italian
1402505,95,52,2306,349.26,347.26,0,0,40,685,56,TYPE_B,5.6,Pasta,Italian
1440186,96,52,2306,347.26,347.26,0,0,42,685,56,TYPE_B,5.6,Pasta,Italian
1008519,97,52,2306,347.26,348.26,0,0,81,685,56,TYPE_B,5.6,Pasta,Italian
1379844,98,52,2306,347.26,348.26,0,0,41,685,56,TYPE_B,5.6,Pasta,Italian
1233962,99,52,2306,349.26,347.26,0,0,28,685,56,TYPE_B,5.6,Pasta,Italian
1173965,100,52,2306,347.26,347.26,0,0,82,685,56,TYPE_B,5.6,Pasta,Italian
1318286,101,52,2306,348.26,349.26,0,0,14,685,56,TYPE_B,5.6,Pasta,Italian
1000123,102,52,2306,349.26,347.26,0,0,26,685,56,TYPE_B,5.6,Pasta,Italian
1219411,103,52,2306,243.5,349.26,0,0,82,685,56,TYPE_B,5.6,Pasta,Italian
1138569,104,52,2306,243.5,347.26,1,0,460,685,56,TYPE_B,5.6,Pasta,Italian
1493181,105,52,2306,244.5,347.26,1,0,445,685,56,TYPE_B,5.6,Pasta,Italian
1252641,106,52,2306,244.5,347.26,0,0,80,685,56,TYPE_B,5.6,Pasta,Italian
1447726,107,52,2306,358.93,359.93,0,0,68,685,56,TYPE_B,5.6,Pasta,Italian
1250630,109,52,2306,357.93,359.93,0,0,94,685,56,TYPE_B,5.6,Pasta,Italian
1062770,110,52,2306,357.93,358.93,0,0,67,685,56,TYPE_B,5.6,Pasta,Italian
1167671,111,52,2306,357.93,358.93,0,0,15,685,56,TYPE_B,5.6,Pasta,Italian
1240794,112,52,2306,357.93,359.93,0,0,41,685,56,TYPE_B,5.6,Pasta,Italian
1259494,113,52,2306,248.38,359.93,1,1,366,685,56,TYPE_B,5.6,Pasta,Italian
1053195,1,52,1216,455.93,455.93,0,1,54,685,56,TYPE_B,5.6,Pasta,Italian
1210319,2,52,1216,456.93,456.93,0,0,123,685,56,TYPE_B,5.6,Pasta,Italian
1320155,3,52,1216,455.93,454.93,0,0,108,685,56,TYPE_B,5.6,Pasta,Italian
1145418,4,52,1216,454.93,455.93,0,0,42,685,56,TYPE_B,5.6,Pasta,Italian
1330918,5,52,1216,454.93,454.93,0,0,53,685,56,TYPE_B,5.6,Pasta,Italian
1410208,6,52,1216,454.93,454.93,0,0,150,685,56,TYPE_B,5.6,Pasta,Italian
1201005,7,52,1216,454.93,455.93,0,0,80,685,56,TYPE_B,5.6,Pasta,Italian
1244863,8,52,1216,341.5,456.93,0,1,230,685,56,TYPE_B,5.6,Pasta,Italian
1221528,9,52,1216,339.5,454.93,0,1,26,685,56,TYPE_B,5.6,Pasta,Italian
1090110,10,52,1216,339.5,454.93,0,1,68,685,56,TYPE_B,5.6,Pasta,Italian
1422694,11,52,1216,340.5,455.93,0,0,134,685,56,TYPE_B,5.6,Pasta,Italian
1040343,12,52,1216,406.43,456.93,0,0,121,685,56,TYPE_B,5.6,Pasta,Italian
1156680,13,52,1216,408.43,455.93,0,0,109,685,56,TYPE_B,5.6,Pasta,Italian
1333644,14,52,1216,406.43,454.93,0,0,162,685,56,TYPE_B,5.6,Pasta,Italian
1247322,15,52,1216,407.43,454.93,0,0,108,685,56,TYPE_B,5.6,Pasta,Italian
1340090,16,52,1216,406.43,456.93,0,0,42,685,56,TYPE_B,5.6,Pasta,Italian
1154001,20,52,1216,408.43,407.43,0,0,15,685,56,TYPE_B,5.6,Pasta,Italian
1105536,21,52,1216,408.43,408.43,0,0,149,685,56,TYPE_B,5.6,Pasta,Italian
1345828,22,52,1216,339.5,408.43,0,1,150,685,56,TYPE_B,5.6,Pasta,Italian
1118643,23,52,1216,339.5,408.43,0,1,95,685,56,TYPE_B,5.6,Pasta,Italian
1415573,24,52,1216,347.26,408.43,0,1,123,685,56,TYPE_B,5.6,Pasta,Italian
1191066,25,52,1216,407.43,407.43,0,0,96,685,56,TYPE_B,5.6,Pasta,Italian
1240291,26,52,1216,407.43,407.43,0,0,108,685,56,TYPE_B,5.6,Pasta,Italian
1386396,27,52,1216,408.43,406.43,0,0,80,685,56,TYPE_B,5.6,Pasta,Italian
1063473,28,52,1216,407.43,408.43,0,0,55,685,56,TYPE_B,5.6,Pasta,Italian
1136522,29,52,1216,408.43,406.43,0,0,26,685,56,TYPE_B,5.6,Pasta,Italian
1194421,30,52,1216,406.43,406.43,0,0,134,685,56,TYPE_B,5.6,Pasta,Italian
1286864,31,52,1216,408.43,407.43,0,0,176,685,56,TYPE_B,5.6,Pasta,Italian
1271360,32,52,1216,407.43,406.43,0,0,135,685,56,TYPE_B,5.6,Pasta,Italian
1418063,33,52,1216,408.43,408.43,0,0,67,685,56,TYPE_B,5.6,Pasta,Italian
1407569,34,52,1216,407.43,407.43,0,0,95,685,56,TYPE_B,5.6,Pasta,Italian
1148121,35,52,1216,338.59,407.43,1,0,80,685,56,TYPE_B,5.6,Pasta,Italian
1319719,36,52,1216,337.59,406.43,1,0,54,685,56,TYPE_B,5.6,Pasta,Italian
1441567,37,52,1216,326.89,406.43,0,0,136,685,56,TYPE_B,5.6,Pasta,Italian
1290808,38,52,1216,338.59,408.43,0,0,81,685,56,TYPE_B,5.6,Pasta,Italian
1296985,39,52,1216,367.63,368.63,0,0,55,685,56,TYPE_B,5.6,Pasta,Italian
1057034,40,52,1216,369.63,369.63,0,0,53,685,56,TYPE_B,5.6,Pasta,Italian
1325327,41,52,1216,376.42,376.42,0,0,81,685,56,TYPE_B,5.6,Pasta,Italian
1208717,42,52,1216,369.63,367.63,0,0,121,685,56,TYPE_B,5.6,Pasta,Italian
1128396,43,52,1216,406.43,406.43,0,0,94,685,56,TYPE_B,5.6,Pasta,Italian
1403200,44,52,1216,407.43,407.43,0,0,149,685,56,TYPE_B,5.6,Pasta,Italian
1088154,45,52,1216,406.43,408.43,0,0,67,685,56,TYPE_B,5.6,Pasta,Italian
1000318,46,52,1216,407.43,408.43,0,0,94,685,56,TYPE_B,5.6,Pasta,Italian
1057538,47,52,1216,408.43,406.43,0,0,123,685,56,TYPE_B,5.6,Pasta,Italian
1141118,48,52,1216,408.43,407.43,0,0,122,685,56,TYPE_B,5.6,Pasta,Italian
1485177,49,52,1216,408.43,408.43,0,0,135,685,56,TYPE_B,5.6,Pasta,Italian
1175631,50,52,1216,406.43,407.43,0,0,69,685,56,TYPE_B,5.6,Pasta,Italian
1034139,51,52,1216,406.43,406.43,0,0,107,685,56,TYPE_B,5.6,Pasta,Italian
1226859,52,52,1216,407.43,406.43,0,0,148,685,56,TYPE_B,5.6,Pasta,Italian
1220835,53,52,1216,408.43,406.43,0,0,53,685,56,TYPE_B,5.6,Pasta,Italian
1286010,54,52,1216,408.43,406.43,0,0,53,685,56,TYPE_B,5.6,Pasta,Italian
1216616,55,52,1216,408.43,408.43,0,0,94,685,56,TYPE_B,5.6,Pasta,Italian
1471260,56,52,1216,408.43,408.43,0,0,148,685,56,TYPE_B,5.6,Pasta,Italian
1128940,57,52,1216,406.43,408.43,0,0,136,685,56,TYPE_B,5.6,Pasta,Italian
1032154,58,52,1216,408.43,406.43,0,0,107,685,56,TYPE_B,5.6,Pasta,Italian
1485411,59,52,1216,408.43,407.43,0,0,136,685,56,TYPE_B,5.6,Pasta,Italian
1373838,60,52,1216,407.43,408.43,0,0,123,685,56,TYPE_B,5.6,Pasta,Italian
1126070,61,52,1216,408.43,407.43,0,0,150,685,56,TYPE_B,5.6,Pasta,Italian
1243157,62,52,1216,408.43,408.43,0,0,14,685,56,TYPE_B,5.6,Pasta,Italian
1402315,63,52,1216,407.43,406.43,0,0,122,685,56,TYPE_B,5.6,Pasta,Italian
1452423,64,52,1216,408.43,406.43,0,0,162,685,56,TYPE_B,5.6,Pasta,Italian
1198450,65,52,1216,407.43,407.43,0,0,80,685,56,TYPE_B,5.6,Pasta,Italian
1027949,66,52,1216,406.43,408.43,0,0,135,685,56,TYPE_B,5.6,Pasta,Italian
1280622,67,52,1216,408.43,406.43,0,0,55,685,56,TYPE_B,5.6,Pasta,Italian
1446939,68,52,1216,407.43,408.43,0,0,81,685,56,TYPE_B,5.6,Pasta,Italian
1261441,69,52,1216,407.43,408.43,0,0,107,685,56,TYPE_B,5.6,Pasta,Italian
1034046,70,52,1216,406.43,406.43,0,0,122,685,56,TYPE_B,5.6,Pasta,Italian
1238910,71,52,1216,407.43,408.43,0,0,68,685,56,TYPE_B,5.6,Pasta,Italian
1184704,72,52,1216,406.43,407.43,0,0,121,685,56,TYPE_B,5.6,Pasta,Italian
1297903,73,52,1216,389.03,387.03,0,0,122,685,56,TYPE_B,5.6,Pasta,Italian
1284056,74,52,1216,388.03,389.03,0,0,68,685,56,TYPE_B,5.6,Pasta,Italian
1004633,75,52,1216,391.94,389.94,0,0,175,685,56,TYPE_B,5.6,Pasta,Italian
1419482,76,52,1216,389.03,389.03,0,0,94,685,56,TYPE_B,5.6,Pasta,Italian
1380719,77,52,1216,407.46,407.46,0,0,176,685,56,TYPE_B,5.6,Pasta,Italian
1164169,78,52,1216,406.43,406.43,0,0,41,685,56,TYPE_B,5.6,Pasta,Italian
1121290,80,52,1216,406.43,407.43,0,0,123,685,56,TYPE_B,5.6,Pasta,Italian
1494495,81,52,1216,406.43,407.43,0,0,122,685,56,TYPE_B,5.6,Pasta,Italian
1269497,82,52,1216,407.43,408.43,0,0,150,685,56,TYPE_B,5.6,Pasta,Italian
1290150,83,52,1216,407.43,406.43,0,0,96,685,56,TYPE_B,5.6,Pasta,Italian
1137591,84,52,1216,406.43,407.43,0,0,107,685,56,TYPE_B,5.6,Pasta,Italian
1080067,85,52,1216,406.43,408.43,0,0,150,685,56,TYPE_B,5.6,Pasta,Italian
1452339,86,52,1216,407.43,408.43,0,0,96,685,56,TYPE_B,5.6,Pasta,Italian
1441641,87,52,1216,407.43,408.43,0,0,123,685,56,TYPE_B,5.6,Pasta,Italian
1459058,88,52,1216,416.16,415.16,0,0,96,685,56,TYPE_B,5.6,Pasta,Italian
1051731,89,52,1216,417.13,417.13,0,0,175,685,56,TYPE_B,5.6,Pasta,Italian
1008530,90,52,1216,341.5,417.13,1,0,150,685,56,TYPE_B,5.6,Pasta,Italian
1183239,91,52,1216,340.5,418.13,1,0,149,685,56,TYPE_B,5.6,Pasta,Italian
1098823,92,52,1216,339.5,418.13,0,0,297,685,56,TYPE_B,5.6,Pasta,Italian
1042666,93,52,1216,340.5,417.13,0,0,163,685,56,TYPE_B,5.6,Pasta,Italian
1075121,94,52,1216,339.5,417.13,0,0,257,685,56,TYPE_B,5.6,Pasta,Italian
1483420,95,52,1216,418.13,416.13,0,0,67,685,56,TYPE_B,5.6,Pasta,Italian
1191797,96,52,1216,417.13,418.13,0,0,82,685,56,TYPE_B,5.6,Pasta,Italian
1162752,97,52,1216,416.13,418.13,0,0,109,685,56,TYPE_B,5.6,Pasta,Italian
1292512,98,52,1216,292.03,416.13,1,0,231,685,56,TYPE_B,5.6,Pasta,Italian
1273038,99,52,1216,292.03,418.13,1,0,256,685,56,TYPE_B,5.6,Pasta,Italian
1017036,100,52,1216,292.03,418.13,0,0,256,685,56,TYPE_B,5.6,Pasta,Italian
1148665,101,52,1216,292.03,416.13,0,1,216,685,56,TYPE_B,5.6,Pasta,Italian
1015477,102,52,1216,387.03,388.03,0,0,109,685,56,TYPE_B,5.6,Pasta,Italian
1002287,103,52,1216,389.03,388.03,0,0,28,685,56,TYPE_B,5.6,Pasta,Italian
1425893,104,52,1216,389.03,388.03,0,0,80,685,56,TYPE_B,5.6,Pasta,Italian
1499620,105,52,1216,388.03,388.03,0,0,203,685,56,TYPE_B,5.6,Pasta,Italian
1322992,106,52,1216,388.03,387.03,0,0,40,685,56,TYPE_B,5.6,Pasta,Italian
1429929,107,52,1216,389.03,387.03,0,0,161,685,56,TYPE_B,5.6,Pasta,Italian
1243028,108,52,1216,346.29,387.03,0,0,149,685,56,TYPE_B,5.6,Pasta,Italian
1374623,109,52,1216,340.5,387.03,0,0,189,685,56,TYPE_B,5.6,Pasta,Italian
1328271,110,52,1216,343.41,389.03,0,0,338,685,56,TYPE_B,5.6,Pasta,Italian
1430749,111,52,1216,341.5,388.03,0,0,122,685,56,TYPE_B,5.6,Pasta,Italian
1174267,112,52,1216,416.13,417.13,0,0,190,685,56,TYPE_B,5.6,Pasta,Italian
1228060,113,52,1216,416.13,416.13,0,0,203,685,56,TYPE_B,5.6,Pasta,Italian
