Data set/Center wise/Center_52_Rank4.csv
id,week,center_id,meal_id,checkout_price,base_price,emailer_for_promotion,homepage_featured,num_orders,city_code,region_code,center_type,op_area,category,cuisine
1234809,1,52,2126,486.0,533.53,0,1,54,685,56,TYPE_B,5.6,Pasta,Italian
1002175,2,52,2126,485.0,533.53,0,1,134,685,56,TYPE_B,5.6,Pasta,Italian
1481708,3,52,2126,488.88,532.53,0,1,177,685,56,TYPE_B,5.6,Pasta,Italian
1491224,4,52,2126,485.03,486.03,0,0,148,685,56,TYPE_B,5.6,Pasta,Italian
1374461,5,52,2126,484.03,486.03,0,0,40,685,56,TYPE_B,5.6,Pasta,Italian
1070935,6,52,2126,485.03,484.03,0,0,122,685,56,TYPE_B,5.6,Pasta,Italian
1380068,7,52,2126,486.03,484.03,0,0,270,685,56,TYPE_B,5.6,Pasta,Italian
1450467,8,52,2126,533.53,534.53,0,0,163,685,56,TYPE_B,5.6,Pasta,Italian
1128102,9,52,2126,533.53,532.53,0,0,13,685,56,TYPE_B,5.6,Pasta,Italian
1438784,10,52,2126,534.53,532.53,0,0,27,685,56,TYPE_B,5.6,Pasta,Italian
1099418,11,52,2126,532.53,532.53,0,0,68,685,56,TYPE_B,5.6,Pasta,Italian
1368213,12,52,2126,484.03,532.53,0,1,148,685,56,TYPE_B,5.6,Pasta,Italian
1331678,13,52,2126,489.91,532.53,0,1,311,685,56,TYPE_B,5.6,Pasta,Italian
1231364,14,52,2126,485.03,532.53,0,1,161,685,56,TYPE_B,5.6,Pasta,Italian
1356405,15,52,2126,485.03,485.03,0,0,82,685,56,TYPE_B,5.6,Pasta,Italian
1378034,16,52,2126,549.02,550.02,0,0,42,685,56,TYPE_B,5.6,Pasta,Italian
1374435,17,52,2126,533.53,533.53,0,0,82,685,56,TYPE_B,5.6,Pasta,Italian
1392656,18,52,2126,484.03,533.53,0,1,134,685,56,TYPE_B,5.6,Pasta,Italian
1247086,19,52,2126,486.03,484.03,0,0,94,685,56,TYPE_B,5.6,Pasta,Italian
1238928,20,52,2126,484.03,485.03,0,0,136,685,56,TYPE_B,5.6,Pasta,Italian
1443050,21,52,2126,484.03,486.03,0,0,94,685,56,TYPE_B,5.6,Pasta,Italian
1116994,22,52,2126,534.53,533.53,0,0,202,685,56,TYPE_B,5.6,Pasta,Italian
1044741,23,52,2126,533.53,532.53,0,0,162,685,56,TYPE_B,5.6,Pasta,Italian
1319693,24,52,2126,533.53,533.53,0,0,134,685,56,TYPE_B,5.6,Pasta,Italian
1408054,25,52,2126,485.03,533.53,0,1,107,685,56,TYPE_B,5.6,Pasta,Italian
1058118,26,52,2126,484.03,532.53,0,1,68,685,56,TYPE_B,5.6,Pasta,Italian
1213107,27,52,2126,484.03,534.53,0,1,150,685,56,TYPE_B,5.6,Pasta,Italian
1124526,28,52,2126,532.53,533.53,0,0,95,685,56,TYPE_B,5.6,Pasta,Italian
1140013,29,52,2126,485.03,533.53,0,1,242,685,56,TYPE_B,5.6,Pasta,Italian
1356147,30,52,2126,485.03,532.53,0,1,256,685,56,TYPE_B,5.6,Pasta,Italian
1208486,31,52,2126,528.68,529.68,0,0,150,685,56,TYPE_B,5.6,Pasta,Italian
1175403,32,52,2126,533.53,532.53,0,0,81,685,56,TYPE_B,5.6,Pasta,Italian
1177537,33,52,2126,435.59,532.53,0,1,312,685,56,TYPE_B,5.6,Pasta,Italian
1203424,34,52,2126,435.59,533.53,0,1,175,685,56,TYPE_B,5.6,Pasta,Italian
1329922,35,52,2126,434.59,533.53,0,1,108,685,56,TYPE_B,5.6,Pasta,Italian
1464125,36,52,2126,433.59,532.53,0,1,189,685,56,TYPE_B,5.6,Pasta,Italian
1389723,37,52,2126,534.53,532.53,0,0,67,685,56,TYPE_B,5.6,Pasta,Italian
1036788,38,52,2126,532.53,532.53,0,0,15,685,56,TYPE_B,5.6,Pasta,Italian
1305094,39,52,2126,486.03,532.53,0,1,81,685,56,TYPE_B,5.6,Pasta,Italian
1451464,40,52,2126,486.03,533.53,0,1,94,685,56,TYPE_B,5.6,Pasta,Italian
1465734,41,52,2126,484.03,484.03,0,0,150,685,56,TYPE_B,5.6,Pasta,Italian
1362513,42,52,2126,486.03,485.03,0,0,68,685,56,TYPE_B,5.6,Pasta,Italian
1292708,43,52,2126,534.53,534.53,0,0,69,685,56,TYPE_B,5.6,Pasta,Italian
1047399,44,52,2126,505.43,532.53,0,1,15,685,56,TYPE_B,5.6,Pasta,Italian
1269573,45,52,2126,509.25,532.53,0,1,67,685,56,TYPE_B,5.6,Pasta,Italian
1032892,46,52,2126,504.43,532.53,0,1,54,685,56,TYPE_B,5.6,Pasta,Italian
1134497,47,52,2126,505.43,532.53,0,1,53,685,56,TYPE_B,5.6,Pasta,Italian
1115671,48,52,2126,532.53,534.53,0,0,54,685,56,TYPE_B,5.6,Pasta,Italian
1457018,49,52,2126,532.53,532.53,0,0,67,685,56,TYPE_B,5.6,Pasta,Italian
1084232,50,52,2126,534.53,533.53,0,0,28,685,56,TYPE_B,5.6,Pasta,Italian
1369553,52,52,2126,437.5,532.53,0,0,81,685,56,TYPE_B,5.6,Pasta,Italian
1061348,53,52,2126,438.5,532.53,0,1,176,685,56,TYPE_B,5.6,Pasta,Italian
1275266,54,52,2126,437.5,532.53,0,1,161,685,56,TYPE_B,5.6,Pasta,Italian
1441192,55,52,2126,438.5,534.53,0,0,121,685,56,TYPE_B,5.6,Pasta,Italian
1138198,56,52,2126,533.53,533.53,0,0,55,685,56,TYPE_B,5.6,Pasta,Italian
1214178,57,52,2126,533.53,532.53,0,0,40,685,56,TYPE_B,5.6,Pasta,Italian
1313367,58,52,2126,533.53,533.53,0,1,122,685,56,TYPE_B,5.6,Pasta,Italian
1490627,59,52,2126,533.53,532.53,0,0,163,685,56,TYPE_B,5.6,Pasta,Italian
1465493,60,52,2126,534.53,533.53,0,0,69,685,56,TYPE_B,5.6,Pasta,Italian
1216517,61,52,2126,445.26,533.53,1,1,149,685,56,TYPE_B,5.6,Pasta,Italian
1492967,62,52,2126,436.53,533.53,1,1,53,685,56,TYPE_B,5.6,Pasta,Italian
1319353,63,52,2126,436.53,534.53,0,1,176,685,56,TYPE_B,5.6,Pasta,Italian
1351425,64,52,2126,435.53,532.53,0,1,96,685,56,TYPE_B,5.6,Pasta,Italian
1486319,68,52,2126,532.53,534.53,0,0,28,685,56,TYPE_B,5.6,Pasta,Italian
1385406,69,52,2126,532.53,532.53,0,0,123,685,56,TYPE_B,5.6,Pasta,Italian
1104059,70,52,2126,485.03,534.53,1,1,256,685,56,TYPE_B,5.6,Pasta,Italian
1121155,71,52,2126,486.03,534.53,1,0,217,685,56,TYPE_B,5.6,Pasta,Italian
1143197,72,52,2126,484.03,484.03,0,0,122,685,56,TYPE_B,5.6,Pasta,Italian
1038312,73,52,2126,486.03,484.03,0,0,177,685,56,TYPE_B,5.6,Pasta,Italian
1445578,74,52,2126,533.53,534.53,0,0,134,685,56,TYPE_B,5.6,Pasta,Italian
1311479,75,52,2126,534.53,532.53,0,0,107,685,56,TYPE_B,5.6,Pasta,Italian
1113534,76,52,2126,533.53,533.53,0,0,123,685,56,TYPE_B,5.6,Pasta,Italian
1252569,77,52,2126,533.53,532.53,0,0,109,685,56,TYPE_B,5.6,Pasta,Italian
1056681,78,52,2126,533.53,534.53,0,0,67,685,56,TYPE_B,5.6,Pasta,Italian
1257322,79,52,2126,532.53,534.53,0,0,94,685,56,TYPE_B,5.6,Pasta,Italian
1282133,80,52,2126,533.53,533.53,0,0,26,685,56,TYPE_B,5.6,Pasta,Italian
1249782,81,52,2126,465.63,533.53,0,0,136,685,56,TYPE_B,5.6,Pasta,Italian
1030750,82,52,2126,464.63,534.53,0,0,229,685,56,TYPE_B,5.6,Pasta,Italian
1351543,83,52,2126,465.63,534.53,0,0,204,685,56,TYPE_B,5.6,Pasta,Italian
1169972,84,52,2126,464.63,533.53,0,0,134,685,56,TYPE_B,5.6,Pasta,Italian
1459002,85,52,2126,534.53,532.53,0,0,135,685,56,TYPE_B,5.6,Pasta,Italian
1375679,86,52,2126,534.53,533.53,0,0,190,685,56,TYPE_B,5.6,Pasta,Italian
1209541,87,52,2126,533.53,533.53,0,0,95,685,56,TYPE_B,5.6,Pasta,Italian
1070957,88,52,2126,447.17,533.53,1,1,229,685,56,TYPE_B,5.6,Pasta,Italian
1385883,89,52,2126,436.53,534.53,0,1,230,685,56,TYPE_B,5.6,Pasta,Italian
1038710,90,52,2126,440.41,533.53,0,1,323,685,56,TYPE_B,5.6,Pasta,Italian
1172213,91,52,2126,435.53,534.53,0,1,242,685,56,TYPE_B,5.6,Pasta,Italian
1031759,92,52,2126,533.53,534.53,0,0,136,685,56,TYPE_B,5.6,Pasta,Italian
1422219,93,52,2126,532.53,533.53,0,0,189,685,56,TYPE_B,5.6,Pasta,Italian
1016552,94,52,2126,533.53,532.53,0,0,108,685,56,TYPE_B,5.6,Pasta,Italian
1321494,95,52,2126,533.53,532.53,0,0,150,685,56,TYPE_B,5.6,Pasta,Italian
1351644,96,52,2126,441.38,532.53,0,1,378,685,56,TYPE_B,5.6,Pasta,Italian
1304794,97,52,2126,436.5,534.53,0,0,202,685,56,TYPE_B,5.6,Pasta,Italian
1466174,98,52,2126,534.53,533.53,0,0,82,685,56,TYPE_B,5.6,Pasta,Italian
1217316,99,52,2126,533.53,534.53,0,0,136,685,56,TYPE_B,5.6,Pasta,Italian
1103113,100,52,2126,534.53,532.53,0,0,161,685,56,TYPE_B,5.6,Pasta,Italian
1065779,101,52,2126,534.53,534.53,0,0,107,685,56,TYPE_B,5.6,Pasta,Italian
1124983,102,52,2126,533.53,532.53,0,0,54,685,56,TYPE_B,5.6,Pasta,Italian
1246997,103,52,2126,436.53,534.53,0,0,15,685,56,TYPE_B,5.6,Pasta,Italian
1390785,104,52,2126,435.53,534.53,0,1,68,685,56,TYPE_B,5.6,Pasta,Italian
1142087,105,52,2126,437.53,533.53,0,1,285,685,56,TYPE_B,5.6,Pasta,Italian
1184353,106,52,2126,436.53,532.53,0,1,203,685,56,TYPE_B,5.6,Pasta,Italian
1197239,107,52,2126,532.53,532.53,0,1,231,685,56,TYPE_B,5.6,Pasta,Italian
1232099,108,52,2126,533.53,534.53,0,0,109,685,56,TYPE_B,5.6,Pasta,Italian
1286374,109,52,2126,532.53,533.53,0,0,148,685,56,TYPE_B,5.6,Pasta,Italian
1477304,110,52,2126,532.53,532.53,0,0,161,685,56,TYPE_B,5.6,Pasta,Italian
1200159,111,52,2126,533.53,534.53,0,0,149,685,56,TYPE_B,5.6,Pasta,Italian
1226744,112,52,2126,534.53,533.53,0,0,177,685,56,TYPE_B,5.6,Pasta,Italian
1034425,113,52,2126,429.74,533.53,0,1,204,685,56,TYPE_B,5.6,Pasta,Italian
1402563,1,52,2826,311.43,310.43,0,0,701,685,56,TYPE_B,5.6,Sandwich,Italian
1122645,2,52,2826,311.43,309.43,0,0,782,685,56,TYPE_B,5.6,Sandwich,Italian
1389798,3,52,2826,311.43,311.43,0,0,919,685,56,TYPE_B,5.6,Sandwich,Italian
1129436,4,52,2826,310.46,310.46,0,0,973,685,56,TYPE_B,5.6,Sandwich,Italian
1132004,5,52,2826,311.43,310.43,0,0,608,685,56,TYPE_B,5.6,Sandwich,Italian
1317085,6,52,2826,310.43,311.43,0,0,554,685,56,TYPE_B,5.6,Sandwich,Italian
1464441,7,52,2826,300.76,298.76,0,0,742,685,56,TYPE_B,5.6,Sandwich,Italian
1085205,8,52,2826,299.76,299.76,0,0,850,685,56,TYPE_B,5.6,Sandwich,Italian
1366438,9,52,2826,299.76,299.76,0,0,960,685,56,TYPE_B,5.6,Sandwich,Italian
1244905,10,52,2826,244.5,298.76,1,0,1673,685,56,TYPE_B,5.6,Sandwich,Italian
1372331,11,52,2826,242.53,299.76,1,0,1674,685,56,TYPE_B,5.6,Sandwich,Italian
1071159,12,52,2826,243.53,298.76,0,0,1349,685,56,TYPE_B,5.6,Sandwich,Italian
1328446,13,52,2826,299.79,299.79,0,0,865,685,56,TYPE_B,5.6,Sandwich,Italian
1290392,14,52,2826,298.76,299.76,0,0,499,685,56,TYPE_B,5.6,Sandwich,Italian
1281836,15,52,2826,321.13,321.13,0,0,635,685,56,TYPE_B,5.6,Sandwich,Italian
1011101,16,52,2826,319.13,319.13,0,0,378,685,56,TYPE_B,5.6,Sandwich,Italian
1061441,17,52,2826,321.13,321.13,0,0,863,685,56,TYPE_B,5.6,Sandwich,Italian
1408193,18,52,2826,194.0,319.13,1,0,2741,685,56,TYPE_B,5.6,Sandwich,Italian
1176737,19,52,2826,244.44,321.13,0,1,1970,685,56,TYPE_B,5.6,Sandwich,Italian
1189892,20,52,2826,315.28,315.28,0,0,636,685,56,TYPE_B,5.6,Sandwich,Italian
1093588,21,52,2826,318.16,319.16,0,0,784,685,56,TYPE_B,5.6,Sandwich,Italian
1242641,22,52,2826,321.13,319.13,0,0,877,685,56,TYPE_B,5.6,Sandwich,Italian
1400359,23,52,2826,319.13,321.13,0,0,649,685,56,TYPE_B,5.6,Sandwich,Italian
1172596,24,52,2826,321.13,320.13,0,0,1215,685,56,TYPE_B,5.6,Sandwich,Italian
1470228,25,52,2826,319.16,318.16,0,0,810,685,56,TYPE_B,5.6,Sandwich,Italian
1410915,26,52,2826,321.13,321.13,0,0,864,685,56,TYPE_B,5.6,Sandwich,Italian
1210085,27,52,2826,321.13,320.13,0,0,945,685,56,TYPE_B,5.6,Sandwich,Italian
1276055,28,52,2826,293.97,321.13,1,0,878,685,56,TYPE_B,5.6,Sandwich,Italian
1118015,29,52,2826,292.0,319.13,1,0,998,685,56,TYPE_B,5.6,Sandwich,Italian
1100393,30,52,2826,321.13,320.13,0,0,958,685,56,TYPE_B,5.6,Sandwich,Italian
1271052,31,52,2826,309.46,310.46,0,0,838,685,56,TYPE_B,5.6,Sandwich,Italian
1192955,32,52,2826,320.13,320.13,0,0,972,685,56,TYPE_B,5.6,Sandwich,Italian
1174435,33,52,2826,320.13,321.13,0,0,838,685,56,TYPE_B,5.6,Sandwich,Italian
1456216,34,52,2826,319.13,321.13,0,0,784,685,56,TYPE_B,5.6,Sandwich,Italian
1072411,35,52,2826,321.13,320.13,0,0,298,685,56,TYPE_B,5.6,Sandwich,Italian
1360346,36,52,2826,319.13,320.13,0,0,905,685,56,TYPE_B,5.6,Sandwich,Italian
1110236,37,52,2826,321.13,319.13,0,0,891,685,56,TYPE_B,5.6,Sandwich,Italian
1055019,38,52,2826,319.13,321.13,0,0,838,685,56,TYPE_B,5.6,Sandwich,Italian
1434212,39,52,2826,320.13,321.13,0,0,690,685,56,TYPE_B,5.6,Sandwich,Italian
1283487,40,52,2826,320.13,321.13,0,0,703,685,56,TYPE_B,5.6,Sandwich,Italian
1257185,41,52,2826,319.13,320.13,0,0,701,685,56,TYPE_B,5.6,Sandwich,Italian
1116718,42,52,2826,320.13,321.13,0,0,783,685,56,TYPE_B,5.6,Sandwich,Italian
1229866,43,52,2826,321.13,320.13,0,0,797,685,56,TYPE_B,5.6,Sandwich,Italian
1368106,44,52,2826,319.13,320.13,0,0,528,685,56,TYPE_B,5.6,Sandwich,Italian
1418444,45,52,2826,321.13,321.13,0,0,905,685,56,TYPE_B,5.6,Sandwich,Italian
1423107,46,52,2826,245.44,321.13,1,0,782,685,56,TYPE_B,5.6,Sandwich,Italian
1455599,47,52,2826,245.44,321.13,0,0,1365,685,56,TYPE_B,5.6,Sandwich,Italian
1170061,48,52,2826,319.13,321.13,0,0,944,685,56,TYPE_B,5.6,Sandwich,Italian
1142140,49,52,2826,319.13,319.13,0,0,609,685,56,TYPE_B,5.6,Sandwich,Italian
1479131,50,52,2826,319.13,321.13,0,0,593,685,56,TYPE_B,5.6,Sandwich,Italian
1028686,51,52,2826,319.13,319.13,0,0,447,685,56,TYPE_B,5.6,Sandwich,Italian
1032259,52,52,2826,303.64,302.64,0,0,594,685,56,TYPE_B,5.6,Sandwich,Italian
1482562,53,52,2826,302.64,302.64,0,0,944,685,56,TYPE_B,5.6,Sandwich,Italian
1156617,54,52,2826,302.64,304.64,0,0,607,685,56,TYPE_B,5.6,Sandwich,Italian
1217152,55,52,2826,302.64,302.64,0,0,770,685,56,TYPE_B,5.6,Sandwich,Italian
1111323,56,52,2826,303.64,303.64,0,0,782,685,56,TYPE_B,5.6,Sandwich,Italian
1286722,57,52,2826,303.64,304.64,0,0,756,685,56,TYPE_B,5.6,Sandwich,Italian
1033508,58,52,2826,303.64,303.64,0,0,823,685,56,TYPE_B,5.6,Sandwich,Italian
1037965,59,52,2826,304.64,304.64,0,0,838,685,56,TYPE_B,5.6,Sandwich,Italian
1462847,60,52,2826,245.47,302.64,1,0,2039,685,56,TYPE_B,5.6,Sandwich,Italian
1217252,61,52,2826,303.64,304.64,0,0,877,685,56,TYPE_B,5.6,Sandwich,Italian
1107073,62,52,2826,302.67,303.67,0,0,378,685,56,TYPE_B,5.6,Sandwich,Italian
1368456,63,52,2826,271.66,301.67,1,0,1781,685,56,TYPE_B,5.6,Sandwich,Italian
1067892,64,52,2826,269.66,303.67,1,0,1269,685,56,TYPE_B,5.6,Sandwich,Italian
1159086,65,52,2826,303.67,301.67,0,0,676,685,56,TYPE_B,5.6,Sandwich,Italian
1026846,66,52,2826,302.64,304.64,0,0,742,685,56,TYPE_B,5.6,Sandwich,Italian
1203337,67,52,2826,303.64,302.64,0,0,890,685,56,TYPE_B,5.6,Sandwich,Italian
1234345,68,52,2826,304.64,303.64,0,0,553,685,56,TYPE_B,5.6,Sandwich,Italian
1036290,69,52,2826,244.47,304.64,1,1,1769,685,56,TYPE_B,5.6,Sandwich,Italian
1473507,70,52,2826,304.64,302.64,0,0,446,685,56,TYPE_B,5.6,Sandwich,Italian
1301969,71,52,2826,303.64,303.64,0,0,755,685,56,TYPE_B,5.6,Sandwich,Italian
1106288,72,52,2826,304.64,304.64,0,0,581,685,56,TYPE_B,5.6,Sandwich,Italian
1162602,73,52,2826,303.64,303.64,0,0,703,685,56,TYPE_B,5.6,Sandwich,Italian
1144200,74,52,2826,302.64,303.64,0,0,877,685,56,TYPE_B,5.6,Sandwich,Italian
1097870,75,52,2826,243.5,302.64,1,0,1890,685,56,TYPE_B,5.6,Sandwich,Italian
1361435,76,52,2826,247.41,302.64,0,1,1230,685,56,TYPE_B,5.6,Sandwich,Italian
1395124,77,52,2826,303.67,302.67,0,0,675,685,56,TYPE_B,5.6,Sandwich,Italian
1304236,78,52,2826,303.64,304.64,0,0,460,685,56,TYPE_B,5.6,Sandwich,Italian
1317861,79,52,2826,204.7,304.64,1,0,1350,685,56,TYPE_B,5.6,Sandwich,Italian
1377827,80,52,2826,294.88,296.88,0,0,593,685,56,TYPE_B,5.6,Sandwich,Italian
1352429,81,52,2826,303.64,303.64,0,0,958,685,56,TYPE_B,5.6,Sandwich,Italian
1110428,82,52,2826,302.64,304.64,0,0,649,685,56,TYPE_B,5.6,Sandwich,Italian
1326334,83,52,2826,304.64,304.64,0,0,919,685,56,TYPE_B,5.6,Sandwich,Italian
1418242,84,52,2826,304.64,303.64,0,0,539,685,56,TYPE_B,5.6,Sandwich,Italian
1076334,85,52,2826,297.82,296.82,0,0,744,685,56,TYPE_B,5.6,Sandwich,Italian
1136068,86,52,2826,303.64,303.64,0,0,863,685,56,TYPE_B,5.6,Sandwich,Italian
1210876,87,52,2826,298.79,299.79,0,0,771,685,56,TYPE_B,5.6,Sandwich,Italian
1412954,88,52,2826,303.64,304.64,0,0,298,685,56,TYPE_B,5.6,Sandwich,Italian
1449875,89,52,2826,303.64,304.64,0,0,770,685,56,TYPE_B,5.6,Sandwich,Italian
1194698,90,52,2826,304.64,303.64,0,0,594,685,56,TYPE_B,5.6,Sandwich,Italian
1006859,91,52,2826,303.64,302.64,0,0,701,685,56,TYPE_B,5.6,Sandwich,Italian
1090504,92,52,2826,302.64,303.64,0,0,512,685,56,TYPE_B,5.6,Sandwich,Italian
1145125,93,52,2826,303.64,304.64,0,0,865,685,56,TYPE_B,5.6,Sandwich,Italian
1458207,94,52,2826,243.5,304.64,0,0,1094,685,56,TYPE_B,5.6,Sandwich,Italian
1483749,95,52,2826,245.41,303.64,0,0,987,685,56,TYPE_B,5.6,Sandwich,Italian
1113381,96,52,2826,249.32,303.64,0,0,906,685,56,TYPE_B,5.6,Sandwich,Italian
1131940,97,52,2826,245.41,303.64,0,0,959,685,56,TYPE_B,5.6,Sandwich,Italian
1107832,98,52,2826,246.41,303.64,0,0,837,685,56,TYPE_B,5.6,Sandwich,Italian
1296342,99,52,2826,328.86,329.86,0,0,595,685,56,TYPE_B,5.6,Sandwich,Italian
1149396,100,52,2826,327.86,327.86,0,0,701,685,56,TYPE_B,5.6,Sandwich,Italian
1199400,101,52,2826,277.45,329.86,0,0,825,685,56,TYPE_B,5.6,Sandwich,Italian
1466339,102,52,2826,172.72,329.86,0,0,647,685,56,TYPE_B,5.6,Sandwich,Italian
1041107,103,52,2826,324.98,323.98,0,0,541,685,56,TYPE_B,5.6,Sandwich,Italian
1042435,104,52,2826,328.86,327.86,0,0,501,685,56,TYPE_B,5.6,Sandwich,Italian
1299072,105,52,2826,329.86,327.86,0,0,971,685,56,TYPE_B,5.6,Sandwich,Italian
1162991,106,52,2826,329.86,328.86,0,0,499,685,56,TYPE_B,5.6,Sandwich,Italian
1148459,107,52,2826,327.86,328.86,0,0,528,685,56,TYPE_B,5.6,Sandwich,Italian
1362397,108,52,2826,329.86,327.86,0,0,703,685,56,TYPE_B,5.6,Sandwich,Italian
1476849,109,52,2826,316.25,315.25,0,0,904,685,56,TYPE_B,5.6,Sandwich,Italian
1438639,110,52,2826,244.47,317.25,1,1,2148,685,56,TYPE_B,5.6,Sandwich,Italian
1141458,111,52,2826,246.41,316.25,0,1,2078,685,56,TYPE_B,5.6,Sandwich,Italian
1065081,112,52,2826,244.47,317.25,0,0,2132,685,56,TYPE_B,5.6,Sandwich,Italian
1063645,113,52,2826,327.86,328.86,0,0,1013,685,56,TYPE_B,5.6,Sandwich,Italian
