Data set/Center wise/Center_52_Rank4.csv
id,week,center_id,meal_id,checkout_price,base_price,emailer_for_promotion,homepage_featured,num_orders,city_code,region_code,center_type,op_area,category,cuisine
1109500,1,52,1754,274.57,272.57,0,0,662,685,56,TYPE_B,5.6,Sandwich,Italian
1048962,2,52,1754,292.03,292.03,0,0,716,685,56,TYPE_B,5.6,Sandwich,Italian
1384944,3,52,1754,291.03,291.03,0,0,836,685,56,TYPE_B,5.6,Sandwich,Italian
1335057,4,52,1754,291.06,289.06,0,0,798,685,56,TYPE_B,5.6,Sandwich,Italian
1134314,5,52,1754,187.21,291.06,0,0,458,685,56,TYPE_B,5.6,Sandwich,Italian
1011497,6,52,1754,160.08,289.06,0,0,418,685,56,TYPE_B,5.6,Sandwich,Italian
1150629,7,52,1754,222.13,289.06,0,0,446,685,56,TYPE_B,5.6,Sandwich,Italian
1048410,8,52,1754,239.62,291.06,0,0,378,685,56,TYPE_B,5.6,Sandwich,Italian
1335125,9,52,1754,278.39,278.39,0,0,324,685,56,TYPE_B,5.6,Sandwich,Italian
1276249,10,52,1754,199.85,280.39,0,0,472,685,56,TYPE_B,5.6,Sandwich,Italian
1285194,11,52,1754,272.57,274.57,0,0,446,685,56,TYPE_B,5.6,Sandwich,Italian
1087239,12,52,1754,285.21,285.21,0,0,730,685,56,TYPE_B,5.6,Sandwich,Italian
1169834,13,52,1754,258.08,258.08,0,0,608,685,56,TYPE_B,5.6,Sandwich,Italian
1156351,14,52,1754,290.03,291.03,0,0,568,685,56,TYPE_B,5.6,Sandwich,Italian
1025435,15,52,1754,290.03,291.03,0,0,581,685,56,TYPE_B,5.6,Sandwich,Italian
1435161,16,52,1754,292.03,291.03,0,0,676,685,56,TYPE_B,5.6,Sandwich,Italian
1267380,17,52,1754,292.03,291.03,0,0,661,685,56,TYPE_B,5.6,Sandwich,Italian
1464093,18,52,1754,192.06,291.03,1,1,3255,685,56,TYPE_B,5.6,Sandwich,Italian
1308995,19,52,1754,218.25,292.03,0,1,1687,685,56,TYPE_B,5.6,Sandwich,Italian
1155358,20,52,1754,254.2,291.03,0,0,703,685,56,TYPE_B,5.6,Sandwich,Italian
1083160,21,52,1754,258.99,292.03,0,0,945,685,56,TYPE_B,5.6,Sandwich,Italian
1402085,22,52,1754,230.92,292.03,1,1,1959,685,56,TYPE_B,5.6,Sandwich,Italian
1105937,23,52,1754,241.59,292.03,1,0,1149,685,56,TYPE_B,5.6,Sandwich,Italian
1296578,24,52,1754,276.48,276.48,0,0,865,685,56,TYPE_B,5.6,Sandwich,Italian
1464101,25,52,1754,280.36,281.36,0,0,755,685,56,TYPE_B,5.6,Sandwich,Italian
1280988,26,52,1754,281.36,281.36,0,0,487,685,56,TYPE_B,5.6,Sandwich,Italian
1258258,27,52,1754,280.36,281.36,0,0,460,685,56,TYPE_B,5.6,Sandwich,Italian
1041525,28,52,1754,267.72,269.72,0,0,312,685,56,TYPE_B,5.6,Sandwich,Italian
1319300,29,52,1754,281.36,281.36,0,0,365,685,56,TYPE_B,5.6,Sandwich,Italian
1460229,30,52,1754,156.17,280.36,1,1,3470,685,56,TYPE_B,5.6,Sandwich,Italian
1458160,31,52,1754,230.92,280.36,0,0,1025,685,56,TYPE_B,5.6,Sandwich,Italian
1343159,32,52,1754,235.74,280.36,1,1,2985,685,56,TYPE_B,5.6,Sandwich,Italian
1246226,33,52,1754,241.56,279.36,0,0,674,685,56,TYPE_B,5.6,Sandwich,Italian
1262966,34,52,1754,278.39,278.39,0,0,676,685,56,TYPE_B,5.6,Sandwich,Italian
1148700,35,52,1754,269.66,271.66,0,0,188,685,56,TYPE_B,5.6,Sandwich,Italian
1488581,36,52,1754,289.06,290.06,0,0,555,685,56,TYPE_B,5.6,Sandwich,Italian
1410906,37,52,1754,261.9,263.9,0,0,689,685,56,TYPE_B,5.6,Sandwich,Italian
1371462,38,52,1754,277.45,276.45,0,0,661,685,56,TYPE_B,5.6,Sandwich,Italian
1289005,39,52,1754,311.43,309.43,0,0,661,685,56,TYPE_B,5.6,Sandwich,Italian
1470632,40,52,1754,310.43,311.43,0,0,392,685,56,TYPE_B,5.6,Sandwich,Italian
1360782,41,52,1754,311.43,311.43,0,0,338,685,56,TYPE_B,5.6,Sandwich,Italian
1067241,42,52,1754,309.43,309.43,0,0,499,685,56,TYPE_B,5.6,Sandwich,Italian
1458166,43,52,1754,311.43,310.43,0,0,189,685,56,TYPE_B,5.6,Sandwich,Italian
1065553,44,52,1754,297.82,296.82,0,0,337,685,56,TYPE_B,5.6,Sandwich,Italian
1340056,45,52,1754,280.33,282.33,0,0,580,685,56,TYPE_B,5.6,Sandwich,Italian
1312272,46,52,1754,232.86,281.33,1,1,636,685,56,TYPE_B,5.6,Sandwich,Italian
1325534,47,52,1754,240.59,282.33,0,0,1080,685,56,TYPE_B,5.6,Sandwich,Italian
1320710,48,52,1754,196.97,281.33,1,0,2308,685,56,TYPE_B,5.6,Sandwich,Italian
1445419,49,52,1754,295.85,296.85,0,0,607,685,56,TYPE_B,5.6,Sandwich,Italian
1049238,50,52,1754,309.43,309.43,0,0,676,685,56,TYPE_B,5.6,Sandwich,Italian
1418296,51,52,1754,309.43,309.43,0,0,338,685,56,TYPE_B,5.6,Sandwich,Italian
1338212,52,52,1754,293.0,292.0,0,0,702,685,56,TYPE_B,5.6,Sandwich,Italian
1123615,53,52,1754,283.3,282.3,0,0,852,685,56,TYPE_B,5.6,Sandwich,Italian
1466845,54,52,1754,272.57,272.57,0,0,325,685,56,TYPE_B,5.6,Sandwich,Italian
1481495,55,52,1754,286.15,288.15,0,0,919,685,56,TYPE_B,5.6,Sandwich,Italian
1209352,56,52,1754,292.03,292.03,0,0,377,685,56,TYPE_B,5.6,Sandwich,Italian
1303246,57,52,1754,277.45,277.45,0,0,567,685,56,TYPE_B,5.6,Sandwich,Italian
1327839,58,52,1754,228.92,278.45,0,0,512,685,56,TYPE_B,5.6,Sandwich,Italian
1293338,59,52,1754,274.54,275.54,0,0,730,685,56,TYPE_B,5.6,Sandwich,Italian
1399310,60,52,1754,240.62,273.54,1,1,3644,685,56,TYPE_B,5.6,Sandwich,Italian
1227920,61,52,1754,279.42,279.42,0,0,798,685,56,TYPE_B,5.6,Sandwich,Italian
1008854,62,52,1754,290.09,289.09,0,0,216,685,56,TYPE_B,5.6,Sandwich,Italian
1228480,63,52,1754,278.39,278.39,0,0,325,685,56,TYPE_B,5.6,Sandwich,Italian
1295513,64,52,1754,259.02,258.02,0,0,528,685,56,TYPE_B,5.6,Sandwich,Italian
1413758,65,52,1754,271.63,272.63,0,0,852,685,56,TYPE_B,5.6,Sandwich,Italian
1394996,66,52,1754,276.51,276.51,0,0,783,685,56,TYPE_B,5.6,Sandwich,Italian
1498175,67,52,1754,276.51,275.51,0,0,810,685,56,TYPE_B,5.6,Sandwich,Italian
1284383,68,52,1754,193.09,274.51,1,1,3457,685,56,TYPE_B,5.6,Sandwich,Italian
1060150,69,52,1754,189.18,274.51,0,0,2728,685,56,TYPE_B,5.6,Sandwich,Italian
1054632,70,52,1754,191.09,275.51,1,1,3403,685,56,TYPE_B,5.6,Sandwich,Italian
1484670,71,52,1754,190.18,274.51,0,1,3106,685,56,TYPE_B,5.6,Sandwich,Italian
1192793,72,52,1754,265.78,266.78,0,0,919,685,56,TYPE_B,5.6,Sandwich,Italian
1312956,73,52,1754,276.48,277.48,0,0,879,685,56,TYPE_B,5.6,Sandwich,Italian
1075087,74,52,1754,275.51,275.51,0,0,863,685,56,TYPE_B,5.6,Sandwich,Italian
1380772,75,52,1754,240.56,274.51,1,0,1567,685,56,TYPE_B,5.6,Sandwich,Italian
1382868,76,52,1754,242.5,275.51,0,1,1365,685,56,TYPE_B,5.6,Sandwich,Italian
1025220,77,52,1754,277.45,278.45,0,0,622,685,56,TYPE_B,5.6,Sandwich,Italian
1347827,78,52,1754,279.36,279.36,0,0,1025,685,56,TYPE_B,5.6,Sandwich,Italian
1040527,79,52,1754,199.85,280.36,1,1,3039,685,56,TYPE_B,5.6,Sandwich,Italian
1432858,80,52,1754,278.42,279.42,0,0,999,685,56,TYPE_B,5.6,Sandwich,Italian
1349688,81,52,1754,279.36,280.36,0,0,1093,685,56,TYPE_B,5.6,Sandwich,Italian
1107291,82,52,1754,279.36,280.36,0,0,1106,685,56,TYPE_B,5.6,Sandwich,Italian
1363451,83,52,1754,269.72,268.72,0,0,1565,685,56,TYPE_B,5.6,Sandwich,Italian
1163578,84,52,1754,264.84,263.84,0,0,1187,685,56,TYPE_B,5.6,Sandwich,Italian
1389652,85,52,1754,273.57,273.57,0,0,554,685,56,TYPE_B,5.6,Sandwich,Italian
1386795,86,52,1754,259.96,261.96,0,0,782,685,56,TYPE_B,5.6,Sandwich,Italian
1126346,87,52,1754,293.94,292.94,0,0,513,685,56,TYPE_B,5.6,Sandwich,Italian
1157739,88,52,1754,305.55,306.55,0,0,581,685,56,TYPE_B,5.6,Sandwich,Italian
1125478,89,52,1754,309.43,310.43,0,0,433,685,56,TYPE_B,5.6,Sandwich,Italian
1474766,90,52,1754,311.43,309.43,0,0,420,685,56,TYPE_B,5.6,Sandwich,Italian
1030213,91,52,1754,300.73,300.73,0,0,433,685,56,TYPE_B,5.6,Sandwich,Italian
1367928,92,52,1754,296.85,297.85,0,0,609,685,56,TYPE_B,5.6,Sandwich,Italian
1222712,93,52,1754,302.7,301.7,0,0,474,685,56,TYPE_B,5.6,Sandwich,Italian
1028876,94,52,1754,311.43,309.43,0,0,609,685,56,TYPE_B,5.6,Sandwich,Italian
1229361,95,52,1754,310.43,310.43,0,0,757,685,56,TYPE_B,5.6,Sandwich,Italian
1321796,96,52,1754,309.43,309.43,0,0,459,685,56,TYPE_B,5.6,Sandwich,Italian
1031379,97,52,1754,284.24,284.24,0,0,203,685,56,TYPE_B,5.6,Sandwich,Italian
1241313,98,52,1754,309.49,309.49,0,0,581,685,56,TYPE_B,5.6,Sandwich,Italian
1228037,99,52,1754,315.31,314.31,0,0,528,685,56,TYPE_B,5.6,Sandwich,Italian
1298105,100,52,1754,322.04,324.04,0,0,636,685,56,TYPE_B,5.6,Sandwich,Italian
1046711,101,52,1754,322.04,323.04,0,0,460,685,56,TYPE_B,5.6,Sandwich,Italian
1360114,102,52,1754,324.04,323.04,0,0,622,685,56,TYPE_B,5.6,Sandwich,Italian
1232956,103,52,1754,310.43,310.43,0,0,338,685,56,TYPE_B,5.6,Sandwich,Italian
1221824,104,52,1754,314.31,315.31,0,0,472,685,56,TYPE_B,5.6,Sandwich,Italian
1094075,105,52,1754,318.22,316.22,0,0,743,685,56,TYPE_B,5.6,Sandwich,Italian
1437372,106,52,1754,317.25,315.25,0,0,689,685,56,TYPE_B,5.6,Sandwich,Italian
1040404,107,52,1754,323.04,323.04,0,0,555,685,56,TYPE_B,5.6,Sandwich,Italian
1134350,108,52,1754,323.04,323.04,0,0,514,685,56,TYPE_B,5.6,Sandwich,Italian
1035036,109,52,1754,284.21,323.04,0,0,688,685,56,TYPE_B,5.6,Sandwich,Italian
1196421,110,52,1754,244.47,324.04,1,1,2011,685,56,TYPE_B,5.6,Sandwich,Italian
1345227,111,52,1754,239.62,322.04,0,1,1554,685,56,TYPE_B,5.6,Sandwich,Italian
1302358,112,52,1754,239.59,322.04,0,1,2510,685,56,TYPE_B,5.6,Sandwich,Italian
1239413,113,52,1754,320.13,319.13,0,0,634,685,56,TYPE_B,5.6,Sandwich,Italian
1283719,1,52,1971,260.99,322.04,1,0,296,685,56,TYPE_B,5.6,Sandwich,Italian
1114743,2,52,1971,259.99,324.04,1,0,728,685,56,TYPE_B,5.6,Sandwich,Italian
1074594,3,52,1971,318.22,317.22,0,0,283,685,56,TYPE_B,5.6,Sandwich,Italian
1133130,4,52,1971,324.04,322.04,0,0,242,685,56,TYPE_B,5.6,Sandwich,Italian
1394897,5,52,1971,323.04,324.04,0,0,217,685,56,TYPE_B,5.6,Sandwich,Italian
1251832,6,52,1971,322.04,324.04,0,0,95,685,56,TYPE_B,5.6,Sandwich,Italian
1012048,7,52,1971,322.04,323.04,0,0,161,685,56,TYPE_B,5.6,Sandwich,Italian
1210440,8,52,1971,324.04,323.04,0,0,107,685,56,TYPE_B,5.6,Sandwich,Italian
1013295,9,52,1971,322.04,323.04,0,0,202,685,56,TYPE_B,5.6,Sandwich,Italian
1268245,10,52,1971,244.5,322.04,1,0,1283,685,56,TYPE_B,5.6,Sandwich,Italian
1152676,11,52,1971,244.5,323.04,1,0,1026,685,56,TYPE_B,5.6,Sandwich,Italian
1049091,12,52,1971,243.53,324.04,0,0,609,685,56,TYPE_B,5.6,Sandwich,Italian
1217048,13,52,1971,311.43,310.43,0,0,176,685,56,TYPE_B,5.6,Sandwich,Italian
1339260,14,52,1971,322.04,310.43,0,1,283,685,56,TYPE_B,5.6,Sandwich,Italian
1078489,15,52,1971,323.04,323.04,0,0,161,685,56,TYPE_B,5.6,Sandwich,Italian
1272977,16,52,1971,323.04,323.04,0,0,188,685,56,TYPE_B,5.6,Sandwich,Italian
1160610,17,52,1971,323.04,324.04,0,0,229,685,56,TYPE_B,5.6,Sandwich,Italian
1445319,18,52,1971,322.04,323.04,0,0,135,685,56,TYPE_B,5.6,Sandwich,Italian
1304315,19,52,1971,324.04,324.04,0,0,95,685,56,TYPE_B,5.6,Sandwich,Italian
1192545,20,52,1971,322.04,324.04,0,0,95,685,56,TYPE_B,5.6,Sandwich,Italian
1265878,21,52,1971,323.04,322.04,0,0,177,685,56,TYPE_B,5.6,Sandwich,Italian
1121329,22,52,1971,243.5,322.04,1,1,1108,685,56,TYPE_B,5.6,Sandwich,Italian
1290893,23,52,1971,241.53,322.04,1,1,864,685,56,TYPE_B,5.6,Sandwich,Italian
1433576,24,52,1971,322.04,323.04,0,0,324,685,56,TYPE_B,5.6,Sandwich,Italian
1468071,25,52,1971,324.04,323.04,0,0,285,685,56,TYPE_B,5.6,Sandwich,Italian
1414518,26,52,1971,324.04,324.04,0,0,258,685,56,TYPE_B,5.6,Sandwich,Italian
1299574,27,52,1971,323.04,323.04,0,0,296,685,56,TYPE_B,5.6,Sandwich,Italian
1089248,28,52,1971,323.04,323.04,0,0,148,685,56,TYPE_B,5.6,Sandwich,Italian
1372049,29,52,1971,323.04,323.04,0,0,189,685,56,TYPE_B,5.6,Sandwich,Italian
1018606,30,52,1971,167.84,322.04,1,1,2997,685,56,TYPE_B,5.6,Sandwich,Italian
1458930,31,52,1971,294.94,293.94,0,0,432,685,56,TYPE_B,5.6,Sandwich,Italian
1307275,32,52,1971,243.5,293.94,1,0,1446,685,56,TYPE_B,5.6,Sandwich,Italian
1492444,33,52,1971,300.7,300.7,0,0,149,685,56,TYPE_B,5.6,Sandwich,Italian
1166744,34,52,1971,324.04,322.04,0,0,204,685,56,TYPE_B,5.6,Sandwich,Italian
1221709,35,52,1971,322.04,323.04,0,0,312,685,56,TYPE_B,5.6,Sandwich,Italian
1295393,36,52,1971,322.04,323.04,0,0,485,685,56,TYPE_B,5.6,Sandwich,Italian
1284298,37,52,1971,323.04,323.04,0,0,256,685,56,TYPE_B,5.6,Sandwich,Italian
1033187,38,52,1971,324.04,322.04,0,0,231,685,56,TYPE_B,5.6,Sandwich,Italian
1087104,39,52,1971,323.04,322.04,0,0,215,685,56,TYPE_B,5.6,Sandwich,Italian
1157025,40,52,1971,242.53,322.04,0,0,809,685,56,TYPE_B,5.6,Sandwich,Italian
1386938,41,52,1971,243.53,324.04,0,0,593,685,56,TYPE_B,5.6,Sandwich,Italian
1472614,42,52,1971,243.53,322.04,0,0,647,685,56,TYPE_B,5.6,Sandwich,Italian
1456355,43,52,1971,244.47,323.04,0,0,553,685,56,TYPE_B,5.6,Sandwich,Italian
1363492,44,52,1971,322.04,324.04,0,0,418,685,56,TYPE_B,5.6,Sandwich,Italian
1148992,45,52,1971,322.04,324.04,0,0,337,685,56,TYPE_B,5.6,Sandwich,Italian
1464890,46,52,1971,242.5,322.04,1,1,1189,685,56,TYPE_B,5.6,Sandwich,Italian
1196026,47,52,1971,242.5,323.04,0,1,1203,685,56,TYPE_B,5.6,Sandwich,Italian
1246014,48,52,1971,177.54,323.04,1,0,2240,685,56,TYPE_B,5.6,Sandwich,Italian
1401264,49,52,1971,309.43,310.43,0,0,258,685,56,TYPE_B,5.6,Sandwich,Italian
1471781,50,52,1971,311.43,311.43,0,0,418,685,56,TYPE_B,5.6,Sandwich,Italian
1225354,51,52,1971,310.43,309.43,0,0,175,685,56,TYPE_B,5.6,Sandwich,Italian
1081305,52,52,1971,290.03,291.03,0,0,392,685,56,TYPE_B,5.6,Sandwich,Italian
1096809,53,52,1971,291.03,291.03,0,0,593,685,56,TYPE_B,5.6,Sandwich,Italian
1136863,54,52,1971,292.03,291.03,0,0,458,685,56,TYPE_B,5.6,Sandwich,Italian
1017468,55,52,1971,290.03,291.03,0,0,501,685,56,TYPE_B,5.6,Sandwich,Italian
1165996,56,52,1971,292.03,290.03,0,0,473,685,56,TYPE_B,5.6,Sandwich,Italian
1424834,57,52,1971,292.03,292.03,0,0,635,685,56,TYPE_B,5.6,Sandwich,Italian
1144774,58,52,1971,290.03,292.03,0,0,485,685,56,TYPE_B,5.6,Sandwich,Italian
1067923,59,52,1971,290.03,291.03,0,0,393,685,56,TYPE_B,5.6,Sandwich,Italian
1055020,60,52,1971,243.5,292.03,1,1,2296,685,56,TYPE_B,5.6,Sandwich,Italian
1358382,61,52,1971,288.12,288.12,0,0,433,685,56,TYPE_B,5.6,Sandwich,Italian
1267086,62,52,1971,290.03,291.03,0,0,188,685,56,TYPE_B,5.6,Sandwich,Italian
1331965,63,52,1971,290.03,290.03,0,0,338,685,56,TYPE_B,5.6,Sandwich,Italian
1348316,64,52,1971,292.03,290.03,0,0,229,685,56,TYPE_B,5.6,Sandwich,Italian
1389274,65,52,1971,291.03,290.03,0,0,364,685,56,TYPE_B,5.6,Sandwich,Italian
1096775,66,52,1971,290.03,290.03,0,0,446,685,56,TYPE_B,5.6,Sandwich,Italian
1063971,67,52,1971,292.03,291.03,0,0,420,685,56,TYPE_B,5.6,Sandwich,Italian
1021576,68,52,1971,191.09,291.03,1,1,2620,685,56,TYPE_B,5.6,Sandwich,Italian
1054122,69,52,1971,193.06,291.03,0,0,1727,685,56,TYPE_B,5.6,Sandwich,Italian
1292092,70,52,1971,195.03,290.03,1,1,2916,685,56,TYPE_B,5.6,Sandwich,Italian
1259393,71,52,1971,192.06,292.03,0,1,1891,685,56,TYPE_B,5.6,Sandwich,Italian
1361673,72,52,1971,291.03,292.03,0,0,148,685,56,TYPE_B,5.6,Sandwich,Italian
1405393,73,52,1971,291.03,290.03,0,0,325,685,56,TYPE_B,5.6,Sandwich,Italian
1255502,74,52,1971,290.03,290.03,0,0,526,685,56,TYPE_B,5.6,Sandwich,Italian
1129826,75,52,1971,245.44,292.03,1,1,1229,685,56,TYPE_B,5.6,Sandwich,Italian
1029524,76,52,1971,244.5,291.03,0,0,742,685,56,TYPE_B,5.6,Sandwich,Italian
1483498,77,52,1971,290.03,292.03,0,0,391,685,56,TYPE_B,5.6,Sandwich,Italian
1430337,79,52,1971,291.03,292.03,0,0,473,685,56,TYPE_B,5.6,Sandwich,Italian
1420609,80,52,1971,290.03,292.03,0,0,514,685,56,TYPE_B,5.6,Sandwich,Italian
1240513,81,52,1971,290.03,292.03,0,0,595,685,56,TYPE_B,5.6,Sandwich,Italian
1301556,82,52,1971,292.03,290.03,0,0,404,685,56,TYPE_B,5.6,Sandwich,Italian
1183803,83,52,1971,290.03,291.03,0,0,392,685,56,TYPE_B,5.6,Sandwich,Italian
1145425,84,52,1971,290.03,292.03,0,0,647,685,56,TYPE_B,5.6,Sandwich,Italian
1063027,85,52,1971,290.03,292.03,0,0,283,685,56,TYPE_B,5.6,Sandwich,Italian
1094719,86,52,1971,291.03,292.03,0,0,405,685,56,TYPE_B,5.6,Sandwich,Italian
1218179,87,52,1971,299.73,299.73,0,0,161,685,56,TYPE_B,5.6,Sandwich,Italian
1299463,88,52,1971,301.73,300.73,0,0,229,685,56,TYPE_B,5.6,Sandwich,Italian
1104721,89,52,1971,301.73,300.73,0,0,284,685,56,TYPE_B,5.6,Sandwich,Italian
1398268,90,52,1971,299.73,301.73,0,0,392,685,56,TYPE_B,5.6,Sandwich,Italian
1480583,91,52,1971,301.73,301.73,0,0,325,685,56,TYPE_B,5.6,Sandwich,Italian
1152045,92,52,1971,194.03,301.73,1,1,1660,685,56,TYPE_B,5.6,Sandwich,Italian
1338762,93,52,1971,196.0,300.73,1,1,1742,685,56,TYPE_B,5.6,Sandwich,Italian
1121034,94,52,1971,299.73,301.73,0,0,512,685,56,TYPE_B,5.6,Sandwich,Italian
1073409,95,52,1971,300.73,301.73,0,0,420,685,56,TYPE_B,5.6,Sandwich,Italian
1418439,96,52,1971,301.73,299.73,0,0,513,685,56,TYPE_B,5.6,Sandwich,Italian
1310385,97,52,1971,300.73,301.73,0,0,431,685,56,TYPE_B,5.6,Sandwich,Italian
1181577,98,52,1971,322.07,323.07,0,0,339,685,56,TYPE_B,5.6,Sandwich,Italian
1039905,99,52,1971,322.04,324.04,0,0,447,685,56,TYPE_B,5.6,Sandwich,Italian
1219885,100,52,1971,323.04,323.04,0,0,351,685,56,TYPE_B,5.6,Sandwich,Italian
1346910,101,52,1971,322.04,322.04,0,0,323,685,56,TYPE_B,5.6,Sandwich,Italian
1452210,102,52,1971,323.04,324.04,0,0,312,685,56,TYPE_B,5.6,Sandwich,Italian
1381826,103,52,1971,324.04,324.04,0,0,204,685,56,TYPE_B,5.6,Sandwich,Italian
1339103,104,52,1971,324.04,324.04,0,0,418,685,56,TYPE_B,5.6,Sandwich,Italian
1353348,105,52,1971,324.04,324.04,0,0,689,685,56,TYPE_B,5.6,Sandwich,Italian
1034817,106,52,1971,322.04,323.04,0,0,447,685,56,TYPE_B,5.6,Sandwich,Italian
1053616,107,52,1971,323.04,322.04,0,0,566,685,56,TYPE_B,5.6,Sandwich,Italian
1309134,108,52,1971,243.5,322.04,1,1,1932,685,56,TYPE_B,5.6,Sandwich,Italian
1457762,109,52,1971,241.53,324.04,1,1,1700,685,56,TYPE_B,5.6,Sandwich,Italian
1474628,110,52,1971,322.04,322.04,0,0,338,685,56,TYPE_B,5.6,Sandwich,Italian
1049496,111,52,1971,322.04,322.04,0,0,351,685,56,TYPE_B,5.6,Sandwich,Italian
1203798,112,52,1971,322.04,323.04,0,0,418,685,56,TYPE_B,5.6,Sandwich,Italian
1002237,113,52,1971,322.04,324.04,0,0,486,685,56,TYPE_B,5.6,Sandwich,Italian
