Data set/Center wise/Center_52_Rank4.csv
id,week,center_id,meal_id,checkout_price,base_price,emailer_for_promotion,homepage_featured,num_orders,city_code,region_code,center_type,op_area,category,cuisine
1199336,1,52,1902,399.67,447.23,0,0,69,685,56,TYPE_B,5.6,Biryani,Indian
1065374,2,52,1902,387.03,447.23,0,0,148,685,56,TYPE_B,5.6,Biryani,Indian
1469300,3,52,1902,396.76,445.23,0,0,94,685,56,TYPE_B,5.6,Biryani,Indian
1427535,4,52,1902,387.03,446.23,0,0,53,685,56,TYPE_B,5.6,Biryani,Indian
1266234,5,52,1902,446.23,445.23,0,0,41,685,56,TYPE_B,5.6,Biryani,Indian
1146420,6,52,1902,445.23,446.23,0,0,28,685,56,TYPE_B,5.6,Biryani,Indian
1011900,7,52,1902,445.23,445.23,0,0,81,685,56,TYPE_B,5.6,Biryani,Indian
1182038,8,52,1902,447.23,446.23,0,0,69,685,56,TYPE_B,5.6,Biryani,Indian
1287424,9,52,1902,446.23,447.23,0,0,69,685,56,TYPE_B,5.6,Biryani,Indian
1406047,10,52,1902,446.23,447.23,0,0,81,685,56,TYPE_B,5.6,Biryani,Indian
1420264,11,52,1902,447.23,447.23,0,0,14,685,56,TYPE_B,5.6,Biryani,Indian
1380468,12,52,1902,447.23,447.23,0,0,42,685,56,TYPE_B,5.6,Biryani,Indian
1043790,14,52,1902,447.23,445.23,0,0,82,685,56,TYPE_B,5.6,Biryani,Indian
1037910,15,52,1902,418.13,416.13,0,0,53,685,56,TYPE_B,5.6,Biryani,Indian
1098378,16,52,1902,418.13,417.13,0,0,27,685,56,TYPE_B,5.6,Biryani,Indian
1093757,17,52,1902,416.13,418.13,0,0,68,685,56,TYPE_B,5.6,Biryani,Indian
1078288,18,52,1902,417.13,418.13,0,0,68,685,56,TYPE_B,5.6,Biryani,Indian
1088642,19,52,1902,446.23,445.23,0,0,13,685,56,TYPE_B,5.6,Biryani,Indian
1368397,20,52,1902,446.23,445.23,0,0,26,685,56,TYPE_B,5.6,Biryani,Indian
1282618,21,52,1902,447.23,445.23,0,0,40,685,56,TYPE_B,5.6,Biryani,Indian
1075453,22,52,1902,446.23,445.23,0,0,26,685,56,TYPE_B,5.6,Biryani,Indian
1212997,23,52,1902,447.23,447.23,0,0,55,685,56,TYPE_B,5.6,Biryani,Indian
1175609,24,52,1902,445.23,446.23,0,0,68,685,56,TYPE_B,5.6,Biryani,Indian
1328287,25,52,1902,446.23,446.23,0,0,14,685,56,TYPE_B,5.6,Biryani,Indian
1004780,26,52,1902,445.23,445.23,0,0,40,685,56,TYPE_B,5.6,Biryani,Indian
1264148,27,52,1902,446.23,447.23,0,0,27,685,56,TYPE_B,5.6,Biryani,Indian
1263078,28,52,1902,447.23,447.23,0,0,42,685,56,TYPE_B,5.6,Biryani,Indian
1285684,29,52,1902,446.23,446.23,0,0,40,685,56,TYPE_B,5.6,Biryani,Indian
1058500,30,52,1902,445.23,446.23,0,0,54,685,56,TYPE_B,5.6,Biryani,Indian
1338247,31,52,1902,447.23,446.23,0,0,26,685,56,TYPE_B,5.6,Biryani,Indian
1122616,32,52,1902,445.23,446.23,0,0,27,685,56,TYPE_B,5.6,Biryani,Indian
1488871,33,52,1902,446.23,445.23,0,0,14,685,56,TYPE_B,5.6,Biryani,Indian
1443842,34,52,1902,447.23,446.23,0,0,14,685,56,TYPE_B,5.6,Biryani,Indian
1198307,35,52,1902,445.23,445.23,0,0,27,685,56,TYPE_B,5.6,Biryani,Indian
1040106,36,52,1902,445.23,445.23,0,0,69,685,56,TYPE_B,5.6,Biryani,Indian
1461568,37,52,1902,446.23,445.23,0,0,13,685,56,TYPE_B,5.6,Biryani,Indian
1327896,39,52,1902,446.23,446.23,0,0,40,685,56,TYPE_B,5.6,Biryani,Indian
1302048,40,52,1902,447.23,445.23,0,0,15,685,56,TYPE_B,5.6,Biryani,Indian
1114667,41,52,1902,447.23,446.23,0,0,15,685,56,TYPE_B,5.6,Biryani,Indian
1409995,42,52,1902,447.23,445.23,0,0,55,685,56,TYPE_B,5.6,Biryani,Indian
1387133,43,52,1902,445.23,447.23,0,0,26,685,56,TYPE_B,5.6,Biryani,Indian
1228124,44,52,1902,445.23,445.23,0,0,68,685,56,TYPE_B,5.6,Biryani,Indian
1085633,45,52,1902,358.93,446.23,0,0,40,685,56,TYPE_B,5.6,Biryani,Indian
1311396,46,52,1902,359.93,446.23,0,0,41,685,56,TYPE_B,5.6,Biryani,Indian
1316282,47,52,1902,358.93,446.23,0,0,69,685,56,TYPE_B,5.6,Biryani,Indian
1486489,48,52,1902,358.93,446.23,0,0,69,685,56,TYPE_B,5.6,Biryani,Indian
1452804,50,52,1902,446.23,445.23,0,0,28,685,56,TYPE_B,5.6,Biryani,Indian
1467923,51,52,1902,445.23,446.23,0,0,42,685,56,TYPE_B,5.6,Biryani,Indian
1490280,52,52,1902,445.23,445.23,0,0,81,685,56,TYPE_B,5.6,Biryani,Indian
1393754,53,52,1902,418.13,417.13,0,0,53,685,56,TYPE_B,5.6,Biryani,Indian
1309113,54,52,1902,417.13,417.13,0,0,26,685,56,TYPE_B,5.6,Biryani,Indian
1166818,55,52,1902,418.13,416.13,0,0,26,685,56,TYPE_B,5.6,Biryani,Indian
1366020,56,52,1902,417.13,417.13,0,0,26,685,56,TYPE_B,5.6,Biryani,Indian
1281449,57,52,1902,447.23,445.23,0,0,26,685,56,TYPE_B,5.6,Biryani,Indian
1112973,58,52,1902,447.23,447.23,0,0,26,685,56,TYPE_B,5.6,Biryani,Indian
1053567,59,52,1902,446.23,446.23,0,0,28,685,56,TYPE_B,5.6,Biryani,Indian
1093133,60,52,1902,447.23,446.23,0,0,42,685,56,TYPE_B,5.6,Biryani,Indian
1056160,61,52,1902,446.23,446.23,0,0,53,685,56,TYPE_B,5.6,Biryani,Indian
1494666,62,52,1902,447.23,445.23,0,0,14,685,56,TYPE_B,5.6,Biryani,Indian
1480173,63,52,1902,446.23,446.23,0,0,68,685,56,TYPE_B,5.6,Biryani,Indian
1356965,64,52,1902,446.23,446.23,0,0,27,685,56,TYPE_B,5.6,Biryani,Indian
1251850,65,52,1902,446.23,446.23,0,0,28,685,56,TYPE_B,5.6,Biryani,Indian
1491975,66,52,1902,446.23,445.23,0,0,40,685,56,TYPE_B,5.6,Biryani,Indian
1054249,67,52,1902,447.23,446.23,0,0,82,685,56,TYPE_B,5.6,Biryani,Indian
1346762,68,52,1902,418.13,416.13,0,0,55,685,56,TYPE_B,5.6,Biryani,Indian
1259872,69,52,1902,418.13,418.13,0,0,54,685,56,TYPE_B,5.6,Biryani,Indian
1443705,70,52,1902,416.13,417.13,0,0,40,685,56,TYPE_B,5.6,Biryani,Indian
1264647,71,52,1902,416.13,418.13,0,0,27,685,56,TYPE_B,5.6,Biryani,Indian
1194799,72,52,1902,447.23,446.23,0,0,40,685,56,TYPE_B,5.6,Biryani,Indian
1301555,73,52,1902,447.23,445.23,0,0,53,685,56,TYPE_B,5.6,Biryani,Indian
1090250,74,52,1902,445.23,446.23,0,0,41,685,56,TYPE_B,5.6,Biryani,Indian
1420100,76,52,1902,445.23,447.23,0,0,42,685,56,TYPE_B,5.6,Biryani,Indian
1330832,77,52,1902,445.23,447.23,0,0,55,685,56,TYPE_B,5.6,Biryani,Indian
1248730,78,52,1902,447.23,447.23,0,0,26,685,56,TYPE_B,5.6,Biryani,Indian
1220341,79,52,1902,446.23,445.23,0,0,108,685,56,TYPE_B,5.6,Biryani,Indian
1462230,80,52,1902,445.23,446.23,0,0,41,685,56,TYPE_B,5.6,Biryani,Indian
1422879,81,52,1902,446.23,447.23,0,0,67,685,56,TYPE_B,5.6,Biryani,Indian
1164528,82,52,1902,447.23,446.23,0,0,82,685,56,TYPE_B,5.6,Biryani,Indian
1079400,83,52,1902,436.53,436.53,0,0,42,685,56,TYPE_B,5.6,Biryani,Indian
1125692,84,52,1902,437.53,435.53,0,0,26,685,56,TYPE_B,5.6,Biryani,Indian
1322041,85,52,1902,437.53,436.53,0,0,54,685,56,TYPE_B,5.6,Biryani,Indian
1041385,86,52,1902,435.53,435.53,0,0,67,685,56,TYPE_B,5.6,Biryani,Indian
1408674,87,52,1902,446.23,445.23,0,0,82,685,56,TYPE_B,5.6,Biryani,Indian
1389409,88,52,1902,445.23,447.23,0,0,54,685,56,TYPE_B,5.6,Biryani,Indian
1448860,89,52,1902,446.23,447.23,0,0,41,685,56,TYPE_B,5.6,Biryani,Indian
1377189,90,52,1902,447.23,446.23,0,0,14,685,56,TYPE_B,5.6,Biryani,Indian
1116185,91,52,1902,445.23,445.23,0,0,40,685,56,TYPE_B,5.6,Biryani,Indian
1477251,92,52,1902,446.23,446.23,0,0,26,685,56,TYPE_B,5.6,Biryani,Indian
1159004,93,52,1902,445.23,446.23,0,0,15,685,56,TYPE_B,5.6,Biryani,Indian
1132040,94,52,1902,446.23,446.23,0,0,69,685,56,TYPE_B,5.6,Biryani,Indian
1342835,95,52,1902,445.23,447.23,0,0,42,685,56,TYPE_B,5.6,Biryani,Indian
1135337,96,52,1902,447.23,445.23,0,0,55,685,56,TYPE_B,5.6,Biryani,Indian
1028320,97,52,1902,446.23,445.23,0,0,41,685,56,TYPE_B,5.6,Biryani,Indian
1013231,98,52,1902,447.23,445.23,0,0,28,685,56,TYPE_B,5.6,Biryani,Indian
1399883,99,52,1902,446.23,446.23,0,0,95,685,56,TYPE_B,5.6,Biryani,Indian
1169211,100,52,1902,446.23,446.23,0,0,13,685,56,TYPE_B,5.6,Biryani,Indian
1375831,101,52,1902,445.23,447.23,0,0,40,685,56,TYPE_B,5.6,Biryani,Indian
1287236,102,52,1902,445.23,445.23,0,0,27,685,56,TYPE_B,5.6,Biryani,Indian
1262798,103,52,1902,445.23,446.23,0,0,54,685,56,TYPE_B,5.6,Biryani,Indian
1138578,104,52,1902,447.23,445.23,0,0,53,685,56,TYPE_B,5.6,Biryani,Indian
1204721,105,52,1902,388.03,446.23,0,0,94,685,56,TYPE_B,5.6,Biryani,Indian
1363708,106,52,1902,388.03,446.23,0,0,95,685,56,TYPE_B,5.6,Biryani,Indian
1100294,107,52,1902,387.03,446.23,0,0,162,685,56,TYPE_B,5.6,Biryani,Indian
1481768,108,52,1902,389.03,446.23,0,0,54,685,56,TYPE_B,5.6,Biryani,Indian
1456337,109,52,1902,445.23,446.23,0,0,95,685,56,TYPE_B,5.6,Biryani,Indian
1160314,110,52,1902,446.23,447.23,0,0,26,685,56,TYPE_B,5.6,Biryani,Indian
1422651,111,52,1902,446.23,446.23,0,0,41,685,56,TYPE_B,5.6,Biryani,Indian
1209999,112,52,1902,445.23,445.23,0,0,15,685,56,TYPE_B,5.6,Biryani,Indian
1213716,113,52,1902,445.23,445.23,0,0,15,685,56,TYPE_B,5.6,Biryani,Indian
1182329,1,52,1247,389.03,446.23,0,0,94,685,56,TYPE_B,5.6,Biryani,Indian
1437725,2,52,1247,388.03,447.23,0,0,42,685,56,TYPE_B,5.6,Biryani,Indian
1405701,3,52,1247,389.03,447.23,0,0,55,685,56,TYPE_B,5.6,Biryani,Indian
1379074,4,52,1247,388.03,447.23,0,0,81,685,56,TYPE_B,5.6,Biryani,Indian
1314037,5,52,1247,447.23,446.23,0,0,13,685,56,TYPE_B,5.6,Biryani,Indian
1463993,6,52,1247,446.23,445.23,0,0,28,685,56,TYPE_B,5.6,Biryani,Indian
1322963,7,52,1247,447.23,446.23,0,0,94,685,56,TYPE_B,5.6,Biryani,Indian
1209045,8,52,1247,446.23,447.23,0,0,67,685,56,TYPE_B,5.6,Biryani,Indian
1241882,9,52,1247,446.23,446.23,0,0,15,685,56,TYPE_B,5.6,Biryani,Indian
1420181,10,52,1247,446.23,446.23,0,0,40,685,56,TYPE_B,5.6,Biryani,Indian
1185248,11,52,1247,445.23,446.23,0,0,40,685,56,TYPE_B,5.6,Biryani,Indian
1152176,12,52,1247,445.23,445.23,0,0,13,685,56,TYPE_B,5.6,Biryani,Indian
1080007,13,52,1247,445.23,445.23,0,0,67,685,56,TYPE_B,5.6,Biryani,Indian
1063100,14,52,1247,446.23,447.23,0,0,13,685,56,TYPE_B,5.6,Biryani,Indian
1290920,15,52,1247,418.13,418.13,0,0,55,685,56,TYPE_B,5.6,Biryani,Indian
1469007,16,52,1247,416.13,418.13,0,0,14,685,56,TYPE_B,5.6,Biryani,Indian
1468427,17,52,1247,416.13,417.13,0,0,40,685,56,TYPE_B,5.6,Biryani,Indian
1071330,18,52,1247,416.13,417.13,0,0,42,685,56,TYPE_B,5.6,Biryani,Indian
1199208,19,52,1247,447.23,447.23,0,0,53,685,56,TYPE_B,5.6,Biryani,Indian
1421471,20,52,1247,445.23,445.23,0,0,40,685,56,TYPE_B,5.6,Biryani,Indian
1472291,21,52,1247,447.23,445.23,0,0,14,685,56,TYPE_B,5.6,Biryani,Indian
1392095,22,52,1247,445.23,447.23,0,0,41,685,56,TYPE_B,5.6,Biryani,Indian
1076547,23,52,1247,447.23,445.23,0,0,15,685,56,TYPE_B,5.6,Biryani,Indian
1451377,25,52,1247,445.23,447.23,0,0,26,685,56,TYPE_B,5.6,Biryani,Indian
1471962,26,52,1247,445.23,446.23,0,0,54,685,56,TYPE_B,5.6,Biryani,Indian
1271707,27,52,1247,445.23,447.23,0,0,27,685,56,TYPE_B,5.6,Biryani,Indian
1216195,28,52,1247,447.23,447.23,0,0,26,685,56,TYPE_B,5.6,Biryani,Indian
1116485,29,52,1247,445.23,445.23,0,0,55,685,56,TYPE_B,5.6,Biryani,Indian
1168818,30,52,1247,447.23,447.23,0,0,54,685,56,TYPE_B,5.6,Biryani,Indian
1254555,31,52,1247,445.23,447.23,0,0,53,685,56,TYPE_B,5.6,Biryani,Indian
1423157,32,52,1247,447.23,446.23,0,0,27,685,56,TYPE_B,5.6,Biryani,Indian
1295988,33,52,1247,446.23,446.23,0,0,15,685,56,TYPE_B,5.6,Biryani,Indian
1309248,34,52,1247,446.23,445.23,0,0,26,685,56,TYPE_B,5.6,Biryani,Indian
1097723,35,52,1247,446.23,447.23,0,0,42,685,56,TYPE_B,5.6,Biryani,Indian
1025593,36,52,1247,447.23,445.23,0,0,26,685,56,TYPE_B,5.6,Biryani,Indian
1075064,37,52,1247,447.23,446.23,0,0,42,685,56,TYPE_B,5.6,Biryani,Indian
1057341,38,52,1247,445.23,445.23,0,0,28,685,56,TYPE_B,5.6,Biryani,Indian
1245320,39,52,1247,445.23,447.23,0,0,82,685,56,TYPE_B,5.6,Biryani,Indian
1399684,40,52,1247,445.23,445.23,0,0,94,685,56,TYPE_B,5.6,Biryani,Indian
1018378,41,52,1247,446.23,447.23,0,0,55,685,56,TYPE_B,5.6,Biryani,Indian
1306625,42,52,1247,445.23,447.23,0,0,54,685,56,TYPE_B,5.6,Biryani,Indian
1217871,45,52,1247,375.39,446.23,0,0,68,685,56,TYPE_B,5.6,Biryani,Indian
1288674,46,52,1247,358.93,447.23,0,0,68,685,56,TYPE_B,5.6,Biryani,Indian
1162226,47,52,1247,357.93,447.23,0,0,14,685,56,TYPE_B,5.6,Biryani,Indian
1101039,48,52,1247,358.93,447.23,0,0,68,685,56,TYPE_B,5.6,Biryani,Indian
1056228,49,52,1247,446.23,446.23,0,0,82,685,56,TYPE_B,5.6,Biryani,Indian
1280058,50,52,1247,446.23,445.23,0,0,13,685,56,TYPE_B,5.6,Biryani,Indian
1490802,51,52,1247,446.23,447.23,0,0,14,685,56,TYPE_B,5.6,Biryani,Indian
1301248,52,52,1247,445.23,446.23,0,0,15,685,56,TYPE_B,5.6,Biryani,Indian
1101113,53,52,1247,416.13,417.13,0,0,42,685,56,TYPE_B,5.6,Biryani,Indian
1294327,54,52,1247,426.83,426.83,0,0,53,685,56,TYPE_B,5.6,Biryani,Indian
1494489,55,52,1247,417.13,418.13,0,0,26,685,56,TYPE_B,5.6,Biryani,Indian
1262632,56,52,1247,418.13,416.13,0,0,68,685,56,TYPE_B,5.6,Biryani,Indian
1043019,57,52,1247,446.23,446.23,0,0,55,685,56,TYPE_B,5.6,Biryani,Indian
1462488,58,52,1247,446.23,447.23,0,0,81,685,56,TYPE_B,5.6,Biryani,Indian
1164023,59,52,1247,447.23,445.23,0,0,54,685,56,TYPE_B,5.6,Biryani,Indian
1111037,60,52,1247,445.23,447.23,0,0,15,685,56,TYPE_B,5.6,Biryani,Indian
1047713,61,52,1247,446.23,445.23,0,0,28,685,56,TYPE_B,5.6,Biryani,Indian
1256111,63,52,1247,445.23,447.23,0,0,67,685,56,TYPE_B,5.6,Biryani,Indian
1144657,64,52,1247,446.23,445.23,0,0,28,685,56,TYPE_B,5.6,Biryani,Indian
1277079,65,52,1247,446.23,445.23,0,0,27,685,56,TYPE_B,5.6,Biryani,Indian
1129532,66,52,1247,447.23,447.23,0,0,14,685,56,TYPE_B,5.6,Biryani,Indian
1229759,67,52,1247,447.23,446.23,0,0,14,685,56,TYPE_B,5.6,Biryani,Indian
1428609,68,52,1247,418.13,418.13,0,0,15,685,56,TYPE_B,5.6,Biryani,Indian
1128270,69,52,1247,416.13,418.13,0,0,26,685,56,TYPE_B,5.6,Biryani,Indian
1462614,70,52,1247,418.13,416.13,0,0,27,685,56,TYPE_B,5.6,Biryani,Indian
1402821,71,52,1247,417.13,418.13,0,0,68,685,56,TYPE_B,5.6,Biryani,Indian
1477289,72,52,1247,447.23,447.23,0,0,28,685,56,TYPE_B,5.6,Biryani,Indian
1143028,73,52,1247,447.23,447.23,0,0,14,685,56,TYPE_B,5.6,Biryani,Indian
1486315,74,52,1247,445.23,446.23,0,0,14,685,56,TYPE_B,5.6,Biryani,Indian
1377325,75,52,1247,445.23,447.23,0,0,15,685,56,TYPE_B,5.6,Biryani,Indian
1348078,76,52,1247,445.23,447.23,0,0,41,685,56,TYPE_B,5.6,Biryani,Indian
1466401,77,52,1247,446.23,446.23,0,0,14,685,56,TYPE_B,5.6,Biryani,Indian
1360578,78,52,1247,445.23,445.23,0,0,41,685,56,TYPE_B,5.6,Biryani,Indian
1424699,79,52,1247,446.23,447.23,0,0,28,685,56,TYPE_B,5.6,Biryani,Indian
1149559,80,52,1247,446.23,447.23,0,0,26,685,56,TYPE_B,5.6,Biryani,Indian
1033951,81,52,1247,445.23,447.23,0,0,26,685,56,TYPE_B,5.6,Biryani,Indian
1386571,82,52,1247,446.23,447.23,0,0,26,685,56,TYPE_B,5.6,Biryani,Indian
1385221,83,52,1247,437.53,437.53,0,0,13,685,56,TYPE_B,5.6,Biryani,Indian
1211158,84,52,1247,436.53,436.53,0,0,109,685,56,TYPE_B,5.6,Biryani,Indian
1025893,85,52,1247,435.53,435.53,0,0,82,685,56,TYPE_B,5.6,Biryani,Indian
1129552,87,52,1247,446.23,447.23,0,0,42,685,56,TYPE_B,5.6,Biryani,Indian
1130514,88,52,1247,445.23,447.23,0,0,28,685,56,TYPE_B,5.6,Biryani,Indian
1193012,89,52,1247,446.23,447.23,0,0,27,685,56,TYPE_B,5.6,Biryani,Indian
1423579,90,52,1247,446.23,446.23,0,0,13,685,56,TYPE_B,5.6,Biryani,Indian
1353366,91,52,1247,445.23,446.23,0,0,81,685,56,TYPE_B,5.6,Biryani,Indian
1474608,92,52,1247,445.23,445.23,0,0,53,685,56,TYPE_B,5.6,Biryani,Indian
1311671,93,52,1247,445.23,445.23,0,0,28,685,56,TYPE_B,5.6,Biryani,Indian
1475056,95,52,1247,447.23,446.23,0,0,40,685,56,TYPE_B,5.6,Biryani,Indian
1107158,96,52,1247,445.23,447.23,0,0,55,685,56,TYPE_B,5.6,Biryani,Indian
1172891,97,52,1247,445.23,446.23,0,0,26,685,56,TYPE_B,5.6,Biryani,Indian
1364101,98,52,1247,447.23,446.23,0,0,40,685,56,TYPE_B,5.6,Biryani,Indian
1315026,99,52,1247,447.23,445.23,0,0,28,685,56,TYPE_B,5.6,Biryani,Indian
1269902,100,52,1247,446.23,447.23,0,0,15,685,56,TYPE_B,5.6,Biryani,Indian
1442308,101,52,1247,447.23,447.23,0,0,28,685,56,TYPE_B,5.6,Biryani,Indian
1067746,102,52,1247,446.23,445.23,0,0,15,685,56,TYPE_B,5.6,Biryani,Indian
1151993,103,52,1247,445.23,446.23,0,0,28,685,56,TYPE_B,5.6,Biryani,Indian
1195570,104,52,1247,447.23,447.23,0,0,14,685,56,TYPE_B,5.6,Biryani,Indian
1019153,105,52,1247,374.45,446.23,0,0,94,685,56,TYPE_B,5.6,Biryani,Indian
1079772,106,52,1247,389.03,445.23,0,0,40,685,56,TYPE_B,5.6,Biryani,Indian
1213842,107,52,1247,388.03,447.23,0,0,80,685,56,TYPE_B,5.6,Biryani,Indian
1302657,108,52,1247,389.03,446.23,0,0,67,685,56,TYPE_B,5.6,Biryani,Indian
1136859,109,52,1247,447.23,446.23,0,0,28,685,56,TYPE_B,5.6,Biryani,Indian
1302772,110,52,1247,446.23,445.23,0,0,55,685,56,TYPE_B,5.6,Biryani,Indian
1326624,112,52,1247,447.23,445.23,0,0,13,685,56,TYPE_B,5.6,Biryani,Indian
1019780,113,52,1247,446.23,447.23,0,0,55,685,56,TYPE_B,5.6,Biryani,Indian
