Data set/Center wise/Center_52_Rank4.csv
id,week,center_id,meal_id,checkout_price,base_price,emailer_for_promotion,homepage_featured,num_orders,city_code,region_code,center_type,op_area,category,cuisine
1069767,1,52,1770,339.53,485.03,0,0,82,685,56,TYPE_B,5.6,Biryani,Indian
1115373,2,52,1770,340.53,486.03,0,0,94,685,56,TYPE_B,5.6,Biryani,Indian
1323575,3,52,1770,340.53,484.03,0,0,95,685,56,TYPE_B,5.6,Biryani,Indian
1032903,4,52,1770,339.53,484.03,0,0,82,685,56,TYPE_B,5.6,Biryani,Indian
1431513,5,52,1770,484.03,486.03,0,0,67,685,56,TYPE_B,5.6,Biryani,Indian
1288274,6,52,1770,484.03,484.03,0,0,28,685,56,TYPE_B,5.6,Biryani,Indian
1455453,7,52,1770,485.03,485.03,0,0,95,685,56,TYPE_B,5.6,Biryani,Indian
1364887,8,52,1770,486.03,484.03,0,0,55,685,56,TYPE_B,5.6,Biryani,Indian
1192037,9,52,1770,486.03,484.03,0,0,42,685,56,TYPE_B,5.6,Biryani,Indian
1325173,10,52,1770,485.03,485.03,0,0,13,685,56,TYPE_B,5.6,Biryani,Indian
1447116,11,52,1770,485.03,486.03,0,0,82,685,56,TYPE_B,5.6,Biryani,Indian
1161574,13,52,1770,485.03,486.03,0,0,26,685,56,TYPE_B,5.6,Biryani,Indian
1470919,14,52,1770,484.03,484.03,0,0,28,685,56,TYPE_B,5.6,Biryani,Indian
1201781,15,52,1770,484.03,486.03,0,0,13,685,56,TYPE_B,5.6,Biryani,Indian
1256044,16,52,1770,484.03,486.03,0,0,14,685,56,TYPE_B,5.6,Biryani,Indian
1150593,17,52,1770,436.53,486.03,0,1,55,685,56,TYPE_B,5.6,Biryani,Indian
1425026,18,52,1770,437.53,485.03,0,1,54,685,56,TYPE_B,5.6,Biryani,Indian
1400843,19,52,1770,435.53,484.03,0,0,14,685,56,TYPE_B,5.6,Biryani,Indian
1303767,20,52,1770,437.53,484.03,0,0,26,685,56,TYPE_B,5.6,Biryani,Indian
1285149,21,52,1770,472.39,472.39,0,0,53,685,56,TYPE_B,5.6,Biryani,Indian
1130570,22,52,1770,486.03,484.03,0,0,15,685,56,TYPE_B,5.6,Biryani,Indian
1422201,23,52,1770,486.03,484.03,0,0,28,685,56,TYPE_B,5.6,Biryani,Indian
1465844,24,52,1770,484.03,486.03,0,0,42,685,56,TYPE_B,5.6,Biryani,Indian
1127633,25,52,1770,484.03,484.03,0,0,14,685,56,TYPE_B,5.6,Biryani,Indian
1381884,27,52,1770,486.03,485.03,0,0,26,685,56,TYPE_B,5.6,Biryani,Indian
1352647,28,52,1770,484.03,485.03,0,0,54,685,56,TYPE_B,5.6,Biryani,Indian
1443364,29,52,1770,387.03,484.03,0,0,94,685,56,TYPE_B,5.6,Biryani,Indian
1207988,30,52,1770,389.03,485.03,0,0,15,685,56,TYPE_B,5.6,Biryani,Indian
1306487,31,52,1770,388.03,486.03,0,0,40,685,56,TYPE_B,5.6,Biryani,Indian
1486122,32,52,1770,388.03,484.03,0,0,28,685,56,TYPE_B,5.6,Biryani,Indian
1453929,33,52,1770,484.03,486.03,0,0,27,685,56,TYPE_B,5.6,Biryani,Indian
1454594,34,52,1770,484.03,484.03,0,0,80,685,56,TYPE_B,5.6,Biryani,Indian
1079884,35,52,1770,486.03,486.03,0,0,55,685,56,TYPE_B,5.6,Biryani,Indian
1081050,36,52,1770,484.03,484.03,0,0,13,685,56,TYPE_B,5.6,Biryani,Indian
1486299,37,52,1770,485.03,486.03,0,0,13,685,56,TYPE_B,5.6,Biryani,Indian
1052924,38,52,1770,485.03,486.03,0,0,13,685,56,TYPE_B,5.6,Biryani,Indian
1308151,39,52,1770,484.03,484.03,0,0,42,685,56,TYPE_B,5.6,Biryani,Indian
1439421,40,52,1770,486.03,486.03,0,0,15,685,56,TYPE_B,5.6,Biryani,Indian
1052401,41,52,1770,485.03,485.03,0,0,26,685,56,TYPE_B,5.6,Biryani,Indian
1166507,42,52,1770,484.03,484.03,0,0,40,685,56,TYPE_B,5.6,Biryani,Indian
1020621,43,52,1770,485.03,485.03,0,0,15,685,56,TYPE_B,5.6,Biryani,Indian
1364899,44,52,1770,484.03,486.03,0,0,28,685,56,TYPE_B,5.6,Biryani,Indian
1358192,45,52,1770,437.53,484.03,0,0,13,685,56,TYPE_B,5.6,Biryani,Indian
1337498,46,52,1770,435.53,484.03,0,0,28,685,56,TYPE_B,5.6,Biryani,Indian
1036370,47,52,1770,436.53,485.03,0,0,15,685,56,TYPE_B,5.6,Biryani,Indian
1064805,48,52,1770,437.53,486.03,0,0,13,685,56,TYPE_B,5.6,Biryani,Indian
1467058,49,52,1770,485.03,484.03,0,0,41,685,56,TYPE_B,5.6,Biryani,Indian
1441391,51,52,1770,484.03,486.03,0,0,41,685,56,TYPE_B,5.6,Biryani,Indian
1015180,52,52,1770,486.03,485.03,0,0,41,685,56,TYPE_B,5.6,Biryani,Indian
1135974,53,52,1770,437.53,484.03,0,0,28,685,56,TYPE_B,5.6,Biryani,Indian
1037566,54,52,1770,436.53,484.03,0,0,67,685,56,TYPE_B,5.6,Biryani,Indian
1489769,55,52,1770,435.53,484.03,0,0,15,685,56,TYPE_B,5.6,Biryani,Indian
1343657,56,52,1770,436.53,484.03,0,0,94,685,56,TYPE_B,5.6,Biryani,Indian
1227518,57,52,1770,473.39,472.39,0,0,53,685,56,TYPE_B,5.6,Biryani,Indian
1035370,58,52,1770,485.03,484.03,0,0,13,685,56,TYPE_B,5.6,Biryani,Indian
1122538,59,52,1770,486.03,486.03,0,0,55,685,56,TYPE_B,5.6,Biryani,Indian
1451279,60,52,1770,485.03,486.03,0,0,69,685,56,TYPE_B,5.6,Biryani,Indian
1205312,61,52,1770,484.03,485.03,0,0,13,685,56,TYPE_B,5.6,Biryani,Indian
1404961,63,52,1770,485.03,484.03,0,0,28,685,56,TYPE_B,5.6,Biryani,Indian
1112361,64,52,1770,485.03,486.03,0,0,55,685,56,TYPE_B,5.6,Biryani,Indian
1291291,65,52,1770,485.03,486.03,0,0,27,685,56,TYPE_B,5.6,Biryani,Indian
1269357,66,52,1770,485.03,485.03,0,0,53,685,56,TYPE_B,5.6,Biryani,Indian
1189704,67,52,1770,485.03,484.03,0,0,40,685,56,TYPE_B,5.6,Biryani,Indian
1210570,68,52,1770,464.63,466.63,0,0,95,685,56,TYPE_B,5.6,Biryani,Indian
1047483,69,52,1770,466.63,464.63,0,0,41,685,56,TYPE_B,5.6,Biryani,Indian
1126679,70,52,1770,466.63,464.63,0,0,14,685,56,TYPE_B,5.6,Biryani,Indian
1083494,71,52,1770,464.63,464.63,0,0,15,685,56,TYPE_B,5.6,Biryani,Indian
1477325,72,52,1770,484.03,484.03,0,0,13,685,56,TYPE_B,5.6,Biryani,Indian
1181472,73,52,1770,486.03,486.03,0,0,15,685,56,TYPE_B,5.6,Biryani,Indian
1179077,74,52,1770,486.03,485.03,0,0,68,685,56,TYPE_B,5.6,Biryani,Indian
1306628,75,52,1770,486.03,486.03,0,0,41,685,56,TYPE_B,5.6,Biryani,Indian
1360257,76,52,1770,485.03,484.03,0,0,15,685,56,TYPE_B,5.6,Biryani,Indian
1405458,77,52,1770,485.03,485.03,0,0,53,685,56,TYPE_B,5.6,Biryani,Indian
1155393,78,52,1770,484.03,485.03,0,0,55,685,56,TYPE_B,5.6,Biryani,Indian
1364013,79,52,1770,484.03,485.03,0,0,41,685,56,TYPE_B,5.6,Biryani,Indian
1292220,80,52,1770,485.03,484.03,0,0,54,685,56,TYPE_B,5.6,Biryani,Indian
1274385,81,52,1770,485.03,484.03,0,0,27,685,56,TYPE_B,5.6,Biryani,Indian
1116653,82,52,1770,486.03,484.03,0,0,81,685,56,TYPE_B,5.6,Biryani,Indian
1378812,83,52,1770,485.03,485.03,0,0,41,685,56,TYPE_B,5.6,Biryani,Indian
1402910,84,52,1770,484.03,485.03,0,0,40,685,56,TYPE_B,5.6,Biryani,Indian
1383776,85,52,1770,485.03,486.03,0,0,41,685,56,TYPE_B,5.6,Biryani,Indian
1211520,86,52,1770,485.03,484.03,0,0,27,685,56,TYPE_B,5.6,Biryani,Indian
1218606,87,52,1770,486.03,484.03,0,0,41,685,56,TYPE_B,5.6,Biryani,Indian
1222482,88,52,1770,484.03,486.03,0,0,67,685,56,TYPE_B,5.6,Biryani,Indian
1188641,89,52,1770,455.93,454.93,0,0,67,685,56,TYPE_B,5.6,Biryani,Indian
1424433,90,52,1770,455.93,454.93,0,0,42,685,56,TYPE_B,5.6,Biryani,Indian
1358739,91,52,1770,455.93,456.93,0,0,67,685,56,TYPE_B,5.6,Biryani,Indian
1235014,92,52,1770,454.93,455.93,0,0,15,685,56,TYPE_B,5.6,Biryani,Indian
1259922,93,52,1770,486.03,486.03,0,0,53,685,56,TYPE_B,5.6,Biryani,Indian
1079228,94,52,1770,485.03,486.03,0,0,53,685,56,TYPE_B,5.6,Biryani,Indian
1200273,95,52,1770,486.03,484.03,0,0,81,685,56,TYPE_B,5.6,Biryani,Indian
1067549,96,52,1770,486.03,485.03,0,0,40,685,56,TYPE_B,5.6,Biryani,Indian
1035072,97,52,1770,485.03,486.03,0,0,27,685,56,TYPE_B,5.6,Biryani,Indian
1041200,98,52,1770,485.03,484.03,0,0,15,685,56,TYPE_B,5.6,Biryani,Indian
1277073,99,52,1770,485.03,485.03,0,0,54,685,56,TYPE_B,5.6,Biryani,Indian
1158893,100,52,1770,484.03,486.03,0,0,42,685,56,TYPE_B,5.6,Biryani,Indian
1323342,101,52,1770,486.03,485.03,0,0,82,685,56,TYPE_B,5.6,Biryani,Indian
1457506,102,52,1770,485.03,484.03,0,0,13,685,56,TYPE_B,5.6,Biryani,Indian
1071070,103,52,1770,486.03,485.03,0,0,41,685,56,TYPE_B,5.6,Biryani,Indian
1261697,104,52,1770,486.03,485.03,0,0,41,685,56,TYPE_B,5.6,Biryani,Indian
1181781,105,52,1770,412.28,484.03,0,0,69,685,56,TYPE_B,5.6,Biryani,Indian
1092965,106,52,1770,412.28,485.03,0,0,53,685,56,TYPE_B,5.6,Biryani,Indian
1432409,107,52,1770,411.28,486.03,0,0,41,685,56,TYPE_B,5.6,Biryani,Indian
1344080,108,52,1770,412.28,486.03,0,0,95,685,56,TYPE_B,5.6,Biryani,Indian
1493376,109,52,1770,485.03,486.03,0,0,41,685,56,TYPE_B,5.6,Biryani,Indian
1414767,110,52,1770,485.03,485.03,0,0,41,685,56,TYPE_B,5.6,Biryani,Indian
1461058,111,52,1770,485.03,485.03,0,0,14,685,56,TYPE_B,5.6,Biryani,Indian
1148143,112,52,1770,486.03,486.03,0,0,13,685,56,TYPE_B,5.6,Biryani,Indian
1196240,1,52,1198,129.04,195.0,0,0,69,685,56,TYPE_B,5.6,Extras,Thai
1106561,2,52,1198,211.52,211.52,0,0,391,685,56,TYPE_B,5.6,Extras,Thai
1110850,3,52,1198,164.96,211.52,0,0,690,685,56,TYPE_B,5.6,Extras,Thai
1429945,4,52,1198,179.51,210.52,0,0,609,685,56,TYPE_B,5.6,Extras,Thai
1397180,5,52,1198,166.84,211.52,0,0,595,685,56,TYPE_B,5.6,Extras,Thai
1310660,6,52,1198,160.05,210.52,0,0,378,685,56,TYPE_B,5.6,Extras,Thai
1000694,7,52,1198,198.88,197.88,0,0,284,685,56,TYPE_B,5.6,Extras,Thai
1170808,8,52,1198,165.93,199.88,0,0,474,685,56,TYPE_B,5.6,Extras,Thai
1491449,9,52,1198,177.54,199.88,0,0,513,685,56,TYPE_B,5.6,Extras,Thai
1008946,10,52,1198,163.96,199.88,0,0,582,685,56,TYPE_B,5.6,Extras,Thai
1454616,11,52,1198,185.3,186.3,0,0,485,685,56,TYPE_B,5.6,Extras,Thai
1146977,12,52,1198,171.72,170.72,0,0,377,685,56,TYPE_B,5.6,Extras,Thai
1418352,13,52,1198,178.54,177.54,0,0,393,685,56,TYPE_B,5.6,Extras,Thai
1218981,14,52,1198,205.64,205.64,0,0,379,685,56,TYPE_B,5.6,Extras,Thai
1199040,15,52,1198,182.42,207.64,0,0,406,685,56,TYPE_B,5.6,Extras,Thai
1123610,16,52,1198,163.93,206.64,0,0,554,685,56,TYPE_B,5.6,Extras,Thai
1242145,17,52,1198,170.75,207.64,0,0,432,685,56,TYPE_B,5.6,Extras,Thai
1321457,18,52,1198,164.93,205.64,0,0,446,685,56,TYPE_B,5.6,Extras,Thai
1421076,19,52,1198,196.94,195.94,0,0,528,685,56,TYPE_B,5.6,Extras,Thai
1361927,20,52,1198,221.19,221.19,0,0,393,685,56,TYPE_B,5.6,Extras,Thai
1407508,21,52,1198,175.63,221.19,0,0,447,685,56,TYPE_B,5.6,Extras,Thai
1109813,22,52,1198,172.66,220.19,0,0,648,685,56,TYPE_B,5.6,Extras,Thai
1046087,23,52,1198,182.36,221.19,0,0,474,685,56,TYPE_B,5.6,Extras,Thai
1234132,24,52,1198,166.87,221.19,0,0,674,685,56,TYPE_B,5.6,Extras,Thai
1205644,25,52,1198,187.21,221.19,0,0,553,685,56,TYPE_B,5.6,Extras,Thai
1374955,26,52,1198,167.84,222.19,0,0,513,685,56,TYPE_B,5.6,Extras,Thai
1195968,27,52,1198,162.96,163.96,0,0,609,685,56,TYPE_B,5.6,Extras,Thai
1025814,28,52,1198,164.9,166.9,0,0,419,685,56,TYPE_B,5.6,Extras,Thai
1001662,29,52,1198,161.05,161.05,0,0,567,685,56,TYPE_B,5.6,Extras,Thai
1268455,30,52,1198,167.84,167.84,0,0,595,685,56,TYPE_B,5.6,Extras,Thai
1391711,31,52,1198,168.84,167.84,0,0,622,685,56,TYPE_B,5.6,Extras,Thai
1192710,32,52,1198,170.78,169.78,0,0,231,685,56,TYPE_B,5.6,Extras,Thai
1005247,33,52,1198,218.28,218.28,0,0,338,685,56,TYPE_B,5.6,Extras,Thai
1418886,34,52,1198,190.15,217.28,0,0,366,685,56,TYPE_B,5.6,Extras,Thai
1210387,35,52,1198,199.88,198.88,0,0,715,685,56,TYPE_B,5.6,Extras,Thai
1004977,36,52,1198,180.45,181.45,0,0,554,685,56,TYPE_B,5.6,Extras,Thai
1479798,37,52,1198,188.21,189.21,0,0,393,685,56,TYPE_B,5.6,Extras,Thai
1146186,38,52,1198,149.44,189.21,0,0,555,685,56,TYPE_B,5.6,Extras,Thai
1061738,39,52,1198,174.6,176.6,0,0,406,685,56,TYPE_B,5.6,Extras,Thai
1298152,40,52,1198,172.66,173.66,0,0,675,685,56,TYPE_B,5.6,Extras,Thai
1461734,41,52,1198,184.36,182.36,0,0,283,685,56,TYPE_B,5.6,Extras,Thai
1468083,42,52,1198,180.42,182.42,0,0,526,685,56,TYPE_B,5.6,Extras,Thai
1170488,43,52,1198,144.53,182.42,0,0,418,685,56,TYPE_B,5.6,Extras,Thai
1473674,44,52,1198,166.9,165.9,0,0,419,685,56,TYPE_B,5.6,Extras,Thai
1436510,45,52,1198,184.36,184.36,0,0,377,685,56,TYPE_B,5.6,Extras,Thai
1439904,46,52,1198,191.15,191.15,0,0,365,685,56,TYPE_B,5.6,Extras,Thai
1264843,47,52,1198,169.75,191.15,0,0,432,685,56,TYPE_B,5.6,Extras,Thai
1370044,48,52,1198,169.81,189.15,0,0,514,685,56,TYPE_B,5.6,Extras,Thai
1216672,49,52,1198,184.36,184.36,0,0,661,685,56,TYPE_B,5.6,Extras,Thai
1259512,50,52,1198,160.05,182.36,0,0,688,685,56,TYPE_B,5.6,Extras,Thai
1099633,51,52,1198,187.24,188.24,0,0,486,685,56,TYPE_B,5.6,Extras,Thai
1226129,52,52,1198,164.93,186.24,0,0,528,685,56,TYPE_B,5.6,Extras,Thai
1105555,53,52,1198,182.36,184.36,0,0,474,685,56,TYPE_B,5.6,Extras,Thai
1452224,54,52,1198,183.36,184.36,0,0,379,685,56,TYPE_B,5.6,Extras,Thai
1239173,55,52,1198,191.09,193.09,0,0,337,685,56,TYPE_B,5.6,Extras,Thai
1006460,56,52,1198,140.65,193.09,0,0,339,685,56,TYPE_B,5.6,Extras,Thai
1434342,57,52,1198,191.12,190.12,0,0,555,685,56,TYPE_B,5.6,Extras,Thai
1010661,58,52,1198,191.09,193.09,0,0,406,685,56,TYPE_B,5.6,Extras,Thai
1313281,59,52,1198,162.05,191.09,0,0,404,685,56,TYPE_B,5.6,Extras,Thai
1434518,60,52,1198,217.31,216.31,0,0,377,685,56,TYPE_B,5.6,Extras,Thai
1343134,61,52,1198,168.84,216.31,0,0,566,685,56,TYPE_B,5.6,Extras,Thai
1249608,62,52,1198,141.68,217.31,0,0,432,685,56,TYPE_B,5.6,Extras,Thai
1380048,63,52,1198,156.23,217.31,0,0,474,685,56,TYPE_B,5.6,Extras,Thai
1388190,64,52,1198,161.05,218.31,0,0,244,685,56,TYPE_B,5.6,Extras,Thai
1197540,65,52,1198,173.69,218.31,0,0,528,685,56,TYPE_B,5.6,Extras,Thai
1421299,66,52,1198,183.36,217.31,0,0,285,685,56,TYPE_B,5.6,Extras,Thai
1496943,67,52,1198,194.97,194.97,0,0,485,685,56,TYPE_B,5.6,Extras,Thai
1232261,68,52,1198,168.84,194.97,0,0,567,685,56,TYPE_B,5.6,Extras,Thai
1181875,69,52,1198,171.72,196.97,0,0,379,685,56,TYPE_B,5.6,Extras,Thai
1271011,70,52,1198,173.66,195.97,0,0,500,685,56,TYPE_B,5.6,Extras,Thai
1192806,71,52,1198,173.66,195.97,0,0,323,685,56,TYPE_B,5.6,Extras,Thai
1467192,72,52,1198,180.42,181.42,0,0,526,685,56,TYPE_B,5.6,Extras,Thai
1271896,73,52,1198,190.12,191.12,0,0,567,685,56,TYPE_B,5.6,Extras,Thai
1132051,74,52,1198,173.63,173.63,0,0,473,685,56,TYPE_B,5.6,Extras,Thai
1490336,75,52,1198,148.44,175.63,0,0,703,685,56,TYPE_B,5.6,Extras,Thai
1051953,76,52,1198,190.15,190.15,0,0,365,685,56,TYPE_B,5.6,Extras,Thai
1252131,77,52,1198,187.27,185.27,0,0,676,685,56,TYPE_B,5.6,Extras,Thai
1397172,78,52,1198,182.42,182.42,0,0,688,685,56,TYPE_B,5.6,Extras,Thai
1125969,79,52,1198,174.63,174.63,0,0,447,685,56,TYPE_B,5.6,Extras,Thai
1322801,80,52,1198,162.05,161.05,0,0,620,685,56,TYPE_B,5.6,Extras,Thai
1339844,81,52,1198,162.05,160.05,0,0,459,685,56,TYPE_B,5.6,Extras,Thai
1463416,82,52,1198,218.25,219.25,0,0,256,685,56,TYPE_B,5.6,Extras,Thai
1394164,83,52,1198,209.55,209.55,0,0,311,685,56,TYPE_B,5.6,Extras,Thai
1305498,84,52,1198,192.09,191.09,0,0,269,685,56,TYPE_B,5.6,Extras,Thai
1137892,85,52,1198,181.42,181.42,0,0,406,685,56,TYPE_B,5.6,Extras,Thai
1244576,86,52,1198,176.6,175.6,0,0,420,685,56,TYPE_B,5.6,Extras,Thai
1233503,87,52,1198,163.93,163.93,0,0,499,685,56,TYPE_B,5.6,Extras,Thai
1220442,88,52,1198,163.93,164.93,0,0,445,685,56,TYPE_B,5.6,Extras,Thai
1415001,89,52,1198,166.84,167.84,0,0,310,685,56,TYPE_B,5.6,Extras,Thai
1255223,90,52,1198,165.9,166.9,0,0,392,685,56,TYPE_B,5.6,Extras,Thai
1462195,91,52,1198,140.65,165.9,0,0,458,685,56,TYPE_B,5.6,Extras,Thai
1123193,92,52,1198,173.63,174.63,0,0,447,685,56,TYPE_B,5.6,Extras,Thai
1375027,93,52,1198,174.63,173.63,0,0,474,685,56,TYPE_B,5.6,Extras,Thai
1498539,94,52,1198,176.54,178.54,0,0,512,685,56,TYPE_B,5.6,Extras,Thai
1425076,95,52,1198,179.48,179.48,0,0,337,685,56,TYPE_B,5.6,Extras,Thai
1270206,96,52,1198,164.9,166.9,0,0,391,685,56,TYPE_B,5.6,Extras,Thai
1211004,97,52,1198,182.42,181.42,0,0,312,685,56,TYPE_B,5.6,Extras,Thai
1236912,98,52,1198,161.05,181.42,0,0,540,685,56,TYPE_B,5.6,Extras,Thai
1015537,99,52,1198,182.42,180.42,0,0,405,685,56,TYPE_B,5.6,Extras,Thai
1411660,100,52,1198,173.63,174.63,0,0,447,685,56,TYPE_B,5.6,Extras,Thai
1252114,101,52,1198,158.17,174.63,0,0,716,685,56,TYPE_B,5.6,Extras,Thai
1140579,102,52,1198,195.03,195.03,0,0,582,685,56,TYPE_B,5.6,Extras,Thai
1124462,103,52,1198,183.39,182.39,0,0,688,685,56,TYPE_B,5.6,Extras,Thai
1072864,104,52,1198,179.51,179.51,0,0,607,685,56,TYPE_B,5.6,Extras,Thai
1231326,105,52,1198,182.39,183.39,0,0,486,685,56,TYPE_B,5.6,Extras,Thai
1303744,106,52,1198,164.9,166.9,0,0,420,685,56,TYPE_B,5.6,Extras,Thai
1218515,107,52,1198,209.58,209.58,0,0,581,685,56,TYPE_B,5.6,Extras,Thai
1342837,108,52,1198,191.09,192.09,0,0,202,685,56,TYPE_B,5.6,Extras,Thai
1458027,109,52,1198,192.09,193.09,0,0,404,685,56,TYPE_B,5.6,Extras,Thai
1074858,110,52,1198,183.33,185.33,0,0,446,685,56,TYPE_B,5.6,Extras,Thai
1210854,111,52,1198,178.48,178.48,0,0,406,685,56,TYPE_B,5.6,Extras,Thai
1296285,112,52,1198,171.72,171.72,0,0,135,685,56,TYPE_B,5.6,Extras,Thai
