Data set/Center wise/Center_52_Rank4.csv
id,week,center_id,meal_id,checkout_price,base_price,emailer_for_promotion,homepage_featured,num_orders,city_code,region_code,center_type,op_area,category,cuisine
1435209,1,52,1311,167.87,167.87,0,0,1067,685,56,TYPE_B,5.6,Extras,Thai
1257343,2,52,1311,161.99,161.99,0,0,877,685,56,TYPE_B,5.6,Extras,Thai
1104099,3,52,1311,165.93,163.93,0,0,890,685,56,TYPE_B,5.6,Extras,Thai
1388825,4,52,1311,154.29,154.29,0,0,906,685,56,TYPE_B,5.6,Extras,Thai
1150861,5,52,1311,186.3,186.3,0,0,771,685,56,TYPE_B,5.6,Extras,Thai
1476254,6,52,1311,170.75,170.75,0,0,864,685,56,TYPE_B,5.6,Extras,Thai
1299826,7,52,1311,163.99,161.99,0,0,771,685,56,TYPE_B,5.6,Extras,Thai
1023483,8,52,1311,180.42,182.42,0,0,715,685,56,TYPE_B,5.6,Extras,Thai
1109597,9,52,1311,162.96,162.96,0,0,690,685,56,TYPE_B,5.6,Extras,Thai
1240485,10,52,1311,158.14,159.14,0,0,798,685,56,TYPE_B,5.6,Extras,Thai
1440866,11,52,1311,191.09,192.09,0,0,674,685,56,TYPE_B,5.6,Extras,Thai
1331646,12,52,1311,168.78,193.09,0,0,717,685,56,TYPE_B,5.6,Extras,Thai
1316730,13,52,1311,180.45,179.45,0,0,742,685,56,TYPE_B,5.6,Extras,Thai
1082936,14,52,1311,176.54,177.54,0,0,877,685,56,TYPE_B,5.6,Extras,Thai
1165270,15,52,1311,171.69,172.69,0,0,728,685,56,TYPE_B,5.6,Extras,Thai
1379200,16,52,1311,163.96,162.96,0,0,635,685,56,TYPE_B,5.6,Extras,Thai
1495545,17,52,1311,154.29,152.29,0,0,906,685,56,TYPE_B,5.6,Extras,Thai
1000019,18,52,1311,158.14,158.14,0,0,742,685,56,TYPE_B,5.6,Extras,Thai
1313302,19,52,1311,146.47,146.47,0,0,796,685,56,TYPE_B,5.6,Extras,Thai
1072767,20,52,1311,169.75,169.75,0,0,1040,685,56,TYPE_B,5.6,Extras,Thai
1300056,21,52,1311,146.53,171.75,0,0,864,685,56,TYPE_B,5.6,Extras,Thai
1289616,22,52,1311,162.99,162.99,0,0,959,685,56,TYPE_B,5.6,Extras,Thai
1041396,23,52,1311,159.14,158.14,0,0,932,685,56,TYPE_B,5.6,Extras,Thai
1004446,24,52,1311,172.66,172.66,0,0,973,685,56,TYPE_B,5.6,Extras,Thai
1058913,25,52,1311,157.2,174.66,0,0,1025,685,56,TYPE_B,5.6,Extras,Thai
1301907,26,52,1311,164.9,164.9,0,0,728,685,56,TYPE_B,5.6,Extras,Thai
1204136,27,52,1311,167.87,166.87,0,0,676,685,56,TYPE_B,5.6,Extras,Thai
1473193,28,52,1311,173.63,173.63,0,0,742,685,56,TYPE_B,5.6,Extras,Thai
1188961,29,52,1311,171.69,173.69,0,0,728,685,56,TYPE_B,5.6,Extras,Thai
1102973,30,52,1311,172.66,173.66,0,0,797,685,56,TYPE_B,5.6,Extras,Thai
1329281,31,52,1311,161.05,160.05,0,0,810,685,56,TYPE_B,5.6,Extras,Thai
1207750,32,52,1311,162.05,160.05,0,0,648,685,56,TYPE_B,5.6,Extras,Thai
1352177,33,52,1311,160.05,162.05,0,0,864,685,56,TYPE_B,5.6,Extras,Thai
1030275,34,52,1311,158.14,157.14,0,0,986,685,56,TYPE_B,5.6,Extras,Thai
1093001,35,52,1311,154.26,155.26,0,0,1093,685,56,TYPE_B,5.6,Extras,Thai
1464069,36,52,1311,163.93,164.93,0,0,1025,685,56,TYPE_B,5.6,Extras,Thai
1116368,37,52,1311,165.9,165.9,0,0,865,685,56,TYPE_B,5.6,Extras,Thai
1382941,38,52,1311,158.14,159.14,0,0,931,685,56,TYPE_B,5.6,Extras,Thai
1341031,39,52,1311,183.36,184.36,0,0,661,685,56,TYPE_B,5.6,Extras,Thai
1098892,40,52,1311,160.05,184.36,0,0,919,685,56,TYPE_B,5.6,Extras,Thai
1363603,41,52,1311,157.2,184.36,0,0,918,685,56,TYPE_B,5.6,Extras,Thai
1084757,42,52,1311,166.84,166.84,0,0,620,685,56,TYPE_B,5.6,Extras,Thai
1477253,43,52,1311,165.9,164.9,0,0,784,685,56,TYPE_B,5.6,Extras,Thai
1304976,44,52,1311,190.18,190.18,0,0,918,685,56,TYPE_B,5.6,Extras,Thai
1119007,45,52,1311,175.57,175.57,0,0,688,685,56,TYPE_B,5.6,Extras,Thai
1381445,46,52,1311,158.17,176.57,0,0,607,685,56,TYPE_B,5.6,Extras,Thai
1200016,47,52,1311,164.93,163.93,0,0,500,685,56,TYPE_B,5.6,Extras,Thai
1406972,48,52,1311,169.78,170.78,0,0,946,685,56,TYPE_B,5.6,Extras,Thai
1247280,49,52,1311,150.35,170.78,0,0,890,685,56,TYPE_B,5.6,Extras,Thai
1266556,50,52,1311,168.84,166.84,0,0,933,685,56,TYPE_B,5.6,Extras,Thai
1440044,51,52,1311,161.99,163.99,0,0,960,685,56,TYPE_B,5.6,Extras,Thai
1419478,52,52,1311,157.14,158.14,0,0,987,685,56,TYPE_B,5.6,Extras,Thai
1073914,53,52,1311,182.42,181.42,0,0,526,685,56,TYPE_B,5.6,Extras,Thai
1217000,54,52,1311,140.71,182.42,0,0,310,685,56,TYPE_B,5.6,Extras,Thai
1343132,55,52,1311,167.87,167.87,0,0,676,685,56,TYPE_B,5.6,Extras,Thai
1042196,56,52,1311,156.23,156.23,0,0,863,685,56,TYPE_B,5.6,Extras,Thai
1090338,57,52,1311,169.81,169.81,0,0,769,685,56,TYPE_B,5.6,Extras,Thai
1474945,58,52,1311,175.6,174.6,0,0,836,685,56,TYPE_B,5.6,Extras,Thai
1336527,59,52,1311,193.09,191.09,0,0,609,685,56,TYPE_B,5.6,Extras,Thai
1288942,60,52,1311,189.21,188.21,0,0,782,685,56,TYPE_B,5.6,Extras,Thai
1066930,61,52,1311,150.35,187.21,0,0,716,685,56,TYPE_B,5.6,Extras,Thai
1191002,62,52,1311,176.57,176.57,0,0,663,685,56,TYPE_B,5.6,Extras,Thai
1334484,63,52,1311,164.93,163.93,0,0,474,685,56,TYPE_B,5.6,Extras,Thai
1256762,64,52,1311,169.81,168.81,0,0,770,685,56,TYPE_B,5.6,Extras,Thai
1095739,65,52,1311,154.29,153.29,0,0,593,685,56,TYPE_B,5.6,Extras,Thai
1401230,66,52,1311,171.69,171.69,0,0,701,685,56,TYPE_B,5.6,Extras,Thai
1330723,67,52,1311,162.05,162.05,0,0,649,685,56,TYPE_B,5.6,Extras,Thai
1351697,68,52,1311,178.48,180.48,0,0,675,685,56,TYPE_B,5.6,Extras,Thai
1045070,69,52,1311,181.39,183.39,0,0,501,685,56,TYPE_B,5.6,Extras,Thai
1281838,70,52,1311,165.9,166.9,0,0,755,685,56,TYPE_B,5.6,Extras,Thai
1039639,71,52,1311,155.26,153.26,0,0,647,685,56,TYPE_B,5.6,Extras,Thai
1146587,72,52,1311,184.36,184.36,0,0,568,685,56,TYPE_B,5.6,Extras,Thai
1435328,73,52,1311,166.9,166.9,0,0,782,685,56,TYPE_B,5.6,Extras,Thai
1083382,74,52,1311,145.5,164.9,0,0,769,685,56,TYPE_B,5.6,Extras,Thai
1191507,75,52,1311,181.45,179.45,0,0,648,685,56,TYPE_B,5.6,Extras,Thai
1189996,76,52,1311,155.2,180.45,0,0,1080,685,56,TYPE_B,5.6,Extras,Thai
1047069,77,52,1311,158.14,179.45,0,0,824,685,56,TYPE_B,5.6,Extras,Thai
1363029,78,52,1311,171.75,171.75,0,0,1039,685,56,TYPE_B,5.6,Extras,Thai
1069877,79,52,1311,158.17,156.17,0,0,607,685,56,TYPE_B,5.6,Extras,Thai
1267690,80,52,1311,176.54,176.54,0,0,755,685,56,TYPE_B,5.6,Extras,Thai
1289763,81,52,1311,158.14,177.54,0,0,904,685,56,TYPE_B,5.6,Extras,Thai
1019573,82,52,1311,171.72,170.72,0,0,755,685,56,TYPE_B,5.6,Extras,Thai
1108833,83,52,1311,138.74,171.72,0,0,689,685,56,TYPE_B,5.6,Extras,Thai
1166107,84,52,1311,172.72,170.72,0,0,771,685,56,TYPE_B,5.6,Extras,Thai
1492367,85,52,1311,162.96,164.96,0,0,662,685,56,TYPE_B,5.6,Extras,Thai
1200613,86,52,1311,145.5,163.96,0,0,771,685,56,TYPE_B,5.6,Extras,Thai
1203232,87,52,1311,186.3,186.3,0,0,701,685,56,TYPE_B,5.6,Extras,Thai
1010990,88,52,1311,184.36,182.36,0,0,662,685,56,TYPE_B,5.6,Extras,Thai
1064153,89,52,1311,180.48,180.48,0,0,676,685,56,TYPE_B,5.6,Extras,Thai
1374678,90,52,1311,167.81,169.81,0,0,796,685,56,TYPE_B,5.6,Extras,Thai
1141866,91,52,1311,182.36,184.36,0,0,756,685,56,TYPE_B,5.6,Extras,Thai
1108401,92,52,1311,174.66,173.66,0,0,648,685,56,TYPE_B,5.6,Extras,Thai
1410603,93,52,1311,167.81,167.81,0,0,798,685,56,TYPE_B,5.6,Extras,Thai
1137082,94,52,1311,155.23,155.23,0,0,810,685,56,TYPE_B,5.6,Extras,Thai
1367257,95,52,1311,162.99,163.99,0,0,742,685,56,TYPE_B,5.6,Extras,Thai
1498977,96,52,1311,185.33,185.33,0,0,446,685,56,TYPE_B,5.6,Extras,Thai
1414421,97,52,1311,166.9,184.33,0,0,730,685,56,TYPE_B,5.6,Extras,Thai
1405674,98,52,1311,160.05,185.33,0,0,647,685,56,TYPE_B,5.6,Extras,Thai
1055565,99,52,1311,168.81,167.81,0,0,742,685,56,TYPE_B,5.6,Extras,Thai
1313876,100,52,1311,162.05,160.05,0,0,972,685,56,TYPE_B,5.6,Extras,Thai
1316966,101,52,1311,162.96,162.96,0,0,1270,685,56,TYPE_B,5.6,Extras,Thai
1281336,102,52,1311,157.2,156.2,0,0,1108,685,56,TYPE_B,5.6,Extras,Thai
1300205,103,52,1311,152.29,154.29,0,0,850,685,56,TYPE_B,5.6,Extras,Thai
1130254,104,52,1311,177.57,176.57,0,0,919,685,56,TYPE_B,5.6,Extras,Thai
1007370,105,52,1311,170.75,170.75,0,0,648,685,56,TYPE_B,5.6,Extras,Thai
1460893,106,52,1311,170.78,169.78,0,0,715,685,56,TYPE_B,5.6,Extras,Thai
1470474,107,52,1311,163.99,161.99,0,0,796,685,56,TYPE_B,5.6,Extras,Thai
1030859,108,52,1311,167.87,166.87,0,0,675,685,56,TYPE_B,5.6,Extras,Thai
1082378,109,52,1311,150.41,167.87,0,0,783,685,56,TYPE_B,5.6,Extras,Thai
1154089,110,52,1311,169.81,167.81,0,0,823,685,56,TYPE_B,5.6,Extras,Thai
1402096,111,52,1311,185.27,187.27,0,0,258,685,56,TYPE_B,5.6,Extras,Thai
1360942,112,52,1311,200.79,200.79,0,0,270,685,56,TYPE_B,5.6,Extras,Thai
1065930,1,52,1803,164.93,165.93,0,0,1012,685,56,TYPE_B,5.6,Extras,Thai
1228187,2,52,1803,163.99,163.99,0,0,958,685,56,TYPE_B,5.6,Extras,Thai
1203489,3,52,1803,179.51,177.51,0,0,823,685,56,TYPE_B,5.6,Extras,Thai
1280826,4,52,1803,197.91,197.91,0,0,635,685,56,TYPE_B,5.6,Extras,Thai
1031663,5,52,1803,136.83,196.91,0,0,958,685,56,TYPE_B,5.6,Extras,Thai
1353393,6,52,1803,131.01,196.91,0,0,636,685,56,TYPE_B,5.6,Extras,Thai
1465029,7,52,1803,157.17,197.91,0,0,715,685,56,TYPE_B,5.6,Extras,Thai
1308776,8,52,1803,143.56,198.91,0,0,541,685,56,TYPE_B,5.6,Extras,Thai
1498823,9,52,1803,170.75,197.91,0,0,662,685,56,TYPE_B,5.6,Extras,Thai
1395419,10,52,1803,167.87,196.91,0,0,648,685,56,TYPE_B,5.6,Extras,Thai
1256434,11,52,1803,164.93,164.93,0,0,555,685,56,TYPE_B,5.6,Extras,Thai
1015675,12,52,1803,161.05,161.05,0,0,757,685,56,TYPE_B,5.6,Extras,Thai
1183188,13,52,1803,163.93,164.93,0,0,499,685,56,TYPE_B,5.6,Extras,Thai
1412284,14,52,1803,146.47,164.93,0,0,796,685,56,TYPE_B,5.6,Extras,Thai
1171523,15,52,1803,149.38,150.38,0,0,622,685,56,TYPE_B,5.6,Extras,Thai
1355247,16,52,1803,170.72,171.72,0,0,580,685,56,TYPE_B,5.6,Extras,Thai
1011238,17,52,1803,179.48,179.48,0,0,676,685,56,TYPE_B,5.6,Extras,Thai
1347101,18,52,1803,184.3,184.3,0,0,512,685,56,TYPE_B,5.6,Extras,Thai
1431819,19,52,1803,163.99,185.3,0,0,770,685,56,TYPE_B,5.6,Extras,Thai
1181155,20,52,1803,134.89,184.3,0,0,878,685,56,TYPE_B,5.6,Extras,Thai
1152784,21,52,1803,186.27,186.27,0,0,744,685,56,TYPE_B,5.6,Extras,Thai
1183632,22,52,1803,149.38,186.27,0,0,864,685,56,TYPE_B,5.6,Extras,Thai
1340982,23,52,1803,175.63,173.63,0,0,743,685,56,TYPE_B,5.6,Extras,Thai
1393888,24,52,1803,151.38,173.63,0,0,838,685,56,TYPE_B,5.6,Extras,Thai
1396075,25,52,1803,169.78,168.78,0,0,486,685,56,TYPE_B,5.6,Extras,Thai
1177359,26,52,1803,185.33,183.33,0,0,1014,685,56,TYPE_B,5.6,Extras,Thai
1317935,27,52,1803,153.26,185.33,0,0,676,685,56,TYPE_B,5.6,Extras,Thai
1166263,28,52,1803,159.14,183.33,0,0,850,685,56,TYPE_B,5.6,Extras,Thai
1279638,29,52,1803,171.69,172.69,0,0,904,685,56,TYPE_B,5.6,Extras,Thai
1498939,30,52,1803,162.05,160.05,0,0,649,685,56,TYPE_B,5.6,Extras,Thai
1197769,31,52,1803,182.42,182.42,0,0,620,685,56,TYPE_B,5.6,Extras,Thai
1135539,32,52,1803,168.81,167.81,0,0,771,685,56,TYPE_B,5.6,Extras,Thai
1475167,33,52,1803,165.93,163.93,0,0,890,685,56,TYPE_B,5.6,Extras,Thai
1343725,34,52,1803,171.75,169.75,0,0,863,685,56,TYPE_B,5.6,Extras,Thai
1343212,35,52,1803,170.78,170.78,0,0,919,685,56,TYPE_B,5.6,Extras,Thai
1178183,36,52,1803,149.41,168.78,0,0,757,685,56,TYPE_B,5.6,Extras,Thai
1003748,37,52,1803,161.05,161.05,0,0,649,685,56,TYPE_B,5.6,Extras,Thai
1121480,38,52,1803,165.9,165.9,0,0,810,685,56,TYPE_B,5.6,Extras,Thai
1061110,39,52,1803,181.45,181.45,0,0,987,685,56,TYPE_B,5.6,Extras,Thai
1138669,40,52,1803,186.27,185.27,0,0,1187,685,56,TYPE_B,5.6,Extras,Thai
1026828,41,52,1803,180.48,180.48,0,0,1013,685,56,TYPE_B,5.6,Extras,Thai
1274539,42,52,1803,162.99,161.99,0,0,825,685,56,TYPE_B,5.6,Extras,Thai
1450676,43,52,1803,191.15,189.15,0,0,607,685,56,TYPE_B,5.6,Extras,Thai
1185315,44,52,1803,126.13,190.15,0,0,690,685,56,TYPE_B,5.6,Extras,Thai
1260141,45,52,1803,154.29,189.15,0,0,879,685,56,TYPE_B,5.6,Extras,Thai
1192693,46,52,1803,147.5,189.15,0,0,743,685,56,TYPE_B,5.6,Extras,Thai
1221580,47,52,1803,140.65,191.15,0,0,675,685,56,TYPE_B,5.6,Extras,Thai
1008801,48,52,1803,162.05,191.15,0,0,944,685,56,TYPE_B,5.6,Extras,Thai
1428332,49,52,1803,167.84,189.15,0,0,1133,685,56,TYPE_B,5.6,Extras,Thai
1111270,50,52,1803,179.45,180.45,0,0,1107,685,56,TYPE_B,5.6,Extras,Thai
1449289,51,52,1803,163.96,162.96,0,0,661,685,56,TYPE_B,5.6,Extras,Thai
1112018,52,52,1803,187.24,186.24,0,0,972,685,56,TYPE_B,5.6,Extras,Thai
1181370,53,52,1803,152.32,186.24,0,0,256,685,56,TYPE_B,5.6,Extras,Thai
1213129,54,52,1803,152.29,187.24,0,0,568,685,56,TYPE_B,5.6,Extras,Thai
1218184,55,52,1803,173.69,173.69,0,0,555,685,56,TYPE_B,5.6,Extras,Thai
1054253,56,52,1803,190.18,189.18,0,0,501,685,56,TYPE_B,5.6,Extras,Thai
1205978,57,52,1803,165.93,189.18,0,0,541,685,56,TYPE_B,5.6,Extras,Thai
1401591,58,52,1803,176.54,178.54,0,0,784,685,56,TYPE_B,5.6,Extras,Thai
1206946,59,52,1803,144.53,177.54,0,0,419,685,56,TYPE_B,5.6,Extras,Thai
1249474,60,52,1803,154.26,177.54,0,0,676,685,56,TYPE_B,5.6,Extras,Thai
1235258,61,52,1803,181.45,180.45,0,0,647,685,56,TYPE_B,5.6,Extras,Thai
1169905,62,52,1803,176.6,174.6,0,0,568,685,56,TYPE_B,5.6,Extras,Thai
1173495,63,52,1803,162.05,162.05,0,0,486,685,56,TYPE_B,5.6,Extras,Thai
1182907,64,52,1803,188.21,189.21,0,0,554,685,56,TYPE_B,5.6,Extras,Thai
1178337,65,52,1803,156.17,189.21,0,0,662,685,56,TYPE_B,5.6,Extras,Thai
1414177,66,52,1803,153.32,189.21,0,0,541,685,56,TYPE_B,5.6,Extras,Thai
1284275,67,52,1803,163.99,187.21,0,0,771,685,56,TYPE_B,5.6,Extras,Thai
1252932,68,52,1803,129.04,187.21,0,0,338,685,56,TYPE_B,5.6,Extras,Thai
1123498,69,52,1803,135.8,187.21,0,0,539,685,56,TYPE_B,5.6,Extras,Thai
1270709,70,52,1803,162.96,188.21,0,0,607,685,56,TYPE_B,5.6,Extras,Thai
1413611,71,52,1803,175.63,173.63,0,0,743,685,56,TYPE_B,5.6,Extras,Thai
1316542,72,52,1803,176.54,178.54,0,0,514,685,56,TYPE_B,5.6,Extras,Thai
1013763,73,52,1803,151.32,177.54,0,0,784,685,56,TYPE_B,5.6,Extras,Thai
1453210,74,52,1803,190.18,189.18,0,0,674,685,56,TYPE_B,5.6,Extras,Thai
1475845,75,52,1803,156.17,190.18,0,0,690,685,56,TYPE_B,5.6,Extras,Thai
1244072,76,52,1803,174.63,174.63,0,0,770,685,56,TYPE_B,5.6,Extras,Thai
1494727,77,52,1803,162.05,162.05,0,0,810,685,56,TYPE_B,5.6,Extras,Thai
1277164,78,52,1803,159.14,158.14,0,0,796,685,56,TYPE_B,5.6,Extras,Thai
1321362,79,52,1803,158.17,158.17,0,0,663,685,56,TYPE_B,5.6,Extras,Thai
1402160,80,52,1803,141.65,157.17,0,0,796,685,56,TYPE_B,5.6,Extras,Thai
1436876,81,52,1803,169.75,169.75,0,0,663,685,56,TYPE_B,5.6,Extras,Thai
1011747,82,52,1803,176.57,176.57,0,0,541,685,56,TYPE_B,5.6,Extras,Thai
1093852,83,52,1803,160.05,162.05,0,0,729,685,56,TYPE_B,5.6,Extras,Thai
1167893,84,52,1803,181.42,181.42,0,0,609,685,56,TYPE_B,5.6,Extras,Thai
1456476,85,52,1803,178.51,178.51,0,0,485,685,56,TYPE_B,5.6,Extras,Thai
1403452,86,52,1803,192.12,192.12,0,0,500,685,56,TYPE_B,5.6,Extras,Thai
1393459,87,52,1803,166.9,190.12,0,0,420,685,56,TYPE_B,5.6,Extras,Thai
1037933,88,52,1803,167.87,192.12,0,0,702,685,56,TYPE_B,5.6,Extras,Thai
1271006,89,52,1803,164.96,191.12,0,0,634,685,56,TYPE_B,5.6,Extras,Thai
1057411,90,52,1803,155.26,191.12,0,0,676,685,56,TYPE_B,5.6,Extras,Thai
1116562,91,52,1803,178.48,179.48,0,0,460,685,56,TYPE_B,5.6,Extras,Thai
1315896,92,52,1803,174.63,175.63,0,0,770,685,56,TYPE_B,5.6,Extras,Thai
1453992,93,52,1803,177.57,175.57,0,0,689,685,56,TYPE_B,5.6,Extras,Thai
1348026,94,52,1803,170.78,169.78,0,0,717,685,56,TYPE_B,5.6,Extras,Thai
1222325,95,52,1803,168.78,169.78,0,0,715,685,56,TYPE_B,5.6,Extras,Thai
1250656,96,52,1803,185.33,183.33,0,0,541,685,56,TYPE_B,5.6,Extras,Thai
1044890,97,52,1803,168.81,168.81,0,0,715,685,56,TYPE_B,5.6,Extras,Thai
1484067,98,52,1803,165.87,165.87,0,0,701,685,56,TYPE_B,5.6,Extras,Thai
1105882,99,52,1803,160.05,162.05,0,0,823,685,56,TYPE_B,5.6,Extras,Thai
1476937,100,52,1803,176.54,178.54,0,0,756,685,56,TYPE_B,5.6,Extras,Thai
1181372,101,52,1803,168.81,169.81,0,0,1025,685,56,TYPE_B,5.6,Extras,Thai
1181232,102,52,1803,184.3,185.3,0,0,1054,685,56,TYPE_B,5.6,Extras,Thai
1447499,103,52,1803,162.99,186.3,0,0,852,685,56,TYPE_B,5.6,Extras,Thai
1148876,104,52,1803,190.12,192.12,0,0,703,685,56,TYPE_B,5.6,Extras,Thai
1089479,105,52,1803,181.39,183.39,0,0,688,685,56,TYPE_B,5.6,Extras,Thai
1227816,106,52,1803,164.93,164.93,0,0,501,685,56,TYPE_B,5.6,Extras,Thai
1021386,107,52,1803,164.96,163.96,0,0,580,685,56,TYPE_B,5.6,Extras,Thai
1128237,108,52,1803,162.05,160.05,0,0,296,685,56,TYPE_B,5.6,Extras,Thai
1180833,109,52,1803,178.48,180.48,0,0,890,685,56,TYPE_B,5.6,Extras,Thai
1087061,110,52,1803,118.4,179.48,0,0,445,685,56,TYPE_B,5.6,Extras,Thai
1252260,111,52,1803,142.62,178.48,0,0,215,685,56,TYPE_B,5.6,Extras,Thai
1198852,112,52,1803,146.5,180.48,0,0,325,685,56,TYPE_B,5.6,Extras,Thai
