Data set/Center wise/Center_52_Rank4.csv
id,week,center_id,meal_id,checkout_price,base_price,emailer_for_promotion,homepage_featured,num_orders,city_code,region_code,center_type,op_area,category,cuisine
1227989,1,52,1438,244.5,270.63,0,0,148,685,56,TYPE_B,5.6,Soup,Thai
1272492,2,52,1438,244.5,272.63,0,0,67,685,56,TYPE_B,5.6,Soup,Thai
1293546,3,52,1438,242.5,270.63,0,0,69,685,56,TYPE_B,5.6,Soup,Thai
1013797,4,52,1438,243.5,272.63,0,0,94,685,56,TYPE_B,5.6,Soup,Thai
1457781,5,52,1438,243.5,270.63,0,0,68,685,56,TYPE_B,5.6,Soup,Thai
1304077,6,52,1438,244.5,270.63,0,0,81,685,56,TYPE_B,5.6,Soup,Thai
1165463,7,52,1438,242.5,244.5,0,0,68,685,56,TYPE_B,5.6,Soup,Thai
1035607,8,52,1438,244.5,244.5,0,0,67,685,56,TYPE_B,5.6,Soup,Thai
1018133,9,52,1438,271.63,271.63,0,0,69,685,56,TYPE_B,5.6,Soup,Thai
1404323,10,52,1438,270.63,270.63,0,0,41,685,56,TYPE_B,5.6,Soup,Thai
1343001,11,52,1438,270.63,272.63,0,0,15,685,56,TYPE_B,5.6,Soup,Thai
1470752,13,52,1438,244.5,270.63,0,0,42,685,56,TYPE_B,5.6,Soup,Thai
1049671,14,52,1438,243.5,272.63,0,0,53,685,56,TYPE_B,5.6,Soup,Thai
1469019,15,52,1438,242.5,271.63,0,0,55,685,56,TYPE_B,5.6,Soup,Thai
1041949,16,52,1438,248.35,247.35,0,0,81,685,56,TYPE_B,5.6,Soup,Thai
1202284,17,52,1438,243.5,242.5,0,0,121,685,56,TYPE_B,5.6,Soup,Thai
1292200,18,52,1438,244.5,244.5,0,0,134,685,56,TYPE_B,5.6,Soup,Thai
1299961,19,52,1438,243.5,244.5,0,0,54,685,56,TYPE_B,5.6,Soup,Thai
1262284,20,52,1438,244.5,243.5,0,0,123,685,56,TYPE_B,5.6,Soup,Thai
1293281,21,52,1438,246.44,246.44,0,0,163,685,56,TYPE_B,5.6,Soup,Thai
1137007,22,52,1438,244.5,243.5,0,0,69,685,56,TYPE_B,5.6,Soup,Thai
1128177,23,52,1438,243.5,244.5,0,0,40,685,56,TYPE_B,5.6,Soup,Thai
1234658,24,52,1438,243.5,242.5,0,0,27,685,56,TYPE_B,5.6,Soup,Thai
1132484,25,52,1438,244.5,243.5,0,0,80,685,56,TYPE_B,5.6,Soup,Thai
1267585,26,52,1438,242.5,243.5,0,0,108,685,56,TYPE_B,5.6,Soup,Thai
1183007,27,52,1438,244.5,242.5,0,0,94,685,56,TYPE_B,5.6,Soup,Thai
1111059,28,52,1438,244.5,244.5,0,0,109,685,56,TYPE_B,5.6,Soup,Thai
1049146,29,52,1438,194.0,242.5,0,0,69,685,56,TYPE_B,5.6,Soup,Thai
1341007,30,52,1438,195.0,242.5,0,0,163,685,56,TYPE_B,5.6,Soup,Thai
1365609,31,52,1438,199.82,242.5,0,0,188,685,56,TYPE_B,5.6,Soup,Thai
1220732,32,52,1438,194.0,244.5,0,0,136,685,56,TYPE_B,5.6,Soup,Thai
1049295,33,52,1438,256.08,256.08,0,0,94,685,56,TYPE_B,5.6,Soup,Thai
1127105,34,52,1438,257.08,258.08,0,0,80,685,56,TYPE_B,5.6,Soup,Thai
1416993,35,52,1438,258.08,258.08,0,0,53,685,56,TYPE_B,5.6,Soup,Thai
1266115,36,52,1438,256.08,256.08,0,0,54,685,56,TYPE_B,5.6,Soup,Thai
1019105,37,52,1438,195.0,256.08,0,0,150,685,56,TYPE_B,5.6,Soup,Thai
1160882,38,52,1438,194.0,256.08,0,0,95,685,56,TYPE_B,5.6,Soup,Thai
1312836,39,52,1438,195.0,258.08,0,0,148,685,56,TYPE_B,5.6,Soup,Thai
1017483,40,52,1438,196.0,256.08,0,0,148,685,56,TYPE_B,5.6,Soup,Thai
1005465,41,52,1438,218.28,258.08,0,0,81,685,56,TYPE_B,5.6,Soup,Thai
1389944,42,52,1438,218.28,258.08,0,0,109,685,56,TYPE_B,5.6,Soup,Thai
1059768,43,52,1438,217.28,219.28,0,0,14,685,56,TYPE_B,5.6,Soup,Thai
1053757,44,52,1438,219.28,217.28,0,0,80,685,56,TYPE_B,5.6,Soup,Thai
1114713,45,52,1438,232.8,234.8,0,0,41,685,56,TYPE_B,5.6,Soup,Thai
1399526,46,52,1438,232.8,233.8,0,0,67,685,56,TYPE_B,5.6,Soup,Thai
1257169,47,52,1438,234.8,234.8,0,0,231,685,56,TYPE_B,5.6,Soup,Thai
1068614,48,52,1438,232.8,234.8,0,0,81,685,56,TYPE_B,5.6,Soup,Thai
1006000,49,52,1438,240.56,241.56,0,0,122,685,56,TYPE_B,5.6,Soup,Thai
1089469,50,52,1438,240.56,242.56,0,0,123,685,56,TYPE_B,5.6,Soup,Thai
1016699,51,52,1438,241.56,241.56,0,0,149,685,56,TYPE_B,5.6,Soup,Thai
1360791,52,52,1438,241.56,241.56,0,0,55,685,56,TYPE_B,5.6,Soup,Thai
1234295,54,52,1438,242.56,241.56,0,0,40,685,56,TYPE_B,5.6,Soup,Thai
1101721,56,52,1438,240.56,240.56,0,0,15,685,56,TYPE_B,5.6,Soup,Thai
1073278,57,52,1438,241.53,243.53,0,0,55,685,56,TYPE_B,5.6,Soup,Thai
1051842,58,52,1438,243.53,242.53,0,0,69,685,56,TYPE_B,5.6,Soup,Thai
1240479,59,52,1438,241.53,243.53,0,0,81,685,56,TYPE_B,5.6,Soup,Thai
1377873,60,52,1438,241.53,241.53,0,0,42,685,56,TYPE_B,5.6,Soup,Thai
1329064,61,52,1438,242.53,242.53,0,0,15,685,56,TYPE_B,5.6,Soup,Thai
1018812,62,52,1438,243.53,242.53,0,0,67,685,56,TYPE_B,5.6,Soup,Thai
1240040,63,52,1438,241.53,242.53,0,0,27,685,56,TYPE_B,5.6,Soup,Thai
1310181,65,52,1438,242.53,241.53,0,0,55,685,56,TYPE_B,5.6,Soup,Thai
1310067,66,52,1438,242.53,243.53,0,0,69,685,56,TYPE_B,5.6,Soup,Thai
1123419,67,52,1438,241.53,242.53,0,0,26,685,56,TYPE_B,5.6,Soup,Thai
1250401,68,52,1438,242.53,243.53,0,0,41,685,56,TYPE_B,5.6,Soup,Thai
1457651,69,52,1438,232.83,233.83,0,0,40,685,56,TYPE_B,5.6,Soup,Thai
1275543,70,52,1438,231.83,231.83,0,0,82,685,56,TYPE_B,5.6,Soup,Thai
1195228,71,52,1438,233.83,233.83,0,0,55,685,56,TYPE_B,5.6,Soup,Thai
1069311,72,52,1438,232.83,232.83,0,0,95,685,56,TYPE_B,5.6,Soup,Thai
1124370,73,52,1438,233.83,233.83,0,0,82,685,56,TYPE_B,5.6,Soup,Thai
1461572,74,52,1438,232.83,233.83,0,0,95,685,56,TYPE_B,5.6,Soup,Thai
1030492,75,52,1438,231.83,232.83,0,0,53,685,56,TYPE_B,5.6,Soup,Thai
1114068,76,52,1438,233.83,232.83,0,0,53,685,56,TYPE_B,5.6,Soup,Thai
1178377,77,52,1438,233.83,233.83,0,0,69,685,56,TYPE_B,5.6,Soup,Thai
1299230,78,52,1438,233.83,233.83,0,0,55,685,56,TYPE_B,5.6,Soup,Thai
1261034,79,52,1438,233.83,232.83,0,0,81,685,56,TYPE_B,5.6,Soup,Thai
1288644,80,52,1438,231.83,232.83,0,0,67,685,56,TYPE_B,5.6,Soup,Thai
1058225,81,52,1438,213.43,214.43,0,0,69,685,56,TYPE_B,5.6,Soup,Thai
1360752,82,52,1438,213.43,214.43,0,0,54,685,56,TYPE_B,5.6,Soup,Thai
1095978,83,52,1438,214.43,214.43,0,0,95,685,56,TYPE_B,5.6,Soup,Thai
1140033,84,52,1438,213.43,213.43,0,0,95,685,56,TYPE_B,5.6,Soup,Thai
1432447,85,52,1438,214.43,213.43,0,0,40,685,56,TYPE_B,5.6,Soup,Thai
1281798,86,52,1438,213.43,214.43,0,0,26,685,56,TYPE_B,5.6,Soup,Thai
1462818,87,52,1438,214.43,213.43,0,0,26,685,56,TYPE_B,5.6,Soup,Thai
1354747,88,52,1438,214.43,213.43,0,0,41,685,56,TYPE_B,5.6,Soup,Thai
1490773,89,52,1438,213.43,213.43,0,0,68,685,56,TYPE_B,5.6,Soup,Thai
1092754,90,52,1438,213.43,213.43,0,0,54,685,56,TYPE_B,5.6,Soup,Thai
1439996,91,52,1438,214.43,214.43,0,0,54,685,56,TYPE_B,5.6,Soup,Thai
1496796,92,52,1438,214.43,213.43,0,0,15,685,56,TYPE_B,5.6,Soup,Thai
1349476,93,52,1438,195.0,194.0,0,0,14,685,56,TYPE_B,5.6,Soup,Thai
1360523,94,52,1438,201.79,200.79,0,0,163,685,56,TYPE_B,5.6,Soup,Thai
1497194,95,52,1438,194.0,195.0,0,0,149,685,56,TYPE_B,5.6,Soup,Thai
1447051,96,52,1438,196.0,194.0,0,0,68,685,56,TYPE_B,5.6,Soup,Thai
1186483,97,52,1438,195.0,194.0,0,0,53,685,56,TYPE_B,5.6,Soup,Thai
1203872,98,52,1438,194.0,195.0,0,0,109,685,56,TYPE_B,5.6,Soup,Thai
1266278,99,52,1438,194.0,195.0,0,0,121,685,56,TYPE_B,5.6,Soup,Thai
1091216,100,52,1438,194.0,196.0,0,0,134,685,56,TYPE_B,5.6,Soup,Thai
1268454,101,52,1438,195.0,194.0,0,0,122,685,56,TYPE_B,5.6,Soup,Thai
1424934,102,52,1438,194.0,195.0,0,0,216,685,56,TYPE_B,5.6,Soup,Thai
1038036,103,52,1438,210.52,209.52,0,0,67,685,56,TYPE_B,5.6,Soup,Thai
1289135,104,52,1438,195.0,195.0,0,0,80,685,56,TYPE_B,5.6,Soup,Thai
1315682,105,52,1438,243.5,242.5,0,0,26,685,56,TYPE_B,5.6,Soup,Thai
1353832,106,52,1438,243.5,243.5,0,0,42,685,56,TYPE_B,5.6,Soup,Thai
1384408,107,52,1438,244.5,242.5,0,0,94,685,56,TYPE_B,5.6,Soup,Thai
1106697,108,52,1438,243.5,242.5,0,0,69,685,56,TYPE_B,5.6,Soup,Thai
1384405,109,52,1438,243.5,244.5,0,0,123,685,56,TYPE_B,5.6,Soup,Thai
1422974,110,52,1438,243.5,243.5,0,0,94,685,56,TYPE_B,5.6,Soup,Thai
1466567,111,52,1438,244.5,243.5,0,0,13,685,56,TYPE_B,5.6,Soup,Thai
1026714,112,52,1438,242.5,242.5,0,0,27,685,56,TYPE_B,5.6,Soup,Thai
1138731,1,52,2494,242.5,272.63,0,0,123,685,56,TYPE_B,5.6,Soup,Thai
1083210,2,52,2494,243.5,271.63,0,0,53,685,56,TYPE_B,5.6,Soup,Thai
1357151,3,52,2494,249.29,249.29,0,0,54,685,56,TYPE_B,5.6,Soup,Thai
1316457,4,52,2494,243.5,242.5,0,0,40,685,56,TYPE_B,5.6,Soup,Thai
1146552,5,52,2494,244.5,244.5,0,0,55,685,56,TYPE_B,5.6,Soup,Thai
1336686,6,52,2494,244.5,243.5,0,0,27,685,56,TYPE_B,5.6,Soup,Thai
1390655,7,52,2494,243.5,244.5,0,0,40,685,56,TYPE_B,5.6,Soup,Thai
1266745,8,52,2494,244.5,244.5,0,0,42,685,56,TYPE_B,5.6,Soup,Thai
1122521,9,52,2494,271.63,272.63,0,0,53,685,56,TYPE_B,5.6,Soup,Thai
1333185,10,52,2494,270.63,270.63,0,0,13,685,56,TYPE_B,5.6,Soup,Thai
1227275,11,52,2494,270.63,272.63,0,0,54,685,56,TYPE_B,5.6,Soup,Thai
1431138,12,52,2494,270.63,272.63,0,0,55,685,56,TYPE_B,5.6,Soup,Thai
1436519,13,52,2494,243.5,271.63,0,0,14,685,56,TYPE_B,5.6,Soup,Thai
1424550,14,52,2494,242.5,272.63,0,0,67,685,56,TYPE_B,5.6,Soup,Thai
1031437,15,52,2494,243.5,270.63,0,0,40,685,56,TYPE_B,5.6,Soup,Thai
1032121,16,52,2494,243.5,271.63,0,0,80,685,56,TYPE_B,5.6,Soup,Thai
1163140,17,52,2494,244.5,271.63,0,0,81,685,56,TYPE_B,5.6,Soup,Thai
1233531,18,52,2494,243.5,271.63,0,0,54,685,56,TYPE_B,5.6,Soup,Thai
1297835,19,52,2494,243.5,244.5,0,0,95,685,56,TYPE_B,5.6,Soup,Thai
1346655,20,52,2494,242.5,244.5,0,0,41,685,56,TYPE_B,5.6,Soup,Thai
1325944,21,52,2494,243.5,243.5,0,0,96,685,56,TYPE_B,5.6,Soup,Thai
1210944,22,52,2494,248.35,247.35,0,0,81,685,56,TYPE_B,5.6,Soup,Thai
1259746,23,52,2494,243.5,242.5,0,0,80,685,56,TYPE_B,5.6,Soup,Thai
1035130,24,52,2494,247.38,247.38,0,0,26,685,56,TYPE_B,5.6,Soup,Thai
1336269,25,52,2494,242.5,244.5,0,0,94,685,56,TYPE_B,5.6,Soup,Thai
1408067,26,52,2494,243.5,244.5,0,0,81,685,56,TYPE_B,5.6,Soup,Thai
1217032,27,52,2494,244.5,243.5,0,0,41,685,56,TYPE_B,5.6,Soup,Thai
1241672,28,52,2494,244.5,244.5,0,0,149,685,56,TYPE_B,5.6,Soup,Thai
1472320,29,52,2494,195.0,244.5,0,0,94,685,56,TYPE_B,5.6,Soup,Thai
1006714,30,52,2494,195.0,243.5,0,0,148,685,56,TYPE_B,5.6,Soup,Thai
1188727,31,52,2494,196.0,243.5,0,0,134,685,56,TYPE_B,5.6,Soup,Thai
1034445,32,52,2494,194.0,242.5,0,0,109,685,56,TYPE_B,5.6,Soup,Thai
1281771,33,52,2494,257.08,258.08,0,0,53,685,56,TYPE_B,5.6,Soup,Thai
1342996,34,52,2494,256.08,258.08,0,0,82,685,56,TYPE_B,5.6,Soup,Thai
1133552,35,52,2494,256.08,256.08,0,0,80,685,56,TYPE_B,5.6,Soup,Thai
1051400,36,52,2494,258.08,256.08,0,0,55,685,56,TYPE_B,5.6,Soup,Thai
1429593,37,52,2494,194.0,258.08,0,0,136,685,56,TYPE_B,5.6,Soup,Thai
1267924,38,52,2494,195.0,256.08,0,0,189,685,56,TYPE_B,5.6,Soup,Thai
1134345,39,52,2494,194.0,256.08,0,0,80,685,56,TYPE_B,5.6,Soup,Thai
1294672,40,52,2494,194.0,258.08,0,0,81,685,56,TYPE_B,5.6,Soup,Thai
1310631,41,52,2494,227.01,257.08,0,0,81,685,56,TYPE_B,5.6,Soup,Thai
1457248,42,52,2494,217.28,257.08,0,0,177,685,56,TYPE_B,5.6,Soup,Thai
1045182,43,52,2494,222.19,221.19,0,0,148,685,56,TYPE_B,5.6,Soup,Thai
1416862,44,52,2494,219.28,217.28,0,0,149,685,56,TYPE_B,5.6,Soup,Thai
1406022,45,52,2494,233.8,234.8,0,0,80,685,56,TYPE_B,5.6,Soup,Thai
1224291,46,52,2494,232.8,234.8,0,0,149,685,56,TYPE_B,5.6,Soup,Thai
1089789,47,52,2494,232.8,233.8,0,0,42,685,56,TYPE_B,5.6,Soup,Thai
1202582,48,52,2494,246.41,245.41,0,0,41,685,56,TYPE_B,5.6,Soup,Thai
1271135,49,52,2494,242.56,242.56,0,0,109,685,56,TYPE_B,5.6,Soup,Thai
1067007,50,52,2494,242.56,242.56,0,0,162,685,56,TYPE_B,5.6,Soup,Thai
1333134,51,52,2494,242.56,241.56,0,0,40,685,56,TYPE_B,5.6,Soup,Thai
1288474,52,52,2494,242.56,240.56,0,0,162,685,56,TYPE_B,5.6,Soup,Thai
1363182,53,52,2494,242.56,242.56,0,0,55,685,56,TYPE_B,5.6,Soup,Thai
1380612,54,52,2494,241.56,241.56,0,0,95,685,56,TYPE_B,5.6,Soup,Thai
1250450,55,52,2494,240.56,241.56,0,0,67,685,56,TYPE_B,5.6,Soup,Thai
1173173,56,52,2494,240.56,241.56,0,0,41,685,56,TYPE_B,5.6,Soup,Thai
1098435,57,52,2494,241.53,243.53,0,0,107,685,56,TYPE_B,5.6,Soup,Thai
1097500,58,52,2494,243.53,242.53,0,0,69,685,56,TYPE_B,5.6,Soup,Thai
1407000,59,52,2494,241.53,242.53,0,0,40,685,56,TYPE_B,5.6,Soup,Thai
1299105,60,52,2494,243.53,243.53,0,0,95,685,56,TYPE_B,5.6,Soup,Thai
1038801,62,52,2494,243.53,241.53,0,0,80,685,56,TYPE_B,5.6,Soup,Thai
1067094,63,52,2494,243.53,242.53,0,0,54,685,56,TYPE_B,5.6,Soup,Thai
1245488,64,52,2494,243.53,241.53,0,0,81,685,56,TYPE_B,5.6,Soup,Thai
1215253,65,52,2494,242.53,241.53,0,0,96,685,56,TYPE_B,5.6,Soup,Thai
1226465,66,52,2494,242.53,242.53,0,0,109,685,56,TYPE_B,5.6,Soup,Thai
1344059,67,52,2494,242.53,241.53,0,0,53,685,56,TYPE_B,5.6,Soup,Thai
1271784,68,52,2494,241.53,242.53,0,0,94,685,56,TYPE_B,5.6,Soup,Thai
1233053,69,52,2494,233.83,233.83,0,0,54,685,56,TYPE_B,5.6,Soup,Thai
1482271,70,52,2494,233.83,233.83,0,0,82,685,56,TYPE_B,5.6,Soup,Thai
1276866,71,52,2494,233.83,233.83,0,0,69,685,56,TYPE_B,5.6,Soup,Thai
1146578,72,52,2494,232.83,231.83,0,0,81,685,56,TYPE_B,5.6,Soup,Thai
1084393,73,52,2494,231.83,231.83,0,0,80,685,56,TYPE_B,5.6,Soup,Thai
1172469,74,52,2494,232.83,233.83,0,0,82,685,56,TYPE_B,5.6,Soup,Thai
1252287,75,52,2494,233.83,231.83,0,0,95,685,56,TYPE_B,5.6,Soup,Thai
1378520,76,52,2494,233.83,232.83,0,0,80,685,56,TYPE_B,5.6,Soup,Thai
1094959,77,52,2494,233.83,233.83,0,0,95,685,56,TYPE_B,5.6,Soup,Thai
1047640,78,52,2494,231.83,233.83,0,0,68,685,56,TYPE_B,5.6,Soup,Thai
1352357,79,52,2494,237.71,235.71,0,0,123,685,56,TYPE_B,5.6,Soup,Thai
1465824,80,52,2494,232.83,233.83,0,0,162,685,56,TYPE_B,5.6,Soup,Thai
1465424,81,52,2494,213.43,214.43,0,0,53,685,56,TYPE_B,5.6,Soup,Thai
1008027,82,52,2494,214.43,214.43,0,0,135,685,56,TYPE_B,5.6,Soup,Thai
1430742,83,52,2494,214.43,212.43,0,0,68,685,56,TYPE_B,5.6,Soup,Thai
1028397,84,52,2494,213.43,213.43,0,0,81,685,56,TYPE_B,5.6,Soup,Thai
1264133,85,52,2494,212.43,212.43,0,0,190,685,56,TYPE_B,5.6,Soup,Thai
1209171,86,52,2494,213.43,212.43,0,0,109,685,56,TYPE_B,5.6,Soup,Thai
1179194,87,52,2494,212.43,212.43,0,0,135,685,56,TYPE_B,5.6,Soup,Thai
1341928,88,52,2494,213.43,213.43,0,0,94,685,56,TYPE_B,5.6,Soup,Thai
1179210,89,52,2494,213.43,213.43,0,0,68,685,56,TYPE_B,5.6,Soup,Thai
1479551,90,52,2494,218.31,216.31,0,0,190,685,56,TYPE_B,5.6,Soup,Thai
1262945,91,52,2494,212.43,212.43,0,0,135,685,56,TYPE_B,5.6,Soup,Thai
1243505,92,52,2494,213.43,213.43,0,0,108,685,56,TYPE_B,5.6,Soup,Thai
1447966,93,52,2494,196.0,196.0,0,0,107,685,56,TYPE_B,5.6,Soup,Thai
1160310,94,52,2494,196.0,195.0,0,0,257,685,56,TYPE_B,5.6,Soup,Thai
1456098,95,52,2494,195.0,194.0,0,0,135,685,56,TYPE_B,5.6,Soup,Thai
1377103,96,52,2494,196.0,195.0,0,0,107,685,56,TYPE_B,5.6,Soup,Thai
1082199,97,52,2494,196.0,196.0,0,0,121,685,56,TYPE_B,5.6,Soup,Thai
1423724,98,52,2494,196.0,194.0,0,0,68,685,56,TYPE_B,5.6,Soup,Thai
1062872,99,52,2494,196.0,195.0,0,0,188,685,56,TYPE_B,5.6,Soup,Thai
1468881,100,52,2494,196.0,194.0,0,0,123,685,56,TYPE_B,5.6,Soup,Thai
1112623,101,52,2494,194.0,195.0,0,0,163,685,56,TYPE_B,5.6,Soup,Thai
1373210,102,52,2494,196.0,196.0,0,0,123,685,56,TYPE_B,5.6,Soup,Thai
1491272,103,52,2494,194.0,194.0,0,0,95,685,56,TYPE_B,5.6,Soup,Thai
1333110,104,52,2494,195.0,194.0,0,0,177,685,56,TYPE_B,5.6,Soup,Thai
1338712,105,52,2494,242.5,242.5,0,0,96,685,56,TYPE_B,5.6,Soup,Thai
1402963,106,52,2494,243.5,244.5,0,0,96,685,56,TYPE_B,5.6,Soup,Thai
1346157,107,52,2494,242.5,242.5,0,0,122,685,56,TYPE_B,5.6,Soup,Thai
1143462,108,52,2494,250.32,250.32,0,0,122,685,56,TYPE_B,5.6,Soup,Thai
1269753,109,52,2494,244.5,243.5,0,0,148,685,56,TYPE_B,5.6,Soup,Thai
1101285,110,52,2494,243.5,244.5,0,0,68,685,56,TYPE_B,5.6,Soup,Thai
1396403,111,52,2494,247.38,248.38,0,0,41,685,56,TYPE_B,5.6,Soup,Thai
1124688,112,52,2494,242.5,242.5,0,0,95,685,56,TYPE_B,5.6,Soup,Thai
