Data set/Center wise/Center_52_Rank4.csv
id,week,center_id,meal_id,checkout_price,base_price,emailer_for_promotion,homepage_featured,num_orders,city_code,region_code,center_type,op_area,category,cuisine
1049758,1,52,1847,244.5,270.63,0,0,82,685,56,TYPE_B,5.6,Soup,Thai
1412342,2,52,1847,243.5,272.63,0,0,27,685,56,TYPE_B,5.6,Soup,Thai
1372100,3,52,1847,242.5,271.63,0,0,40,685,56,TYPE_B,5.6,Soup,Thai
1418953,4,52,1847,244.5,271.63,0,0,55,685,56,TYPE_B,5.6,Soup,Thai
1125382,5,52,1847,242.5,270.63,0,0,81,685,56,TYPE_B,5.6,Soup,Thai
1389420,8,52,1847,244.5,271.63,0,0,67,685,56,TYPE_B,5.6,Soup,Thai
1095047,9,52,1847,272.63,270.63,0,0,28,685,56,TYPE_B,5.6,Soup,Thai
1284611,10,52,1847,272.63,271.63,0,0,15,685,56,TYPE_B,5.6,Soup,Thai
1465404,11,52,1847,271.63,271.63,0,0,68,685,56,TYPE_B,5.6,Soup,Thai
1163866,13,52,1847,243.5,272.63,0,0,15,685,56,TYPE_B,5.6,Soup,Thai
1352092,14,52,1847,260.99,259.99,0,0,67,685,56,TYPE_B,5.6,Soup,Thai
1217333,15,52,1847,243.5,242.5,0,0,28,685,56,TYPE_B,5.6,Soup,Thai
1304425,16,52,1847,242.5,244.5,0,0,80,685,56,TYPE_B,5.6,Soup,Thai
1212324,17,52,1847,244.5,244.5,0,0,96,685,56,TYPE_B,5.6,Soup,Thai
1385822,18,52,1847,242.5,243.5,0,0,40,685,56,TYPE_B,5.6,Soup,Thai
1151961,19,52,1847,244.5,243.5,0,0,149,685,56,TYPE_B,5.6,Soup,Thai
1360462,20,52,1847,243.5,242.5,0,0,81,685,56,TYPE_B,5.6,Soup,Thai
1074717,21,52,1847,242.5,244.5,0,0,68,685,56,TYPE_B,5.6,Soup,Thai
1192781,22,52,1847,244.5,243.5,0,0,42,685,56,TYPE_B,5.6,Soup,Thai
1013829,23,52,1847,243.5,242.5,0,0,122,685,56,TYPE_B,5.6,Soup,Thai
1214436,24,52,1847,243.5,244.5,0,0,15,685,56,TYPE_B,5.6,Soup,Thai
1131303,25,52,1847,244.5,244.5,0,0,123,685,56,TYPE_B,5.6,Soup,Thai
1298671,26,52,1847,243.5,242.5,0,0,81,685,56,TYPE_B,5.6,Soup,Thai
1386860,27,52,1847,242.5,244.5,0,0,27,685,56,TYPE_B,5.6,Soup,Thai
1066989,28,52,1847,244.5,244.5,0,0,121,685,56,TYPE_B,5.6,Soup,Thai
1124121,29,52,1847,195.0,244.5,0,0,109,685,56,TYPE_B,5.6,Soup,Thai
1250070,30,52,1847,196.0,244.5,0,0,95,685,56,TYPE_B,5.6,Soup,Thai
1302986,31,52,1847,196.0,243.5,0,0,80,685,56,TYPE_B,5.6,Soup,Thai
1216530,32,52,1847,196.0,242.5,0,0,202,685,56,TYPE_B,5.6,Soup,Thai
1291414,33,52,1847,256.08,256.08,0,0,27,685,56,TYPE_B,5.6,Soup,Thai
1067828,34,52,1847,257.08,256.08,0,0,54,685,56,TYPE_B,5.6,Soup,Thai
1152914,35,52,1847,258.08,256.08,0,0,41,685,56,TYPE_B,5.6,Soup,Thai
1001939,36,52,1847,258.08,258.08,0,0,67,685,56,TYPE_B,5.6,Soup,Thai
1458760,37,52,1847,194.0,256.08,0,0,176,685,56,TYPE_B,5.6,Soup,Thai
1131729,38,52,1847,194.0,258.08,0,0,108,685,56,TYPE_B,5.6,Soup,Thai
1114729,39,52,1847,195.0,257.08,0,0,82,685,56,TYPE_B,5.6,Soup,Thai
1422092,40,52,1847,195.0,258.08,0,0,135,685,56,TYPE_B,5.6,Soup,Thai
1203035,41,52,1847,217.28,258.08,0,0,80,685,56,TYPE_B,5.6,Soup,Thai
1104568,42,52,1847,219.28,257.08,0,0,215,685,56,TYPE_B,5.6,Soup,Thai
1245523,43,52,1847,216.37,215.37,0,0,107,685,56,TYPE_B,5.6,Soup,Thai
1220690,44,52,1847,217.28,217.28,0,0,68,685,56,TYPE_B,5.6,Soup,Thai
1113260,45,52,1847,232.8,233.8,0,0,55,685,56,TYPE_B,5.6,Soup,Thai
1314314,46,52,1847,234.8,234.8,0,0,95,685,56,TYPE_B,5.6,Soup,Thai
1153119,47,52,1847,232.8,232.8,0,0,41,685,56,TYPE_B,5.6,Soup,Thai
1000552,48,52,1847,234.8,232.8,0,0,67,685,56,TYPE_B,5.6,Soup,Thai
1245079,49,52,1847,240.56,241.56,0,0,134,685,56,TYPE_B,5.6,Soup,Thai
1206550,50,52,1847,241.56,241.56,0,0,107,685,56,TYPE_B,5.6,Soup,Thai
1359471,51,52,1847,240.56,241.56,0,0,134,685,56,TYPE_B,5.6,Soup,Thai
1190751,52,52,1847,249.32,250.32,0,0,53,685,56,TYPE_B,5.6,Soup,Thai
1423918,53,52,1847,240.56,242.56,0,0,40,685,56,TYPE_B,5.6,Soup,Thai
1343898,54,52,1847,242.56,241.56,0,0,40,685,56,TYPE_B,5.6,Soup,Thai
1169499,55,52,1847,242.56,240.56,0,0,42,685,56,TYPE_B,5.6,Soup,Thai
1405536,56,52,1847,240.56,240.56,0,0,40,685,56,TYPE_B,5.6,Soup,Thai
1187014,57,52,1847,241.53,241.53,0,0,54,685,56,TYPE_B,5.6,Soup,Thai
1230636,58,52,1847,251.23,253.23,0,0,40,685,56,TYPE_B,5.6,Soup,Thai
1131925,59,52,1847,242.53,242.53,0,0,26,685,56,TYPE_B,5.6,Soup,Thai
1059216,60,52,1847,243.53,241.53,0,0,81,685,56,TYPE_B,5.6,Soup,Thai
1287574,61,52,1847,255.17,255.17,0,0,67,685,56,TYPE_B,5.6,Soup,Thai
1074795,62,52,1847,241.53,243.53,0,0,15,685,56,TYPE_B,5.6,Soup,Thai
1253316,63,52,1847,242.53,241.53,0,0,107,685,56,TYPE_B,5.6,Soup,Thai
1260608,64,52,1847,241.53,242.53,0,0,42,685,56,TYPE_B,5.6,Soup,Thai
1010295,65,52,1847,243.53,243.53,0,0,15,685,56,TYPE_B,5.6,Soup,Thai
1361753,66,52,1847,243.53,242.53,0,0,122,685,56,TYPE_B,5.6,Soup,Thai
1199031,67,52,1847,242.53,242.53,0,0,55,685,56,TYPE_B,5.6,Soup,Thai
1357486,68,52,1847,243.53,241.53,0,0,13,685,56,TYPE_B,5.6,Soup,Thai
1190179,69,52,1847,231.83,231.83,0,0,108,685,56,TYPE_B,5.6,Soup,Thai
1130828,70,52,1847,231.83,233.83,0,0,123,685,56,TYPE_B,5.6,Soup,Thai
1115830,71,52,1847,233.83,232.83,0,0,54,685,56,TYPE_B,5.6,Soup,Thai
1468349,72,52,1847,233.83,231.83,0,0,26,685,56,TYPE_B,5.6,Soup,Thai
1003970,73,52,1847,233.83,233.83,0,0,162,685,56,TYPE_B,5.6,Soup,Thai
1475058,74,52,1847,233.83,232.83,0,0,42,685,56,TYPE_B,5.6,Soup,Thai
1255280,75,52,1847,233.83,232.83,0,0,81,685,56,TYPE_B,5.6,Soup,Thai
1289068,76,52,1847,233.83,232.83,0,0,81,685,56,TYPE_B,5.6,Soup,Thai
1243374,77,52,1847,232.83,231.83,0,0,53,685,56,TYPE_B,5.6,Soup,Thai
1038841,78,52,1847,232.83,232.83,0,0,67,685,56,TYPE_B,5.6,Soup,Thai
1347726,79,52,1847,233.83,231.83,0,0,14,685,56,TYPE_B,5.6,Soup,Thai
1199983,80,52,1847,233.83,233.83,0,0,80,685,56,TYPE_B,5.6,Soup,Thai
1056136,81,52,1847,212.43,213.43,0,0,28,685,56,TYPE_B,5.6,Soup,Thai
1278199,82,52,1847,214.43,214.43,0,0,54,685,56,TYPE_B,5.6,Soup,Thai
1139457,83,52,1847,231.83,231.83,0,0,40,685,56,TYPE_B,5.6,Soup,Thai
1194950,84,52,1847,214.43,212.43,0,0,68,685,56,TYPE_B,5.6,Soup,Thai
1267370,85,52,1847,214.43,212.43,0,0,15,685,56,TYPE_B,5.6,Soup,Thai
1109355,86,52,1847,213.43,213.43,0,0,69,685,56,TYPE_B,5.6,Soup,Thai
1169386,87,52,1847,212.43,214.43,0,0,54,685,56,TYPE_B,5.6,Soup,Thai
1107868,88,52,1847,212.43,212.43,0,0,108,685,56,TYPE_B,5.6,Soup,Thai
1130518,89,52,1847,213.43,213.43,0,0,26,685,56,TYPE_B,5.6,Soup,Thai
1146484,90,52,1847,214.43,212.43,0,0,68,685,56,TYPE_B,5.6,Soup,Thai
1052896,91,52,1847,213.43,214.43,0,0,82,685,56,TYPE_B,5.6,Soup,Thai
1270398,92,52,1847,212.43,213.43,0,0,26,685,56,TYPE_B,5.6,Soup,Thai
1360227,93,52,1847,195.0,195.0,0,0,68,685,56,TYPE_B,5.6,Soup,Thai
1111636,94,52,1847,194.0,195.0,0,0,108,685,56,TYPE_B,5.6,Soup,Thai
1499537,95,52,1847,191.12,190.12,0,0,134,685,56,TYPE_B,5.6,Soup,Thai
1108812,96,52,1847,194.0,195.0,0,0,68,685,56,TYPE_B,5.6,Soup,Thai
1141227,97,52,1847,195.0,194.0,0,0,81,685,56,TYPE_B,5.6,Soup,Thai
1368524,98,52,1847,196.0,194.0,0,0,94,685,56,TYPE_B,5.6,Soup,Thai
1215269,99,52,1847,196.0,194.0,0,0,69,685,56,TYPE_B,5.6,Soup,Thai
1378022,100,52,1847,196.0,196.0,0,0,82,685,56,TYPE_B,5.6,Soup,Thai
1340499,101,52,1847,194.0,195.0,0,0,148,685,56,TYPE_B,5.6,Soup,Thai
1440364,102,52,1847,196.0,195.0,0,0,96,685,56,TYPE_B,5.6,Soup,Thai
1493075,103,52,1847,194.0,196.0,0,0,80,685,56,TYPE_B,5.6,Soup,Thai
1097989,104,52,1847,194.0,195.0,0,0,109,685,56,TYPE_B,5.6,Soup,Thai
1183116,105,52,1847,242.5,244.5,0,0,81,685,56,TYPE_B,5.6,Soup,Thai
1360067,106,52,1847,244.5,244.5,0,0,55,685,56,TYPE_B,5.6,Soup,Thai
1346515,107,52,1847,243.5,243.5,0,0,54,685,56,TYPE_B,5.6,Soup,Thai
1240083,108,52,1847,244.5,242.5,0,0,54,685,56,TYPE_B,5.6,Soup,Thai
1449775,109,52,1847,244.5,242.5,0,0,82,685,56,TYPE_B,5.6,Soup,Thai
1272389,110,52,1847,244.5,243.5,0,0,42,685,56,TYPE_B,5.6,Soup,Thai
1358185,111,52,1847,244.5,243.5,0,0,41,685,56,TYPE_B,5.6,Soup,Thai
1001449,112,52,1847,244.5,242.5,0,0,55,685,56,TYPE_B,5.6,Soup,Thai
1078502,1,52,1558,583.03,610.13,1,0,216,685,56,TYPE_B,5.6,Pizza,Continental
1410977,2,52,1558,582.03,612.13,1,1,244,685,56,TYPE_B,5.6,Pizza,Continental
1022059,3,52,1558,611.13,610.13,0,0,14,685,56,TYPE_B,5.6,Pizza,Continental
1122560,4,52,1558,612.13,610.13,0,0,177,685,56,TYPE_B,5.6,Pizza,Continental
1124554,5,52,1558,610.13,612.13,0,0,148,685,56,TYPE_B,5.6,Pizza,Continental
1221978,6,52,1558,611.13,612.13,0,0,121,685,56,TYPE_B,5.6,Pizza,Continental
1331281,7,52,1558,612.13,611.13,0,0,177,685,56,TYPE_B,5.6,Pizza,Continental
1111510,8,52,1558,610.13,610.13,0,0,28,685,56,TYPE_B,5.6,Pizza,Continental
1093540,9,52,1558,581.03,581.03,0,0,134,685,56,TYPE_B,5.6,Pizza,Continental
1329649,10,52,1558,582.03,583.03,0,0,136,685,56,TYPE_B,5.6,Pizza,Continental
1021638,11,52,1558,583.03,583.03,0,0,109,685,56,TYPE_B,5.6,Pizza,Continental
1330539,12,52,1558,532.53,583.03,1,1,148,685,56,TYPE_B,5.6,Pizza,Continental
1482464,13,52,1558,585.88,582.03,1,0,149,685,56,TYPE_B,5.6,Pizza,Continental
1148675,14,52,1558,612.13,610.13,0,0,68,685,56,TYPE_B,5.6,Pizza,Continental
1255978,15,52,1558,610.13,610.13,0,0,148,685,56,TYPE_B,5.6,Pizza,Continental
1113449,16,52,1558,611.13,612.13,0,0,68,685,56,TYPE_B,5.6,Pizza,Continental
1034153,17,52,1558,612.13,612.13,0,0,94,685,56,TYPE_B,5.6,Pizza,Continental
1287032,18,52,1558,612.13,611.13,0,0,163,685,56,TYPE_B,5.6,Pizza,Continental
1046433,19,52,1558,612.13,611.13,0,0,176,685,56,TYPE_B,5.6,Pizza,Continental
1485058,20,52,1558,514.13,611.13,1,0,134,685,56,TYPE_B,5.6,Pizza,Continental
1477578,21,52,1558,515.13,611.13,1,0,175,685,56,TYPE_B,5.6,Pizza,Continental
1005683,22,52,1558,611.13,610.13,0,0,81,685,56,TYPE_B,5.6,Pizza,Continental
1186454,23,52,1558,611.13,612.13,0,0,80,685,56,TYPE_B,5.6,Pizza,Continental
1281945,24,52,1558,610.13,610.13,0,0,80,685,56,TYPE_B,5.6,Pizza,Continental
1013422,25,52,1558,611.13,610.13,0,0,163,685,56,TYPE_B,5.6,Pizza,Continental
1111539,26,52,1558,484.03,611.13,1,0,203,685,56,TYPE_B,5.6,Pizza,Continental
1458734,27,52,1558,485.03,611.13,1,1,230,685,56,TYPE_B,5.6,Pizza,Continental
1482665,28,52,1558,691.61,692.61,0,0,95,685,56,TYPE_B,5.6,Pizza,Continental
1347502,29,52,1558,727.53,728.53,0,0,68,685,56,TYPE_B,5.6,Pizza,Continental
1475878,30,52,1558,728.53,726.53,0,0,81,685,56,TYPE_B,5.6,Pizza,Continental
1382250,31,52,1558,727.53,726.53,0,0,80,685,56,TYPE_B,5.6,Pizza,Continental
1393950,32,52,1558,728.53,728.53,0,0,55,685,56,TYPE_B,5.6,Pizza,Continental
1344363,33,52,1558,726.53,728.53,0,0,41,685,56,TYPE_B,5.6,Pizza,Continental
1362087,34,52,1558,728.53,728.53,0,0,53,685,56,TYPE_B,5.6,Pizza,Continental
1164240,35,52,1558,678.03,678.03,0,0,81,685,56,TYPE_B,5.6,Pizza,Continental
1332752,36,52,1558,680.03,680.03,0,0,82,685,56,TYPE_B,5.6,Pizza,Continental
1235677,37,52,1558,438.44,680.03,1,1,649,685,56,TYPE_B,5.6,Pizza,Continental
1405247,38,52,1558,438.47,678.03,1,1,770,685,56,TYPE_B,5.6,Pizza,Continental
1295698,39,52,1558,433.59,678.03,0,0,350,685,56,TYPE_B,5.6,Pizza,Continental
1309834,40,52,1558,433.59,680.03,0,0,337,685,56,TYPE_B,5.6,Pizza,Continental
1370624,41,52,1558,678.03,680.03,0,0,40,685,56,TYPE_B,5.6,Pizza,Continental
1379299,42,52,1558,680.03,680.03,0,0,108,685,56,TYPE_B,5.6,Pizza,Continental
1387586,43,52,1558,680.03,678.03,0,0,69,685,56,TYPE_B,5.6,Pizza,Continental
1386351,44,52,1558,678.03,678.03,0,0,134,685,56,TYPE_B,5.6,Pizza,Continental
1336329,45,52,1558,484.03,678.03,1,0,648,685,56,TYPE_B,5.6,Pizza,Continental
1087568,46,52,1558,496.7,679.03,0,1,501,685,56,TYPE_B,5.6,Pizza,Continental
1370429,47,52,1558,461.72,679.03,0,1,366,685,56,TYPE_B,5.6,Pizza,Continental
1307616,48,52,1558,678.03,679.03,0,0,80,685,56,TYPE_B,5.6,Pizza,Continental
1222012,49,52,1558,678.03,680.03,0,0,109,685,56,TYPE_B,5.6,Pizza,Continental
1026068,50,52,1558,679.03,680.03,0,0,42,685,56,TYPE_B,5.6,Pizza,Continental
1280527,51,52,1558,680.03,679.03,0,0,53,685,56,TYPE_B,5.6,Pizza,Continental
1266172,52,52,1558,680.03,678.03,0,0,135,685,56,TYPE_B,5.6,Pizza,Continental
1216090,53,52,1558,678.03,679.03,0,0,175,685,56,TYPE_B,5.6,Pizza,Continental
1026149,54,52,1558,680.03,679.03,0,0,134,685,56,TYPE_B,5.6,Pizza,Continental
1418199,55,52,1558,484.03,679.03,1,1,566,685,56,TYPE_B,5.6,Pizza,Continental
1086046,56,52,1558,680.03,679.03,0,0,42,685,56,TYPE_B,5.6,Pizza,Continental
1132831,57,52,1558,680.03,679.03,0,0,123,685,56,TYPE_B,5.6,Pizza,Continental
1150115,58,52,1558,680.03,680.03,0,0,123,685,56,TYPE_B,5.6,Pizza,Continental
1473524,59,52,1558,679.03,678.03,0,0,96,685,56,TYPE_B,5.6,Pizza,Continental
1040434,60,52,1558,680.03,679.03,0,0,161,685,56,TYPE_B,5.6,Pizza,Continental
1035751,61,52,1558,434.59,679.03,1,0,607,685,56,TYPE_B,5.6,Pizza,Continental
1036087,62,52,1558,435.59,680.03,1,1,229,685,56,TYPE_B,5.6,Pizza,Continental
1368131,63,52,1558,435.59,679.03,1,1,553,685,56,TYPE_B,5.6,Pizza,Continental
1154215,64,52,1558,435.59,679.03,1,1,728,685,56,TYPE_B,5.6,Pizza,Continental
1327433,65,52,1558,678.03,679.03,0,0,109,685,56,TYPE_B,5.6,Pizza,Continental
1170631,66,52,1558,678.03,678.03,0,0,161,685,56,TYPE_B,5.6,Pizza,Continental
1487167,67,52,1558,680.03,679.03,0,0,95,685,56,TYPE_B,5.6,Pizza,Continental
1126733,68,52,1558,679.03,679.03,0,0,80,685,56,TYPE_B,5.6,Pizza,Continental
1445618,69,52,1558,680.03,678.03,0,0,122,685,56,TYPE_B,5.6,Pizza,Continental
1317235,70,52,1558,679.03,678.03,0,0,81,685,56,TYPE_B,5.6,Pizza,Continental
1024312,71,52,1558,679.03,679.03,0,0,96,685,56,TYPE_B,5.6,Pizza,Continental
1128093,72,52,1558,679.03,679.03,0,0,108,685,56,TYPE_B,5.6,Pizza,Continental
1172918,73,52,1558,678.03,679.03,0,0,122,685,56,TYPE_B,5.6,Pizza,Continental
1450774,74,52,1558,680.03,678.03,0,0,176,685,56,TYPE_B,5.6,Pizza,Continental
1245937,75,52,1558,484.03,678.03,1,1,595,685,56,TYPE_B,5.6,Pizza,Continental
1137799,76,52,1558,489.88,679.03,1,1,541,685,56,TYPE_B,5.6,Pizza,Continental
1014730,77,52,1558,680.03,678.03,0,0,42,685,56,TYPE_B,5.6,Pizza,Continental
1241866,78,52,1558,679.03,679.03,0,0,42,685,56,TYPE_B,5.6,Pizza,Continental
1048404,79,52,1558,464.69,678.03,1,1,460,685,56,TYPE_B,5.6,Pizza,Continental
1485952,80,52,1558,680.03,678.03,0,0,108,685,56,TYPE_B,5.6,Pizza,Continental
1080555,81,52,1558,679.03,679.03,0,0,80,685,56,TYPE_B,5.6,Pizza,Continental
1292768,82,52,1558,680.03,678.03,0,0,135,685,56,TYPE_B,5.6,Pizza,Continental
1348237,83,52,1558,680.03,680.03,0,0,123,685,56,TYPE_B,5.6,Pizza,Continental
1303716,84,52,1558,484.03,679.03,1,1,622,685,56,TYPE_B,5.6,Pizza,Continental
1488392,85,52,1558,485.03,678.03,1,0,323,685,56,TYPE_B,5.6,Pizza,Continental
1135064,86,52,1558,484.03,679.03,0,0,203,685,56,TYPE_B,5.6,Pizza,Continental
1327123,87,52,1558,485.03,678.03,0,0,244,685,56,TYPE_B,5.6,Pizza,Continental
1493961,88,52,1558,486.03,680.03,0,0,338,685,56,TYPE_B,5.6,Pizza,Continental
1149692,89,52,1558,464.69,680.03,1,1,581,685,56,TYPE_B,5.6,Pizza,Continental
1191796,90,52,1558,485.03,680.03,0,0,216,685,56,TYPE_B,5.6,Pizza,Continental
1029774,91,52,1558,485.03,680.03,0,0,204,685,56,TYPE_B,5.6,Pizza,Continental
1179445,92,52,1558,437.53,678.03,1,1,620,685,56,TYPE_B,5.6,Pizza,Continental
1007264,93,52,1558,437.53,678.03,1,0,662,685,56,TYPE_B,5.6,Pizza,Continental
1263679,94,52,1558,680.03,679.03,0,0,69,685,56,TYPE_B,5.6,Pizza,Continental
1299138,95,52,1558,679.03,679.03,0,0,55,685,56,TYPE_B,5.6,Pizza,Continental
1233759,96,52,1558,679.03,679.03,0,0,121,685,56,TYPE_B,5.6,Pizza,Continental
1411326,97,52,1558,678.03,679.03,0,0,69,685,56,TYPE_B,5.6,Pizza,Continental
1247592,98,52,1558,542.23,680.03,1,0,215,685,56,TYPE_B,5.6,Pizza,Continental
1047580,99,52,1558,533.5,679.03,1,0,257,685,56,TYPE_B,5.6,Pizza,Continental
1097907,100,52,1558,678.03,679.03,0,0,55,685,56,TYPE_B,5.6,Pizza,Continental
1197977,101,52,1558,680.03,679.03,0,0,134,685,56,TYPE_B,5.6,Pizza,Continental
1179646,102,52,1558,679.03,680.03,0,0,108,685,56,TYPE_B,5.6,Pizza,Continental
1153459,103,52,1558,680.03,680.03,0,0,150,685,56,TYPE_B,5.6,Pizza,Continental
1001160,104,52,1558,680.03,680.03,0,0,135,685,56,TYPE_B,5.6,Pizza,Continental
1308050,105,52,1558,680.03,679.03,0,0,108,685,56,TYPE_B,5.6,Pizza,Continental
1276851,106,52,1558,679.03,680.03,0,0,109,685,56,TYPE_B,5.6,Pizza,Continental
1437093,107,52,1558,680.03,679.03,0,0,14,685,56,TYPE_B,5.6,Pizza,Continental
1232358,108,52,1558,485.03,678.03,0,1,798,685,56,TYPE_B,5.6,Pizza,Continental
1264041,109,52,1558,486.03,680.03,1,1,959,685,56,TYPE_B,5.6,Pizza,Continental
1304062,110,52,1558,637.32,636.32,0,0,190,685,56,TYPE_B,5.6,Pizza,Continental
1095446,111,52,1558,697.43,697.43,0,0,55,685,56,TYPE_B,5.6,Pizza,Continental
1328613,112,52,1558,699.43,697.43,0,0,95,685,56,TYPE_B,5.6,Pizza,Continental
