Data set/Center wise/Center_52_Rank4.csv
id,week,center_id,meal_id,checkout_price,base_price,emailer_for_promotion,homepage_featured,num_orders,city_code,region_code,center_type,op_area,category,cuisine
1344728,1,52,2581,583.03,611.13,1,1,446,685,56,TYPE_B,5.6,Pizza,Continental
1294718,2,52,2581,586.88,610.13,1,1,404,685,56,TYPE_B,5.6,Pizza,Continental
1265040,3,52,2581,621.8,611.13,0,1,149,685,56,TYPE_B,5.6,Pizza,Continental
1062743,4,52,2581,614.07,613.07,0,0,323,685,56,TYPE_B,5.6,Pizza,Continental
1399641,5,52,2581,611.13,610.13,0,0,163,685,56,TYPE_B,5.6,Pizza,Continental
1065198,6,52,2581,610.13,610.13,0,0,242,685,56,TYPE_B,5.6,Pizza,Continental
1157833,7,52,2581,610.13,610.13,0,0,136,685,56,TYPE_B,5.6,Pizza,Continental
1388707,8,52,2581,611.13,611.13,0,0,69,685,56,TYPE_B,5.6,Pizza,Continental
1352115,9,52,2581,583.03,582.03,0,0,163,685,56,TYPE_B,5.6,Pizza,Continental
1176542,10,52,2581,582.03,583.03,0,0,243,685,56,TYPE_B,5.6,Pizza,Continental
1438690,11,52,2581,583.03,581.03,0,0,258,685,56,TYPE_B,5.6,Pizza,Continental
1273586,12,52,2581,532.53,582.03,1,1,378,685,56,TYPE_B,5.6,Pizza,Continental
1269510,13,52,2581,532.53,583.03,1,1,364,685,56,TYPE_B,5.6,Pizza,Continental
1320299,14,52,2581,612.13,611.13,0,0,123,685,56,TYPE_B,5.6,Pizza,Continental
1448228,15,52,2581,612.13,610.13,0,0,162,685,56,TYPE_B,5.6,Pizza,Continental
1336803,16,52,2581,610.13,610.13,0,0,216,685,56,TYPE_B,5.6,Pizza,Continental
1263871,17,52,2581,611.13,610.13,0,0,190,685,56,TYPE_B,5.6,Pizza,Continental
1438258,18,52,2581,610.13,611.13,0,0,177,685,56,TYPE_B,5.6,Pizza,Continental
1211461,19,52,2581,621.8,622.8,0,0,283,685,56,TYPE_B,5.6,Pizza,Continental
1257955,20,52,2581,513.13,620.8,1,1,270,685,56,TYPE_B,5.6,Pizza,Continental
1084414,21,52,2581,515.13,622.8,1,1,229,685,56,TYPE_B,5.6,Pizza,Continental
1131151,22,52,2581,610.13,610.13,0,0,68,685,56,TYPE_B,5.6,Pizza,Continental
1157850,23,52,2581,611.13,612.13,0,0,176,685,56,TYPE_B,5.6,Pizza,Continental
1412008,24,52,2581,610.13,610.13,0,0,135,685,56,TYPE_B,5.6,Pizza,Continental
1208599,25,52,2581,611.13,610.13,0,0,229,685,56,TYPE_B,5.6,Pizza,Continental
1243342,26,52,2581,484.03,611.13,1,1,487,685,56,TYPE_B,5.6,Pizza,Continental
1425557,27,52,2581,484.03,612.13,1,1,499,685,56,TYPE_B,5.6,Pizza,Continental
1217707,28,52,2581,727.53,728.53,0,0,188,685,56,TYPE_B,5.6,Pizza,Continental
1009425,29,52,2581,726.53,726.53,0,0,13,685,56,TYPE_B,5.6,Pizza,Continental
1101927,30,52,2581,727.53,728.53,0,0,68,685,56,TYPE_B,5.6,Pizza,Continental
1200097,31,52,2581,726.53,727.53,0,0,107,685,56,TYPE_B,5.6,Pizza,Continental
1434173,32,52,2581,726.53,726.53,0,0,27,685,56,TYPE_B,5.6,Pizza,Continental
1078078,33,52,2581,728.53,728.53,0,0,41,685,56,TYPE_B,5.6,Pizza,Continental
1122278,34,52,2581,728.53,726.53,0,0,27,685,56,TYPE_B,5.6,Pizza,Continental
1261188,35,52,2581,680.03,678.03,0,0,149,685,56,TYPE_B,5.6,Pizza,Continental
1367888,36,52,2581,679.03,680.03,0,0,148,685,56,TYPE_B,5.6,Pizza,Continental
1106845,37,52,2581,435.59,680.03,1,1,1148,685,56,TYPE_B,5.6,Pizza,Continental
1312941,38,52,2581,433.59,680.03,1,0,784,685,56,TYPE_B,5.6,Pizza,Continental
1489061,39,52,2581,435.59,680.03,0,1,581,685,56,TYPE_B,5.6,Pizza,Continental
1364858,40,52,2581,440.44,679.03,0,1,676,685,56,TYPE_B,5.6,Pizza,Continental
1416612,41,52,2581,651.87,652.87,0,0,123,685,56,TYPE_B,5.6,Pizza,Continental
1015539,42,52,2581,679.03,680.03,0,0,107,685,56,TYPE_B,5.6,Pizza,Continental
1340472,43,52,2581,680.03,679.03,0,0,175,685,56,TYPE_B,5.6,Pizza,Continental
1125906,44,52,2581,678.03,679.03,0,0,150,685,56,TYPE_B,5.6,Pizza,Continental
1306726,45,52,2581,484.03,680.03,1,1,743,685,56,TYPE_B,5.6,Pizza,Continental
1366666,46,52,2581,484.03,679.03,0,1,553,685,56,TYPE_B,5.6,Pizza,Continental
1264921,47,52,2581,449.11,678.03,0,1,647,685,56,TYPE_B,5.6,Pizza,Continental
1076604,48,52,2581,679.03,680.03,0,0,53,685,56,TYPE_B,5.6,Pizza,Continental
1032751,49,52,2581,679.03,678.03,0,0,135,685,56,TYPE_B,5.6,Pizza,Continental
1017991,50,52,2581,679.03,679.03,0,0,80,685,56,TYPE_B,5.6,Pizza,Continental
1446671,51,52,2581,680.03,678.03,0,0,135,685,56,TYPE_B,5.6,Pizza,Continental
1228710,52,52,2581,680.03,679.03,0,0,175,685,56,TYPE_B,5.6,Pizza,Continental
1069084,53,52,2581,678.03,679.03,0,0,323,685,56,TYPE_B,5.6,Pizza,Continental
1068441,54,52,2581,680.03,679.03,0,0,231,685,56,TYPE_B,5.6,Pizza,Continental
1434959,55,52,2581,487.91,678.03,1,1,716,685,56,TYPE_B,5.6,Pizza,Continental
1283802,56,52,2581,680.03,678.03,0,0,257,685,56,TYPE_B,5.6,Pizza,Continental
1258931,57,52,2581,679.03,680.03,0,0,297,685,56,TYPE_B,5.6,Pizza,Continental
1159891,58,52,2581,679.03,680.03,0,0,204,685,56,TYPE_B,5.6,Pizza,Continental
1137059,59,52,2581,678.03,678.03,0,0,177,685,56,TYPE_B,5.6,Pizza,Continental
1296708,60,52,2581,678.03,678.03,0,0,256,685,56,TYPE_B,5.6,Pizza,Continental
1441815,61,52,2581,434.59,679.03,1,1,905,685,56,TYPE_B,5.6,Pizza,Continental
1491602,62,52,2581,433.59,680.03,1,1,284,685,56,TYPE_B,5.6,Pizza,Continental
1107367,63,52,2581,434.59,679.03,1,1,933,685,56,TYPE_B,5.6,Pizza,Continental
1017720,64,52,2581,434.59,679.03,1,1,852,685,56,TYPE_B,5.6,Pizza,Continental
1416742,65,52,2581,679.03,680.03,0,0,109,685,56,TYPE_B,5.6,Pizza,Continental
1053182,66,52,2581,680.03,679.03,0,0,94,685,56,TYPE_B,5.6,Pizza,Continental
1005437,67,52,2581,678.03,679.03,0,0,123,685,56,TYPE_B,5.6,Pizza,Continental
1150889,68,52,2581,679.03,679.03,0,0,108,685,56,TYPE_B,5.6,Pizza,Continental
1308523,69,52,2581,678.03,680.03,0,0,40,685,56,TYPE_B,5.6,Pizza,Continental
1365063,70,52,2581,680.03,679.03,0,0,80,685,56,TYPE_B,5.6,Pizza,Continental
1373826,71,52,2581,680.03,679.03,0,0,108,685,56,TYPE_B,5.6,Pizza,Continental
1224057,72,52,2581,679.03,680.03,0,0,82,685,56,TYPE_B,5.6,Pizza,Continental
1433347,73,52,2581,680.03,678.03,0,0,68,685,56,TYPE_B,5.6,Pizza,Continental
1486203,74,52,2581,680.03,678.03,0,0,217,685,56,TYPE_B,5.6,Pizza,Continental
1367870,75,52,2581,486.03,679.03,1,1,958,685,56,TYPE_B,5.6,Pizza,Continental
1351055,76,52,2581,487.91,678.03,1,1,622,685,56,TYPE_B,5.6,Pizza,Continental
1372026,77,52,2581,680.03,678.03,0,0,41,685,56,TYPE_B,5.6,Pizza,Continental
1497874,78,52,2581,679.03,680.03,0,0,136,685,56,TYPE_B,5.6,Pizza,Continental
1304810,79,52,2581,464.69,678.03,1,1,649,685,56,TYPE_B,5.6,Pizza,Continental
1424978,80,52,2581,679.03,679.03,0,0,96,685,56,TYPE_B,5.6,Pizza,Continental
1292700,81,52,2581,678.03,679.03,0,0,107,685,56,TYPE_B,5.6,Pizza,Continental
1312226,82,52,2581,679.03,678.03,0,0,80,685,56,TYPE_B,5.6,Pizza,Continental
1428040,83,52,2581,680.03,678.03,0,0,107,685,56,TYPE_B,5.6,Pizza,Continental
1371282,84,52,2581,488.91,680.03,1,1,648,685,56,TYPE_B,5.6,Pizza,Continental
1302169,85,52,2581,484.03,679.03,1,1,379,685,56,TYPE_B,5.6,Pizza,Continental
1162313,86,52,2581,484.03,678.03,0,0,283,685,56,TYPE_B,5.6,Pizza,Continental
1123183,87,52,2581,486.03,678.03,0,0,230,685,56,TYPE_B,5.6,Pizza,Continental
1027753,88,52,2581,484.03,678.03,0,0,460,685,56,TYPE_B,5.6,Pizza,Continental
1081189,89,52,2581,465.6,680.03,1,1,987,685,56,TYPE_B,5.6,Pizza,Continental
1287637,90,52,2581,494.76,680.03,0,0,312,685,56,TYPE_B,5.6,Pizza,Continental
1078332,91,52,2581,493.76,679.03,0,0,297,685,56,TYPE_B,5.6,Pizza,Continental
1343345,92,52,2581,437.53,679.03,1,1,932,685,56,TYPE_B,5.6,Pizza,Continental
1303189,93,52,2581,435.53,678.03,1,1,662,685,56,TYPE_B,5.6,Pizza,Continental
1357510,94,52,2581,659.66,659.66,0,0,161,685,56,TYPE_B,5.6,Pizza,Continental
1056733,95,52,2581,680.03,680.03,0,0,163,685,56,TYPE_B,5.6,Pizza,Continental
1338926,96,52,2581,680.03,678.03,0,0,136,685,56,TYPE_B,5.6,Pizza,Continental
1282031,97,52,2581,678.03,679.03,0,0,150,685,56,TYPE_B,5.6,Pizza,Continental
1184290,98,52,2581,535.5,678.03,1,1,283,685,56,TYPE_B,5.6,Pizza,Continental
1017833,99,52,2581,534.5,678.03,1,0,366,685,56,TYPE_B,5.6,Pizza,Continental
1246925,100,52,2581,678.03,679.03,0,0,176,685,56,TYPE_B,5.6,Pizza,Continental
1064863,101,52,2581,679.03,680.03,0,0,311,685,56,TYPE_B,5.6,Pizza,Continental
1355803,102,52,2581,679.03,678.03,0,0,177,685,56,TYPE_B,5.6,Pizza,Continental
1197951,103,52,2581,680.03,679.03,0,0,190,685,56,TYPE_B,5.6,Pizza,Continental
1113761,104,52,2581,678.03,679.03,0,0,150,685,56,TYPE_B,5.6,Pizza,Continental
1402117,105,52,2581,680.03,679.03,0,0,190,685,56,TYPE_B,5.6,Pizza,Continental
1296503,106,52,2581,679.03,680.03,0,0,203,685,56,TYPE_B,5.6,Pizza,Continental
1011922,107,52,2581,680.03,679.03,0,0,28,685,56,TYPE_B,5.6,Pizza,Continental
1085571,108,52,2581,487.91,678.03,0,1,663,685,56,TYPE_B,5.6,Pizza,Continental
1471697,109,52,2581,484.03,678.03,1,1,1242,685,56,TYPE_B,5.6,Pizza,Continental
1202525,110,52,2581,680.03,679.03,0,0,175,685,56,TYPE_B,5.6,Pizza,Continental
1438214,111,52,2581,696.52,695.52,0,0,80,685,56,TYPE_B,5.6,Pizza,Continental
1495601,112,52,2581,699.43,697.43,0,0,134,685,56,TYPE_B,5.6,Pizza,Continental
1101172,1,52,1962,583.94,612.13,1,1,636,685,56,TYPE_B,5.6,Pizza,Continental
1350313,2,52,1962,582.03,610.13,1,1,661,685,56,TYPE_B,5.6,Pizza,Continental
1329795,3,52,1962,610.13,612.13,0,1,283,685,56,TYPE_B,5.6,Pizza,Continental
1322208,4,52,1962,624.74,623.74,0,0,350,685,56,TYPE_B,5.6,Pizza,Continental
1231820,5,52,1962,612.13,611.13,0,0,351,685,56,TYPE_B,5.6,Pizza,Continental
1178961,6,52,1962,612.13,612.13,0,0,243,685,56,TYPE_B,5.6,Pizza,Continental
1176947,7,52,1962,611.13,612.13,0,0,310,685,56,TYPE_B,5.6,Pizza,Continental
1083720,8,52,1962,610.13,611.13,0,0,94,685,56,TYPE_B,5.6,Pizza,Continental
1490644,9,52,1962,581.03,582.03,0,0,297,685,56,TYPE_B,5.6,Pizza,Continental
1445880,10,52,1962,582.03,581.03,0,0,229,685,56,TYPE_B,5.6,Pizza,Continental
1425425,11,52,1962,583.03,583.03,0,0,297,685,56,TYPE_B,5.6,Pizza,Continental
1033389,12,52,1962,532.53,581.03,1,1,458,685,56,TYPE_B,5.6,Pizza,Continental
1267386,13,52,1962,534.53,583.03,1,1,445,685,56,TYPE_B,5.6,Pizza,Continental
1190574,14,52,1962,611.13,611.13,0,0,269,685,56,TYPE_B,5.6,Pizza,Continental
1211974,15,52,1962,611.13,611.13,0,0,229,685,56,TYPE_B,5.6,Pizza,Continental
1470428,16,52,1962,610.13,611.13,0,0,258,685,56,TYPE_B,5.6,Pizza,Continental
1388560,17,52,1962,611.13,611.13,0,0,150,685,56,TYPE_B,5.6,Pizza,Continental
1376312,18,52,1962,611.13,611.13,0,0,149,685,56,TYPE_B,5.6,Pizza,Continental
1319096,19,52,1962,612.13,612.13,0,0,204,685,56,TYPE_B,5.6,Pizza,Continental
1184831,20,52,1962,515.13,612.13,1,1,258,685,56,TYPE_B,5.6,Pizza,Continental
1485681,21,52,1962,515.13,612.13,1,1,339,685,56,TYPE_B,5.6,Pizza,Continental
1328586,22,52,1962,611.13,610.13,0,0,202,685,56,TYPE_B,5.6,Pizza,Continental
1259221,23,52,1962,611.13,611.13,0,0,243,685,56,TYPE_B,5.6,Pizza,Continental
1444405,24,52,1962,618.86,619.86,0,0,365,685,56,TYPE_B,5.6,Pizza,Continental
1150173,25,52,1962,610.13,611.13,0,0,242,685,56,TYPE_B,5.6,Pizza,Continental
1282528,26,52,1962,493.76,611.13,1,1,782,685,56,TYPE_B,5.6,Pizza,Continental
1300970,27,52,1962,484.03,611.13,1,1,784,685,56,TYPE_B,5.6,Pizza,Continental
1242386,28,52,1962,726.53,728.53,0,0,162,685,56,TYPE_B,5.6,Pizza,Continental
1161462,29,52,1962,726.53,726.53,0,0,175,685,56,TYPE_B,5.6,Pizza,Continental
1141256,30,52,1962,727.53,727.53,0,0,121,685,56,TYPE_B,5.6,Pizza,Continental
1224497,31,52,1962,727.53,726.53,0,0,122,685,56,TYPE_B,5.6,Pizza,Continental
1224574,32,52,1962,726.53,728.53,0,0,109,685,56,TYPE_B,5.6,Pizza,Continental
1423121,33,52,1962,728.53,727.53,0,0,69,685,56,TYPE_B,5.6,Pizza,Continental
1090041,34,52,1962,726.53,728.53,0,0,41,685,56,TYPE_B,5.6,Pizza,Continental
1247766,35,52,1962,679.03,680.03,0,0,121,685,56,TYPE_B,5.6,Pizza,Continental
1289830,36,52,1962,679.03,680.03,0,0,176,685,56,TYPE_B,5.6,Pizza,Continental
1411272,37,52,1962,438.47,679.03,1,1,1581,685,56,TYPE_B,5.6,Pizza,Continental
1285967,38,52,1962,434.59,678.03,1,1,1378,685,56,TYPE_B,5.6,Pizza,Continental
1310039,39,52,1962,435.59,678.03,0,1,742,685,56,TYPE_B,5.6,Pizza,Continental
1359205,40,52,1962,433.59,680.03,0,0,676,685,56,TYPE_B,5.6,Pizza,Continental
1145976,41,52,1962,667.42,667.42,0,0,243,685,56,TYPE_B,5.6,Pizza,Continental
1362667,42,52,1962,680.03,680.03,0,0,149,685,56,TYPE_B,5.6,Pizza,Continental
1309714,43,52,1962,678.03,678.03,0,0,203,685,56,TYPE_B,5.6,Pizza,Continental
1141533,44,52,1962,679.03,678.03,0,0,229,685,56,TYPE_B,5.6,Pizza,Continental
1422488,45,52,1962,485.03,680.03,1,1,1027,685,56,TYPE_B,5.6,Pizza,Continental
1382532,46,52,1962,484.03,679.03,0,1,742,685,56,TYPE_B,5.6,Pizza,Continental
1211359,47,52,1962,457.9,679.03,0,1,836,685,56,TYPE_B,5.6,Pizza,Continental
1260133,48,52,1962,678.03,678.03,0,0,243,685,56,TYPE_B,5.6,Pizza,Continental
1390704,49,52,1962,679.03,679.03,0,0,298,685,56,TYPE_B,5.6,Pizza,Continental
1103482,50,52,1962,680.03,679.03,0,0,243,685,56,TYPE_B,5.6,Pizza,Continental
1079609,51,52,1962,680.03,679.03,0,0,242,685,56,TYPE_B,5.6,Pizza,Continental
1107556,52,52,1962,678.03,678.03,0,0,311,685,56,TYPE_B,5.6,Pizza,Continental
1079209,53,52,1962,679.03,678.03,0,0,447,685,56,TYPE_B,5.6,Pizza,Continental
1009405,54,52,1962,678.03,678.03,0,0,310,685,56,TYPE_B,5.6,Pizza,Continental
1172296,55,52,1962,486.03,678.03,1,1,1148,685,56,TYPE_B,5.6,Pizza,Continental
1137484,56,52,1962,663.48,664.48,0,0,366,685,56,TYPE_B,5.6,Pizza,Continental
1489094,57,52,1962,678.03,679.03,0,0,378,685,56,TYPE_B,5.6,Pizza,Continental
1035331,58,52,1962,679.03,678.03,0,0,364,685,56,TYPE_B,5.6,Pizza,Continental
1351765,59,52,1962,678.03,678.03,0,0,203,685,56,TYPE_B,5.6,Pizza,Continental
1070171,60,52,1962,678.03,679.03,0,0,256,685,56,TYPE_B,5.6,Pizza,Continental
1200844,61,52,1962,433.59,679.03,1,1,1376,685,56,TYPE_B,5.6,Pizza,Continental
1182522,62,52,1962,434.59,678.03,1,1,365,685,56,TYPE_B,5.6,Pizza,Continental
1061062,63,52,1962,435.59,679.03,1,1,1106,685,56,TYPE_B,5.6,Pizza,Continental
1083309,64,52,1962,434.59,679.03,1,0,1404,685,56,TYPE_B,5.6,Pizza,Continental
1066049,65,52,1962,678.03,678.03,0,0,242,685,56,TYPE_B,5.6,Pizza,Continental
1352549,66,52,1962,679.03,678.03,0,0,215,685,56,TYPE_B,5.6,Pizza,Continental
1037411,67,52,1962,678.03,678.03,0,0,257,685,56,TYPE_B,5.6,Pizza,Continental
1215678,68,52,1962,680.03,679.03,0,0,190,685,56,TYPE_B,5.6,Pizza,Continental
1197356,69,52,1962,678.03,679.03,0,0,123,685,56,TYPE_B,5.6,Pizza,Continental
1450582,70,52,1962,678.03,680.03,0,0,258,685,56,TYPE_B,5.6,Pizza,Continental
1361350,71,52,1962,678.03,679.03,0,0,95,685,56,TYPE_B,5.6,Pizza,Continental
1330799,72,52,1962,678.03,680.03,0,0,176,685,56,TYPE_B,5.6,Pizza,Continental
1046591,73,52,1962,679.03,680.03,0,0,188,685,56,TYPE_B,5.6,Pizza,Continental
1050505,74,52,1962,679.03,678.03,0,0,405,685,56,TYPE_B,5.6,Pizza,Continental
1291735,75,52,1962,488.94,678.03,1,1,1027,685,56,TYPE_B,5.6,Pizza,Continental
1180309,76,52,1962,485.03,679.03,1,1,1000,685,56,TYPE_B,5.6,Pizza,Continental
1491333,77,52,1962,679.03,679.03,0,0,135,685,56,TYPE_B,5.6,Pizza,Continental
1499584,78,52,1962,679.03,678.03,0,0,177,685,56,TYPE_B,5.6,Pizza,Continental
1430678,79,52,1962,479.18,679.03,1,1,918,685,56,TYPE_B,5.6,Pizza,Continental
1008926,80,52,1962,666.39,666.39,0,0,243,685,56,TYPE_B,5.6,Pizza,Continental
1403841,81,52,1962,680.03,680.03,0,0,203,685,56,TYPE_B,5.6,Pizza,Continental
1318724,82,52,1962,679.03,680.03,0,0,202,685,56,TYPE_B,5.6,Pizza,Continental
1481461,83,52,1962,678.03,678.03,0,0,323,685,56,TYPE_B,5.6,Pizza,Continental
1423230,84,52,1962,485.03,680.03,1,1,1187,685,56,TYPE_B,5.6,Pizza,Continental
1314362,85,52,1962,489.91,680.03,1,1,1269,685,56,TYPE_B,5.6,Pizza,Continental
1298095,86,52,1962,488.88,680.03,0,0,566,685,56,TYPE_B,5.6,Pizza,Continental
1326543,87,52,1962,484.03,678.03,0,0,472,685,56,TYPE_B,5.6,Pizza,Continental
1258060,88,52,1962,493.79,678.03,0,0,663,685,56,TYPE_B,5.6,Pizza,Continental
1331862,89,52,1962,464.63,679.03,1,1,1242,685,56,TYPE_B,5.6,Pizza,Continental
1374533,90,52,1962,483.09,680.03,0,0,674,685,56,TYPE_B,5.6,Pizza,Continental
1315428,91,52,1962,486.03,680.03,0,0,635,685,56,TYPE_B,5.6,Pizza,Continental
1399241,92,52,1962,440.38,679.03,1,1,1311,685,56,TYPE_B,5.6,Pizza,Continental
1408599,93,52,1962,435.53,679.03,1,0,1079,685,56,TYPE_B,5.6,Pizza,Continental
1265840,94,52,1962,643.11,644.11,0,0,189,685,56,TYPE_B,5.6,Pizza,Continental
1434735,95,52,1962,678.03,680.03,0,0,271,685,56,TYPE_B,5.6,Pizza,Continental
1309220,96,52,1962,678.03,678.03,0,0,298,685,56,TYPE_B,5.6,Pizza,Continental
1197320,97,52,1962,680.03,679.03,0,0,216,685,56,TYPE_B,5.6,Pizza,Continental
1274075,98,52,1962,538.41,680.03,1,0,607,685,56,TYPE_B,5.6,Pizza,Continental
1029459,99,52,1962,534.5,679.03,1,1,688,685,56,TYPE_B,5.6,Pizza,Continental
1353485,100,52,1962,678.03,679.03,0,0,420,685,56,TYPE_B,5.6,Pizza,Continental
1458050,101,52,1962,678.03,679.03,0,0,446,685,56,TYPE_B,5.6,Pizza,Continental
1286043,102,52,1962,680.03,680.03,0,0,418,685,56,TYPE_B,5.6,Pizza,Continental
1165347,103,52,1962,680.03,679.03,0,0,352,685,56,TYPE_B,5.6,Pizza,Continental
1229796,104,52,1962,679.03,679.03,0,0,298,685,56,TYPE_B,5.6,Pizza,Continental
1286517,105,52,1962,678.03,680.03,0,0,418,685,56,TYPE_B,5.6,Pizza,Continental
1141752,106,52,1962,679.03,678.03,0,0,311,685,56,TYPE_B,5.6,Pizza,Continental
1022992,107,52,1962,679.03,678.03,0,0,109,685,56,TYPE_B,5.6,Pizza,Continental
1174137,108,52,1962,485.03,678.03,0,1,1161,685,56,TYPE_B,5.6,Pizza,Continental
1128608,109,52,1962,485.03,679.03,1,1,1444,685,56,TYPE_B,5.6,Pizza,Continental
1472225,110,52,1962,680.03,679.03,0,0,190,685,56,TYPE_B,5.6,Pizza,Continental
1306403,111,52,1962,698.43,699.43,0,0,243,685,56,TYPE_B,5.6,Pizza,Continental
1048803,112,52,1962,697.43,698.43,0,0,217,685,56,TYPE_B,5.6,Pizza,Continental
