Data set/Center wise/Center_52_Rank4.csv
id,week,center_id,meal_id,checkout_price,base_price,emailer_for_promotion,homepage_featured,num_orders,city_code,region_code,center_type,op_area,category,cuisine
1442300,1,52,1445,628.62,628.62,0,0,150,685,56,TYPE_B,5.6,Seafood,Continental
1210846,2,52,1445,628.62,626.62,0,0,122,685,56,TYPE_B,5.6,Seafood,Continental
1044527,3,52,1445,628.62,626.62,0,0,81,685,56,TYPE_B,5.6,Seafood,Continental
1113940,4,52,1445,632.5,632.5,0,0,149,685,56,TYPE_B,5.6,Seafood,Continental
1149955,5,52,1445,486.03,632.5,1,1,782,685,56,TYPE_B,5.6,Seafood,Continental
1296360,6,52,1445,485.03,630.5,0,1,512,685,56,TYPE_B,5.6,Seafood,Continental
1363868,7,52,1445,668.33,668.33,0,0,202,685,56,TYPE_B,5.6,Seafood,Continental
1254421,9,52,1445,435.53,669.33,1,1,701,685,56,TYPE_B,5.6,Seafood,Continental
1067968,10,52,1445,437.53,668.33,1,1,715,685,56,TYPE_B,5.6,Seafood,Continental
1071515,11,52,1445,437.53,670.33,0,1,283,685,56,TYPE_B,5.6,Seafood,Continental
1236605,12,52,1445,619.86,620.86,0,0,96,685,56,TYPE_B,5.6,Seafood,Continental
1336596,13,52,1445,619.86,619.86,0,0,40,685,56,TYPE_B,5.6,Seafood,Continental
1087643,14,52,1445,620.86,619.86,0,0,107,685,56,TYPE_B,5.6,Seafood,Continental
1115784,15,52,1445,619.86,618.86,0,0,189,685,56,TYPE_B,5.6,Seafood,Continental
1123362,16,52,1445,620.86,620.86,0,0,94,685,56,TYPE_B,5.6,Seafood,Continental
1151719,17,52,1445,619.86,620.86,0,0,107,685,56,TYPE_B,5.6,Seafood,Continental
1087958,18,52,1445,618.86,619.86,0,0,108,685,56,TYPE_B,5.6,Seafood,Continental
1416049,19,52,1445,618.86,620.86,0,0,41,685,56,TYPE_B,5.6,Seafood,Continental
1048365,20,52,1445,619.86,620.86,0,0,68,685,56,TYPE_B,5.6,Seafood,Continental
1041065,21,52,1445,618.86,620.86,0,0,94,685,56,TYPE_B,5.6,Seafood,Continental
1372556,22,52,1445,618.86,618.86,0,0,53,685,56,TYPE_B,5.6,Seafood,Continental
1197767,23,52,1445,620.86,620.86,0,0,27,685,56,TYPE_B,5.6,Seafood,Continental
1216158,24,52,1445,619.86,619.86,0,0,67,685,56,TYPE_B,5.6,Seafood,Continental
1132222,25,52,1445,533.53,620.86,0,0,68,685,56,TYPE_B,5.6,Seafood,Continental
1495467,26,52,1445,533.53,619.86,0,0,149,685,56,TYPE_B,5.6,Seafood,Continental
1461406,27,52,1445,532.53,620.86,0,0,109,685,56,TYPE_B,5.6,Seafood,Continental
1351173,28,52,1445,532.53,620.86,0,0,121,685,56,TYPE_B,5.6,Seafood,Continental
1120121,29,52,1445,619.86,620.86,0,0,161,685,56,TYPE_B,5.6,Seafood,Continental
1245573,30,52,1445,619.86,620.86,0,0,13,685,56,TYPE_B,5.6,Seafood,Continental
1294057,31,52,1445,619.86,620.86,0,0,81,685,56,TYPE_B,5.6,Seafood,Continental
1482525,32,52,1445,618.86,619.86,0,0,107,685,56,TYPE_B,5.6,Seafood,Continental
1384302,33,52,1445,486.03,620.86,1,1,324,685,56,TYPE_B,5.6,Seafood,Continental
1241000,34,52,1445,484.03,619.86,0,1,418,685,56,TYPE_B,5.6,Seafood,Continental
1331342,35,52,1445,670.33,669.33,0,0,28,685,56,TYPE_B,5.6,Seafood,Continental
1288059,36,52,1445,670.33,669.33,0,0,67,685,56,TYPE_B,5.6,Seafood,Continental
1363421,37,52,1445,670.33,668.33,0,0,80,685,56,TYPE_B,5.6,Seafood,Continental
1389372,38,52,1445,668.33,669.33,0,0,54,685,56,TYPE_B,5.6,Seafood,Continental
1179623,39,52,1445,619.86,618.86,0,0,82,685,56,TYPE_B,5.6,Seafood,Continental
1064342,40,52,1445,484.03,619.86,1,1,296,685,56,TYPE_B,5.6,Seafood,Continental
1414516,41,52,1445,486.03,618.86,1,1,582,685,56,TYPE_B,5.6,Seafood,Continental
1422013,42,52,1445,624.68,624.68,0,0,107,685,56,TYPE_B,5.6,Seafood,Continental
1072035,43,52,1445,619.86,619.86,0,0,95,685,56,TYPE_B,5.6,Seafood,Continental
1076961,44,52,1445,618.86,620.86,0,0,136,685,56,TYPE_B,5.6,Seafood,Continental
1224641,45,52,1445,619.86,618.86,0,0,107,685,56,TYPE_B,5.6,Seafood,Continental
1477205,46,52,1445,619.86,620.86,0,0,148,685,56,TYPE_B,5.6,Seafood,Continental
1469802,47,52,1445,620.86,620.86,0,0,161,685,56,TYPE_B,5.6,Seafood,Continental
1290724,48,52,1445,619.86,620.86,0,0,108,685,56,TYPE_B,5.6,Seafood,Continental
1284658,49,52,1445,619.86,619.86,0,0,136,685,56,TYPE_B,5.6,Seafood,Continental
1403346,50,52,1445,619.86,619.86,0,0,177,685,56,TYPE_B,5.6,Seafood,Continental
1038057,51,52,1445,620.86,619.86,0,0,82,685,56,TYPE_B,5.6,Seafood,Continental
1039851,52,52,1445,389.94,620.86,1,1,1135,685,56,TYPE_B,5.6,Seafood,Continental
1321537,53,52,1445,389.03,618.86,1,1,1093,685,56,TYPE_B,5.6,Seafood,Continental
1353329,54,52,1445,618.86,619.86,0,0,55,685,56,TYPE_B,5.6,Seafood,Continental
1213510,55,52,1445,618.86,619.86,0,0,81,685,56,TYPE_B,5.6,Seafood,Continental
1258391,56,52,1445,620.86,618.86,0,0,55,685,56,TYPE_B,5.6,Seafood,Continental
1232824,57,52,1445,610.19,608.19,0,0,122,685,56,TYPE_B,5.6,Seafood,Continental
1423641,58,52,1445,615.04,614.04,0,0,175,685,56,TYPE_B,5.6,Seafood,Continental
1446936,59,52,1445,609.19,609.19,0,0,108,685,56,TYPE_B,5.6,Seafood,Continental
1154402,60,52,1445,491.79,608.19,1,0,339,685,56,TYPE_B,5.6,Seafood,Continental
1187545,61,52,1445,610.19,608.19,0,0,42,685,56,TYPE_B,5.6,Seafood,Continental
1000296,62,52,1445,608.19,608.19,0,0,68,685,56,TYPE_B,5.6,Seafood,Continental
1191692,63,52,1445,609.19,609.19,0,0,95,685,56,TYPE_B,5.6,Seafood,Continental
1125811,64,52,1445,609.19,610.19,0,0,53,685,56,TYPE_B,5.6,Seafood,Continental
1116006,65,52,1445,486.03,608.19,1,1,202,685,56,TYPE_B,5.6,Seafood,Continental
1202836,66,52,1445,610.19,608.19,0,0,108,685,56,TYPE_B,5.6,Seafood,Continental
1144092,67,52,1445,609.19,609.19,0,0,150,685,56,TYPE_B,5.6,Seafood,Continental
1162966,68,52,1445,610.19,609.19,0,0,55,685,56,TYPE_B,5.6,Seafood,Continental
1390984,69,52,1445,486.03,610.19,1,1,324,685,56,TYPE_B,5.6,Seafood,Continental
1229230,70,52,1445,484.03,610.19,0,1,296,685,56,TYPE_B,5.6,Seafood,Continental
1396160,71,52,1445,610.13,610.13,0,0,67,685,56,TYPE_B,5.6,Seafood,Continental
1264886,72,52,1445,612.13,611.13,0,0,13,685,56,TYPE_B,5.6,Seafood,Continental
1371562,73,52,1445,610.13,612.13,0,0,82,685,56,TYPE_B,5.6,Seafood,Continental
1378324,74,52,1445,610.13,610.13,0,0,81,685,56,TYPE_B,5.6,Seafood,Continental
1319297,75,52,1445,611.13,611.13,0,0,53,685,56,TYPE_B,5.6,Seafood,Continental
1029386,76,52,1445,610.13,611.13,0,0,67,685,56,TYPE_B,5.6,Seafood,Continental
1114611,77,52,1445,569.45,569.45,0,0,109,685,56,TYPE_B,5.6,Seafood,Continental
1456900,78,52,1445,561.63,561.63,0,0,123,685,56,TYPE_B,5.6,Seafood,Continental
1085041,79,52,1445,583.97,584.97,0,0,69,685,56,TYPE_B,5.6,Seafood,Continental
1169570,80,52,1445,562.63,562.63,0,0,54,685,56,TYPE_B,5.6,Seafood,Continental
1273121,81,52,1445,669.33,668.33,0,0,41,685,56,TYPE_B,5.6,Seafood,Continental
1262984,82,52,1445,669.33,668.33,0,0,40,685,56,TYPE_B,5.6,Seafood,Continental
1068830,83,52,1445,669.33,668.33,0,0,41,685,56,TYPE_B,5.6,Seafood,Continental
1144610,84,52,1445,669.33,669.33,0,0,54,685,56,TYPE_B,5.6,Seafood,Continental
1400694,85,52,1445,669.33,670.33,0,0,41,685,56,TYPE_B,5.6,Seafood,Continental
1451023,86,52,1445,670.33,669.33,0,0,26,685,56,TYPE_B,5.6,Seafood,Continental
1368676,87,52,1445,669.33,668.33,0,0,42,685,56,TYPE_B,5.6,Seafood,Continental
1091078,88,52,1445,670.33,670.33,0,0,41,685,56,TYPE_B,5.6,Seafood,Continental
1392812,89,52,1445,669.33,668.33,0,0,41,685,56,TYPE_B,5.6,Seafood,Continental
1318024,90,52,1445,449.17,669.33,1,1,485,685,56,TYPE_B,5.6,Seafood,Continental
1211194,91,52,1445,433.62,669.33,1,1,405,685,56,TYPE_B,5.6,Seafood,Continental
1375704,92,52,1445,668.33,669.33,0,0,149,685,56,TYPE_B,5.6,Seafood,Continental
1351775,93,52,1445,669.33,668.33,0,0,80,685,56,TYPE_B,5.6,Seafood,Continental
1388971,94,52,1445,435.56,670.33,1,1,540,685,56,TYPE_B,5.6,Seafood,Continental
1156046,95,52,1445,436.56,668.33,1,1,460,685,56,TYPE_B,5.6,Seafood,Continental
1386288,96,52,1445,668.33,668.33,0,0,108,685,56,TYPE_B,5.6,Seafood,Continental
1230170,97,52,1445,670.33,670.33,0,0,55,685,56,TYPE_B,5.6,Seafood,Continental
1312128,98,52,1445,670.33,668.33,0,0,41,685,56,TYPE_B,5.6,Seafood,Continental
1323197,99,52,1445,669.33,668.33,0,0,82,685,56,TYPE_B,5.6,Seafood,Continental
1130259,100,52,1445,435.53,668.33,0,1,527,685,56,TYPE_B,5.6,Seafood,Continental
1441426,101,52,1445,447.2,669.33,1,1,595,685,56,TYPE_B,5.6,Seafood,Continental
1285760,102,52,1445,670.33,669.33,0,0,96,685,56,TYPE_B,5.6,Seafood,Continental
1338883,103,52,1445,668.33,669.33,0,0,28,685,56,TYPE_B,5.6,Seafood,Continental
1436786,104,52,1445,670.33,668.33,0,0,94,685,56,TYPE_B,5.6,Seafood,Continental
1266481,105,52,1445,669.33,670.33,0,0,41,685,56,TYPE_B,5.6,Seafood,Continental
1134689,106,52,1445,454.93,669.33,0,1,647,685,56,TYPE_B,5.6,Seafood,Continental
1432995,107,52,1445,454.93,670.33,1,1,96,685,56,TYPE_B,5.6,Seafood,Continental
1094042,108,52,1445,669.33,669.33,0,0,95,685,56,TYPE_B,5.6,Seafood,Continental
1411941,109,52,1445,668.33,668.33,0,0,67,685,56,TYPE_B,5.6,Seafood,Continental
1340158,110,52,1445,669.33,669.33,0,0,107,685,56,TYPE_B,5.6,Seafood,Continental
1319949,111,52,1445,670.33,669.33,0,0,41,685,56,TYPE_B,5.6,Seafood,Continental
1362658,112,52,1445,670.33,670.33,0,0,95,685,56,TYPE_B,5.6,Seafood,Continental
1057552,1,52,2444,637.29,639.29,0,0,109,685,56,TYPE_B,5.6,Seafood,Continental
1200334,2,52,2444,633.44,634.44,0,0,96,685,56,TYPE_B,5.6,Seafood,Continental
1043727,3,52,2444,628.62,628.62,0,0,95,685,56,TYPE_B,5.6,Seafood,Continental
1301921,4,52,2444,624.71,625.71,0,0,109,685,56,TYPE_B,5.6,Seafood,Continental
1436902,5,52,2444,486.03,625.71,1,1,270,685,56,TYPE_B,5.6,Seafood,Continental
1300710,6,52,2444,484.03,623.71,0,1,364,685,56,TYPE_B,5.6,Seafood,Continental
1070392,7,52,2444,644.14,643.14,0,0,94,685,56,TYPE_B,5.6,Seafood,Continental
1205909,8,52,2444,668.33,668.33,0,0,27,685,56,TYPE_B,5.6,Seafood,Continental
1131506,9,52,2444,448.17,669.33,1,1,501,685,56,TYPE_B,5.6,Seafood,Continental
1224035,10,52,2444,436.53,669.33,1,1,728,685,56,TYPE_B,5.6,Seafood,Continental
1488574,11,52,2444,437.53,668.33,0,1,512,685,56,TYPE_B,5.6,Seafood,Continental
1409310,12,52,2444,620.86,618.86,0,0,13,685,56,TYPE_B,5.6,Seafood,Continental
1177815,13,52,2444,619.86,619.86,0,0,150,685,56,TYPE_B,5.6,Seafood,Continental
1272499,14,52,2444,619.86,619.86,0,0,69,685,56,TYPE_B,5.6,Seafood,Continental
1465982,15,52,2444,618.86,619.86,0,0,95,685,56,TYPE_B,5.6,Seafood,Continental
1423136,16,52,2444,620.86,620.86,0,0,82,685,56,TYPE_B,5.6,Seafood,Continental
1356087,17,52,2444,618.86,620.86,0,0,95,685,56,TYPE_B,5.6,Seafood,Continental
1016201,18,52,2444,619.86,618.86,0,0,108,685,56,TYPE_B,5.6,Seafood,Continental
1210365,19,52,2444,619.86,618.86,0,0,68,685,56,TYPE_B,5.6,Seafood,Continental
1233168,20,52,2444,620.86,618.86,0,0,26,685,56,TYPE_B,5.6,Seafood,Continental
1489766,21,52,2444,632.47,631.47,0,0,109,685,56,TYPE_B,5.6,Seafood,Continental
1418862,22,52,2444,619.86,619.86,0,0,177,685,56,TYPE_B,5.6,Seafood,Continental
1402082,23,52,2444,619.86,618.86,0,0,68,685,56,TYPE_B,5.6,Seafood,Continental
1310058,24,52,2444,618.86,618.86,0,0,69,685,56,TYPE_B,5.6,Seafood,Continental
1195001,25,52,2444,533.53,620.86,0,0,175,685,56,TYPE_B,5.6,Seafood,Continental
1142057,26,52,2444,534.53,618.86,0,0,189,685,56,TYPE_B,5.6,Seafood,Continental
1235981,27,52,2444,532.53,618.86,0,0,80,685,56,TYPE_B,5.6,Seafood,Continental
1357930,28,52,2444,534.53,620.86,0,0,244,685,56,TYPE_B,5.6,Seafood,Continental
1019130,29,52,2444,620.86,619.86,0,0,95,685,56,TYPE_B,5.6,Seafood,Continental
1280926,30,52,2444,619.86,619.86,0,0,107,685,56,TYPE_B,5.6,Seafood,Continental
1469394,31,52,2444,619.86,620.86,0,0,95,685,56,TYPE_B,5.6,Seafood,Continental
1298110,32,52,2444,618.86,618.86,0,0,67,685,56,TYPE_B,5.6,Seafood,Continental
1261595,33,52,2444,486.03,618.86,1,1,257,685,56,TYPE_B,5.6,Seafood,Continental
1070447,34,52,2444,485.03,620.86,0,1,364,685,56,TYPE_B,5.6,Seafood,Continental
1375721,35,52,2444,668.33,668.33,0,0,28,685,56,TYPE_B,5.6,Seafood,Continental
1352038,36,52,2444,668.33,668.33,0,0,40,685,56,TYPE_B,5.6,Seafood,Continental
1426819,37,52,2444,670.33,668.33,0,0,41,685,56,TYPE_B,5.6,Seafood,Continental
1457082,38,52,2444,668.33,668.33,0,0,121,685,56,TYPE_B,5.6,Seafood,Continental
1453749,39,52,2444,620.86,620.86,0,0,13,685,56,TYPE_B,5.6,Seafood,Continental
1461730,40,52,2444,486.03,620.86,1,1,325,685,56,TYPE_B,5.6,Seafood,Continental
1378095,41,52,2444,487.91,618.86,1,1,663,685,56,TYPE_B,5.6,Seafood,Continental
1157892,42,52,2444,607.28,607.28,0,0,135,685,56,TYPE_B,5.6,Seafood,Continental
1342866,43,52,2444,619.86,620.86,0,0,176,685,56,TYPE_B,5.6,Seafood,Continental
1049318,44,52,2444,618.86,619.86,0,0,230,685,56,TYPE_B,5.6,Seafood,Continental
1125309,45,52,2444,618.86,620.86,0,0,68,685,56,TYPE_B,5.6,Seafood,Continental
1058614,46,52,2444,618.86,619.86,0,0,122,685,56,TYPE_B,5.6,Seafood,Continental
1040388,47,52,2444,619.86,620.86,0,0,42,685,56,TYPE_B,5.6,Seafood,Continental
1198227,48,52,2444,618.86,619.86,0,0,96,685,56,TYPE_B,5.6,Seafood,Continental
1296104,49,52,2444,620.86,620.86,0,0,175,685,56,TYPE_B,5.6,Seafood,Continental
1107724,50,52,2444,618.86,619.86,0,0,107,685,56,TYPE_B,5.6,Seafood,Continental
1222624,51,52,2444,619.86,618.86,0,0,150,685,56,TYPE_B,5.6,Seafood,Continental
1290996,52,52,2444,389.03,620.86,1,1,1067,685,56,TYPE_B,5.6,Seafood,Continental
1242644,53,52,2444,388.03,620.86,1,1,1108,685,56,TYPE_B,5.6,Seafood,Continental
1471822,54,52,2444,619.86,619.86,0,0,80,685,56,TYPE_B,5.6,Seafood,Continental
1114858,55,52,2444,619.86,618.86,0,0,94,685,56,TYPE_B,5.6,Seafood,Continental
1031307,56,52,2444,594.67,593.67,0,0,122,685,56,TYPE_B,5.6,Seafood,Continental
1327771,57,52,2444,618.89,618.89,0,0,148,685,56,TYPE_B,5.6,Seafood,Continental
1154048,58,52,2444,609.19,608.19,0,0,107,685,56,TYPE_B,5.6,Seafood,Continental
1302305,59,52,2444,609.19,609.19,0,0,136,685,56,TYPE_B,5.6,Seafood,Continental
1172282,60,52,2444,485.03,610.19,1,1,486,685,56,TYPE_B,5.6,Seafood,Continental
1274218,61,52,2444,608.19,610.19,0,0,67,685,56,TYPE_B,5.6,Seafood,Continental
1326172,62,52,2444,610.19,608.19,0,0,15,685,56,TYPE_B,5.6,Seafood,Continental
1372673,63,52,2444,610.19,610.19,0,0,69,685,56,TYPE_B,5.6,Seafood,Continental
1417096,64,52,2444,609.19,608.19,0,0,95,685,56,TYPE_B,5.6,Seafood,Continental
1082975,65,52,2444,485.03,609.19,1,1,256,685,56,TYPE_B,5.6,Seafood,Continental
1141741,66,52,2444,608.19,610.19,0,0,81,685,56,TYPE_B,5.6,Seafood,Continental
1366247,67,52,2444,609.19,608.19,0,0,122,685,56,TYPE_B,5.6,Seafood,Continental
1043353,68,52,2444,610.19,610.19,0,0,123,685,56,TYPE_B,5.6,Seafood,Continental
1129950,69,52,2444,486.03,610.19,1,1,447,685,56,TYPE_B,5.6,Seafood,Continental
1031766,70,52,2444,484.03,610.19,0,1,378,685,56,TYPE_B,5.6,Seafood,Continental
1332878,71,52,2444,581.09,580.09,0,0,55,685,56,TYPE_B,5.6,Seafood,Continental
1247166,72,52,2444,610.13,612.13,0,0,27,685,56,TYPE_B,5.6,Seafood,Continental
1041964,73,52,2444,611.13,611.13,0,0,53,685,56,TYPE_B,5.6,Seafood,Continental
1437002,74,52,2444,610.13,612.13,0,0,121,685,56,TYPE_B,5.6,Seafood,Continental
1043049,75,52,2444,610.13,611.13,0,0,81,685,56,TYPE_B,5.6,Seafood,Continental
1413582,76,52,2444,612.13,611.13,0,0,109,685,56,TYPE_B,5.6,Seafood,Continental
1318645,77,52,2444,562.63,563.63,0,0,54,685,56,TYPE_B,5.6,Seafood,Continental
1012018,78,52,2444,563.63,562.63,0,0,81,685,56,TYPE_B,5.6,Seafood,Continental
1418847,79,52,2444,563.63,563.63,0,0,162,685,56,TYPE_B,5.6,Seafood,Continental
1398320,80,52,2444,569.45,567.45,0,0,270,685,56,TYPE_B,5.6,Seafood,Continental
1396466,81,52,2444,670.33,669.33,0,0,80,685,56,TYPE_B,5.6,Seafood,Continental
1155796,82,52,2444,669.33,670.33,0,0,42,685,56,TYPE_B,5.6,Seafood,Continental
1442948,83,52,2444,669.33,668.33,0,0,68,685,56,TYPE_B,5.6,Seafood,Continental
1171782,84,52,2444,670.33,669.33,0,0,14,685,56,TYPE_B,5.6,Seafood,Continental
1273343,85,52,2444,669.33,669.33,0,0,14,685,56,TYPE_B,5.6,Seafood,Continental
1377300,86,52,2444,670.33,670.33,0,0,28,685,56,TYPE_B,5.6,Seafood,Continental
1404180,87,52,2444,670.33,669.33,0,0,15,685,56,TYPE_B,5.6,Seafood,Continental
1365817,88,52,2444,669.33,668.33,0,0,108,685,56,TYPE_B,5.6,Seafood,Continental
1022108,89,52,2444,668.33,670.33,0,0,55,685,56,TYPE_B,5.6,Seafood,Continental
1292198,90,52,2444,437.53,670.33,1,1,366,685,56,TYPE_B,5.6,Seafood,Continental
1239617,91,52,2444,436.53,670.33,1,1,431,685,56,TYPE_B,5.6,Seafood,Continental
1462277,92,52,2444,669.33,668.33,0,0,28,685,56,TYPE_B,5.6,Seafood,Continental
1470288,93,52,2444,669.33,669.33,0,0,55,685,56,TYPE_B,5.6,Seafood,Continental
1154270,94,52,2444,435.56,669.33,1,1,553,685,56,TYPE_B,5.6,Seafood,Continental
1227295,95,52,2444,431.71,669.33,1,1,285,685,56,TYPE_B,5.6,Seafood,Continental
1416700,96,52,2444,670.33,669.33,0,0,40,685,56,TYPE_B,5.6,Seafood,Continental
1236646,97,52,2444,669.33,668.33,0,0,148,685,56,TYPE_B,5.6,Seafood,Continental
1434374,98,52,2444,670.33,669.33,0,0,94,685,56,TYPE_B,5.6,Seafood,Continental
1223734,99,52,2444,670.33,670.33,0,0,54,685,56,TYPE_B,5.6,Seafood,Continental
1378374,100,52,2444,437.53,668.33,0,1,798,685,56,TYPE_B,5.6,Seafood,Continental
1445956,101,52,2444,435.53,669.33,1,1,769,685,56,TYPE_B,5.6,Seafood,Continental
1433974,102,52,2444,669.33,669.33,0,0,96,685,56,TYPE_B,5.6,Seafood,Continental
1425566,103,52,2444,670.33,670.33,0,0,80,685,56,TYPE_B,5.6,Seafood,Continental
1154942,104,52,2444,668.33,668.33,0,0,54,685,56,TYPE_B,5.6,Seafood,Continental
1453937,105,52,2444,670.33,670.33,0,0,26,685,56,TYPE_B,5.6,Seafood,Continental
1243822,106,52,2444,460.78,668.33,0,1,609,685,56,TYPE_B,5.6,Seafood,Continental
1350561,107,52,2444,454.93,669.33,1,0,177,685,56,TYPE_B,5.6,Seafood,Continental
1250387,108,52,2444,670.33,668.33,0,0,80,685,56,TYPE_B,5.6,Seafood,Continental
1350412,109,52,2444,670.33,669.33,0,0,41,685,56,TYPE_B,5.6,Seafood,Continental
1168848,110,52,2444,668.33,670.33,0,0,69,685,56,TYPE_B,5.6,Seafood,Continental
1242706,111,52,2444,668.33,670.33,0,0,121,685,56,TYPE_B,5.6,Seafood,Continental
1228351,112,52,2444,669.33,668.33,0,0,67,685,56,TYPE_B,5.6,Seafood,Continental
