Data set/Center wise/Center_52_Rank4.csv
id,week,center_id,meal_id,checkout_price,base_price,emailer_for_promotion,homepage_featured,num_orders,city_code,region_code,center_type,op_area,category,cuisine
1159377,1,52,2867,627.62,627.62,0,0,81,685,56,TYPE_B,5.6,Seafood,Continental
1330033,2,52,2867,627.62,627.62,0,0,28,685,56,TYPE_B,5.6,Seafood,Continental
1193446,3,52,2867,627.62,626.62,0,0,81,685,56,TYPE_B,5.6,Seafood,Continental
1170885,4,52,2867,628.62,627.62,0,0,53,685,56,TYPE_B,5.6,Seafood,Continental
1160771,5,52,2867,484.03,626.62,1,1,296,685,56,TYPE_B,5.6,Seafood,Continental
1397780,6,52,2867,484.03,626.62,0,1,393,685,56,TYPE_B,5.6,Seafood,Continental
1098392,7,52,2867,670.33,668.33,0,0,121,685,56,TYPE_B,5.6,Seafood,Continental
1001021,8,52,2867,668.33,670.33,0,0,28,685,56,TYPE_B,5.6,Seafood,Continental
1225993,9,52,2867,436.53,670.33,1,1,595,685,56,TYPE_B,5.6,Seafood,Continental
1208027,10,52,2867,437.53,670.33,1,1,620,685,56,TYPE_B,5.6,Seafood,Continental
1301299,11,52,2867,436.53,670.33,0,1,418,685,56,TYPE_B,5.6,Seafood,Continental
1328074,12,52,2867,620.86,620.86,0,0,15,685,56,TYPE_B,5.6,Seafood,Continental
1361439,13,52,2867,618.86,618.86,0,0,67,685,56,TYPE_B,5.6,Seafood,Continental
1204332,14,52,2867,620.86,618.86,0,0,14,685,56,TYPE_B,5.6,Seafood,Continental
1085943,15,52,2867,618.86,618.86,0,0,123,685,56,TYPE_B,5.6,Seafood,Continental
1136029,16,52,2867,619.86,619.86,0,0,123,685,56,TYPE_B,5.6,Seafood,Continental
1353092,17,52,2867,618.86,618.86,0,0,82,685,56,TYPE_B,5.6,Seafood,Continental
1150762,18,52,2867,620.86,619.86,0,0,109,685,56,TYPE_B,5.6,Seafood,Continental
1002989,19,52,2867,618.86,620.86,0,0,96,685,56,TYPE_B,5.6,Seafood,Continental
1074337,20,52,2867,618.86,620.86,0,0,40,685,56,TYPE_B,5.6,Seafood,Continental
1255452,21,52,2867,619.86,620.86,0,0,26,685,56,TYPE_B,5.6,Seafood,Continental
1319293,22,52,2867,618.86,618.86,0,0,27,685,56,TYPE_B,5.6,Seafood,Continental
1190879,23,52,2867,618.86,618.86,0,0,81,685,56,TYPE_B,5.6,Seafood,Continental
1032499,24,52,2867,618.86,620.86,0,0,95,685,56,TYPE_B,5.6,Seafood,Continental
1299086,25,52,2867,534.53,619.86,0,0,81,685,56,TYPE_B,5.6,Seafood,Continental
1361636,26,52,2867,533.53,620.86,0,0,68,685,56,TYPE_B,5.6,Seafood,Continental
1214583,27,52,2867,533.53,620.86,0,0,53,685,56,TYPE_B,5.6,Seafood,Continental
1354358,28,52,2867,533.53,619.86,0,0,68,685,56,TYPE_B,5.6,Seafood,Continental
1135666,29,52,2867,618.86,619.86,0,0,54,685,56,TYPE_B,5.6,Seafood,Continental
1470162,30,52,2867,619.86,619.86,0,0,107,685,56,TYPE_B,5.6,Seafood,Continental
1058429,31,52,2867,619.86,620.86,0,0,55,685,56,TYPE_B,5.6,Seafood,Continental
1297128,32,52,2867,620.86,619.86,0,0,27,685,56,TYPE_B,5.6,Seafood,Continental
1387908,33,52,2867,485.03,620.86,1,1,312,685,56,TYPE_B,5.6,Seafood,Continental
1339888,34,52,2867,485.03,618.86,0,1,243,685,56,TYPE_B,5.6,Seafood,Continental
1372385,35,52,2867,670.33,670.33,0,0,28,685,56,TYPE_B,5.6,Seafood,Continental
1244248,36,52,2867,670.33,670.33,0,0,27,685,56,TYPE_B,5.6,Seafood,Continental
1353641,37,52,2867,670.33,670.33,0,0,26,685,56,TYPE_B,5.6,Seafood,Continental
1166465,38,52,2867,669.33,669.33,0,0,26,685,56,TYPE_B,5.6,Seafood,Continental
1055687,39,52,2867,620.86,619.86,0,0,40,685,56,TYPE_B,5.6,Seafood,Continental
1092129,40,52,2867,484.03,619.86,1,1,296,685,56,TYPE_B,5.6,Seafood,Continental
1362753,41,52,2867,486.03,619.86,1,1,445,685,56,TYPE_B,5.6,Seafood,Continental
1338079,42,52,2867,596.55,598.55,0,0,80,685,56,TYPE_B,5.6,Seafood,Continental
1099747,43,52,2867,628.59,628.59,0,0,82,685,56,TYPE_B,5.6,Seafood,Continental
1015414,44,52,2867,619.86,619.86,0,0,121,685,56,TYPE_B,5.6,Seafood,Continental
1042695,45,52,2867,620.86,619.86,0,0,123,685,56,TYPE_B,5.6,Seafood,Continental
1373214,46,52,2867,619.86,620.86,0,0,68,685,56,TYPE_B,5.6,Seafood,Continental
1390696,47,52,2867,619.86,619.86,0,0,13,685,56,TYPE_B,5.6,Seafood,Continental
1186486,48,52,2867,620.86,618.86,0,0,149,685,56,TYPE_B,5.6,Seafood,Continental
1447446,49,52,2867,620.86,618.86,0,0,54,685,56,TYPE_B,5.6,Seafood,Continental
1347846,50,52,2867,620.86,620.86,0,0,123,685,56,TYPE_B,5.6,Seafood,Continental
1289473,51,52,2867,620.86,618.86,0,0,121,685,56,TYPE_B,5.6,Seafood,Continental
1265399,52,52,2867,394.82,620.86,1,1,1162,685,56,TYPE_B,5.6,Seafood,Continental
1268113,53,52,2867,388.03,620.86,1,1,782,685,56,TYPE_B,5.6,Seafood,Continental
1291238,54,52,2867,620.86,618.86,0,0,163,685,56,TYPE_B,5.6,Seafood,Continental
1087805,55,52,2867,620.86,618.86,0,0,55,685,56,TYPE_B,5.6,Seafood,Continental
1211934,56,52,2867,555.81,618.86,0,0,148,685,56,TYPE_B,5.6,Seafood,Continental
1457779,57,52,2867,609.19,608.19,0,0,53,685,56,TYPE_B,5.6,Seafood,Continental
1095709,58,52,2867,609.19,609.19,0,0,134,685,56,TYPE_B,5.6,Seafood,Continental
1467069,59,52,2867,608.19,610.19,0,0,215,685,56,TYPE_B,5.6,Seafood,Continental
1032448,60,52,2867,486.03,610.19,1,1,377,685,56,TYPE_B,5.6,Seafood,Continental
1351743,61,52,2867,610.19,610.19,0,0,190,685,56,TYPE_B,5.6,Seafood,Continental
1470981,62,52,2867,610.19,609.19,0,0,27,685,56,TYPE_B,5.6,Seafood,Continental
1330232,63,52,2867,617.89,618.89,0,0,82,685,56,TYPE_B,5.6,Seafood,Continental
1379734,64,52,2867,609.19,610.19,0,0,135,685,56,TYPE_B,5.6,Seafood,Continental
1127939,65,52,2867,484.03,609.19,1,1,230,685,56,TYPE_B,5.6,Seafood,Continental
1407676,66,52,2867,609.19,608.19,0,0,136,685,56,TYPE_B,5.6,Seafood,Continental
1196630,67,52,2867,609.19,609.19,0,0,82,685,56,TYPE_B,5.6,Seafood,Continental
1292371,68,52,2867,608.19,610.19,0,0,53,685,56,TYPE_B,5.6,Seafood,Continental
1263781,69,52,2867,493.79,608.19,1,1,420,685,56,TYPE_B,5.6,Seafood,Continental
1311219,70,52,2867,485.03,610.19,0,1,501,685,56,TYPE_B,5.6,Seafood,Continental
1243334,71,52,2867,612.13,611.13,0,0,82,685,56,TYPE_B,5.6,Seafood,Continental
1465048,72,52,2867,620.83,621.83,0,0,82,685,56,TYPE_B,5.6,Seafood,Continental
1225743,73,52,2867,612.13,610.13,0,0,161,685,56,TYPE_B,5.6,Seafood,Continental
1316378,74,52,2867,612.13,611.13,0,0,176,685,56,TYPE_B,5.6,Seafood,Continental
1165781,75,52,2867,612.13,611.13,0,0,80,685,56,TYPE_B,5.6,Seafood,Continental
1188154,76,52,2867,612.13,612.13,0,0,94,685,56,TYPE_B,5.6,Seafood,Continental
1285546,77,52,2867,572.3,572.3,0,0,134,685,56,TYPE_B,5.6,Seafood,Continental
1134324,78,52,2867,562.63,563.63,0,0,122,685,56,TYPE_B,5.6,Seafood,Continental
1340322,79,52,2867,562.63,562.63,0,0,123,685,56,TYPE_B,5.6,Seafood,Continental
1233978,80,52,2867,563.63,563.63,0,0,107,685,56,TYPE_B,5.6,Seafood,Continental
1077784,81,52,2867,668.33,670.33,0,0,109,685,56,TYPE_B,5.6,Seafood,Continental
1245500,82,52,2867,670.33,668.33,0,0,95,685,56,TYPE_B,5.6,Seafood,Continental
1355334,83,52,2867,669.33,668.33,0,0,162,685,56,TYPE_B,5.6,Seafood,Continental
1423079,84,52,2867,670.33,670.33,0,0,40,685,56,TYPE_B,5.6,Seafood,Continental
1418289,85,52,2867,670.33,669.33,0,0,82,685,56,TYPE_B,5.6,Seafood,Continental
1354405,86,52,2867,668.33,668.33,0,0,42,685,56,TYPE_B,5.6,Seafood,Continental
1003066,87,52,2867,670.33,669.33,0,0,41,685,56,TYPE_B,5.6,Seafood,Continental
1235613,88,52,2867,669.33,668.33,0,0,41,685,56,TYPE_B,5.6,Seafood,Continental
1130636,89,52,2867,669.33,668.33,0,0,69,685,56,TYPE_B,5.6,Seafood,Continental
1298874,90,52,2867,435.53,668.33,1,1,406,685,56,TYPE_B,5.6,Seafood,Continental
1143515,91,52,2867,437.53,670.33,1,1,379,685,56,TYPE_B,5.6,Seafood,Continental
1328447,92,52,2867,668.33,670.33,0,0,69,685,56,TYPE_B,5.6,Seafood,Continental
1410056,93,52,2867,670.33,669.33,0,0,82,685,56,TYPE_B,5.6,Seafood,Continental
1360686,94,52,2867,436.56,668.33,1,1,500,685,56,TYPE_B,5.6,Seafood,Continental
1302116,95,52,2867,435.56,669.33,1,1,298,685,56,TYPE_B,5.6,Seafood,Continental
1443341,96,52,2867,668.33,670.33,0,0,68,685,56,TYPE_B,5.6,Seafood,Continental
1361784,97,52,2867,670.33,668.33,0,0,42,685,56,TYPE_B,5.6,Seafood,Continental
1228052,98,52,2867,669.33,669.33,0,0,54,685,56,TYPE_B,5.6,Seafood,Continental
1044058,99,52,2867,669.33,670.33,0,0,67,685,56,TYPE_B,5.6,Seafood,Continental
1430540,100,52,2867,437.53,669.33,0,1,730,685,56,TYPE_B,5.6,Seafood,Continental
1294803,101,52,2867,437.53,668.33,1,1,622,685,56,TYPE_B,5.6,Seafood,Continental
1025637,102,52,2867,669.33,669.33,0,0,67,685,56,TYPE_B,5.6,Seafood,Continental
1322032,103,52,2867,668.33,670.33,0,0,67,685,56,TYPE_B,5.6,Seafood,Continental
1312109,104,52,2867,669.33,669.33,0,0,108,685,56,TYPE_B,5.6,Seafood,Continental
1177888,105,52,2867,669.33,670.33,0,0,67,685,56,TYPE_B,5.6,Seafood,Continental
1352563,106,52,2867,456.93,668.33,0,1,634,685,56,TYPE_B,5.6,Seafood,Continental
1259480,107,52,2867,459.81,670.33,1,0,244,685,56,TYPE_B,5.6,Seafood,Continental
1446604,108,52,2867,670.33,668.33,0,0,80,685,56,TYPE_B,5.6,Seafood,Continental
1108824,109,52,2867,670.33,670.33,0,0,123,685,56,TYPE_B,5.6,Seafood,Continental
1211658,110,52,2867,670.33,668.33,0,0,121,685,56,TYPE_B,5.6,Seafood,Continental
1116031,111,52,2867,668.33,670.33,0,0,188,685,56,TYPE_B,5.6,Seafood,Continental
1353048,112,52,2867,669.33,668.33,0,0,123,685,56,TYPE_B,5.6,Seafood,Continental
1320379,1,52,2760,243.53,243.53,0,0,176,685,56,TYPE_B,5.6,Other Snacks,Thai
1028310,2,52,2760,241.53,242.53,0,0,163,685,56,TYPE_B,5.6,Other Snacks,Thai
1171235,3,52,2760,242.53,243.53,0,0,242,685,56,TYPE_B,5.6,Other Snacks,Thai
1313877,4,52,2760,243.53,243.53,0,0,231,685,56,TYPE_B,5.6,Other Snacks,Thai
1410031,5,52,2760,243.53,243.53,0,0,161,685,56,TYPE_B,5.6,Other Snacks,Thai
1455370,6,52,2760,241.53,242.53,0,0,204,685,56,TYPE_B,5.6,Other Snacks,Thai
1351978,7,52,2760,242.53,242.53,0,0,269,685,56,TYPE_B,5.6,Other Snacks,Thai
1409702,8,52,2760,242.53,243.53,0,0,231,685,56,TYPE_B,5.6,Other Snacks,Thai
1429102,9,52,2760,243.53,243.53,0,0,324,685,56,TYPE_B,5.6,Other Snacks,Thai
1399294,10,52,2760,243.53,243.53,0,0,230,685,56,TYPE_B,5.6,Other Snacks,Thai
1421394,11,52,2760,241.53,242.53,0,0,229,685,56,TYPE_B,5.6,Other Snacks,Thai
1469528,12,52,2760,241.53,241.53,0,0,161,685,56,TYPE_B,5.6,Other Snacks,Thai
1073294,13,52,2760,241.53,243.53,0,0,215,685,56,TYPE_B,5.6,Other Snacks,Thai
1432659,14,52,2760,150.35,242.53,0,1,2781,685,56,TYPE_B,5.6,Other Snacks,Thai
1353819,15,52,2760,194.0,241.53,0,1,1472,685,56,TYPE_B,5.6,Other Snacks,Thai
1010274,16,52,2760,196.97,243.53,0,0,513,685,56,TYPE_B,5.6,Other Snacks,Thai
1193208,17,52,2760,241.53,241.53,0,0,296,685,56,TYPE_B,5.6,Other Snacks,Thai
1312734,18,52,2760,241.53,241.53,0,0,285,685,56,TYPE_B,5.6,Other Snacks,Thai
1018033,19,52,2760,242.53,242.53,0,0,351,685,56,TYPE_B,5.6,Other Snacks,Thai
1496691,20,52,2760,240.56,240.56,0,0,392,685,56,TYPE_B,5.6,Other Snacks,Thai
1177331,21,52,2760,243.53,243.53,0,0,364,685,56,TYPE_B,5.6,Other Snacks,Thai
1048065,22,52,2760,242.53,242.53,0,0,298,685,56,TYPE_B,5.6,Other Snacks,Thai
1279667,23,52,2760,241.53,242.53,0,0,230,685,56,TYPE_B,5.6,Other Snacks,Thai
1473162,24,52,2760,241.53,243.53,0,0,352,685,56,TYPE_B,5.6,Other Snacks,Thai
1103889,25,52,2760,177.54,243.53,0,0,582,685,56,TYPE_B,5.6,Other Snacks,Thai
1082177,26,52,2760,173.63,242.53,0,0,474,685,56,TYPE_B,5.6,Other Snacks,Thai
1298039,27,52,2760,173.63,242.53,0,0,622,685,56,TYPE_B,5.6,Other Snacks,Thai
1129832,28,52,2760,241.53,241.53,0,0,405,685,56,TYPE_B,5.6,Other Snacks,Thai
1332103,29,52,2760,242.53,241.53,0,0,215,685,56,TYPE_B,5.6,Other Snacks,Thai
1239611,30,52,2760,242.53,242.53,0,0,365,685,56,TYPE_B,5.6,Other Snacks,Thai
1147309,31,52,2760,243.53,243.53,0,0,297,685,56,TYPE_B,5.6,Other Snacks,Thai
1069665,32,52,2760,242.53,241.53,0,0,311,685,56,TYPE_B,5.6,Other Snacks,Thai
1098203,33,52,2760,243.53,241.53,0,0,310,685,56,TYPE_B,5.6,Other Snacks,Thai
1180164,34,52,2760,243.53,242.53,0,0,311,685,56,TYPE_B,5.6,Other Snacks,Thai
1274861,35,52,2760,243.53,242.53,0,0,297,685,56,TYPE_B,5.6,Other Snacks,Thai
1304537,36,52,2760,241.53,242.53,0,0,203,685,56,TYPE_B,5.6,Other Snacks,Thai
1115098,37,52,2760,241.53,243.53,0,0,325,685,56,TYPE_B,5.6,Other Snacks,Thai
1248952,38,52,2760,242.53,243.53,0,0,285,685,56,TYPE_B,5.6,Other Snacks,Thai
1294052,39,52,2760,174.63,243.53,0,0,352,685,56,TYPE_B,5.6,Other Snacks,Thai
1377378,40,52,2760,175.57,241.53,0,0,433,685,56,TYPE_B,5.6,Other Snacks,Thai
1477194,41,52,2760,175.63,241.53,0,0,418,685,56,TYPE_B,5.6,Other Snacks,Thai
1425908,42,52,2760,175.63,243.53,0,0,364,685,56,TYPE_B,5.6,Other Snacks,Thai
1453401,43,52,2760,238.65,237.65,0,0,431,685,56,TYPE_B,5.6,Other Snacks,Thai
1361312,44,52,2760,242.53,241.53,0,0,324,685,56,TYPE_B,5.6,Other Snacks,Thai
1227212,45,52,2760,241.53,242.53,0,0,203,685,56,TYPE_B,5.6,Other Snacks,Thai
1128524,46,52,2760,193.03,241.53,0,0,473,685,56,TYPE_B,5.6,Other Snacks,Thai
1070905,47,52,2760,194.03,242.53,0,0,431,685,56,TYPE_B,5.6,Other Snacks,Thai
1309353,48,52,2760,195.97,242.53,0,0,391,685,56,TYPE_B,5.6,Other Snacks,Thai
1222538,49,52,2760,242.53,242.53,0,0,474,685,56,TYPE_B,5.6,Other Snacks,Thai
1335094,50,52,2760,242.53,242.53,0,0,540,685,56,TYPE_B,5.6,Other Snacks,Thai
1305757,51,52,2760,242.53,242.53,0,0,366,685,56,TYPE_B,5.6,Other Snacks,Thai
1121585,52,52,2760,241.53,242.53,0,0,350,685,56,TYPE_B,5.6,Other Snacks,Thai
1040631,53,52,2760,219.25,218.25,0,0,189,685,56,TYPE_B,5.6,Other Snacks,Thai
1129347,54,52,2760,220.25,218.25,0,0,285,685,56,TYPE_B,5.6,Other Snacks,Thai
1379388,55,52,2760,219.25,220.25,0,0,337,685,56,TYPE_B,5.6,Other Snacks,Thai
1443022,56,52,2760,220.25,219.25,0,0,204,685,56,TYPE_B,5.6,Other Snacks,Thai
1414820,57,52,2760,242.53,242.53,0,0,244,685,56,TYPE_B,5.6,Other Snacks,Thai
1278111,58,52,2760,243.53,241.53,0,0,216,685,56,TYPE_B,5.6,Other Snacks,Thai
1076078,59,52,2760,217.28,242.53,0,0,352,685,56,TYPE_B,5.6,Other Snacks,Thai
1063850,60,52,2760,214.43,241.53,0,1,485,685,56,TYPE_B,5.6,Other Snacks,Thai
1457043,61,52,2760,214.43,242.53,0,1,513,685,56,TYPE_B,5.6,Other Snacks,Thai
1149090,62,52,2760,212.43,241.53,0,1,122,685,56,TYPE_B,5.6,Other Snacks,Thai
1442936,63,52,2760,242.53,241.53,0,0,283,685,56,TYPE_B,5.6,Other Snacks,Thai
1168097,64,52,2760,243.53,241.53,0,0,203,685,56,TYPE_B,5.6,Other Snacks,Thai
1070790,65,52,2760,242.53,241.53,0,0,177,685,56,TYPE_B,5.6,Other Snacks,Thai
1453117,66,52,2760,224.13,223.13,0,0,216,685,56,TYPE_B,5.6,Other Snacks,Thai
1088360,67,52,2760,222.13,222.13,0,1,473,685,56,TYPE_B,5.6,Other Snacks,Thai
1456695,68,52,2760,224.13,222.13,0,1,473,685,56,TYPE_B,5.6,Other Snacks,Thai
1007535,69,52,2760,242.53,242.53,0,0,189,685,56,TYPE_B,5.6,Other Snacks,Thai
1362537,70,52,2760,242.53,242.53,0,0,366,685,56,TYPE_B,5.6,Other Snacks,Thai
1244656,71,52,2760,241.53,242.53,0,0,243,685,56,TYPE_B,5.6,Other Snacks,Thai
1149699,72,52,2760,242.53,243.53,0,0,351,685,56,TYPE_B,5.6,Other Snacks,Thai
1495359,73,52,2760,242.53,242.53,0,0,351,685,56,TYPE_B,5.6,Other Snacks,Thai
1152507,74,52,2760,242.53,243.53,0,0,311,685,56,TYPE_B,5.6,Other Snacks,Thai
1097739,75,52,2760,242.53,243.53,0,0,215,685,56,TYPE_B,5.6,Other Snacks,Thai
1458911,76,52,2760,242.53,243.53,0,0,296,685,56,TYPE_B,5.6,Other Snacks,Thai
1289231,77,52,2760,212.43,243.53,0,0,352,685,56,TYPE_B,5.6,Other Snacks,Thai
1296381,78,52,2760,214.43,243.53,0,0,433,685,56,TYPE_B,5.6,Other Snacks,Thai
1465039,79,52,2760,213.43,242.53,0,0,392,685,56,TYPE_B,5.6,Other Snacks,Thai
1260701,80,52,2760,212.43,243.53,0,0,446,685,56,TYPE_B,5.6,Other Snacks,Thai
1002454,81,52,2760,241.53,241.53,0,0,257,685,56,TYPE_B,5.6,Other Snacks,Thai
1205582,82,52,2760,241.53,243.53,0,0,188,685,56,TYPE_B,5.6,Other Snacks,Thai
1039884,83,52,2760,243.53,242.53,0,0,405,685,56,TYPE_B,5.6,Other Snacks,Thai
1182318,84,52,2760,212.43,242.53,0,1,852,685,56,TYPE_B,5.6,Other Snacks,Thai
1395937,85,52,2760,214.43,242.53,0,1,661,685,56,TYPE_B,5.6,Other Snacks,Thai
1341490,86,52,2760,241.53,243.53,0,0,285,685,56,TYPE_B,5.6,Other Snacks,Thai
1330511,87,52,2760,241.53,243.53,0,0,231,685,56,TYPE_B,5.6,Other Snacks,Thai
1383773,88,52,2760,241.53,242.53,0,0,229,685,56,TYPE_B,5.6,Other Snacks,Thai
1087530,89,52,2760,243.53,243.53,0,0,203,685,56,TYPE_B,5.6,Other Snacks,Thai
1245453,90,52,2760,242.53,242.53,0,0,161,685,56,TYPE_B,5.6,Other Snacks,Thai
1129289,91,52,2760,241.53,241.53,0,0,230,685,56,TYPE_B,5.6,Other Snacks,Thai
1060192,92,52,2760,241.53,242.53,0,0,271,685,56,TYPE_B,5.6,Other Snacks,Thai
1487632,93,52,2760,243.53,242.53,0,0,230,685,56,TYPE_B,5.6,Other Snacks,Thai
1396753,94,52,2760,242.53,241.53,0,0,338,685,56,TYPE_B,5.6,Other Snacks,Thai
1172528,95,52,2760,240.56,241.56,0,0,270,685,56,TYPE_B,5.6,Other Snacks,Thai
1218614,96,52,2760,242.53,243.53,0,0,270,685,56,TYPE_B,5.6,Other Snacks,Thai
1039938,97,52,2760,242.53,242.53,0,0,297,685,56,TYPE_B,5.6,Other Snacks,Thai
1072663,98,52,2760,242.53,243.53,0,0,420,685,56,TYPE_B,5.6,Other Snacks,Thai
1475840,99,52,2760,222.13,242.53,0,1,393,685,56,TYPE_B,5.6,Other Snacks,Thai
1440558,100,52,2760,223.13,242.53,0,1,298,685,56,TYPE_B,5.6,Other Snacks,Thai
1398248,101,52,2760,223.13,242.53,0,1,458,685,56,TYPE_B,5.6,Other Snacks,Thai
1134838,102,52,2760,222.13,224.13,0,0,393,685,56,TYPE_B,5.6,Other Snacks,Thai
1169173,103,52,2760,222.13,222.13,0,0,472,685,56,TYPE_B,5.6,Other Snacks,Thai
1189179,104,52,2760,224.13,223.13,0,0,269,685,56,TYPE_B,5.6,Other Snacks,Thai
1293769,105,52,2760,241.53,242.53,0,0,190,685,56,TYPE_B,5.6,Other Snacks,Thai
1451183,106,52,2760,241.53,242.53,0,0,283,685,56,TYPE_B,5.6,Other Snacks,Thai
1024714,107,52,2760,242.53,243.53,0,0,256,685,56,TYPE_B,5.6,Other Snacks,Thai
1415978,108,52,2760,243.53,241.53,0,0,217,685,56,TYPE_B,5.6,Other Snacks,Thai
1305546,109,52,2760,243.53,241.53,0,0,364,685,56,TYPE_B,5.6,Other Snacks,Thai
1321964,110,52,2760,241.53,243.53,0,0,161,685,56,TYPE_B,5.6,Other Snacks,Thai
1082215,111,52,2760,241.53,243.53,0,0,242,685,56,TYPE_B,5.6,Other Snacks,Thai
1295609,112,52,2760,243.53,241.53,0,0,311,685,56,TYPE_B,5.6,Other Snacks,Thai
