Data set/Center wise/Center_52_Rank4.csv
id,week,center_id,meal_id,checkout_price,base_price,emailer_for_promotion,homepage_featured,num_orders,city_code,region_code,center_type,op_area,category,cuisine
1349745,1,52,1525,245.44,280.33,0,0,688,685,56,TYPE_B,5.6,Other Snacks,Thai
1112933,2,52,1525,244.5,280.33,0,0,609,685,56,TYPE_B,5.6,Other Snacks,Thai
1190752,3,52,1525,242.5,282.33,0,0,446,685,56,TYPE_B,5.6,Other Snacks,Thai
1412305,4,52,1525,244.5,282.33,0,0,636,685,56,TYPE_B,5.6,Other Snacks,Thai
1481572,5,52,1525,292.03,291.03,0,0,541,685,56,TYPE_B,5.6,Other Snacks,Thai
1262655,6,52,1525,292.03,291.03,0,0,352,685,56,TYPE_B,5.6,Other Snacks,Thai
1463711,7,52,1525,292.03,292.03,0,0,366,685,56,TYPE_B,5.6,Other Snacks,Thai
1105254,8,52,1525,290.03,290.03,0,0,446,685,56,TYPE_B,5.6,Other Snacks,Thai
1412095,9,52,1525,292.03,291.03,0,0,338,685,56,TYPE_B,5.6,Other Snacks,Thai
1227231,10,52,1525,243.5,292.03,0,1,728,685,56,TYPE_B,5.6,Other Snacks,Thai
1280849,11,52,1525,242.53,290.03,0,1,472,685,56,TYPE_B,5.6,Other Snacks,Thai
1490033,12,52,1525,242.53,291.03,0,1,459,685,56,TYPE_B,5.6,Other Snacks,Thai
1164368,13,52,1525,290.09,290.09,0,0,364,685,56,TYPE_B,5.6,Other Snacks,Thai
1211680,14,52,1525,290.03,291.03,0,0,270,685,56,TYPE_B,5.6,Other Snacks,Thai
1102089,15,52,1525,290.03,290.03,0,0,404,685,56,TYPE_B,5.6,Other Snacks,Thai
1417746,16,52,1525,292.03,292.03,0,0,352,685,56,TYPE_B,5.6,Other Snacks,Thai
1450193,17,52,1525,292.03,290.03,0,0,419,685,56,TYPE_B,5.6,Other Snacks,Thai
1449379,18,52,1525,292.03,291.03,0,0,298,685,56,TYPE_B,5.6,Other Snacks,Thai
1103126,19,52,1525,290.03,292.03,0,0,499,685,56,TYPE_B,5.6,Other Snacks,Thai
1294931,20,52,1525,290.03,291.03,0,0,406,685,56,TYPE_B,5.6,Other Snacks,Thai
1030353,21,52,1525,290.03,290.03,0,0,420,685,56,TYPE_B,5.6,Other Snacks,Thai
1388945,22,52,1525,243.5,290.03,0,0,458,685,56,TYPE_B,5.6,Other Snacks,Thai
1058847,23,52,1525,242.5,292.03,0,0,554,685,56,TYPE_B,5.6,Other Snacks,Thai
1399516,24,52,1525,244.5,290.03,0,0,553,685,56,TYPE_B,5.6,Other Snacks,Thai
1051472,25,52,1525,292.03,292.03,0,0,312,685,56,TYPE_B,5.6,Other Snacks,Thai
1117552,26,52,1525,291.03,291.03,0,0,243,685,56,TYPE_B,5.6,Other Snacks,Thai
1496746,27,52,1525,291.03,291.03,0,0,296,685,56,TYPE_B,5.6,Other Snacks,Thai
1392215,28,52,1525,262.93,292.03,0,1,823,685,56,TYPE_B,5.6,Other Snacks,Thai
1239550,29,52,1525,261.93,292.03,0,1,676,685,56,TYPE_B,5.6,Other Snacks,Thai
1228780,30,52,1525,260.93,291.03,0,0,175,685,56,TYPE_B,5.6,Other Snacks,Thai
1046687,40,52,1525,291.03,292.03,0,0,257,685,56,TYPE_B,5.6,Other Snacks,Thai
1202363,41,52,1525,292.03,292.03,0,0,512,685,56,TYPE_B,5.6,Other Snacks,Thai
1021827,42,52,1525,292.03,290.03,0,0,446,685,56,TYPE_B,5.6,Other Snacks,Thai
1168897,43,52,1525,264.87,264.87,0,0,581,685,56,TYPE_B,5.6,Other Snacks,Thai
1420796,44,52,1525,266.78,265.78,0,0,338,685,56,TYPE_B,5.6,Other Snacks,Thai
1081877,45,52,1525,264.87,264.87,0,0,404,685,56,TYPE_B,5.6,Other Snacks,Thai
1256899,46,52,1525,292.03,292.03,0,0,404,685,56,TYPE_B,5.6,Other Snacks,Thai
1130484,47,52,1525,290.03,292.03,0,0,257,685,56,TYPE_B,5.6,Other Snacks,Thai
1282822,48,52,1525,290.03,291.03,0,0,285,685,56,TYPE_B,5.6,Other Snacks,Thai
1300657,49,52,1525,290.03,290.03,0,0,485,685,56,TYPE_B,5.6,Other Snacks,Thai
1001710,50,52,1525,292.03,290.03,0,0,392,685,56,TYPE_B,5.6,Other Snacks,Thai
1043093,51,52,1525,290.03,291.03,0,0,217,685,56,TYPE_B,5.6,Other Snacks,Thai
1254874,52,52,1525,291.03,291.03,0,0,310,685,56,TYPE_B,5.6,Other Snacks,Thai
1130773,53,52,1525,291.03,290.03,0,0,258,685,56,TYPE_B,5.6,Other Snacks,Thai
1148589,54,52,1525,292.03,291.03,0,0,230,685,56,TYPE_B,5.6,Other Snacks,Thai
1451274,55,52,1525,292.03,292.03,0,0,406,685,56,TYPE_B,5.6,Other Snacks,Thai
1099228,56,52,1525,243.5,291.03,0,0,472,685,56,TYPE_B,5.6,Other Snacks,Thai
1176144,57,52,1525,243.53,290.03,0,0,474,685,56,TYPE_B,5.6,Other Snacks,Thai
1426157,58,52,1525,243.53,290.03,0,0,366,685,56,TYPE_B,5.6,Other Snacks,Thai
1315011,59,52,1525,291.03,291.03,0,0,350,685,56,TYPE_B,5.6,Other Snacks,Thai
1471784,60,52,1525,290.03,290.03,0,0,393,685,56,TYPE_B,5.6,Other Snacks,Thai
1043926,61,52,1525,291.03,291.03,0,0,366,685,56,TYPE_B,5.6,Other Snacks,Thai
1408315,62,52,1525,291.03,292.03,0,0,188,685,56,TYPE_B,5.6,Other Snacks,Thai
1091667,63,52,1525,243.5,291.03,0,1,554,685,56,TYPE_B,5.6,Other Snacks,Thai
1066612,64,52,1525,241.53,290.03,0,1,393,685,56,TYPE_B,5.6,Other Snacks,Thai
1057872,65,52,1525,243.53,292.03,0,1,366,685,56,TYPE_B,5.6,Other Snacks,Thai
1255578,66,52,1525,290.03,291.03,0,0,393,685,56,TYPE_B,5.6,Other Snacks,Thai
1330200,67,52,1525,290.03,292.03,0,0,432,685,56,TYPE_B,5.6,Other Snacks,Thai
1445361,68,52,1525,291.03,291.03,0,0,311,685,56,TYPE_B,5.6,Other Snacks,Thai
1172701,69,52,1525,291.03,290.03,0,0,366,685,56,TYPE_B,5.6,Other Snacks,Thai
1329226,70,52,1525,291.03,291.03,0,0,338,685,56,TYPE_B,5.6,Other Snacks,Thai
1113284,71,52,1525,291.03,292.03,0,0,324,685,56,TYPE_B,5.6,Other Snacks,Thai
1174681,72,52,1525,290.03,292.03,0,0,405,685,56,TYPE_B,5.6,Other Snacks,Thai
1092698,73,52,1525,243.5,290.03,0,0,553,685,56,TYPE_B,5.6,Other Snacks,Thai
1452867,74,52,1525,243.5,291.03,1,0,338,685,56,TYPE_B,5.6,Other Snacks,Thai
1054560,75,52,1525,244.47,290.03,0,0,554,685,56,TYPE_B,5.6,Other Snacks,Thai
1335662,76,52,1525,242.5,291.03,0,0,514,685,56,TYPE_B,5.6,Other Snacks,Thai
1209950,77,52,1525,289.06,289.06,0,0,473,685,56,TYPE_B,5.6,Other Snacks,Thai
1009359,78,52,1525,289.09,290.09,0,0,351,685,56,TYPE_B,5.6,Other Snacks,Thai
1441809,79,52,1525,290.03,290.03,0,0,296,685,56,TYPE_B,5.6,Other Snacks,Thai
1401799,80,52,1525,244.5,292.03,0,1,742,685,56,TYPE_B,5.6,Other Snacks,Thai
1022472,81,52,1525,241.53,290.03,0,0,717,685,56,TYPE_B,5.6,Other Snacks,Thai
1215082,82,52,1525,242.53,291.03,0,1,458,685,56,TYPE_B,5.6,Other Snacks,Thai
1388052,83,52,1525,292.03,291.03,0,1,500,685,56,TYPE_B,5.6,Other Snacks,Thai
1264386,84,52,1525,290.03,290.03,0,0,338,685,56,TYPE_B,5.6,Other Snacks,Thai
1189420,85,52,1525,243.47,292.03,0,0,431,685,56,TYPE_B,5.6,Other Snacks,Thai
1137936,86,52,1525,243.5,290.03,0,1,879,685,56,TYPE_B,5.6,Other Snacks,Thai
1004694,87,52,1525,245.47,292.03,0,1,769,685,56,TYPE_B,5.6,Other Snacks,Thai
1349562,88,52,1525,243.5,290.03,0,1,919,685,56,TYPE_B,5.6,Other Snacks,Thai
1048078,89,52,1525,286.21,286.21,0,0,352,685,56,TYPE_B,5.6,Other Snacks,Thai
1221387,90,52,1525,292.03,292.03,0,0,486,685,56,TYPE_B,5.6,Other Snacks,Thai
1268372,91,52,1525,290.03,290.03,0,0,379,685,56,TYPE_B,5.6,Other Snacks,Thai
1106606,92,52,1525,292.03,292.03,0,0,366,685,56,TYPE_B,5.6,Other Snacks,Thai
1336725,93,52,1525,292.03,290.03,0,0,418,685,56,TYPE_B,5.6,Other Snacks,Thai
1437182,94,52,1525,290.03,290.03,0,0,499,685,56,TYPE_B,5.6,Other Snacks,Thai
1318290,95,52,1525,290.03,291.03,0,0,285,685,56,TYPE_B,5.6,Other Snacks,Thai
1058446,96,52,1525,241.53,291.03,0,0,554,685,56,TYPE_B,5.6,Other Snacks,Thai
1025092,97,52,1525,244.47,291.03,0,0,582,685,56,TYPE_B,5.6,Other Snacks,Thai
1076532,98,52,1525,241.53,290.03,0,0,609,685,56,TYPE_B,5.6,Other Snacks,Thai
1317035,99,52,1525,291.03,291.03,0,0,501,685,56,TYPE_B,5.6,Other Snacks,Thai
1333728,100,52,1525,291.03,292.03,0,0,323,685,56,TYPE_B,5.6,Other Snacks,Thai
1371023,101,52,1525,290.03,291.03,0,0,474,685,56,TYPE_B,5.6,Other Snacks,Thai
1376492,102,52,1525,292.03,290.03,0,0,311,685,56,TYPE_B,5.6,Other Snacks,Thai
1069375,103,52,1525,290.03,292.03,0,0,366,685,56,TYPE_B,5.6,Other Snacks,Thai
1223540,104,52,1525,244.5,292.03,0,0,338,685,56,TYPE_B,5.6,Other Snacks,Thai
1046342,105,52,1525,243.5,291.03,0,0,539,685,56,TYPE_B,5.6,Other Snacks,Thai
1260869,106,52,1525,242.5,292.03,0,0,582,685,56,TYPE_B,5.6,Other Snacks,Thai
1391205,107,52,1525,244.5,290.03,0,0,514,685,56,TYPE_B,5.6,Other Snacks,Thai
1138411,108,52,1525,261.93,291.03,0,0,419,685,56,TYPE_B,5.6,Other Snacks,Thai
1113923,109,52,1525,262.93,292.03,0,0,566,685,56,TYPE_B,5.6,Other Snacks,Thai
1234860,110,52,1525,241.53,243.53,0,0,487,685,56,TYPE_B,5.6,Other Snacks,Thai
1071326,111,52,1525,242.53,243.53,0,0,607,685,56,TYPE_B,5.6,Other Snacks,Thai
1340932,112,52,1525,242.53,241.53,0,0,824,685,56,TYPE_B,5.6,Other Snacks,Thai
1221716,1,52,2704,244.5,282.33,0,0,270,685,56,TYPE_B,5.6,Other Snacks,Thai
1055308,2,52,2704,243.5,280.33,0,0,189,685,56,TYPE_B,5.6,Other Snacks,Thai
1362100,3,52,2704,242.5,281.33,0,0,202,685,56,TYPE_B,5.6,Other Snacks,Thai
1253537,4,52,2704,246.44,281.33,0,0,325,685,56,TYPE_B,5.6,Other Snacks,Thai
1226040,5,52,2704,290.03,291.03,0,0,325,685,56,TYPE_B,5.6,Other Snacks,Thai
1349642,6,52,2704,291.03,292.03,0,0,150,685,56,TYPE_B,5.6,Other Snacks,Thai
1161219,7,52,2704,291.03,292.03,0,0,297,685,56,TYPE_B,5.6,Other Snacks,Thai
1097396,8,52,2704,292.03,292.03,0,0,296,685,56,TYPE_B,5.6,Other Snacks,Thai
1329973,9,52,2704,290.03,290.03,0,0,350,685,56,TYPE_B,5.6,Other Snacks,Thai
1140391,10,52,2704,241.53,292.03,0,1,486,685,56,TYPE_B,5.6,Other Snacks,Thai
1297704,11,52,2704,242.53,290.03,0,1,364,685,56,TYPE_B,5.6,Other Snacks,Thai
1163010,12,52,2704,243.53,291.03,0,1,285,685,56,TYPE_B,5.6,Other Snacks,Thai
1396947,13,52,2704,292.03,292.03,0,0,202,685,56,TYPE_B,5.6,Other Snacks,Thai
1120389,14,52,2704,290.03,291.03,0,0,189,685,56,TYPE_B,5.6,Other Snacks,Thai
1488591,15,52,2704,292.03,292.03,0,0,298,685,56,TYPE_B,5.6,Other Snacks,Thai
1409900,16,52,2704,292.03,290.03,0,0,189,685,56,TYPE_B,5.6,Other Snacks,Thai
1419035,17,52,2704,292.03,290.03,0,0,135,685,56,TYPE_B,5.6,Other Snacks,Thai
1377075,18,52,2704,291.03,291.03,0,0,162,685,56,TYPE_B,5.6,Other Snacks,Thai
1100500,19,52,2704,291.03,291.03,0,0,310,685,56,TYPE_B,5.6,Other Snacks,Thai
1293752,20,52,2704,292.03,290.03,0,0,310,685,56,TYPE_B,5.6,Other Snacks,Thai
1343042,21,52,2704,292.03,292.03,0,0,242,685,56,TYPE_B,5.6,Other Snacks,Thai
1156071,22,52,2704,243.5,290.03,0,0,419,685,56,TYPE_B,5.6,Other Snacks,Thai
1097866,23,52,2704,242.5,290.03,0,0,392,685,56,TYPE_B,5.6,Other Snacks,Thai
1040606,24,52,2704,242.5,292.03,0,0,433,685,56,TYPE_B,5.6,Other Snacks,Thai
1491169,25,52,2704,291.03,291.03,0,0,149,685,56,TYPE_B,5.6,Other Snacks,Thai
1013557,26,52,2704,291.06,290.06,0,0,285,685,56,TYPE_B,5.6,Other Snacks,Thai
1183412,27,52,2704,291.03,291.03,0,0,230,685,56,TYPE_B,5.6,Other Snacks,Thai
1163443,28,52,2704,262.93,291.03,0,1,256,685,56,TYPE_B,5.6,Other Snacks,Thai
1229892,29,52,2704,261.93,291.03,0,1,541,685,56,TYPE_B,5.6,Other Snacks,Thai
1375040,30,52,2704,260.93,291.03,0,0,285,685,56,TYPE_B,5.6,Other Snacks,Thai
1407471,31,52,2704,292.03,292.03,0,0,135,685,56,TYPE_B,5.6,Other Snacks,Thai
1163829,40,52,2704,292.03,291.03,0,0,283,685,56,TYPE_B,5.6,Other Snacks,Thai
1105362,41,52,2704,292.03,290.03,0,0,297,685,56,TYPE_B,5.6,Other Snacks,Thai
1327464,42,52,2704,292.03,291.03,0,0,270,685,56,TYPE_B,5.6,Other Snacks,Thai
1132707,43,52,2704,265.84,265.84,0,0,364,685,56,TYPE_B,5.6,Other Snacks,Thai
1477727,44,52,2704,263.87,264.87,0,0,378,685,56,TYPE_B,5.6,Other Snacks,Thai
1273599,45,52,2704,264.87,264.87,0,0,215,685,56,TYPE_B,5.6,Other Snacks,Thai
1256544,46,52,2704,291.03,292.03,0,0,298,685,56,TYPE_B,5.6,Other Snacks,Thai
1430297,47,52,2704,291.03,290.03,0,0,296,685,56,TYPE_B,5.6,Other Snacks,Thai
1425658,48,52,2704,291.03,291.03,0,0,350,685,56,TYPE_B,5.6,Other Snacks,Thai
1272208,49,52,2704,292.03,291.03,0,0,258,685,56,TYPE_B,5.6,Other Snacks,Thai
1267469,50,52,2704,292.03,292.03,0,0,405,685,56,TYPE_B,5.6,Other Snacks,Thai
1312347,51,52,2704,291.03,291.03,0,0,379,685,56,TYPE_B,5.6,Other Snacks,Thai
1024140,52,52,2704,292.03,291.03,0,0,216,685,56,TYPE_B,5.6,Other Snacks,Thai
1101267,53,52,2704,292.03,290.03,0,0,366,685,56,TYPE_B,5.6,Other Snacks,Thai
1029416,54,52,2704,290.03,291.03,0,0,325,685,56,TYPE_B,5.6,Other Snacks,Thai
1131731,55,52,2704,290.03,291.03,0,0,229,685,56,TYPE_B,5.6,Other Snacks,Thai
1299190,56,52,2704,246.41,292.03,0,0,379,685,56,TYPE_B,5.6,Other Snacks,Thai
1348905,57,52,2704,243.53,292.03,0,0,405,685,56,TYPE_B,5.6,Other Snacks,Thai
1005840,58,52,2704,241.53,290.03,0,0,312,685,56,TYPE_B,5.6,Other Snacks,Thai
1444913,59,52,2704,292.03,291.03,0,0,203,685,56,TYPE_B,5.6,Other Snacks,Thai
1046044,60,52,2704,290.03,291.03,0,0,189,685,56,TYPE_B,5.6,Other Snacks,Thai
1186732,61,52,2704,291.03,292.03,0,0,296,685,56,TYPE_B,5.6,Other Snacks,Thai
1119510,62,52,2704,292.03,292.03,0,0,95,685,56,TYPE_B,5.6,Other Snacks,Thai
1301691,63,52,2704,244.44,292.03,0,0,500,685,56,TYPE_B,5.6,Other Snacks,Thai
1141899,64,52,2704,242.53,292.03,0,1,338,685,56,TYPE_B,5.6,Other Snacks,Thai
1291971,65,52,2704,243.53,291.03,0,1,419,685,56,TYPE_B,5.6,Other Snacks,Thai
1111117,66,52,2704,292.03,291.03,0,0,229,685,56,TYPE_B,5.6,Other Snacks,Thai
1200570,67,52,2704,292.03,292.03,0,0,257,685,56,TYPE_B,5.6,Other Snacks,Thai
1266270,68,52,2704,290.03,291.03,0,0,269,685,56,TYPE_B,5.6,Other Snacks,Thai
1192418,69,52,2704,291.03,291.03,0,0,257,685,56,TYPE_B,5.6,Other Snacks,Thai
1401581,70,52,2704,290.03,290.03,0,0,350,685,56,TYPE_B,5.6,Other Snacks,Thai
1331053,71,52,2704,292.03,290.03,0,0,258,685,56,TYPE_B,5.6,Other Snacks,Thai
1370100,72,52,2704,292.03,292.03,0,0,148,685,56,TYPE_B,5.6,Other Snacks,Thai
1173301,73,52,2704,244.5,290.03,0,0,447,685,56,TYPE_B,5.6,Other Snacks,Thai
1001306,74,52,2704,244.5,291.03,1,0,419,685,56,TYPE_B,5.6,Other Snacks,Thai
1229795,75,52,2704,244.5,291.03,0,0,351,685,56,TYPE_B,5.6,Other Snacks,Thai
1349903,76,52,2704,243.5,292.03,0,0,419,685,56,TYPE_B,5.6,Other Snacks,Thai
1355150,77,52,2704,291.03,291.03,0,0,285,685,56,TYPE_B,5.6,Other Snacks,Thai
1338526,78,52,2704,292.03,292.03,0,0,256,685,56,TYPE_B,5.6,Other Snacks,Thai
1014802,79,52,2704,291.03,290.03,0,0,230,685,56,TYPE_B,5.6,Other Snacks,Thai
1479521,80,52,2704,241.53,290.03,0,1,567,685,56,TYPE_B,5.6,Other Snacks,Thai
1176164,81,52,2704,242.53,290.03,0,1,567,685,56,TYPE_B,5.6,Other Snacks,Thai
1336232,82,52,2704,242.53,290.03,0,1,474,685,56,TYPE_B,5.6,Other Snacks,Thai
1320047,83,52,2704,292.03,292.03,0,1,283,685,56,TYPE_B,5.6,Other Snacks,Thai
1169743,84,52,2704,292.03,292.03,0,0,325,685,56,TYPE_B,5.6,Other Snacks,Thai
1178254,85,52,2704,251.23,292.03,0,0,229,685,56,TYPE_B,5.6,Other Snacks,Thai
1178938,86,52,2704,242.5,292.03,0,1,406,685,56,TYPE_B,5.6,Other Snacks,Thai
1328338,87,52,2704,243.47,290.03,0,1,486,685,56,TYPE_B,5.6,Other Snacks,Thai
1488951,88,52,2704,243.5,292.03,0,1,634,685,56,TYPE_B,5.6,Other Snacks,Thai
1225883,89,52,2704,291.03,290.03,0,0,310,685,56,TYPE_B,5.6,Other Snacks,Thai
1350624,90,52,2704,290.03,290.03,0,0,215,685,56,TYPE_B,5.6,Other Snacks,Thai
1324641,91,52,2704,291.03,290.03,0,0,311,685,56,TYPE_B,5.6,Other Snacks,Thai
1040880,92,52,2704,292.03,291.03,0,0,285,685,56,TYPE_B,5.6,Other Snacks,Thai
1413942,93,52,2704,292.03,290.03,0,0,418,685,56,TYPE_B,5.6,Other Snacks,Thai
1418172,94,52,2704,290.03,290.03,0,0,256,685,56,TYPE_B,5.6,Other Snacks,Thai
1480689,95,52,2704,292.03,290.03,0,0,325,685,56,TYPE_B,5.6,Other Snacks,Thai
1048445,96,52,2704,242.53,292.03,0,0,405,685,56,TYPE_B,5.6,Other Snacks,Thai
1239920,97,52,2704,243.5,290.03,0,0,474,685,56,TYPE_B,5.6,Other Snacks,Thai
1289512,98,52,2704,243.53,291.03,0,0,296,685,56,TYPE_B,5.6,Other Snacks,Thai
1299515,99,52,2704,292.03,291.03,0,0,269,685,56,TYPE_B,5.6,Other Snacks,Thai
1164301,100,52,2704,291.03,291.03,0,0,352,685,56,TYPE_B,5.6,Other Snacks,Thai
1477553,101,52,2704,292.03,290.03,0,0,364,685,56,TYPE_B,5.6,Other Snacks,Thai
1054120,102,52,2704,290.03,291.03,0,0,459,685,56,TYPE_B,5.6,Other Snacks,Thai
1482908,103,52,2704,290.03,290.03,0,0,177,685,56,TYPE_B,5.6,Other Snacks,Thai
1044887,104,52,2704,242.5,292.03,0,0,378,685,56,TYPE_B,5.6,Other Snacks,Thai
1200684,105,52,2704,242.5,290.03,0,0,405,685,56,TYPE_B,5.6,Other Snacks,Thai
1102948,106,52,2704,244.44,291.03,0,0,285,685,56,TYPE_B,5.6,Other Snacks,Thai
1194266,107,52,2704,244.5,291.03,0,0,404,685,56,TYPE_B,5.6,Other Snacks,Thai
1479739,108,52,2704,261.93,292.03,0,0,447,685,56,TYPE_B,5.6,Other Snacks,Thai
1221068,109,52,2704,261.93,290.03,0,0,568,685,56,TYPE_B,5.6,Other Snacks,Thai
1056060,110,52,2704,242.53,243.53,0,0,269,685,56,TYPE_B,5.6,Other Snacks,Thai
1115224,111,52,2704,243.53,242.53,0,0,433,685,56,TYPE_B,5.6,Other Snacks,Thai
1309092,112,52,2704,243.53,241.53,0,0,323,685,56,TYPE_B,5.6,Other Snacks,Thai
