Data set/Center wise/Center_52_Rank4.csv
id,week,center_id,meal_id,checkout_price,base_price,emailer_for_promotion,homepage_featured,num_orders,city_code,region_code,center_type,op_area,category,cuisine
1337897,1,52,2492,387.03,388.03,0,0,69,685,56,TYPE_B,5.6,Desert,Indian
1226696,2,52,2492,389.03,387.03,0,0,53,685,56,TYPE_B,5.6,Desert,Indian
1490247,3,52,2492,388.03,388.03,0,0,27,685,56,TYPE_B,5.6,Desert,Indian
1307060,4,52,2492,388.03,389.03,0,0,109,685,56,TYPE_B,5.6,Desert,Indian
1043555,5,52,2492,388.03,387.03,0,0,41,685,56,TYPE_B,5.6,Desert,Indian
1159484,6,52,2492,389.03,389.03,0,0,190,685,56,TYPE_B,5.6,Desert,Indian
1017769,7,52,2492,387.03,389.03,0,0,82,685,56,TYPE_B,5.6,Desert,Indian
1150449,8,52,2492,389.03,387.03,0,0,122,685,56,TYPE_B,5.6,Desert,Indian
1011925,9,52,2492,389.03,389.03,0,0,108,685,56,TYPE_B,5.6,Desert,Indian
1116356,10,52,2492,389.03,387.03,0,0,109,685,56,TYPE_B,5.6,Desert,Indian
1163797,11,52,2492,388.03,388.03,0,0,95,685,56,TYPE_B,5.6,Desert,Indian
1335366,12,52,2492,389.03,387.03,0,0,96,685,56,TYPE_B,5.6,Desert,Indian
1076584,13,52,2492,388.03,389.03,0,0,176,685,56,TYPE_B,5.6,Desert,Indian
1294992,14,52,2492,388.03,388.03,0,0,53,685,56,TYPE_B,5.6,Desert,Indian
1344571,15,52,2492,389.03,388.03,0,0,107,685,56,TYPE_B,5.6,Desert,Indian
1247731,16,52,2492,387.03,388.03,0,0,122,685,56,TYPE_B,5.6,Desert,Indian
1301958,17,52,2492,389.03,389.03,0,0,109,685,56,TYPE_B,5.6,Desert,Indian
1245604,18,52,2492,388.03,389.03,0,0,28,685,56,TYPE_B,5.6,Desert,Indian
1091457,19,52,2492,389.03,388.03,0,0,26,685,56,TYPE_B,5.6,Desert,Indian
1281174,20,52,2492,387.03,389.03,0,0,67,685,56,TYPE_B,5.6,Desert,Indian
1145390,21,52,2492,389.03,388.03,0,0,94,685,56,TYPE_B,5.6,Desert,Indian
1152595,22,52,2492,388.03,388.03,0,0,55,685,56,TYPE_B,5.6,Desert,Indian
1146896,23,52,2492,388.03,387.03,0,0,80,685,56,TYPE_B,5.6,Desert,Indian
1024835,24,52,2492,389.03,389.03,0,0,107,685,56,TYPE_B,5.6,Desert,Indian
1021859,25,52,2492,389.03,387.03,0,0,95,685,56,TYPE_B,5.6,Desert,Indian
1008275,26,52,2492,389.03,387.03,0,0,54,685,56,TYPE_B,5.6,Desert,Indian
1408925,27,52,2492,387.03,387.03,0,0,81,685,56,TYPE_B,5.6,Desert,Indian
1018023,28,52,2492,301.7,387.03,1,0,257,685,56,TYPE_B,5.6,Desert,Indian
1027430,29,52,2492,291.0,388.03,1,0,203,685,56,TYPE_B,5.6,Desert,Indian
1064507,30,52,2492,291.0,388.03,0,0,242,685,56,TYPE_B,5.6,Desert,Indian
1296178,31,52,2492,291.0,389.03,0,0,135,685,56,TYPE_B,5.6,Desert,Indian
1458943,32,52,2492,388.03,388.03,0,0,27,685,56,TYPE_B,5.6,Desert,Indian
1378389,33,52,2492,387.03,388.03,0,0,41,685,56,TYPE_B,5.6,Desert,Indian
1354062,34,52,2492,387.03,388.03,0,0,81,685,56,TYPE_B,5.6,Desert,Indian
1280445,35,52,2492,388.03,387.03,0,0,41,685,56,TYPE_B,5.6,Desert,Indian
1426775,36,52,2492,388.03,389.03,0,0,40,685,56,TYPE_B,5.6,Desert,Indian
1292889,37,52,2492,388.03,389.03,0,0,40,685,56,TYPE_B,5.6,Desert,Indian
1140978,38,52,2492,389.03,388.03,0,0,28,685,56,TYPE_B,5.6,Desert,Indian
1187841,39,52,2492,387.03,389.03,0,0,53,685,56,TYPE_B,5.6,Desert,Indian
1103016,40,52,2492,387.03,388.03,0,0,67,685,56,TYPE_B,5.6,Desert,Indian
1065688,41,52,2492,387.03,388.03,0,0,94,685,56,TYPE_B,5.6,Desert,Indian
1364670,42,52,2492,389.03,388.03,0,0,81,685,56,TYPE_B,5.6,Desert,Indian
1010323,43,52,2492,389.03,389.03,0,0,28,685,56,TYPE_B,5.6,Desert,Indian
1495330,44,52,2492,389.03,388.03,0,0,109,685,56,TYPE_B,5.6,Desert,Indian
1024820,45,52,2492,292.03,389.03,0,1,150,685,56,TYPE_B,5.6,Desert,Indian
1293076,46,52,2492,292.03,388.03,0,1,134,685,56,TYPE_B,5.6,Desert,Indian
1475597,47,52,2492,306.52,388.03,0,1,80,685,56,TYPE_B,5.6,Desert,Indian
1156096,48,52,2492,290.03,388.03,0,0,55,685,56,TYPE_B,5.6,Desert,Indian
1129426,49,52,2492,387.03,388.03,0,0,42,685,56,TYPE_B,5.6,Desert,Indian
1024488,50,52,2492,387.03,387.03,0,0,108,685,56,TYPE_B,5.6,Desert,Indian
1057156,51,52,2492,389.03,388.03,0,0,13,685,56,TYPE_B,5.6,Desert,Indian
1398816,52,52,2492,388.03,389.03,0,0,28,685,56,TYPE_B,5.6,Desert,Indian
1470059,53,52,2492,387.03,389.03,0,0,67,685,56,TYPE_B,5.6,Desert,Indian
1300670,54,52,2492,388.03,389.03,0,0,26,685,56,TYPE_B,5.6,Desert,Indian
1229154,55,52,2492,388.03,389.03,0,0,40,685,56,TYPE_B,5.6,Desert,Indian
1454035,57,52,2492,388.03,389.03,0,0,41,685,56,TYPE_B,5.6,Desert,Indian
1058211,58,52,2492,388.03,387.03,0,0,28,685,56,TYPE_B,5.6,Desert,Indian
1181461,59,52,2492,388.03,387.03,0,0,80,685,56,TYPE_B,5.6,Desert,Indian
1480328,60,52,2492,389.03,388.03,0,0,41,685,56,TYPE_B,5.6,Desert,Indian
1486273,61,52,2492,387.03,389.03,0,0,54,685,56,TYPE_B,5.6,Desert,Indian
1073772,63,52,2492,291.0,387.03,1,0,203,685,56,TYPE_B,5.6,Desert,Indian
1218536,64,52,2492,296.82,388.03,1,0,244,685,56,TYPE_B,5.6,Desert,Indian
1154294,65,52,2492,357.02,356.02,0,0,40,685,56,TYPE_B,5.6,Desert,Indian
1323435,66,52,2492,389.03,388.03,0,0,41,685,56,TYPE_B,5.6,Desert,Indian
1151397,67,52,2492,389.03,387.03,0,0,67,685,56,TYPE_B,5.6,Desert,Indian
1003613,68,52,2492,388.03,387.03,0,0,27,685,56,TYPE_B,5.6,Desert,Indian
1468354,69,52,2492,389.03,387.03,0,0,42,685,56,TYPE_B,5.6,Desert,Indian
1400856,70,52,2492,389.03,388.03,0,0,81,685,56,TYPE_B,5.6,Desert,Indian
1497142,71,52,2492,387.03,387.03,0,0,53,685,56,TYPE_B,5.6,Desert,Indian
1084953,72,52,2492,388.03,388.03,0,0,27,685,56,TYPE_B,5.6,Desert,Indian
1482825,74,52,2492,389.03,388.03,0,0,53,685,56,TYPE_B,5.6,Desert,Indian
1064632,75,52,2492,387.03,388.03,0,0,14,685,56,TYPE_B,5.6,Desert,Indian
1072548,76,52,2492,388.03,388.03,0,0,40,685,56,TYPE_B,5.6,Desert,Indian
1033254,77,52,2492,388.03,389.03,0,0,81,685,56,TYPE_B,5.6,Desert,Indian
1390011,78,52,2492,388.03,389.03,0,0,40,685,56,TYPE_B,5.6,Desert,Indian
1360138,79,52,2492,388.03,388.03,0,0,42,685,56,TYPE_B,5.6,Desert,Indian
1060026,80,52,2492,298.79,388.03,0,1,204,685,56,TYPE_B,5.6,Desert,Indian
1025199,81,52,2492,293.0,389.03,1,1,269,685,56,TYPE_B,5.6,Desert,Indian
1404348,82,52,2492,293.0,389.03,0,1,161,685,56,TYPE_B,5.6,Desert,Indian
1265241,83,52,2492,292.0,388.03,0,0,96,685,56,TYPE_B,5.6,Desert,Indian
1163512,84,52,2492,387.03,389.03,0,0,40,685,56,TYPE_B,5.6,Desert,Indian
1156339,85,52,2492,387.03,389.03,0,0,54,685,56,TYPE_B,5.6,Desert,Indian
1301998,86,52,2492,389.03,389.03,0,0,82,685,56,TYPE_B,5.6,Desert,Indian
1054527,88,52,2492,388.03,388.03,0,0,54,685,56,TYPE_B,5.6,Desert,Indian
1168242,89,52,2492,387.03,388.03,0,0,40,685,56,TYPE_B,5.6,Desert,Indian
1361430,90,52,2492,389.03,388.03,0,0,80,685,56,TYPE_B,5.6,Desert,Indian
1482734,91,52,2492,387.03,388.03,0,0,109,685,56,TYPE_B,5.6,Desert,Indian
1476552,92,52,2492,389.03,387.03,0,0,68,685,56,TYPE_B,5.6,Desert,Indian
1490430,93,52,2492,388.03,388.03,0,0,107,685,56,TYPE_B,5.6,Desert,Indian
1191301,94,52,2492,389.03,389.03,0,0,53,685,56,TYPE_B,5.6,Desert,Indian
1092159,95,52,2492,389.03,387.03,0,0,108,685,56,TYPE_B,5.6,Desert,Indian
1310226,96,52,2492,292.0,387.03,0,1,270,685,56,TYPE_B,5.6,Desert,Indian
1016045,97,52,2492,299.79,388.03,0,1,203,685,56,TYPE_B,5.6,Desert,Indian
1075104,98,52,2492,291.0,389.03,0,0,54,685,56,TYPE_B,5.6,Desert,Indian
1483341,99,52,2492,292.0,387.03,0,0,123,685,56,TYPE_B,5.6,Desert,Indian
1305597,100,52,2492,387.03,387.03,0,0,122,685,56,TYPE_B,5.6,Desert,Indian
1400272,101,52,2492,388.03,388.03,0,0,81,685,56,TYPE_B,5.6,Desert,Indian
1045435,102,52,2492,388.03,388.03,0,0,14,685,56,TYPE_B,5.6,Desert,Indian
1440845,105,52,2492,389.03,387.03,0,0,54,685,56,TYPE_B,5.6,Desert,Indian
1337015,106,52,2492,388.03,387.03,0,0,81,685,56,TYPE_B,5.6,Desert,Indian
1314269,107,52,2492,388.03,389.03,0,0,68,685,56,TYPE_B,5.6,Desert,Indian
1111216,108,52,2492,334.68,388.03,0,0,257,685,56,TYPE_B,5.6,Desert,Indian
1390217,109,52,2492,340.5,388.03,0,0,202,685,56,TYPE_B,5.6,Desert,Indian
1013312,110,52,2492,387.03,389.03,0,0,42,685,56,TYPE_B,5.6,Desert,Indian
1190803,111,52,2492,388.03,387.03,0,0,81,685,56,TYPE_B,5.6,Desert,Indian
1324849,112,52,2492,388.03,388.03,0,0,28,685,56,TYPE_B,5.6,Desert,Indian
1474343,1,52,1543,486.03,484.03,0,0,190,685,56,TYPE_B,5.6,Desert,Indian
1463427,2,52,1543,485.03,484.03,0,0,149,685,56,TYPE_B,5.6,Desert,Indian
1395910,3,52,1543,484.03,485.03,0,0,107,685,56,TYPE_B,5.6,Desert,Indian
1379812,4,52,1543,486.03,484.03,0,0,67,685,56,TYPE_B,5.6,Desert,Indian
1282014,5,52,1543,484.03,484.03,0,1,82,685,56,TYPE_B,5.6,Desert,Indian
1499612,6,52,1543,418.13,486.03,0,1,94,685,56,TYPE_B,5.6,Desert,Indian
1007011,7,52,1543,436.5,486.03,0,1,148,685,56,TYPE_B,5.6,Desert,Indian
1394212,8,52,1543,440.44,484.03,0,1,121,685,56,TYPE_B,5.6,Desert,Indian
1435554,9,52,1543,438.5,485.03,0,1,95,685,56,TYPE_B,5.6,Desert,Indian
1124717,10,52,1543,485.03,484.03,0,0,41,685,56,TYPE_B,5.6,Desert,Indian
1376795,11,52,1543,484.03,484.03,0,0,54,685,56,TYPE_B,5.6,Desert,Indian
1423070,12,52,1543,486.03,485.03,0,0,82,685,56,TYPE_B,5.6,Desert,Indian
1293883,13,52,1543,465.6,466.6,0,0,121,685,56,TYPE_B,5.6,Desert,Indian
1160577,14,52,1543,485.03,486.03,0,0,42,685,56,TYPE_B,5.6,Desert,Indian
1077477,15,52,1543,485.03,485.03,0,0,54,685,56,TYPE_B,5.6,Desert,Indian
1384210,16,52,1543,486.03,484.03,0,0,13,685,56,TYPE_B,5.6,Desert,Indian
1481738,17,52,1543,388.03,486.03,0,0,42,685,56,TYPE_B,5.6,Desert,Indian
1020317,18,52,1543,389.03,484.03,0,0,82,685,56,TYPE_B,5.6,Desert,Indian
1487356,19,52,1543,388.03,484.03,0,0,42,685,56,TYPE_B,5.6,Desert,Indian
1050883,20,52,1543,388.03,484.03,0,0,123,685,56,TYPE_B,5.6,Desert,Indian
1490855,21,52,1543,472.39,484.03,0,1,108,685,56,TYPE_B,5.6,Desert,Indian
1004813,22,52,1543,485.03,486.03,0,0,149,685,56,TYPE_B,5.6,Desert,Indian
1193642,23,52,1543,485.03,484.03,0,0,27,685,56,TYPE_B,5.6,Desert,Indian
1002664,24,52,1543,486.03,484.03,0,0,54,685,56,TYPE_B,5.6,Desert,Indian
1163444,25,52,1543,486.03,486.03,0,0,55,685,56,TYPE_B,5.6,Desert,Indian
1091424,26,52,1543,485.03,485.03,0,0,80,685,56,TYPE_B,5.6,Desert,Indian
1425190,27,52,1543,486.03,485.03,0,0,96,685,56,TYPE_B,5.6,Desert,Indian
1130495,29,52,1543,484.03,486.03,0,0,14,685,56,TYPE_B,5.6,Desert,Indian
1333365,30,52,1543,484.03,485.03,0,0,82,685,56,TYPE_B,5.6,Desert,Indian
1042171,31,52,1543,485.03,485.03,0,0,54,685,56,TYPE_B,5.6,Desert,Indian
1482478,32,52,1543,388.03,485.03,1,0,258,685,56,TYPE_B,5.6,Desert,Indian
1180796,33,52,1543,389.03,486.03,0,0,150,685,56,TYPE_B,5.6,Desert,Indian
1040087,34,52,1543,387.03,484.03,0,0,176,685,56,TYPE_B,5.6,Desert,Indian
1184217,35,52,1543,387.03,484.03,0,0,162,685,56,TYPE_B,5.6,Desert,Indian
1278845,36,52,1543,485.03,486.03,0,0,122,685,56,TYPE_B,5.6,Desert,Indian
1209592,37,52,1543,484.03,486.03,0,0,107,685,56,TYPE_B,5.6,Desert,Indian
1061127,38,52,1543,485.03,486.03,0,0,148,685,56,TYPE_B,5.6,Desert,Indian
1219691,39,52,1543,485.03,484.03,0,0,94,685,56,TYPE_B,5.6,Desert,Indian
1322787,40,52,1543,486.03,484.03,0,0,202,685,56,TYPE_B,5.6,Desert,Indian
1055962,41,52,1543,485.03,485.03,0,0,82,685,56,TYPE_B,5.6,Desert,Indian
1461864,42,52,1543,485.03,485.03,0,0,202,685,56,TYPE_B,5.6,Desert,Indian
1070885,43,52,1543,389.0,486.03,1,1,377,685,56,TYPE_B,5.6,Desert,Indian
1110017,44,52,1543,390.0,484.03,1,1,297,685,56,TYPE_B,5.6,Desert,Indian
1399192,45,52,1543,390.0,486.03,0,1,135,685,56,TYPE_B,5.6,Desert,Indian
1414878,46,52,1543,389.0,485.03,0,0,123,685,56,TYPE_B,5.6,Desert,Indian
1398227,47,52,1543,484.03,485.03,0,0,94,685,56,TYPE_B,5.6,Desert,Indian
1498685,48,52,1543,485.03,485.03,0,0,69,685,56,TYPE_B,5.6,Desert,Indian
1392152,49,52,1543,485.03,486.03,0,0,108,685,56,TYPE_B,5.6,Desert,Indian
1461584,50,52,1543,484.03,484.03,0,0,150,685,56,TYPE_B,5.6,Desert,Indian
1420638,51,52,1543,484.03,484.03,0,0,107,685,56,TYPE_B,5.6,Desert,Indian
1410571,52,52,1543,486.03,484.03,0,0,134,685,56,TYPE_B,5.6,Desert,Indian
1387166,53,52,1543,486.03,485.03,0,0,134,685,56,TYPE_B,5.6,Desert,Indian
1129734,54,52,1543,485.03,485.03,0,0,69,685,56,TYPE_B,5.6,Desert,Indian
1308728,55,52,1543,387.03,485.03,1,1,231,685,56,TYPE_B,5.6,Desert,Indian
1361727,56,52,1543,396.79,485.03,0,0,162,685,56,TYPE_B,5.6,Desert,Indian
1385602,57,52,1543,389.03,485.03,0,0,163,685,56,TYPE_B,5.6,Desert,Indian
1076455,58,52,1543,387.03,485.03,0,0,149,685,56,TYPE_B,5.6,Desert,Indian
1319257,59,52,1543,485.03,486.03,0,0,122,685,56,TYPE_B,5.6,Desert,Indian
1459878,60,52,1543,485.03,484.03,0,0,109,685,56,TYPE_B,5.6,Desert,Indian
1322463,61,52,1543,486.03,485.03,0,0,69,685,56,TYPE_B,5.6,Desert,Indian
1038987,62,52,1543,484.03,484.03,0,0,95,685,56,TYPE_B,5.6,Desert,Indian
1474166,63,52,1543,484.03,485.03,0,0,122,685,56,TYPE_B,5.6,Desert,Indian
1479997,64,52,1543,484.03,485.03,0,0,96,685,56,TYPE_B,5.6,Desert,Indian
1212125,65,52,1543,486.03,486.03,0,0,81,685,56,TYPE_B,5.6,Desert,Indian
1160404,66,52,1543,484.03,484.03,0,0,136,685,56,TYPE_B,5.6,Desert,Indian
1321724,67,52,1543,486.03,484.03,0,0,177,685,56,TYPE_B,5.6,Desert,Indian
1251144,68,52,1543,486.03,484.03,0,0,95,685,56,TYPE_B,5.6,Desert,Indian
1336234,69,52,1543,485.03,486.03,0,0,134,685,56,TYPE_B,5.6,Desert,Indian
1062238,70,52,1543,486.03,485.03,0,0,69,685,56,TYPE_B,5.6,Desert,Indian
1156999,71,52,1543,486.03,484.03,0,0,122,685,56,TYPE_B,5.6,Desert,Indian
1103478,72,52,1543,375.39,484.03,1,1,323,685,56,TYPE_B,5.6,Desert,Indian
1209494,73,52,1543,394.82,484.03,0,1,189,685,56,TYPE_B,5.6,Desert,Indian
1147450,74,52,1543,393.88,484.03,0,1,285,685,56,TYPE_B,5.6,Desert,Indian
1127186,75,52,1543,387.03,484.03,0,0,190,685,56,TYPE_B,5.6,Desert,Indian
1371573,76,52,1543,475.33,476.33,0,0,134,685,56,TYPE_B,5.6,Desert,Indian
1179772,77,52,1543,486.03,484.03,0,0,136,685,56,TYPE_B,5.6,Desert,Indian
1000535,78,52,1543,486.03,484.03,0,0,95,685,56,TYPE_B,5.6,Desert,Indian
1467351,79,52,1543,486.03,485.03,0,0,94,685,56,TYPE_B,5.6,Desert,Indian
1162534,80,52,1543,485.03,485.03,0,0,136,685,56,TYPE_B,5.6,Desert,Indian
1397392,81,52,1543,485.03,486.03,0,0,107,685,56,TYPE_B,5.6,Desert,Indian
1363248,82,52,1543,486.03,484.03,0,0,82,685,56,TYPE_B,5.6,Desert,Indian
1437423,83,52,1543,389.03,486.03,0,1,121,685,56,TYPE_B,5.6,Desert,Indian
1064950,84,52,1543,389.03,485.03,0,0,96,685,56,TYPE_B,5.6,Desert,Indian
1200427,85,52,1543,389.03,486.03,0,0,134,685,56,TYPE_B,5.6,Desert,Indian
1050109,86,52,1543,388.03,485.03,0,0,188,685,56,TYPE_B,5.6,Desert,Indian
1269305,87,52,1543,486.03,484.03,0,0,150,685,56,TYPE_B,5.6,Desert,Indian
1467454,88,52,1543,485.03,484.03,0,0,122,685,56,TYPE_B,5.6,Desert,Indian
1320152,89,52,1543,484.03,486.03,0,1,284,685,56,TYPE_B,5.6,Desert,Indian
1413889,90,52,1543,486.03,485.03,0,0,188,685,56,TYPE_B,5.6,Desert,Indian
1425884,91,52,1543,486.03,485.03,0,0,108,685,56,TYPE_B,5.6,Desert,Indian
1347664,92,52,1543,484.03,485.03,0,0,123,685,56,TYPE_B,5.6,Desert,Indian
1425575,93,52,1543,486.03,484.03,0,0,229,685,56,TYPE_B,5.6,Desert,Indian
1389393,94,52,1543,484.03,484.03,0,0,82,685,56,TYPE_B,5.6,Desert,Indian
1241617,95,52,1543,484.03,485.03,0,0,175,685,56,TYPE_B,5.6,Desert,Indian
1274477,96,52,1543,486.03,486.03,0,0,149,685,56,TYPE_B,5.6,Desert,Indian
1497706,97,52,1543,486.03,484.03,0,0,149,685,56,TYPE_B,5.6,Desert,Indian
1046530,98,52,1543,485.03,485.03,0,0,148,685,56,TYPE_B,5.6,Desert,Indian
1385165,99,52,1543,486.03,485.03,0,0,123,685,56,TYPE_B,5.6,Desert,Indian
1294466,100,52,1543,485.03,486.03,0,0,216,685,56,TYPE_B,5.6,Desert,Indian
1165372,101,52,1543,485.03,484.03,0,1,189,685,56,TYPE_B,5.6,Desert,Indian
1289414,102,52,1543,485.03,486.03,0,0,82,685,56,TYPE_B,5.6,Desert,Indian
1339368,103,52,1543,485.03,485.03,0,0,15,685,56,TYPE_B,5.6,Desert,Indian
1268806,104,52,1543,486.03,484.03,0,0,202,685,56,TYPE_B,5.6,Desert,Indian
1064514,105,52,1543,485.03,486.03,0,0,177,685,56,TYPE_B,5.6,Desert,Indian
1406036,106,52,1543,486.03,485.03,0,1,215,685,56,TYPE_B,5.6,Desert,Indian
1496458,107,52,1543,485.03,484.03,0,1,230,685,56,TYPE_B,5.6,Desert,Indian
1290714,108,52,1543,485.03,484.03,0,0,202,685,56,TYPE_B,5.6,Desert,Indian
1354709,109,52,1543,485.03,485.03,0,0,175,685,56,TYPE_B,5.6,Desert,Indian
1411600,110,52,1543,472.39,486.03,0,1,285,685,56,TYPE_B,5.6,Desert,Indian
1182281,111,52,1543,472.39,486.03,0,1,324,685,56,TYPE_B,5.6,Desert,Indian
1477577,112,52,1543,472.39,473.39,0,0,256,685,56,TYPE_B,5.6,Desert,Indian
