Data set/Center wise/Center_52_Rank4.csv
id,week,center_id,meal_id,checkout_price,base_price,emailer_for_promotion,homepage_featured,num_orders,city_code,region_code,center_type,op_area,category,cuisine
1301046,1,52,2304,486.03,485.03,0,0,135,685,56,TYPE_B,5.6,Desert,Indian
1478900,2,52,2304,486.03,486.03,0,0,123,685,56,TYPE_B,5.6,Desert,Indian
1306364,3,52,2304,486.03,485.03,0,0,96,685,56,TYPE_B,5.6,Desert,Indian
1129982,4,52,2304,484.03,484.03,0,0,68,685,56,TYPE_B,5.6,Desert,Indian
1246062,5,52,2304,486.03,484.03,0,0,231,685,56,TYPE_B,5.6,Desert,Indian
1063365,6,52,2304,438.5,436.5,0,0,69,685,56,TYPE_B,5.6,Desert,Indian
1310695,7,52,2304,438.5,436.5,0,0,215,685,56,TYPE_B,5.6,Desert,Indian
1466211,8,52,2304,436.5,437.5,0,0,40,685,56,TYPE_B,5.6,Desert,Indian
1373929,9,52,2304,437.5,436.5,0,0,41,685,56,TYPE_B,5.6,Desert,Indian
1467335,10,52,2304,485.03,486.03,0,0,41,685,56,TYPE_B,5.6,Desert,Indian
1476290,11,52,2304,486.03,484.03,0,0,54,685,56,TYPE_B,5.6,Desert,Indian
1237131,12,52,2304,484.03,484.03,0,0,67,685,56,TYPE_B,5.6,Desert,Indian
1336335,13,52,2304,484.03,485.03,0,0,80,685,56,TYPE_B,5.6,Desert,Indian
1091878,14,52,2304,485.03,486.03,0,0,27,685,56,TYPE_B,5.6,Desert,Indian
1460058,15,52,2304,485.03,485.03,0,0,41,685,56,TYPE_B,5.6,Desert,Indian
1485548,16,52,2304,486.03,485.03,0,0,41,685,56,TYPE_B,5.6,Desert,Indian
1286530,17,52,2304,389.03,484.03,0,0,54,685,56,TYPE_B,5.6,Desert,Indian
1022158,18,52,2304,388.03,484.03,0,0,13,685,56,TYPE_B,5.6,Desert,Indian
1086663,19,52,2304,388.03,484.03,0,1,81,685,56,TYPE_B,5.6,Desert,Indian
1469895,20,52,2304,387.03,486.03,0,1,67,685,56,TYPE_B,5.6,Desert,Indian
1005052,21,52,2304,486.03,484.03,0,1,67,685,56,TYPE_B,5.6,Desert,Indian
1131978,22,52,2304,485.03,485.03,0,0,150,685,56,TYPE_B,5.6,Desert,Indian
1465921,23,52,2304,484.03,484.03,0,0,54,685,56,TYPE_B,5.6,Desert,Indian
1431935,24,52,2304,484.03,484.03,0,0,13,685,56,TYPE_B,5.6,Desert,Indian
1162418,25,52,2304,486.03,485.03,0,0,15,685,56,TYPE_B,5.6,Desert,Indian
1402683,26,52,2304,485.03,484.03,0,0,14,685,56,TYPE_B,5.6,Desert,Indian
1253528,27,52,2304,485.03,484.03,0,0,26,685,56,TYPE_B,5.6,Desert,Indian
1015220,28,52,2304,486.03,484.03,0,0,95,685,56,TYPE_B,5.6,Desert,Indian
1083281,30,52,2304,484.03,484.03,0,0,69,685,56,TYPE_B,5.6,Desert,Indian
1492558,31,52,2304,485.03,486.03,0,0,68,685,56,TYPE_B,5.6,Desert,Indian
1160558,32,52,2304,388.03,484.03,1,1,163,685,56,TYPE_B,5.6,Desert,Indian
1355566,33,52,2304,387.03,486.03,0,0,55,685,56,TYPE_B,5.6,Desert,Indian
1351446,34,52,2304,387.03,484.03,0,0,96,685,56,TYPE_B,5.6,Desert,Indian
1114363,36,52,2304,461.78,461.78,0,0,55,685,56,TYPE_B,5.6,Desert,Indian
1128409,37,52,2304,484.03,485.03,0,0,96,685,56,TYPE_B,5.6,Desert,Indian
1320251,38,52,2304,486.03,484.03,0,0,107,685,56,TYPE_B,5.6,Desert,Indian
1258131,39,52,2304,484.03,486.03,0,0,94,685,56,TYPE_B,5.6,Desert,Indian
1382710,40,52,2304,484.03,484.03,0,0,177,685,56,TYPE_B,5.6,Desert,Indian
1264687,41,52,2304,485.03,486.03,0,0,121,685,56,TYPE_B,5.6,Desert,Indian
1317363,42,52,2304,484.03,486.03,0,0,150,685,56,TYPE_B,5.6,Desert,Indian
1208812,43,52,2304,390.0,486.03,1,1,393,685,56,TYPE_B,5.6,Desert,Indian
1370397,44,52,2304,389.0,485.03,1,1,270,685,56,TYPE_B,5.6,Desert,Indian
1379676,45,52,2304,394.85,485.03,0,1,284,685,56,TYPE_B,5.6,Desert,Indian
1328059,46,52,2304,390.0,485.03,0,0,55,685,56,TYPE_B,5.6,Desert,Indian
1293667,47,52,2304,470.45,471.45,0,0,95,685,56,TYPE_B,5.6,Desert,Indian
1239818,48,52,2304,484.03,484.03,0,0,109,685,56,TYPE_B,5.6,Desert,Indian
1348250,49,52,2304,484.03,484.03,0,0,80,685,56,TYPE_B,5.6,Desert,Indian
1064337,50,52,2304,486.03,486.03,0,0,41,685,56,TYPE_B,5.6,Desert,Indian
1143438,51,52,2304,484.03,484.03,0,0,122,685,56,TYPE_B,5.6,Desert,Indian
1395536,52,52,2304,484.03,484.03,0,0,177,685,56,TYPE_B,5.6,Desert,Indian
1072311,53,52,2304,484.03,485.03,0,0,148,685,56,TYPE_B,5.6,Desert,Indian
1387743,54,52,2304,485.03,485.03,0,0,135,685,56,TYPE_B,5.6,Desert,Indian
1330391,55,52,2304,388.03,484.03,1,1,297,685,56,TYPE_B,5.6,Desert,Indian
1105493,56,52,2304,387.03,484.03,0,0,134,685,56,TYPE_B,5.6,Desert,Indian
1440353,57,52,2304,388.03,484.03,0,0,123,685,56,TYPE_B,5.6,Desert,Indian
1187561,58,52,2304,387.03,484.03,0,0,134,685,56,TYPE_B,5.6,Desert,Indian
1154029,59,52,2304,486.03,484.03,0,0,229,685,56,TYPE_B,5.6,Desert,Indian
1165157,60,52,2304,485.03,484.03,0,0,177,685,56,TYPE_B,5.6,Desert,Indian
1361711,61,52,2304,486.03,484.03,0,0,40,685,56,TYPE_B,5.6,Desert,Indian
1426266,62,52,2304,485.03,486.03,0,0,68,685,56,TYPE_B,5.6,Desert,Indian
1344529,63,52,2304,484.03,486.03,0,0,231,685,56,TYPE_B,5.6,Desert,Indian
1137336,64,52,2304,486.03,485.03,0,0,107,685,56,TYPE_B,5.6,Desert,Indian
1292315,65,52,2304,486.03,485.03,0,0,26,685,56,TYPE_B,5.6,Desert,Indian
1116764,66,52,2304,486.03,486.03,0,0,94,685,56,TYPE_B,5.6,Desert,Indian
1478110,67,52,2304,485.03,486.03,0,0,121,685,56,TYPE_B,5.6,Desert,Indian
1283632,68,52,2304,486.03,484.03,0,0,107,685,56,TYPE_B,5.6,Desert,Indian
1044928,69,52,2304,484.03,486.03,0,0,148,685,56,TYPE_B,5.6,Desert,Indian
1411780,70,52,2304,485.03,485.03,0,0,148,685,56,TYPE_B,5.6,Desert,Indian
1222802,71,52,2304,486.03,484.03,0,0,107,685,56,TYPE_B,5.6,Desert,Indian
1494430,72,52,2304,381.24,485.03,1,1,325,685,56,TYPE_B,5.6,Desert,Indian
1488378,73,52,2304,388.03,485.03,0,1,162,685,56,TYPE_B,5.6,Desert,Indian
1440362,74,52,2304,388.03,486.03,0,1,177,685,56,TYPE_B,5.6,Desert,Indian
1491301,75,52,2304,389.03,485.03,0,0,216,685,56,TYPE_B,5.6,Desert,Indian
1206895,76,52,2304,485.03,485.03,0,0,107,685,56,TYPE_B,5.6,Desert,Indian
1042227,77,52,2304,485.03,484.03,0,0,40,685,56,TYPE_B,5.6,Desert,Indian
1052620,78,52,2304,485.03,485.03,0,0,107,685,56,TYPE_B,5.6,Desert,Indian
1336658,79,52,2304,484.03,486.03,0,0,123,685,56,TYPE_B,5.6,Desert,Indian
1232620,80,52,2304,485.03,485.03,0,0,95,685,56,TYPE_B,5.6,Desert,Indian
1449549,81,52,2304,486.03,486.03,0,0,190,685,56,TYPE_B,5.6,Desert,Indian
1198924,82,52,2304,486.03,484.03,0,0,67,685,56,TYPE_B,5.6,Desert,Indian
1099289,83,52,2304,389.03,485.03,0,1,230,685,56,TYPE_B,5.6,Desert,Indian
1484047,84,52,2304,387.03,486.03,0,0,95,685,56,TYPE_B,5.6,Desert,Indian
1392697,85,52,2304,389.03,485.03,0,0,107,685,56,TYPE_B,5.6,Desert,Indian
1080411,86,52,2304,388.03,485.03,0,0,108,685,56,TYPE_B,5.6,Desert,Indian
1279012,87,52,2304,484.03,485.03,0,0,121,685,56,TYPE_B,5.6,Desert,Indian
1351020,88,52,2304,484.03,486.03,0,0,107,685,56,TYPE_B,5.6,Desert,Indian
1402325,89,52,2304,484.03,485.03,0,1,150,685,56,TYPE_B,5.6,Desert,Indian
1035939,90,52,2304,484.03,486.03,0,0,149,685,56,TYPE_B,5.6,Desert,Indian
1092280,91,52,2304,484.03,485.03,0,0,80,685,56,TYPE_B,5.6,Desert,Indian
1248450,92,52,2304,486.03,485.03,0,0,94,685,56,TYPE_B,5.6,Desert,Indian
1252518,93,52,2304,485.03,486.03,0,0,108,685,56,TYPE_B,5.6,Desert,Indian
1246227,94,52,2304,484.03,484.03,0,0,109,685,56,TYPE_B,5.6,Desert,Indian
1421010,95,52,2304,484.03,485.03,0,0,150,685,56,TYPE_B,5.6,Desert,Indian
1122842,96,52,2304,485.03,485.03,0,0,175,685,56,TYPE_B,5.6,Desert,Indian
1396808,97,52,2304,486.03,484.03,0,0,217,685,56,TYPE_B,5.6,Desert,Indian
1288169,98,52,2304,486.03,484.03,0,0,67,685,56,TYPE_B,5.6,Desert,Indian
1064151,99,52,2304,485.03,484.03,0,0,55,685,56,TYPE_B,5.6,Desert,Indian
1021599,100,52,2304,486.03,484.03,0,0,161,685,56,TYPE_B,5.6,Desert,Indian
1111572,101,52,2304,485.03,485.03,0,1,162,685,56,TYPE_B,5.6,Desert,Indian
1042259,102,52,2304,485.03,486.03,0,0,40,685,56,TYPE_B,5.6,Desert,Indian
1290157,103,52,2304,484.03,485.03,0,0,28,685,56,TYPE_B,5.6,Desert,Indian
1415343,104,52,2304,486.03,486.03,0,0,123,685,56,TYPE_B,5.6,Desert,Indian
1131927,105,52,2304,485.03,486.03,0,0,177,685,56,TYPE_B,5.6,Desert,Indian
1306260,106,52,2304,486.03,484.03,0,1,161,685,56,TYPE_B,5.6,Desert,Indian
1141721,107,52,2304,484.03,484.03,0,0,136,685,56,TYPE_B,5.6,Desert,Indian
1042778,108,52,2304,485.03,485.03,0,0,94,685,56,TYPE_B,5.6,Desert,Indian
1370499,109,52,2304,485.03,486.03,0,0,136,685,56,TYPE_B,5.6,Desert,Indian
1121267,110,52,2304,474.39,486.03,0,1,176,685,56,TYPE_B,5.6,Desert,Indian
1355282,111,52,2304,473.39,474.39,0,0,123,685,56,TYPE_B,5.6,Desert,Indian
1058674,112,52,2304,474.39,472.39,0,0,284,685,56,TYPE_B,5.6,Desert,Indian
1227800,17,52,2664,320.13,321.13,0,0,568,685,56,TYPE_B,5.6,Salad,Italian
1246085,18,52,2664,319.13,320.13,0,0,837,685,56,TYPE_B,5.6,Salad,Italian
1455671,19,52,2664,320.13,319.13,0,0,824,685,56,TYPE_B,5.6,Salad,Italian
1132830,20,52,2664,319.13,319.13,0,0,582,685,56,TYPE_B,5.6,Salad,Italian
1357021,21,52,2664,321.13,319.13,0,0,539,685,56,TYPE_B,5.6,Salad,Italian
1075315,22,52,2664,321.13,319.13,0,0,635,685,56,TYPE_B,5.6,Salad,Italian
1378016,23,52,2664,320.13,321.13,0,0,512,685,56,TYPE_B,5.6,Salad,Italian
1026129,24,52,2664,319.13,320.13,0,0,662,685,56,TYPE_B,5.6,Salad,Italian
1344260,25,52,2664,319.13,320.13,0,0,689,685,56,TYPE_B,5.6,Salad,Italian
1356656,26,52,2664,321.13,321.13,0,0,769,685,56,TYPE_B,5.6,Salad,Italian
1435381,27,52,2664,264.81,319.13,0,1,1295,685,56,TYPE_B,5.6,Salad,Italian
1090969,28,52,2664,319.19,317.19,0,0,648,685,56,TYPE_B,5.6,Salad,Italian
1307248,29,52,2664,319.13,320.13,0,0,528,685,56,TYPE_B,5.6,Salad,Italian
1405215,30,52,2664,321.13,319.13,0,0,635,685,56,TYPE_B,5.6,Salad,Italian
1078392,31,52,2664,321.13,320.13,0,0,662,685,56,TYPE_B,5.6,Salad,Italian
1370730,32,52,2664,321.13,319.13,0,0,663,685,56,TYPE_B,5.6,Salad,Italian
1017079,33,52,2664,320.13,319.13,0,0,555,685,56,TYPE_B,5.6,Salad,Italian
1262862,34,52,2664,321.13,321.13,0,0,473,685,56,TYPE_B,5.6,Salad,Italian
1329966,35,52,2664,320.13,321.13,0,0,649,685,56,TYPE_B,5.6,Salad,Italian
1013191,36,52,2664,320.13,321.13,0,0,446,685,56,TYPE_B,5.6,Salad,Italian
1447986,37,52,2664,245.41,319.13,0,1,1471,685,56,TYPE_B,5.6,Salad,Italian
1012088,38,52,2664,316.22,317.22,0,0,365,685,56,TYPE_B,5.6,Salad,Italian
1314527,39,52,2664,320.13,319.13,0,0,796,685,56,TYPE_B,5.6,Salad,Italian
1133555,40,52,2664,320.13,321.13,0,0,539,685,56,TYPE_B,5.6,Salad,Italian
1013890,41,52,2664,319.13,321.13,0,0,647,685,56,TYPE_B,5.6,Salad,Italian
1120493,42,52,2664,278.39,319.13,0,0,1135,685,56,TYPE_B,5.6,Salad,Italian
1402273,43,52,2664,320.13,320.13,0,0,528,685,56,TYPE_B,5.6,Salad,Italian
1037021,44,52,2664,319.13,321.13,0,0,553,685,56,TYPE_B,5.6,Salad,Italian
1208205,45,52,2664,321.13,320.13,0,0,580,685,56,TYPE_B,5.6,Salad,Italian
1269804,46,52,2664,336.65,336.65,0,0,175,685,56,TYPE_B,5.6,Salad,Italian
1446651,47,52,2664,334.65,336.65,0,0,526,685,56,TYPE_B,5.6,Salad,Italian
1023271,48,52,2664,336.65,336.65,0,0,825,685,56,TYPE_B,5.6,Salad,Italian
1256140,49,52,2664,336.65,335.65,0,0,743,685,56,TYPE_B,5.6,Salad,Italian
1058900,50,52,2664,335.65,335.65,0,0,527,685,56,TYPE_B,5.6,Salad,Italian
1051525,51,52,2664,335.65,334.65,0,0,526,685,56,TYPE_B,5.6,Salad,Italian
1292860,52,52,2664,335.65,335.65,0,0,433,685,56,TYPE_B,5.6,Salad,Italian
1368840,53,52,2664,334.65,335.65,0,0,688,685,56,TYPE_B,5.6,Salad,Italian
1040522,54,52,2664,336.65,336.65,0,0,636,685,56,TYPE_B,5.6,Salad,Italian
1258223,55,52,2664,336.65,336.65,0,0,485,685,56,TYPE_B,5.6,Salad,Italian
1088951,56,52,2664,264.81,334.65,1,0,1161,685,56,TYPE_B,5.6,Salad,Italian
1148270,57,52,2664,261.9,334.65,1,0,1392,685,56,TYPE_B,5.6,Salad,Italian
1392315,58,52,2664,334.68,335.68,0,0,688,685,56,TYPE_B,5.6,Salad,Italian
1162679,59,52,2664,334.65,335.65,0,0,513,685,56,TYPE_B,5.6,Salad,Italian
1401229,60,52,2664,291.97,336.65,0,0,850,685,56,TYPE_B,5.6,Salad,Italian
1282921,61,52,2664,287.12,335.65,0,0,555,685,56,TYPE_B,5.6,Salad,Italian
1376791,63,52,2664,288.12,334.65,0,0,431,685,56,TYPE_B,5.6,Salad,Italian
1196245,64,52,2664,290.09,336.65,0,0,728,685,56,TYPE_B,5.6,Salad,Italian
1254685,65,52,2664,331.74,333.74,0,0,528,685,56,TYPE_B,5.6,Salad,Italian
1191251,66,52,2664,334.65,334.65,0,0,595,685,56,TYPE_B,5.6,Salad,Italian
1431927,67,52,2664,321.1,320.1,0,0,716,685,56,TYPE_B,5.6,Salad,Italian
1288417,68,52,2664,336.65,336.65,0,0,580,685,56,TYPE_B,5.6,Salad,Italian
1380924,69,52,2664,335.65,336.65,0,0,782,685,56,TYPE_B,5.6,Salad,Italian
1052430,70,52,2664,335.65,335.65,0,0,243,685,56,TYPE_B,5.6,Salad,Italian
1202290,71,52,2664,336.65,335.65,0,0,568,685,56,TYPE_B,5.6,Salad,Italian
1061919,72,52,2664,329.83,330.83,0,0,824,685,56,TYPE_B,5.6,Salad,Italian
1128917,73,52,2664,335.65,335.65,0,0,512,685,56,TYPE_B,5.6,Salad,Italian
1455098,74,52,2664,327.89,326.89,0,0,539,685,56,TYPE_B,5.6,Salad,Italian
1357833,75,52,2664,335.65,336.65,0,0,782,685,56,TYPE_B,5.6,Salad,Italian
1447393,76,52,2664,335.65,335.65,0,0,446,685,56,TYPE_B,5.6,Salad,Italian
1269008,77,52,2664,334.65,336.65,0,0,514,685,56,TYPE_B,5.6,Salad,Italian
1042453,78,52,2664,334.65,336.65,0,0,675,685,56,TYPE_B,5.6,Salad,Italian
1211812,79,52,2664,326.92,327.92,0,0,527,685,56,TYPE_B,5.6,Salad,Italian
1139392,80,52,2664,322.1,321.1,0,0,175,685,56,TYPE_B,5.6,Salad,Italian
1426882,81,52,2664,335.65,335.65,0,0,568,685,56,TYPE_B,5.6,Salad,Italian
1342910,82,52,2664,244.47,334.65,1,1,2269,685,56,TYPE_B,5.6,Salad,Italian
1178093,83,52,2664,310.4,312.4,0,0,931,685,56,TYPE_B,5.6,Salad,Italian
1138122,84,52,2664,315.28,316.28,0,0,553,685,56,TYPE_B,5.6,Salad,Italian
1384418,85,52,2664,309.46,308.46,0,0,702,685,56,TYPE_B,5.6,Salad,Italian
1264742,86,52,2664,315.28,314.28,0,0,674,685,56,TYPE_B,5.6,Salad,Italian
1390596,87,52,2664,309.43,310.43,0,0,784,685,56,TYPE_B,5.6,Salad,Italian
1426105,88,52,2664,309.46,309.46,0,0,771,685,56,TYPE_B,5.6,Salad,Italian
1399407,89,52,2664,315.28,315.28,0,0,717,685,56,TYPE_B,5.6,Salad,Italian
1275198,90,52,2664,314.28,315.28,0,0,688,685,56,TYPE_B,5.6,Salad,Italian
1489420,91,52,2664,315.28,315.28,0,0,607,685,56,TYPE_B,5.6,Salad,Italian
1237752,92,52,2664,315.28,314.28,0,0,661,685,56,TYPE_B,5.6,Salad,Italian
1144535,93,52,2664,309.46,308.46,0,0,528,685,56,TYPE_B,5.6,Salad,Italian
1134962,94,52,2664,310.46,308.46,0,0,501,685,56,TYPE_B,5.6,Salad,Italian
1039853,95,52,2664,309.46,308.46,0,0,729,685,56,TYPE_B,5.6,Salad,Italian
1182392,96,52,2664,309.46,310.46,0,0,810,685,56,TYPE_B,5.6,Salad,Italian
1149901,97,52,2664,304.64,302.64,0,0,202,685,56,TYPE_B,5.6,Salad,Italian
1295608,98,52,2664,304.61,303.61,0,0,825,685,56,TYPE_B,5.6,Salad,Italian
1494540,99,52,2664,309.46,309.46,0,0,730,685,56,TYPE_B,5.6,Salad,Italian
1412097,100,52,2664,304.58,305.58,0,0,863,685,56,TYPE_B,5.6,Salad,Italian
1171614,101,52,2664,309.46,310.46,0,0,539,685,56,TYPE_B,5.6,Salad,Italian
1121436,102,52,2664,309.46,308.46,0,0,594,685,56,TYPE_B,5.6,Salad,Italian
1405861,103,52,2664,303.64,303.64,0,0,620,685,56,TYPE_B,5.6,Salad,Italian
1389256,104,52,2664,304.64,304.64,0,0,649,685,56,TYPE_B,5.6,Salad,Italian
1433842,105,52,2664,303.64,302.64,0,0,972,685,56,TYPE_B,5.6,Salad,Italian
1281081,106,52,2664,303.64,302.64,0,0,864,685,56,TYPE_B,5.6,Salad,Italian
1351492,107,52,2664,302.64,302.64,0,0,838,685,56,TYPE_B,5.6,Salad,Italian
1124648,108,52,2664,304.64,304.64,0,0,662,685,56,TYPE_B,5.6,Salad,Italian
1474438,109,52,2664,302.64,304.64,0,0,810,685,56,TYPE_B,5.6,Salad,Italian
1439382,110,52,2664,293.97,291.97,0,0,757,685,56,TYPE_B,5.6,Salad,Italian
1486695,111,52,2664,302.64,303.64,0,0,770,685,56,TYPE_B,5.6,Salad,Italian
1043041,112,52,2664,288.09,290.09,0,0,958,685,56,TYPE_B,5.6,Salad,Italian
