Data set/Center wise/Center_52_Rank4.csv
id,week,center_id,meal_id,checkout_price,base_price,emailer_for_promotion,homepage_featured,num_orders,city_code,region_code,center_type,op_area,category,cuisine
1220692,23,52,2490,254.2,254.2,0,0,68,685,56,TYPE_B,5.6,Salad,Italian
1313957,24,52,2490,252.2,254.2,0,0,285,685,56,TYPE_B,5.6,Salad,Italian
1006442,25,52,2490,252.2,252.2,0,0,420,685,56,TYPE_B,5.6,Salad,Italian
1314568,26,52,2490,252.2,254.2,0,0,405,685,56,TYPE_B,5.6,Salad,Italian
1214234,27,52,2490,252.2,252.2,0,0,323,685,56,TYPE_B,5.6,Salad,Italian
1253168,28,52,2490,252.2,252.2,0,0,311,685,56,TYPE_B,5.6,Salad,Italian
1185668,29,52,2490,253.2,254.2,0,0,555,685,56,TYPE_B,5.6,Salad,Italian
1043942,30,52,2490,252.2,254.2,0,0,501,685,56,TYPE_B,5.6,Salad,Italian
1323884,31,52,2490,195.0,252.2,1,1,1620,685,56,TYPE_B,5.6,Salad,Italian
1294452,32,52,2490,252.26,252.26,0,0,338,685,56,TYPE_B,5.6,Salad,Italian
1393542,33,52,2490,246.44,245.44,0,0,446,685,56,TYPE_B,5.6,Salad,Italian
1346368,34,52,2490,252.2,252.2,0,0,393,685,56,TYPE_B,5.6,Salad,Italian
1030749,35,52,2490,253.2,253.2,0,0,553,685,56,TYPE_B,5.6,Salad,Italian
1193194,36,52,2490,254.2,252.2,0,0,500,685,56,TYPE_B,5.6,Salad,Italian
1128488,37,52,2490,252.2,254.2,0,0,256,685,56,TYPE_B,5.6,Salad,Italian
1184706,38,52,2490,254.2,252.2,0,0,298,685,56,TYPE_B,5.6,Salad,Italian
1127336,39,52,2490,253.2,254.2,0,0,460,685,56,TYPE_B,5.6,Salad,Italian
1395437,40,52,2490,253.2,253.2,0,0,364,685,56,TYPE_B,5.6,Salad,Italian
1346708,41,52,2490,250.29,250.29,0,0,460,685,56,TYPE_B,5.6,Salad,Italian
1259272,42,52,2490,187.21,251.29,1,1,1430,685,56,TYPE_B,5.6,Salad,Italian
1128135,43,52,2490,253.2,254.2,0,0,404,685,56,TYPE_B,5.6,Salad,Italian
1132119,44,52,2490,254.2,252.2,0,0,512,685,56,TYPE_B,5.6,Salad,Italian
1350245,45,52,2490,254.2,254.2,0,0,485,685,56,TYPE_B,5.6,Salad,Italian
1234788,46,52,2490,254.2,253.2,0,0,648,685,56,TYPE_B,5.6,Salad,Italian
1127483,47,52,2490,252.2,252.2,0,0,676,685,56,TYPE_B,5.6,Salad,Italian
1212883,48,52,2490,196.0,254.2,1,1,1943,685,56,TYPE_B,5.6,Salad,Italian
1487943,49,52,2490,195.0,252.2,0,0,1175,685,56,TYPE_B,5.6,Salad,Italian
1027754,50,52,2490,249.32,248.32,0,0,404,685,56,TYPE_B,5.6,Salad,Italian
1022758,51,52,2490,254.2,252.2,0,0,419,685,56,TYPE_B,5.6,Salad,Italian
1142543,52,52,2490,194.97,254.2,1,1,1187,685,56,TYPE_B,5.6,Salad,Italian
1179352,53,52,2490,196.94,254.2,0,0,1540,685,56,TYPE_B,5.6,Salad,Italian
1121940,54,52,2490,254.2,253.2,0,0,499,685,56,TYPE_B,5.6,Salad,Italian
1386276,55,52,2490,254.2,253.2,0,0,392,685,56,TYPE_B,5.6,Salad,Italian
1471373,56,52,2490,254.2,252.2,0,0,163,685,56,TYPE_B,5.6,Salad,Italian
1210446,57,52,2490,252.2,252.2,0,0,581,685,56,TYPE_B,5.6,Salad,Italian
1016253,58,52,2490,254.2,254.2,0,0,338,685,56,TYPE_B,5.6,Salad,Italian
1110353,59,52,2490,252.2,254.2,0,0,296,685,56,TYPE_B,5.6,Salad,Italian
1354002,60,52,2490,253.2,252.2,0,0,297,685,56,TYPE_B,5.6,Salad,Italian
1476276,61,52,2490,253.2,254.2,0,0,270,685,56,TYPE_B,5.6,Salad,Italian
1488385,62,52,2490,254.2,254.2,0,0,325,685,56,TYPE_B,5.6,Salad,Italian
1483534,63,52,2490,252.2,254.2,0,0,284,685,56,TYPE_B,5.6,Salad,Italian
1103896,64,52,2490,253.2,252.2,0,0,256,685,56,TYPE_B,5.6,Salad,Italian
1332972,65,52,2490,165.87,254.2,1,1,1581,685,56,TYPE_B,5.6,Salad,Italian
1262319,66,52,2490,254.2,252.2,0,0,405,685,56,TYPE_B,5.6,Salad,Italian
1305216,67,52,2490,254.2,253.2,0,0,446,685,56,TYPE_B,5.6,Salad,Italian
1260763,68,52,2490,253.2,254.2,0,0,352,685,56,TYPE_B,5.6,Salad,Italian
1106592,69,52,2490,253.2,253.2,0,0,244,685,56,TYPE_B,5.6,Salad,Italian
1462211,70,52,2490,253.2,253.2,0,0,324,685,56,TYPE_B,5.6,Salad,Italian
1291227,71,52,2490,254.2,253.2,0,0,256,685,56,TYPE_B,5.6,Salad,Italian
1288178,72,52,2490,252.2,254.2,0,0,271,685,56,TYPE_B,5.6,Salad,Italian
1030821,73,52,2490,254.2,252.2,0,0,418,685,56,TYPE_B,5.6,Salad,Italian
1254848,74,52,2490,252.2,252.2,0,0,176,685,56,TYPE_B,5.6,Salad,Italian
1080359,75,52,2490,252.2,253.2,0,0,555,685,56,TYPE_B,5.6,Salad,Italian
1119708,76,52,2490,145.5,252.2,1,0,2956,685,56,TYPE_B,5.6,Salad,Italian
1383783,77,52,2490,148.47,254.2,0,1,2605,685,56,TYPE_B,5.6,Salad,Italian
1035409,78,52,2490,147.5,254.2,1,1,2430,685,56,TYPE_B,5.6,Salad,Italian
1306677,79,52,2490,146.5,253.2,1,1,2471,685,56,TYPE_B,5.6,Salad,Italian
1230755,80,52,2490,210.55,253.2,0,0,566,685,56,TYPE_B,5.6,Salad,Italian
1486499,81,52,2490,215.4,252.2,0,0,663,685,56,TYPE_B,5.6,Salad,Italian
1369545,82,52,2490,215.4,254.2,0,0,406,685,56,TYPE_B,5.6,Salad,Italian
1048643,83,52,2490,323.98,324.98,0,0,541,685,56,TYPE_B,5.6,Salad,Italian
1085195,84,52,2490,329.83,329.83,0,0,270,685,56,TYPE_B,5.6,Salad,Italian
1074501,85,52,2490,194.03,328.83,0,0,851,685,56,TYPE_B,5.6,Salad,Italian
1499362,86,52,2490,193.03,330.83,0,0,729,685,56,TYPE_B,5.6,Salad,Italian
1050304,87,52,2490,195.03,330.83,0,0,946,685,56,TYPE_B,5.6,Salad,Italian
1421892,88,52,2490,196.0,329.83,0,0,906,685,56,TYPE_B,5.6,Salad,Italian
1063081,89,52,2490,267.78,328.83,0,0,567,685,56,TYPE_B,5.6,Salad,Italian
1201382,90,52,2490,193.06,329.83,1,1,1539,685,56,TYPE_B,5.6,Salad,Italian
1131268,91,52,2490,195.03,330.83,1,1,1351,685,56,TYPE_B,5.6,Salad,Italian
1197155,92,52,2490,281.36,329.83,0,0,487,685,56,TYPE_B,5.6,Salad,Italian
1452607,93,52,2490,279.36,279.36,0,0,311,685,56,TYPE_B,5.6,Salad,Italian
1303194,94,52,2490,195.03,280.36,1,1,1378,685,56,TYPE_B,5.6,Salad,Italian
1227698,95,52,2490,275.54,275.54,0,0,431,685,56,TYPE_B,5.6,Salad,Italian
1391381,96,52,2490,281.36,281.36,0,0,406,685,56,TYPE_B,5.6,Salad,Italian
1315656,97,52,2490,279.36,279.36,0,0,271,685,56,TYPE_B,5.6,Salad,Italian
1347372,98,52,2490,280.36,281.36,0,0,433,685,56,TYPE_B,5.6,Salad,Italian
1486270,99,52,2490,279.36,281.36,0,0,283,685,56,TYPE_B,5.6,Salad,Italian
1213025,100,52,2490,275.48,276.48,0,0,501,685,56,TYPE_B,5.6,Salad,Italian
1338387,101,52,2490,279.36,280.36,0,0,662,685,56,TYPE_B,5.6,Salad,Italian
1489543,102,52,2490,281.36,280.36,0,0,472,685,56,TYPE_B,5.6,Salad,Italian
1235699,103,52,2490,280.36,279.36,0,0,460,685,56,TYPE_B,5.6,Salad,Italian
1463859,104,52,2490,281.36,280.36,0,0,608,685,56,TYPE_B,5.6,Salad,Italian
1472371,105,52,2490,279.36,281.36,0,0,487,685,56,TYPE_B,5.6,Salad,Italian
1283842,106,52,2490,278.39,278.39,0,0,527,685,56,TYPE_B,5.6,Salad,Italian
1066214,107,52,2490,280.36,280.36,0,0,567,685,56,TYPE_B,5.6,Salad,Italian
1464445,108,52,2490,272.57,273.57,0,0,283,685,56,TYPE_B,5.6,Salad,Italian
1131699,109,52,2490,280.36,280.36,0,0,513,685,56,TYPE_B,5.6,Salad,Italian
1192903,110,52,2490,254.2,254.2,0,0,512,685,56,TYPE_B,5.6,Salad,Italian
1033941,111,52,2490,291.03,292.03,0,0,378,685,56,TYPE_B,5.6,Salad,Italian
1410588,112,52,2490,290.03,292.03,0,0,257,685,56,TYPE_B,5.6,Salad,Italian
1499217,26,52,2569,321.13,320.13,0,0,42,685,56,TYPE_B,5.6,Salad,Italian
1206079,27,52,2569,263.9,319.13,0,0,621,685,56,TYPE_B,5.6,Salad,Italian
1381428,28,52,2569,320.13,319.13,0,0,283,685,56,TYPE_B,5.6,Salad,Italian
1380006,29,52,2569,319.13,320.13,0,0,136,685,56,TYPE_B,5.6,Salad,Italian
1441755,30,52,2569,321.13,321.13,0,0,338,685,56,TYPE_B,5.6,Salad,Italian
1032555,31,52,2569,319.13,321.13,0,0,244,685,56,TYPE_B,5.6,Salad,Italian
1410573,32,52,2569,321.13,321.13,0,0,298,685,56,TYPE_B,5.6,Salad,Italian
1318075,33,52,2569,319.13,319.13,0,0,323,685,56,TYPE_B,5.6,Salad,Italian
1049178,34,52,2569,317.19,317.19,0,0,244,685,56,TYPE_B,5.6,Salad,Italian
1371213,35,52,2569,320.13,321.13,0,0,311,685,56,TYPE_B,5.6,Salad,Italian
1257052,36,52,2569,321.13,321.13,0,0,391,685,56,TYPE_B,5.6,Salad,Italian
1141955,37,52,2569,244.44,320.13,0,1,703,685,56,TYPE_B,5.6,Salad,Italian
1282084,38,52,2569,316.25,315.25,0,0,244,685,56,TYPE_B,5.6,Salad,Italian
1055334,39,52,2569,321.13,319.13,0,0,215,685,56,TYPE_B,5.6,Salad,Italian
1182800,40,52,2569,319.13,321.13,0,0,339,685,56,TYPE_B,5.6,Salad,Italian
1263550,41,52,2569,321.13,320.13,0,0,311,685,56,TYPE_B,5.6,Salad,Italian
1358237,42,52,2569,273.57,320.13,0,0,540,685,56,TYPE_B,5.6,Salad,Italian
1350539,43,52,2569,321.13,319.13,0,0,297,685,56,TYPE_B,5.6,Salad,Italian
1169433,44,52,2569,321.13,321.13,0,0,256,685,56,TYPE_B,5.6,Salad,Italian
1495788,45,52,2569,319.13,320.13,0,0,338,685,56,TYPE_B,5.6,Salad,Italian
1209597,46,52,2569,335.65,336.65,0,0,95,685,56,TYPE_B,5.6,Salad,Italian
1191974,47,52,2569,336.65,334.65,0,0,231,685,56,TYPE_B,5.6,Salad,Italian
1184577,48,52,2569,336.65,336.65,0,0,365,685,56,TYPE_B,5.6,Salad,Italian
1273214,49,52,2569,335.65,335.65,0,0,269,685,56,TYPE_B,5.6,Salad,Italian
1464538,50,52,2569,335.65,336.65,0,0,284,685,56,TYPE_B,5.6,Salad,Italian
1241671,51,52,2569,336.65,336.65,0,0,216,685,56,TYPE_B,5.6,Salad,Italian
1348399,52,52,2569,335.65,334.65,0,0,298,685,56,TYPE_B,5.6,Salad,Italian
1174169,53,52,2569,334.65,335.65,0,0,256,685,56,TYPE_B,5.6,Salad,Italian
1168126,54,52,2569,334.65,334.65,0,0,433,685,56,TYPE_B,5.6,Salad,Italian
1339001,55,52,2569,334.65,334.65,0,0,501,685,56,TYPE_B,5.6,Salad,Italian
1302627,56,52,2569,265.81,335.65,1,0,1446,685,56,TYPE_B,5.6,Salad,Italian
1484940,57,52,2569,261.9,335.65,1,0,1039,685,56,TYPE_B,5.6,Salad,Italian
1106391,58,52,2569,334.65,335.65,0,0,512,685,56,TYPE_B,5.6,Salad,Italian
1059382,59,52,2569,335.65,335.65,0,0,512,685,56,TYPE_B,5.6,Salad,Italian
1439118,60,52,2569,288.15,335.65,0,0,755,685,56,TYPE_B,5.6,Salad,Italian
1298529,61,52,2569,288.15,336.65,0,0,1066,685,56,TYPE_B,5.6,Salad,Italian
1041820,62,52,2569,289.12,335.65,0,0,229,685,56,TYPE_B,5.6,Salad,Italian
1175427,63,52,2569,289.12,336.65,0,0,609,685,56,TYPE_B,5.6,Salad,Italian
1187348,64,52,2569,291.06,334.65,0,0,526,685,56,TYPE_B,5.6,Salad,Italian
1155653,65,52,2569,334.65,335.65,0,0,311,685,56,TYPE_B,5.6,Salad,Italian
1237933,66,52,2569,335.65,334.65,0,0,446,685,56,TYPE_B,5.6,Salad,Italian
1405688,67,52,2569,336.65,335.65,0,0,620,685,56,TYPE_B,5.6,Salad,Italian
1057149,68,52,2569,336.65,334.65,0,0,431,685,56,TYPE_B,5.6,Salad,Italian
1461342,69,52,2569,335.65,336.65,0,0,391,685,56,TYPE_B,5.6,Salad,Italian
1383721,70,52,2569,334.65,334.65,0,0,216,685,56,TYPE_B,5.6,Salad,Italian
1363608,71,52,2569,326.89,326.89,0,0,609,685,56,TYPE_B,5.6,Salad,Italian
1101977,72,52,2569,310.4,311.4,0,0,566,685,56,TYPE_B,5.6,Salad,Italian
1160181,73,52,2569,318.22,317.22,0,0,501,685,56,TYPE_B,5.6,Salad,Italian
1340943,74,52,2569,336.65,336.65,0,0,566,685,56,TYPE_B,5.6,Salad,Italian
1295982,75,52,2569,335.65,335.65,0,0,458,685,56,TYPE_B,5.6,Salad,Italian
1246003,76,52,2569,334.65,335.65,0,0,337,685,56,TYPE_B,5.6,Salad,Italian
1098804,77,52,2569,302.67,301.67,0,0,541,685,56,TYPE_B,5.6,Salad,Italian
1034664,78,52,2569,336.65,336.65,0,0,202,685,56,TYPE_B,5.6,Salad,Italian
1293233,79,52,2569,334.65,334.65,0,0,271,685,56,TYPE_B,5.6,Salad,Italian
1207274,80,52,2569,326.95,325.95,0,0,162,685,56,TYPE_B,5.6,Salad,Italian
1041088,81,52,2569,336.65,334.65,0,0,514,685,56,TYPE_B,5.6,Salad,Italian
1125874,82,52,2569,244.47,336.65,1,0,1553,685,56,TYPE_B,5.6,Salad,Italian
1080870,83,52,2569,313.37,311.37,0,0,689,685,56,TYPE_B,5.6,Salad,Italian
1290931,84,52,2569,302.64,304.64,0,0,755,685,56,TYPE_B,5.6,Salad,Italian
1062348,85,52,2569,314.28,316.28,0,0,636,685,56,TYPE_B,5.6,Salad,Italian
1194880,86,52,2569,310.46,308.46,0,0,703,685,56,TYPE_B,5.6,Salad,Italian
1384295,87,52,2569,306.52,306.52,0,0,526,685,56,TYPE_B,5.6,Salad,Italian
1113605,88,52,2569,309.49,308.49,0,0,202,685,56,TYPE_B,5.6,Salad,Italian
1398671,89,52,2569,314.28,314.28,0,0,190,685,56,TYPE_B,5.6,Salad,Italian
1280223,90,52,2569,316.28,315.28,0,0,324,685,56,TYPE_B,5.6,Salad,Italian
1128377,91,52,2569,316.28,314.28,0,0,269,685,56,TYPE_B,5.6,Salad,Italian
1113707,92,52,2569,316.28,314.28,0,0,809,685,56,TYPE_B,5.6,Salad,Italian
1435523,93,52,2569,301.7,301.7,0,0,528,685,56,TYPE_B,5.6,Salad,Italian
1130451,94,52,2569,310.46,309.46,0,0,338,685,56,TYPE_B,5.6,Salad,Italian
1320677,95,52,2569,308.46,310.46,0,0,582,685,56,TYPE_B,5.6,Salad,Italian
1157520,96,52,2569,308.46,308.46,0,0,688,685,56,TYPE_B,5.6,Salad,Italian
1306020,97,52,2569,310.46,310.46,0,0,594,685,56,TYPE_B,5.6,Salad,Italian
1453910,98,52,2569,298.79,297.79,0,0,755,685,56,TYPE_B,5.6,Salad,Italian
1253262,99,52,2569,310.46,310.46,0,0,608,685,56,TYPE_B,5.6,Salad,Italian
1342859,100,52,2569,305.61,303.61,0,0,784,685,56,TYPE_B,5.6,Salad,Italian
1335142,101,52,2569,308.46,309.46,0,0,582,685,56,TYPE_B,5.6,Salad,Italian
1452854,102,52,2569,309.46,308.46,0,0,744,685,56,TYPE_B,5.6,Salad,Italian
1468959,103,52,2569,303.64,303.64,0,0,473,685,56,TYPE_B,5.6,Salad,Italian
1492598,104,52,2569,303.64,304.64,0,0,756,685,56,TYPE_B,5.6,Salad,Italian
1150582,105,52,2569,302.64,303.64,0,0,621,685,56,TYPE_B,5.6,Salad,Italian
1234908,106,52,2569,304.64,302.64,0,0,852,685,56,TYPE_B,5.6,Salad,Italian
1037954,107,52,2569,303.64,302.64,0,0,701,685,56,TYPE_B,5.6,Salad,Italian
1161840,108,52,2569,303.64,303.64,0,0,701,685,56,TYPE_B,5.6,Salad,Italian
1175820,109,52,2569,302.67,301.67,0,0,824,685,56,TYPE_B,5.6,Salad,Italian
1100142,110,52,2569,296.82,296.82,0,0,688,685,56,TYPE_B,5.6,Salad,Italian
1025008,111,52,2569,291.03,290.03,0,0,783,685,56,TYPE_B,5.6,Salad,Italian
1486346,112,52,2569,302.64,304.64,0,0,715,685,56,TYPE_B,5.6,Salad,Italian
1343568,63,52,1571,631.53,630.53,0,0,68,685,56,TYPE_B,5.6,Fish,Continental
1216991,64,52,1571,631.53,630.53,0,0,28,685,56,TYPE_B,5.6,Fish,Continental
1358257,65,52,1571,629.53,629.53,0,0,40,685,56,TYPE_B,5.6,Fish,Continental
1000922,66,52,1571,629.53,631.53,0,0,26,685,56,TYPE_B,5.6,Fish,Continental
1154211,67,52,1571,629.53,631.53,0,0,28,685,56,TYPE_B,5.6,Fish,Continental
1319590,68,52,1571,629.53,630.53,0,0,15,685,56,TYPE_B,5.6,Fish,Continental
1381883,69,52,1571,631.53,630.53,0,0,27,685,56,TYPE_B,5.6,Fish,Continental
1209607,70,52,1571,631.53,629.53,0,0,40,685,56,TYPE_B,5.6,Fish,Continental
1140001,71,52,1571,630.53,631.53,0,0,28,685,56,TYPE_B,5.6,Fish,Continental
1061523,73,52,1571,582.03,582.03,0,0,42,685,56,TYPE_B,5.6,Fish,Continental
1093894,74,52,1571,583.03,582.03,0,0,69,685,56,TYPE_B,5.6,Fish,Continental
1301201,75,52,1571,583.03,581.03,0,0,161,685,56,TYPE_B,5.6,Fish,Continental
1375285,76,52,1571,583.03,583.03,0,0,122,685,56,TYPE_B,5.6,Fish,Continental
1110844,77,52,1571,582.03,582.03,0,0,81,685,56,TYPE_B,5.6,Fish,Continental
1393702,78,52,1571,583.03,583.03,0,0,134,685,56,TYPE_B,5.6,Fish,Continental
1124607,79,52,1571,583.03,582.03,0,0,81,685,56,TYPE_B,5.6,Fish,Continental
1050829,80,52,1571,582.03,582.03,0,0,96,685,56,TYPE_B,5.6,Fish,Continental
1145140,81,52,1571,583.03,582.03,0,0,107,685,56,TYPE_B,5.6,Fish,Continental
1416368,82,52,1571,583.94,583.94,0,0,203,685,56,TYPE_B,5.6,Fish,Continental
1163758,83,52,1571,582.03,582.03,0,0,108,685,56,TYPE_B,5.6,Fish,Continental
1033780,84,52,1571,581.03,583.03,0,0,53,685,56,TYPE_B,5.6,Fish,Continental
1426236,85,52,1571,583.03,581.03,0,0,189,685,56,TYPE_B,5.6,Fish,Continental
1019799,86,52,1571,582.03,581.03,0,0,175,685,56,TYPE_B,5.6,Fish,Continental
1014993,87,52,1571,581.03,581.03,0,0,202,685,56,TYPE_B,5.6,Fish,Continental
1497064,88,52,1571,581.03,581.03,0,0,27,685,56,TYPE_B,5.6,Fish,Continental
1102639,89,52,1571,581.03,583.03,0,0,135,685,56,TYPE_B,5.6,Fish,Continental
1410262,90,52,1571,581.03,583.03,0,0,96,685,56,TYPE_B,5.6,Fish,Continental
1346908,91,52,1571,581.03,581.03,0,0,81,685,56,TYPE_B,5.6,Fish,Continental
1394119,92,52,1571,583.03,583.03,0,0,68,685,56,TYPE_B,5.6,Fish,Continental
1429733,93,52,1571,581.03,583.03,0,0,80,685,56,TYPE_B,5.6,Fish,Continental
1102330,94,52,1571,582.03,581.03,0,0,161,685,56,TYPE_B,5.6,Fish,Continental
1151834,95,52,1571,583.03,583.03,0,0,108,685,56,TYPE_B,5.6,Fish,Continental
1499392,96,52,1571,583.03,583.03,0,0,134,685,56,TYPE_B,5.6,Fish,Continental
1123874,97,52,1571,582.03,582.03,0,0,190,685,56,TYPE_B,5.6,Fish,Continental
1469286,98,52,1571,582.03,583.03,0,0,204,685,56,TYPE_B,5.6,Fish,Continental
1346231,99,52,1571,581.03,581.03,0,0,122,685,56,TYPE_B,5.6,Fish,Continental
1152902,100,52,1571,484.03,583.03,0,0,323,685,56,TYPE_B,5.6,Fish,Continental
1471855,101,52,1571,491.82,583.03,0,0,311,685,56,TYPE_B,5.6,Fish,Continental
1146136,102,52,1571,582.03,581.03,0,0,123,685,56,TYPE_B,5.6,Fish,Continental
1497990,103,52,1571,582.03,581.03,0,0,163,685,56,TYPE_B,5.6,Fish,Continental
1200734,104,52,1571,583.03,581.03,0,0,81,685,56,TYPE_B,5.6,Fish,Continental
1417390,105,52,1571,583.03,583.03,0,0,150,685,56,TYPE_B,5.6,Fish,Continental
1452130,106,52,1571,582.03,583.03,0,0,53,685,56,TYPE_B,5.6,Fish,Continental
1317251,107,52,1571,581.03,582.03,0,0,15,685,56,TYPE_B,5.6,Fish,Continental
1450284,108,52,1571,581.03,582.03,0,0,189,685,56,TYPE_B,5.6,Fish,Continental
1026006,109,52,1571,581.03,581.03,0,0,256,685,56,TYPE_B,5.6,Fish,Continental
1199485,110,52,1571,582.03,581.03,0,0,204,685,56,TYPE_B,5.6,Fish,Continental
1401722,111,52,1571,581.03,582.03,0,0,122,685,56,TYPE_B,5.6,Fish,Continental
1068980,112,52,1571,583.03,581.03,0,0,121,685,56,TYPE_B,5.6,Fish,Continental
1158552,113,52,1571,581.03,582.03,0,0,67,685,56,TYPE_B,5.6,Fish,Continental
