Data set/Center wise/Center_52_Rank4.csv
id,week,center_id,meal_id,checkout_price,base_price,emailer_for_promotion,homepage_featured,num_orders,city_code,region_code,center_type,op_area,category,cuisine
1062004,63,52,2956,630.53,631.53,0,0,95,685,56,TYPE_B,5.6,Fish,Continental
1212043,64,52,2956,630.53,629.53,0,0,96,685,56,TYPE_B,5.6,Fish,Continental
1020489,65,52,2956,631.53,629.53,0,0,28,685,56,TYPE_B,5.6,Fish,Continental
1114002,66,52,2956,629.53,629.53,0,0,95,685,56,TYPE_B,5.6,Fish,Continental
1474295,67,52,2956,630.53,629.53,0,0,94,685,56,TYPE_B,5.6,Fish,Continental
1042766,68,52,2956,629.53,630.53,0,0,42,685,56,TYPE_B,5.6,Fish,Continental
1025327,69,52,2956,630.53,630.53,0,0,82,685,56,TYPE_B,5.6,Fish,Continental
1437631,70,52,2956,629.53,631.53,0,0,41,685,56,TYPE_B,5.6,Fish,Continental
1138835,71,52,2956,629.53,631.53,0,0,68,685,56,TYPE_B,5.6,Fish,Continental
1230743,72,52,2956,631.53,629.53,0,0,67,685,56,TYPE_B,5.6,Fish,Continental
1017756,73,52,2956,581.03,582.03,0,0,95,685,56,TYPE_B,5.6,Fish,Continental
1167942,74,52,2956,582.03,583.03,0,0,54,685,56,TYPE_B,5.6,Fish,Continental
1037142,75,52,2956,583.03,582.03,0,0,204,685,56,TYPE_B,5.6,Fish,Continental
1159586,76,52,2956,582.03,581.03,0,0,107,685,56,TYPE_B,5.6,Fish,Continental
1035798,77,52,2956,582.03,582.03,0,0,190,685,56,TYPE_B,5.6,Fish,Continental
1329885,78,52,2956,581.03,583.03,0,0,136,685,56,TYPE_B,5.6,Fish,Continental
1145229,79,52,2956,582.03,582.03,0,0,67,685,56,TYPE_B,5.6,Fish,Continental
1241024,80,52,2956,582.03,582.03,0,0,176,685,56,TYPE_B,5.6,Fish,Continental
1192691,81,52,2956,583.03,581.03,0,0,175,685,56,TYPE_B,5.6,Fish,Continental
1167164,82,52,2956,587.88,587.88,0,0,148,685,56,TYPE_B,5.6,Fish,Continental
1272222,83,52,2956,583.03,583.03,0,0,136,685,56,TYPE_B,5.6,Fish,Continental
1165958,84,52,2956,582.03,582.03,0,0,163,685,56,TYPE_B,5.6,Fish,Continental
1160828,85,52,2956,583.03,582.03,0,0,202,685,56,TYPE_B,5.6,Fish,Continental
1343613,86,52,2956,581.03,583.03,0,0,162,685,56,TYPE_B,5.6,Fish,Continental
1233723,87,52,2956,581.03,583.03,0,0,69,685,56,TYPE_B,5.6,Fish,Continental
1174886,88,52,2956,582.03,581.03,0,0,176,685,56,TYPE_B,5.6,Fish,Continental
1353992,89,52,2956,581.03,582.03,0,0,121,685,56,TYPE_B,5.6,Fish,Continental
1427802,90,52,2956,581.03,582.03,0,0,176,685,56,TYPE_B,5.6,Fish,Continental
1020318,91,52,2956,583.03,583.03,0,0,175,685,56,TYPE_B,5.6,Fish,Continental
1004397,92,52,2956,585.91,586.91,0,0,177,685,56,TYPE_B,5.6,Fish,Continental
1409140,93,52,2956,585.88,586.88,0,0,148,685,56,TYPE_B,5.6,Fish,Continental
1287460,94,52,2956,581.03,583.03,0,0,134,685,56,TYPE_B,5.6,Fish,Continental
1349889,95,52,2956,585.91,585.91,0,0,175,685,56,TYPE_B,5.6,Fish,Continental
1314927,96,52,2956,581.03,581.03,0,0,258,685,56,TYPE_B,5.6,Fish,Continental
1477042,97,52,2956,582.03,581.03,0,0,136,685,56,TYPE_B,5.6,Fish,Continental
1194179,98,52,2956,581.03,583.03,0,0,188,685,56,TYPE_B,5.6,Fish,Continental
1428008,99,52,2956,583.03,583.03,0,0,148,685,56,TYPE_B,5.6,Fish,Continental
1083303,100,52,2956,484.03,583.03,0,0,338,685,56,TYPE_B,5.6,Fish,Continental
1375911,101,52,2956,492.79,581.03,0,0,271,685,56,TYPE_B,5.6,Fish,Continental
1398599,102,52,2956,583.03,582.03,0,0,121,685,56,TYPE_B,5.6,Fish,Continental
1159990,103,52,2956,582.03,581.03,0,0,190,685,56,TYPE_B,5.6,Fish,Continental
1190742,104,52,2956,588.82,589.82,0,0,203,685,56,TYPE_B,5.6,Fish,Continental
1094010,105,52,2956,583.03,583.03,0,0,202,685,56,TYPE_B,5.6,Fish,Continental
1309058,106,52,2956,582.03,581.03,0,0,135,685,56,TYPE_B,5.6,Fish,Continental
1157395,107,52,2956,581.03,583.03,0,0,67,685,56,TYPE_B,5.6,Fish,Continental
1272574,108,52,2956,583.03,583.03,0,0,68,685,56,TYPE_B,5.6,Fish,Continental
1316967,109,52,2956,581.03,582.03,0,0,162,685,56,TYPE_B,5.6,Fish,Continental
1357851,110,52,2956,582.03,582.03,0,0,162,685,56,TYPE_B,5.6,Fish,Continental
1110003,111,52,2956,581.03,581.03,0,0,136,685,56,TYPE_B,5.6,Fish,Continental
1452948,112,52,2956,581.03,581.03,0,0,271,685,56,TYPE_B,5.6,Fish,Continental
1293478,113,52,2956,582.03,583.03,0,0,150,685,56,TYPE_B,5.6,Fish,Continental
